data/sales_data.csv
Date,Product,Region,Price,Promo,Inventory,Sales
2022-01-01,P001,North,44.87,1,278,72
2022-01-03,P001,North,52.84,0,206,41
2022-01-04,P001,North,50.93,0,120,65
2022-01-06,P001,North,50.88,0,991,57
2022-01-08,P001,North,49.52,0,305,43
2022-01-09,P001,North,53.4,0,232,30
2022-01-10,P001,North,49.52,0,854,42
2022-01-13,P001,North,51.77,0,822,61
2022-01-24,P001,North,50.32,0,973,62
2022-01-25,P001,North,52.42,0,575,51
2022-02-02,P001,North,48.55,0,270,67
2022-02-03,P001,North,52.2,0,390,64
2022-02-04,P001,North,53.53,0,234,47
2022-02-05,P001,North,51.0,0,446,54
2022-02-07,P001,North,53.29,0,839,46
2022-02-11,P001,North,52.09,0,404,65
2022-02-12,P001,North,50.47,0,557,57
2022-02-19,P001,North,49.68,0,684,38
2022-02-24,P001,North,53.25,0,195,56
2022-02-28,P001,North,50.79,0,730,53
2022-03-01,P001,North,48.85,0,657,66
2022-03-02,P001,North,51.52,0,788,52
2022-03-03,P001,North,51.19,0,206,61
2022-03-14,P001,North,48.97,0,342,73
2022-03-16,P001,North,49.12,0,227,65
2022-03-17,P001,North,53.54,0,315,71
2022-03-21,P001,North,52.32,0,96,65
2022-03-24,P001,North,48.69,0,698,70
2022-03-30,P001,North,49.46,0,644,58
2022-03-31,P001,North,52.78,0,696,76
2022-04-02,P001,North,49.1,0,656,61
2022-04-03,P001,North,53.05,0,664,70
2022-04-09,P001,North,49.75,0,909,48
2022-04-18,P001,North,51.67,0,105,59
2022-05-10,P001,North,49.17,0,475,68
2022-05-13,P001,North,45.77,1,837,70
2022-05-15,P001,North,52.96,0,139,68
2022-05-16,P001,North,49.9,0,220,54
2022-05-17,P001,North,51.26,0,365,75
2022-05-22,P001,North,50.05,0,527,56
2022-05-25,P001,North,48.78,0,362,67
2022-06-19,P001,North,50.37,0,961,50
2022-06-29,P001,North,52.69,0,221,56
2022-07-02,P001,North,53.15,0,659,37
2022-07-04,P001,North,52.4,0,477,39
2022-07-10,P001,North,52.86,0,715,38
2022-07-11,P001,North,52.53,0,175,58
2022-07-13,P001,North,52.16,0,363,41
2022-07-28,P001,North,51.34,0,559,49
2022-08-01,P001,North,48.98,0,715,61
2022-08-04,P001,North,52.23,0,998,54
2022-08-07,P001,North,52.66,0,192,45
2022-08-08,P001,North,52.71,0,298,38
2022-08-19,P001,North,53.23,0,319,40
2022-08-20,P001,North,48.72,0,834,36
2022-08-25,P001,North,53.51,0,628,35
2022-08-29,P001,North,50.06,0,996,45
2022-09-02,P001,North,49.63,0,428,37
2022-09-05,P001,North,53.49,0,143,49
2022-09-07,P001,North,51.7,0,113,40
2022-09-14,P001,North,53.43,0,703,46
2022-09-17,P001,North,49.16,0,684,34
2022-09-18,P001,North,51.93,0,466,50
2022-09-21,P001,North,49.81,0,334,48
2022-10-03,P001,North,51.56,0,207,56
2022-10-08,P001,North,51.3,0,108,41
2022-10-15,P001,North,51.17,0,683,35
2022-10-25,P001,North,49.21,0,379,51
2022-10-26,P001,North,46.56,1,481,78
2022-10-28,P001,North,51.42,0,57,38
2022-10-30,P001,North,49.99,0,319,25
2022-11-28,P001,North,51.12,0,258,33
2022-12-08,P001,North,49.58,0,194,50
2022-12-14,P001,North,49.55,0,625,44
2022-12-15,P001,North,49.87,0,350,48
2022-12-18,P001,North,49.35,0,747,51
2022-12-31,P001,North,48.61,0,189,44
2023-01-01,P001,North,52.2,0,51,48
2023-01-05,P001,North,49.33,0,311,46
2023-01-13,P001,North,50.67,0,215,64
2023-01-15,P001,North,49.02,0,218,57
2023-01-17,P001,North,47.83,1,766,92
2023-01-19,P001,North,51.29,0,267,58
2023-01-25,P001,North,51.38,0,369,53
2023-01-29,P001,North,50.63,0,568,35
2023-01-31,P001,North,53.34,0,619,69
2023-02-01,P001,North,49.09,0,979,58
2023-02-03,P001,North,52.2,0,802,56
2023-02-04,P001,North,50.38,0,672,69
2023-02-05,P001,North,50.65,0,251,48
2023-02-06,P001,North,51.36,0,439,56
2023-02-08,P001,North,49.91,0,733,76
2023-02-13,P001,North,48.48,0,735,51
2023-02-22,P001,North,49.96,0,119,81
2023-02-24,P001,North,49.33,0,195,73
2023-02-28,P001,North,51.57,0,594,69
2023-03-02,P001,North,43.95,1,208,80
2023-03-03,P001,North,51.02,0,163,50
2023-03-09,P001,North,51.51,0,314,55
2023-03-12,P001,North,48.71,0,196,68
2023-03-20,P001,North,50.88,0,370,65
2023-03-25,P001,North,52.14,0,300,58
2023-03-26,P001,North,49.23,0,191,50
2023-03-29,P001,North,51.4,0,704,67
2023-03-30,P001,North,50.81,0,52,70
2023-04-02,P001,North,48.49,0,867,56
2023-04-04,P001,North,50.11,0,889,78
2023-04-08,P001,North,48.74,0,351,64
2023-04-11,P001,North,49.33,0,210,62
2023-04-16,P001,North,51.37,0,658,57
2023-04-25,P001,North,50.5,0,591,77
2023-05-01,P001,North,50.91,0,683,56
2023-05-11,P001,North,49.73,0,50,73
2023-05-13,P001,North,49.7,0,464,56
2023-05-23,P001,North,50.06,0,480,51
2023-05-25,P001,North,49.56,0,187,51
2023-05-29,P001,North,48.68,0,271,76
2023-05-31,P001,North,50.63,0,642,57
2023-06-04,P001,North,51.2,0,353,41
2023-06-08,P001,North,50.03,0,917,69
2023-06-13,P001,North,49.61,0,621,54
2023-06-18,P001,North,53.42,0,488,60
2023-06-24,P001,North,48.7,0,586,46
2023-07-14,P001,North,52.42,0,328,58
2023-07-24,P001,North,50.57,0,330,59
2023-08-04,P001,North,49.41,0,194,39
2023-08-24,P001,North,51.49,0,749,52
2023-08-25,P001,North,50.74,0,956,44
2023-08-30,P001,North,45.36,1,321,69
2023-09-01,P001,North,48.56,0,747,45
2023-09-10,P001,North,49.92,0,106,35
2023-09-11,P001,North,51.94,0,480,43
2023-09-13,P001,North,48.96,0,557,42
2023-09-14,P001,North,46.27,1,348,65
2023-09-22,P001,North,50.18,0,452,36
2023-09-23,P001,North,52.27,0,135,39
2023-09-27,P001,North,51.89,0,450,52
2023-10-05,P001,North,48.61,0,869,42
2023-10-07,P001,North,52.07,0,371,31
2023-10-13,P001,North,49.9,0,341,40
2023-10-16,P001,North,49.73,0,743,34
2023-10-24,P001,North,53.32,0,639,34
2023-10-29,P001,North,52.13,0,850,44
2023-11-02,P001,North,50.19,0,776,39
2023-11-03,P001,North,52.16,0,834,28
2023-11-18,P001,North,49.66,0,638,42
2023-11-21,P001,North,53.04,0,733,46
2023-11-23,P001,North,51.84,0,723,56
2023-12-07,P001,North,50.79,0,106,63
2023-12-10,P001,North,53.37,0,590,45
2023-12-11,P001,North,51.81,0,972,42
2023-12-12,P001,North,51.93,0,263,53
2023-12-18,P001,North,52.99,0,606,41
2023-12-26,P001,North,51.21,0,338,64
2023-12-29,P001,North,50.63,0,721,49
2023-12-30,P001,North,52.18,0,551,45
2024-01-04,P001,North,52.51,0,305,62
2024-01-05,P001,North,51.57,0,732,43
2024-01-10,P001,North,52.65,0,615,56
2024-01-25,P001,North,50.21,0,92,66
2024-01-28,P001,North,51.97,0,90,44
2024-02-11,P001,North,51.27,0,366,64
2024-02-13,P001,North,53.5,0,733,70
2024-02-14,P001,North,50.16,0,235,56
2024-02-18,P001,North,51.23,0,794,57
2024-02-25,P001,North,51.16,0,356,59
2024-02-27,P001,North,48.5,0,129,68
2024-02-28,P001,North,49.91,0,334,68
2024-03-08,P001,North,48.99,0,150,59
2024-03-10,P001,North,50.97,0,102,55
2024-03-12,P001,North,48.93,0,217,61
2024-03-19,P001,North,52.43,0,901,60
2024-03-24,P001,North,50.29,0,399,54
2024-03-27,P001,North,51.57,0,393,73
2024-03-28,P001,North,50.66,0,146,63
2024-03-29,P001,North,49.61,0,779,68
2024-04-01,P001,North,49.21,0,904,59
2024-04-11,P001,North,53.01,0,577,76
2024-04-12,P001,North,53.33,0,347,76
2024-04-13,P001,North,49.91,0,638,43
2024-04-17,P001,North,49.89,0,366,64
2024-04-21,P001,North,51.95,0,236,57
2024-04-30,P001,North,52.34,0,394,65
2024-05-05,P001,North,49.9,0,771,52
2024-05-06,P001,North,52.39,0,942,55
2024-05-08,P001,North,52.4,0,146,67
2024-05-26,P001,North,51.92,0,976,61
2024-05-27,P001,North,53.42,0,625,72
2024-05-29,P001,North,50.57,0,963,48
2024-05-30,P001,North,52.67,0,509,66
2024-06-02,P001,North,53.0,0,861,54
2024-06-06,P001,North,52.45,0,758,49
2024-06-07,P001,North,51.28,0,329,61
2024-06-16,P001,North,50.4,0,601,58
2024-06-17,P001,North,50.94,0,754,64
2024-06-18,P001,North,50.57,0,810,68
2024-06-19,P001,North,49.36,0,944,57
2024-06-21,P001,North,49.37,0,364,54
2024-06-26,P001,North,51.56,0,517,66
2024-06-30,P001,North,48.61,0,797,58
2024-07-04,P001,North,49.1,0,414,32
2024-07-06,P001,North,50.98,0,587,55
2024-07-09,P001,North,51.77,0,307,49
2024-07-12,P001,North,51.8,0,637,40
2024-07-15,P001,North,52.67,0,585,65
2024-07-16,P001,North,51.46,0,673,39
2024-07-18,P001,North,52.97,0,432,57
2024-07-19,P001,North,53.52,0,432,47
2024-07-23,P001,North,51.29,0,83,59
2024-07-29,P001,North,50.65,0,354,42
2024-07-30,P001,North,47.81,1,831,85
2024-07-31,P001,North,51.15,0,928,56
2024-08-01,P001,North,50.12,0,914,44
2024-08-05,P001,North,51.73,0,856,44
2024-08-07,P001,North,51.67,0,883,45
2024-08-13,P001,North,50.2,0,446,50
2024-08-20,P001,North,53.5,0,136,49
2024-08-23,P001,North,52.29,0,399,43
2024-09-05,P001,North,47.86,1,517,53
2024-09-08,P001,North,50.97,0,239,48
2024-09-12,P001,North,50.37,0,763,44
2024-09-16,P001,North,51.58,0,54,40
2024-09-22,P001,North,53.51,0,403,40
2024-09-26,P001,North,50.31,0,584,34
2024-09-27,P001,North,53.31,0,944,24
2024-09-30,P001,North,50.39,0,912,42
2024-10-09,P001,North,53.1,0,80,53
2024-10-12,P001,North,50.72,0,517,40
2024-10-22,P001,North,50.65,0,163,55
2024-10-24,P001,North,50.16,0,615,41
2024-10-28,P001,North,48.57,0,711,38
2024-11-16,P001,North,53.29,0,428,44
2024-11-19,P001,North,51.84,0,632,50
2024-11-24,P001,North,51.44,0,55,40
2024-11-27,P001,North,44.98,1,67,63
2024-12-01,P001,North,52.22,0,534,37
2024-12-04,P001,North,52.79,0,743,54
2024-12-13,P001,North,50.04,0,467,43
2024-12-15,P001,North,53.38,0,128,45
2022-01-01,P002,Central,51.59,0,80,49
2022-01-06,P002,Central,50.37,0,659,51
2022-01-07,P002,Central,52.85,0,949,48
2022-01-08,P002,Central,51.51,0,685,42
2022-01-15,P002,Central,54.58,0,613,45
2022-01-16,P002,Central,49.68,0,202,54
2022-01-21,P002,Central,52.62,0,296,57
2022-01-22,P002,Central,53.33,0,835,59
2022-02-02,P002,Central,49.98,0,345,52
2022-02-07,P002,Central,52.72,0,559,52
2022-02-10,P002,Central,54.19,0,943,64
2022-02-23,P002,Central,52.03,0,992,70
2022-02-25,P002,Central,51.03,0,447,75
2022-02-28,P002,Central,54.43,0,894,44
2022-03-03,P002,Central,54.47,0,209,71
2022-03-10,P002,Central,54.23,0,855,78
2022-03-12,P002,Central,49.9,0,261,55
2022-03-13,P002,Central,53.56,0,743,55
2022-03-15,P002,Central,45.36,1,902,122
2022-03-19,P002,Central,51.16,0,959,62
2022-03-20,P002,Central,50.01,0,166,66
2022-03-23,P002,Central,54.03,0,625,75
2022-03-27,P002,Central,50.36,0,119,63
2022-03-28,P002,Central,44.77,1,736,89
2022-04-01,P002,Central,50.82,0,809,58
2022-04-03,P002,Central,49.88,0,725,61
2022-04-04,P002,Central,51.3,0,332,56
2022-04-05,P002,Central,53.42,0,229,65
2022-04-08,P002,Central,50.8,0,677,55
2022-04-13,P002,Central,50.48,0,448,72
2022-04-18,P002,Central,51.1,0,764,64
2022-05-06,P002,Central,52.1,0,743,52
2022-05-09,P002,Central,52.41,0,997,57
2022-05-14,P002,Central,52.91,0,959,69
2022-05-16,P002,Central,54.46,0,909,55
2022-05-20,P002,Central,53.05,0,871,47
2022-05-21,P002,Central,54.09,0,239,39
2022-05-24,P002,Central,53.45,0,955,63
2022-05-25,P002,Central,51.8,0,934,67
2022-05-28,P002,Central,53.59,0,811,45
2022-06-09,P002,Central,51.28,0,80,63
2022-06-11,P002,Central,53.11,0,582,63
2022-06-12,P002,Central,49.97,0,428,64
2022-06-24,P002,Central,54.59,0,820,46
2022-06-29,P002,Central,51.1,0,625,55
2022-06-30,P002,Central,52.06,0,809,64
2022-07-15,P002,Central,53.86,0,347,56
2022-07-25,P002,Central,53.75,0,941,55
2022-08-04,P002,Central,46.85,1,206,82
2022-08-09,P002,Central,51.64,0,204,52
2022-08-10,P002,Central,52.64,0,806,46
2022-08-11,P002,Central,53.86,0,973,53
2022-08-13,P002,Central,52.33,0,745,32
2022-08-16,P002,Central,52.02,0,407,48
2022-08-18,P002,Central,53.73,0,634,30
2022-08-25,P002,Central,52.2,0,174,45
2022-08-27,P002,Central,54.27,0,135,29
2022-08-29,P002,Central,53.78,0,726,43
2022-08-31,P002,Central,50.07,0,602,56
2022-09-12,P002,Central,51.82,0,134,47
2022-09-14,P002,Central,49.81,0,999,43
2022-09-17,P002,Central,54.32,0,382,37
2022-10-02,P002,Central,50.49,0,801,38
2022-10-04,P002,Central,52.1,0,997,45
2022-10-06,P002,Central,50.43,0,142,41
2022-10-07,P002,Central,52.66,0,959,43
2022-10-11,P002,Central,52.8,0,983,35
2022-10-24,P002,Central,50.03,0,182,47
2022-10-25,P002,Central,54.33,0,795,49
2022-11-01,P002,Central,53.64,0,260,32
2022-11-09,P002,Central,49.98,0,689,49
2022-11-15,P002,Central,54.59,0,207,50
2022-11-16,P002,Central,54.09,0,809,47
2022-11-19,P002,Central,50.17,0,509,42
2022-11-29,P002,Central,52.66,0,591,42
2022-12-01,P002,Central,49.54,0,149,43
2022-12-02,P002,Central,54.0,0,593,40
2022-12-03,P002,Central,52.23,0,125,52
2022-12-04,P002,Central,49.7,0,695,42
2022-12-08,P002,Central,51.83,0,949,47
2022-12-11,P002,Central,50.14,0,265,39
2022-12-19,P002,Central,52.3,0,597,41
2022-12-27,P002,Central,53.14,0,173,47
2022-12-31,P002,Central,54.25,0,252,36
2023-01-01,P002,Central,50.07,0,761,43
2023-01-05,P002,Central,53.72,0,891,48
2023-01-16,P002,Central,54.51,0,511,32
2023-01-17,P002,Central,53.94,0,501,45
2023-02-02,P002,Central,52.57,0,208,56
2023-02-04,P002,Central,52.16,0,172,57
2023-02-08,P002,Central,53.52,0,211,60
2023-02-20,P002,Central,49.57,0,860,51
2023-02-27,P002,Central,51.1,0,619,58
2023-03-03,P002,Central,52.74,0,604,67
2023-03-04,P002,Central,49.51,0,53,58
2023-03-08,P002,Central,53.25,0,453,48
2023-03-11,P002,Central,49.55,0,87,65
2023-03-14,P002,Central,52.16,0,896,77
2023-03-16,P002,Central,50.1,0,269,64
2023-03-18,P002,Central,50.09,0,320,56
2023-03-24,P002,Central,53.82,0,443,59
2023-03-26,P002,Central,50.9,0,51,48
2023-04-02,P002,Central,51.23,0,937,58
2023-04-20,P002,Central,53.78,0,926,70
2023-04-23,P002,Central,51.51,0,348,64
2023-04-24,P002,Central,51.85,0,930,51
2023-04-25,P002,Central,53.92,0,353,87
2023-05-06,P002,Central,49.43,0,978,61
2023-05-12,P002,Central,49.58,0,457,60
2023-05-16,P002,Central,51.08,0,819,61
2023-05-20,P002,Central,53.55,0,142,55
2023-05-21,P002,Central,50.75,0,692,32
2023-05-23,P002,Central,52.1,0,797,63
2023-05-28,P002,Central,50.18,0,361,62
2023-05-29,P002,Central,54.46,0,810,47
2023-06-23,P002,Central,53.16,0,703,46
2023-08-10,P002,Central,50.03,0,520,44
2023-08-18,P002,Central,51.71,0,783,46
2023-08-20,P002,Central,53.4,0,955,47
2023-08-22,P002,Central,49.92,0,847,37
2023-08-27,P002,Central,52.45,0,767,40
2023-08-30,P002,Central,52.16,0,848,62
2023-08-31,P002,Central,51.56,0,263,42
2023-09-13,P002,Central,53.77,0,160,38
2023-09-17,P002,Central,51.02,0,400,39
2023-09-18,P002,Central,54.44,0,510,50
2023-09-22,P002,Central,53.96,0,818,32
2023-09-26,P002,Central,50.19,0,780,49
2023-10-01,P002,Central,53.41,0,139,29
2023-10-05,P002,Central,52.08,0,993,38
2023-10-10,P002,Central,51.95,0,604,39
2023-10-13,P002,Central,53.21,0,661,46
2023-10-14,P002,Central,52.49,0,816,34
2023-10-16,P002,Central,53.18,0,660,45
2023-10-18,P002,Central,50.11,0,645,49
2023-10-22,P002,Central,52.44,0,273,43
2023-10-27,P002,Central,54.43,0,166,41
2023-11-15,P002,Central,51.46,0,794,49
2023-11-19,P002,Central,54.15,0,690,36
2023-11-22,P002,Central,50.72,0,815,53
2023-11-27,P002,Central,53.34,0,616,49
2023-12-09,P002,Central,50.02,0,213,44
2023-12-17,P002,Central,51.43,0,442,39
2023-12-19,P002,Central,53.69,0,359,56
2023-12-21,P002,Central,54.43,0,987,58
2023-12-31,P002,Central,53.55,0,791,50
2024-01-02,P002,Central,50.82,0,871,53
2024-01-09,P002,Central,50.62,0,890,68
2024-01-15,P002,Central,54.52,0,702,59
2024-01-16,P002,Central,51.77,0,765,39
2024-01-27,P002,Central,51.66,0,53,42
2024-01-29,P002,Central,52.41,0,600,53
2024-01-31,P002,Central,54.03,0,666,61
2024-02-03,P002,Central,52.15,0,657,55
2024-02-15,P002,Central,54.37,0,680,71
2024-02-18,P002,Central,50.33,0,259,66
2024-02-26,P002,Central,51.09,0,251,67
2024-03-02,P002,Central,53.81,0,488,48
2024-03-10,P002,Central,54.54,0,234,62
2024-03-15,P002,Central,51.39,0,65,51
2024-03-17,P002,Central,52.97,0,627,79
2024-03-19,P002,Central,54.46,0,613,80
2024-03-20,P002,Central,50.1,0,84,49
2024-03-23,P002,Central,54.38,0,306,55
2024-03-24,P002,Central,51.06,0,969,59
2024-03-25,P002,Central,54.3,0,229,71
2024-03-27,P002,Central,53.68,0,438,86
2024-03-29,P002,Central,54.01,0,352,70
2024-04-03,P002,Central,51.41,0,568,58
2024-04-11,P002,Central,53.18,0,583,75
2024-04-15,P002,Central,48.49,1,559,87
2024-04-18,P002,Central,49.75,0,829,63
2024-04-24,P002,Central,51.09,0,770,62
2024-05-02,P002,Central,51.97,0,778,39
2024-05-17,P002,Central,52.28,0,662,60
2024-05-20,P002,Central,53.43,0,715,61
2024-05-21,P002,Central,49.91,0,768,80
2024-05-22,P002,Central,53.3,0,513,55
2024-05-23,P002,Central,52.38,0,508,49
2024-05-24,P002,Central,49.86,0,175,52
2024-06-03,P002,Central,53.35,0,307,72
2024-06-04,P002,Central,53.56,0,556,73
2024-06-05,P002,Central,54.23,0,65,68
2024-06-12,P002,Central,51.46,0,913,50
2024-06-15,P002,Central,54.38,0,958,56
2024-06-19,P002,Central,54.15,0,446,62
2024-06-25,P002,Central,52.65,0,865,59
2024-06-27,P002,Central,47.75,1,505,70
2024-07-13,P002,Central,49.74,0,382,33
2024-07-14,P002,Central,50.56,0,953,48
2024-07-26,P002,Central,51.06,0,566,46
2024-07-27,P002,Central,51.93,0,407,43
2024-07-30,P002,Central,52.84,0,412,44
2024-08-10,P002,Central,51.81,0,53,47
2024-08-13,P002,Central,54.28,0,108,34
2024-08-14,P002,Central,50.84,0,355,44
2024-08-16,P002,Central,54.6,0,539,41
2024-08-17,P002,Central,50.89,0,185,44
2024-08-20,P002,Central,53.1,0,864,42
2024-08-25,P002,Central,49.71,0,554,44
2024-08-26,P002,Central,53.18,0,721,52
2024-08-31,P002,Central,54.24,0,330,43
2024-09-03,P002,Central,49.57,0,152,51
2024-09-04,P002,Central,50.23,0,629,33
2024-09-08,P002,Central,49.52,0,517,38
2024-09-15,P002,Central,51.98,0,881,32
2024-09-16,P002,Central,51.29,0,699,51
2024-09-19,P002,Central,51.38,0,701,53
2024-09-20,P002,Central,51.07,0,662,33
2024-09-30,P002,Central,51.58,0,650,40
2024-10-11,P002,Central,52.79,0,714,35
2024-10-12,P002,Central,54.02,0,175,47
2024-10-13,P002,Central,49.62,0,753,44
2024-10-18,P002,Central,53.49,0,75,46
2024-10-19,P002,Central,48.2,1,660,46
2024-10-22,P002,Central,50.22,0,818,53
2024-10-27,P002,Central,51.94,0,164,50
2024-10-29,P002,Central,54.1,0,157,38
2024-11-02,P002,Central,49.94,0,875,33
2024-11-11,P002,Central,50.13,0,740,51
2024-11-19,P002,Central,51.8,0,700,53
2024-11-20,P002,Central,50.57,0,536,61
2024-12-11,P002,Central,54.34,0,487,58
2024-12-12,P002,Central,54.21,0,659,35
2024-12-13,P002,Central,50.22,0,627,64
2024-12-17,P002,Central,50.33,0,813,47
2024-12-20,P002,Central,52.25,0,165,54
