data/sales_data.csv
Date,Product,Region,Price,Promo,Inventory,Sales
2022-01-01,P003,North,53.03,0,77,37
2022-01-02,P003,North,51.26,0,796,49
2022-01-05,P003,North,51.36,0,509,62
2022-01-06,P003,North,51.6,0,172,66
2022-01-13,P003,North,51.51,0,766,57
2022-01-27,P003,North,51.49,0,479,55
2022-02-01,P003,North,54.98,0,617,76
2022-02-10,P003,North,53.1,0,624,56
2022-03-20,P003,North,53.58,0,846,57
2022-03-22,P003,North,54.2,0,543,59
2022-04-14,P003,North,52.25,0,187,66
2022-04-25,P003,North,54.79,0,355,60
2022-04-28,P003,North,50.48,0,544,69
2022-04-29,P003,North,53.32,0,154,61
2022-05-01,P003,North,54.12,0,906,45
2022-05-09,P003,North,45.99,1,719,122
2022-05-13,P003,North,51.62,0,621,58
2022-05-14,P003,North,52.29,0,683,62
2022-05-20,P003,North,55.2,0,169,65
2022-05-22,P003,North,50.96,0,340,42
2022-06-05,P003,North,52.88,0,758,43
2022-06-08,P003,North,54.49,0,674,67
2022-06-16,P003,North,51.06,0,994,68
2022-06-27,P003,North,54.96,0,330,61
2022-07-01,P003,North,51.1,0,259,54
2022-07-08,P003,North,54.84,0,637,35
2022-07-10,P003,North,53.89,0,571,48
2022-07-11,P003,North,51.01,0,355,44
2022-07-14,P003,North,50.65,0,811,48
2022-07-16,P003,North,54.96,0,253,49
2022-07-17,P003,North,55.62,0,303,42
2022-07-22,P003,North,52.9,0,626,57
2022-07-28,P003,North,52.76,0,223,54
2022-08-02,P003,North,53.41,0,181,58
2022-08-03,P003,North,53.42,0,155,65
2022-08-08,P003,North,53.9,0,529,48
2022-08-19,P003,North,53.25,0,801,37
2022-08-29,P003,North,53.67,0,301,48
2022-08-31,P003,North,50.46,0,438,57
2022-09-02,P003,North,51.45,0,551,39
2022-09-05,P003,North,50.63,0,573,45
2022-09-07,P003,North,53.91,0,971,42
2022-09-10,P003,North,54.45,0,641,37
2022-09-21,P003,North,51.64,0,829,39
2022-09-27,P003,North,51.28,0,985,38
2022-09-28,P003,North,51.46,0,807,42
2022-09-30,P003,North,50.53,0,863,41
2022-10-21,P003,North,52.4,0,690,34
2022-10-22,P003,North,54.68,0,131,33
2022-10-30,P003,North,55.29,0,228,42
2022-11-06,P003,North,54.2,0,432,34
2022-11-12,P003,North,54.5,0,596,45
2022-11-14,P003,North,50.63,0,526,57
2022-11-22,P003,North,55.28,0,798,49
2022-11-23,P003,North,51.21,0,400,58
2022-11-27,P003,North,51.05,0,273,42
2022-11-28,P003,North,54.39,0,116,41
2022-11-29,P003,North,50.45,0,836,47
2022-12-07,P003,North,52.84,0,365,47
2022-12-08,P003,North,53.56,0,253,51
2022-12-10,P003,North,53.69,0,846,45
2022-12-18,P003,North,54.07,0,607,45
2022-12-22,P003,North,52.42,0,424,65
2022-12-26,P003,North,53.66,0,110,51
2023-01-02,P003,North,54.11,0,342,56
2023-01-03,P003,North,54.66,0,736,54
2023-01-06,P003,North,50.62,0,521,55
2023-01-07,P003,North,55.01,0,414,37
2023-01-12,P003,North,52.59,0,795,72
2023-01-14,P003,North,51.29,0,776,53
2023-01-19,P003,North,48.61,1,445,75
2023-01-23,P003,North,54.48,0,179,68
2023-01-31,P003,North,52.7,0,863,77
2023-02-04,P003,North,54.81,0,809,47
2023-02-05,P003,North,53.55,0,221,50
2023-02-11,P003,North,52.78,0,573,58
2023-02-12,P003,North,54.35,0,349,55
2023-02-21,P003,North,51.69,0,529,51
2023-03-02,P003,North,54.85,0,798,73
2023-03-07,P003,North,52.17,0,661,56
2023-03-11,P003,North,48.16,1,398,68
2023-03-12,P003,North,51.94,0,603,62
2023-03-16,P003,North,52.93,0,263,45
2023-03-20,P003,North,47.52,1,680,86
2023-04-01,P003,North,49.72,1,621,60
2023-04-13,P003,North,52.61,0,509,68
2023-04-16,P003,North,52.46,0,318,74
2023-04-21,P003,North,52.85,0,860,63
2023-04-24,P003,North,52.35,0,706,61
2023-04-29,P003,North,51.88,0,100,49
2023-04-30,P003,North,51.73,0,977,54
2023-05-02,P003,North,53.69,0,990,59
2023-05-03,P003,North,55.57,0,829,68
2023-05-08,P003,North,54.8,0,367,59
2023-05-18,P003,North,52.99,0,704,74
2023-06-06,P003,North,50.78,0,281,64
2023-06-07,P003,North,50.73,0,685,57
2023-06-12,P003,North,53.21,0,921,72
2023-06-14,P003,North,55.11,0,109,65
2023-06-15,P003,North,54.77,0,626,58
2023-06-23,P003,North,52.37,0,922,46
2023-07-13,P003,North,52.25,0,628,44
2023-07-17,P003,North,52.56,0,149,48
2023-07-18,P003,North,51.24,0,109,45
2023-07-20,P003,North,51.45,0,893,54
2023-07-23,P003,North,53.13,0,860,47
2023-07-26,P003,North,52.19,0,827,60
2023-07-31,P003,North,54.51,0,537,42
2023-08-18,P003,North,55.54,0,735,34
2023-08-20,P003,North,51.77,0,72,45
2023-08-21,P003,North,53.45,0,858,39
2023-08-23,P003,North,53.12,0,578,47
2023-09-05,P003,North,54.49,0,286,58
2023-09-08,P003,North,52.19,0,381,46
2023-09-15,P003,North,52.54,0,491,48
2023-09-17,P003,North,51.58,0,372,35
2023-09-18,P003,North,51.57,0,673,46
2023-09-28,P003,North,51.08,0,531,44
2023-10-01,P003,North,54.46,0,886,35
2023-10-03,P003,North,53.04,0,641,52
2023-10-11,P003,North,54.65,0,765,40
2023-10-15,P003,North,53.11,0,680,38
2023-10-22,P003,North,54.46,0,275,39
2023-10-25,P003,North,51.94,0,423,60
2023-10-28,P003,North,50.92,0,639,40
2023-11-01,P003,North,52.47,0,158,41
2023-11-13,P003,North,50.41,0,496,31
2023-11-15,P003,North,51.45,0,929,49
2023-11-27,P003,North,55.57,0,307,44
2023-11-28,P003,North,51.0,0,874,46
2023-11-29,P003,North,53.12,0,144,56
2023-12-08,P003,North,53.51,0,167,31
2023-12-11,P003,North,55.05,0,496,61
2023-12-16,P003,North,55.44,0,394,34
2023-12-17,P003,North,53.62,0,298,53
2023-12-25,P003,North,51.55,0,201,50
2023-12-28,P003,North,50.49,0,670,65
2024-01-01,P003,North,51.43,0,986,57
2024-01-02,P003,North,54.15,0,66,52
2024-01-09,P003,North,53.96,0,657,60
2024-01-13,P003,North,52.44,0,117,56
2024-01-17,P003,North,53.33,0,474,57
2024-01-19,P003,North,50.95,0,906,55
2024-02-04,P003,North,51.68,0,594,49
2024-02-06,P003,North,51.01,0,931,68
2024-02-09,P003,North,55.22,0,755,53
2024-02-17,P003,North,52.34,0,400,64
2024-02-19,P003,North,53.04,0,945,60
2024-02-21,P003,North,51.79,0,410,85
2024-02-24,P003,North,54.01,0,311,73
2024-02-26,P003,North,47.72,1,193,92
2024-03-03,P003,North,51.65,0,319,60
2024-03-04,P003,North,53.98,0,118,69
2024-03-08,P003,North,51.77,0,542,57
2024-03-15,P003,North,51.86,0,207,58
2024-03-16,P003,North,53.84,0,383,50
2024-03-26,P003,North,51.59,0,434,41
2024-03-28,P003,North,53.4,0,374,56
2024-04-04,P003,North,52.3,0,463,68
2024-04-08,P003,North,52.53,0,628,62
2024-04-11,P003,North,53.22,0,656,64
2024-04-15,P003,North,50.49,0,183,54
2024-04-20,P003,North,52.18,0,517,63
2024-04-26,P003,North,52.89,0,462,58
2024-05-01,P003,North,51.09,0,459,75
2024-05-07,P003,North,50.89,0,308,55
2024-05-08,P003,North,55.16,0,308,47
2024-05-10,P003,North,51.35,0,364,71
2024-05-13,P003,North,51.88,0,129,56
2024-05-17,P003,North,49.27,1,883,75
2024-05-26,P003,North,51.45,0,159,61
2024-05-27,P003,North,55.37,0,617,62
2024-05-29,P003,North,55.58,0,785,60
2024-06-08,P003,North,53.6,0,592,61
2024-06-09,P003,North,55.2,0,654,39
2024-06-10,P003,North,53.4,0,883,61
2024-06-15,P003,North,54.24,0,143,63
2024-06-17,P003,North,50.41,0,700,51
2024-06-18,P003,North,54.85,0,945,51
2024-06-30,P003,North,52.65,0,341,47
2024-07-05,P003,North,51.32,0,365,47
2024-07-11,P003,North,54.79,0,907,42
2024-07-19,P003,North,51.49,0,357,48
2024-07-26,P003,North,50.5,0,615,44
2024-07-27,P003,North,52.17,0,991,52
2024-08-11,P003,North,51.38,0,131,36
2024-08-17,P003,North,52.37,0,99,48
2024-08-18,P003,North,51.28,0,509,45
2024-08-21,P003,North,55.6,0,848,59
2024-08-23,P003,North,55.18,0,508,49
2024-08-26,P003,North,54.24,0,835,38
2024-08-28,P003,North,54.01,0,780,38
2024-09-04,P003,North,51.74,0,149,38
2024-09-08,P003,North,55.14,0,342,49
2024-09-09,P003,North,52.26,0,534,37
2024-09-14,P003,North,54.41,0,233,41
2024-09-17,P003,North,52.02,0,391,34
2024-09-21,P003,North,54.72,0,630,40
2024-09-22,P003,North,45.34,1,481,61
2024-09-25,P003,North,53.05,0,364,44
2024-09-28,P003,North,53.46,0,727,35
2024-10-01,P003,North,55.52,0,429,57
2024-10-02,P003,North,54.73,0,397,43
2024-10-03,P003,North,51.67,0,196,44
2024-10-04,P003,North,52.37,0,813,44
2024-10-09,P003,North,54.21,0,208,41
2024-10-16,P003,North,53.87,0,604,48
2024-10-22,P003,North,54.32,0,1000,47
2024-10-26,P003,North,52.7,0,982,48
2024-11-03,P003,North,53.9,0,124,55
2024-11-12,P003,North,53.89,0,760,52
2024-11-16,P003,North,51.68,0,522,28
2024-11-17,P003,North,50.85,0,501,41
2024-11-18,P003,North,50.97,0,863,55
2024-11-21,P003,North,54.06,0,975,43
2022-01-01,P004,Central,53.73,0,334,44
2022-01-06,P004,Central,54.64,0,479,53
2022-01-07,P004,Central,53.15,0,753,50
2022-01-10,P004,Central,54.64,0,145,58
2022-01-13,P004,Central,55.34,0,167,67
2022-01-14,P004,Central,55.9,0,900,57
2022-01-16,P004,Central,54.64,0,844,61
2022-01-17,P004,Central,54.37,0,345,62
2022-01-29,P004,Central,56.54,0,373,38
2022-02-01,P004,Central,52.84,0,831,58
2022-02-08,P004,Central,54.83,0,531,67
2022-02-10,P004,Central,56.47,0,520,76
2022-02-12,P004,Central,56.37,0,921,58
2022-02-18,P004,Central,50.28,1,887,87
2022-02-23,P004,Central,51.76,0,837,50
2022-02-26,P004,Central,55.44,0,612,71
2022-02-28,P004,Central,55.56,0,965,73
2022-03-24,P004,Central,54.04,0,993,74
2022-04-04,P004,Central,52.67,0,364,62
2022-04-13,P004,Central,53.9,0,355,77
2022-04-15,P004,Central,53.4,0,551,62
2022-04-17,P004,Central,52.68,0,357,65
2022-04-18,P004,Central,52.5,0,346,61
2022-04-20,P004,Central,52.31,0,562,75
2022-04-21,P004,Central,55.62,0,933,77
2022-04-26,P004,Central,53.99,0,877,78
2022-05-04,P004,Central,54.7,0,642,64
2022-05-09,P004,Central,49.58,1,183,97
2022-05-14,P004,Central,54.33,0,842,57
2022-05-24,P004,Central,54.86,0,751,76
2022-05-26,P004,Central,55.42,0,234,66
2022-06-02,P004,Central,51.32,0,835,54
2022-06-04,P004,Central,54.37,0,614,44
2022-06-05,P004,Central,52.94,0,882,60
2022-06-08,P004,Central,46.68,1,695,61
2022-06-18,P004,Central,56.65,0,281,53
2022-06-22,P004,Central,54.19,0,858,53
2022-07-01,P004,Central,56.33,0,291,55
2022-07-10,P004,Central,55.05,0,146,57
2022-07-23,P004,Central,53.18,0,156,38
2022-07-24,P004,Central,55.04,0,816,51
2022-08-05,P004,Central,51.46,0,234,34
2022-08-13,P004,Central,52.95,0,354,45
2022-08-16,P004,Central,55.16,0,855,58
2022-08-22,P004,Central,53.61,0,796,47
2022-08-23,P004,Central,51.62,0,131,47
2022-08-26,P004,Central,53.84,0,153,49
2022-09-01,P004,Central,52.35,0,670,44
2022-09-03,P004,Central,51.35,0,170,40
2022-09-07,P004,Central,53.28,0,64,58
2022-09-10,P004,Central,52.92,0,661,40
2022-09-21,P004,Central,51.58,0,858,43
2022-10-01,P004,Central,55.84,0,277,38
2022-10-04,P004,Central,56.52,0,294,29
2022-10-06,P004,Central,52.02,0,444,55
2022-10-19,P004,Central,54.11,0,987,52
2022-10-23,P004,Central,52.47,0,66,37
2022-10-24,P004,Central,51.64,0,507,40
2022-10-26,P004,Central,52.18,0,181,49
2022-10-28,P004,Central,53.4,0,904,37
2022-11-01,P004,Central,51.32,0,613,47
2022-11-11,P004,Central,54.54,0,879,47
2022-11-16,P004,Central,52.81,0,658,38
2022-11-23,P004,Central,56.65,0,825,64
2022-11-25,P004,Central,56.23,0,131,51
2022-11-29,P004,Central,53.9,0,241,42
2022-12-02,P004,Central,54.36,0,509,44
2022-12-04,P004,Central,55.36,0,317,54
2022-12-09,P004,Central,53.42,0,674,39
2022-12-11,P004,Central,48.74,1,508,75
2022-12-13,P004,Central,54.81,0,970,53
2022-12-21,P004,Central,52.06,0,896,53
2022-12-22,P004,Central,53.39,0,920,56
2022-12-29,P004,Central,53.67,0,750,49
2022-12-30,P004,Central,54.61,0,251,59
2023-01-03,P004,Central,49.67,1,400,92
2023-01-08,P004,Central,53.21,0,95,49
2023-01-12,P004,Central,54.3,0,454,64
2023-01-14,P004,Central,52.66,0,866,50
2023-01-26,P004,Central,55.18,0,307,63
2023-01-27,P004,Central,51.81,0,753,56
2023-01-28,P004,Central,53.67,0,94,48
2023-02-01,P004,Central,52.22,0,411,64
2023-02-04,P004,Central,52.18,0,631,52
2023-02-12,P004,Central,55.93,0,629,61
2023-02-19,P004,Central,56.4,0,317,56
2023-02-20,P004,Central,52.13,0,874,55
2023-03-06,P004,Central,56.14,0,351,56
2023-03-11,P004,Central,55.8,0,750,59
2023-03-15,P004,Central,46.82,1,570,121
2023-03-16,P004,Central,52.72,0,315,78
2023-03-23,P004,Central,52.78,0,241,73
2023-03-25,P004,Central,52.97,0,68,62
2023-03-28,P004,Central,56.38,0,825,89
2023-03-30,P004,Central,55.63,0,599,70
2023-04-09,P004,Central,47.25,1,626,93
2023-04-10,P004,Central,53.74,0,50,60
2023-04-14,P004,Central,51.52,0,554,61
2023-04-17,P004,Central,53.8,0,254,63
2023-04-27,P004,Central,53.2,0,784,48
2023-04-30,P004,Central,55.77,0,608,55
2023-05-01,P004,Central,52.27,0,96,67
2023-05-03,P004,Central,51.74,0,602,92
2023-05-11,P004,Central,54.58,0,868,53
2023-05-13,P004,Central,54.47,0,156,53
2023-05-15,P004,Central,56.55,0,327,67
2023-05-19,P004,Central,54.76,0,944,56
2023-05-21,P004,Central,55.0,0,913,54
2023-05-26,P004,Central,51.64,0,53,58
2023-05-31,P004,Central,53.11,0,712,71
2023-06-03,P004,Central,53.13,0,305,61
2023-06-04,P004,Central,53.43,0,850,58
2023-06-13,P004,Central,50.13,1,615,80
2023-06-17,P004,Central,52.07,0,50,41
2023-06-19,P004,Central,52.1,0,299,70
2023-06-23,P004,Central,56.11,0,947,63
2023-06-29,P004,Central,54.91,0,914,62
2023-07-01,P004,Central,51.32,0,367,58
2023-07-19,P004,Central,54.88,0,962,66
2023-07-26,P004,Central,56.64,0,673,45
2023-08-03,P004,Central,52.71,0,356,62
2023-08-04,P004,Central,52.21,0,171,41
2023-08-07,P004,Central,53.36,0,199,41
2023-08-12,P004,Central,53.59,0,392,39
2023-08-14,P004,Central,55.14,0,890,44
2023-08-26,P004,Central,55.8,0,518,43
2023-08-28,P004,Central,52.28,0,936,45
2023-08-30,P004,Central,52.68,0,420,39
2023-09-02,P004,Central,55.1,0,685,41
2023-09-06,P004,Central,46.99,1,491,71
2023-09-07,P004,Central,51.4,0,377,50
2023-09-09,P004,Central,53.84,0,391,32
2023-09-17,P004,Central,52.97,0,511,35
2023-09-18,P004,Central,52.3,0,695,46
2023-09-27,P004,Central,55.89,0,260,49
2023-10-09,P004,Central,52.18,0,167,38
2023-10-14,P004,Central,52.69,0,714,42
2023-10-16,P004,Central,51.58,0,724,37
2023-10-20,P004,Central,54.45,0,983,37
2023-10-27,P004,Central,53.85,0,256,41
2023-11-09,P004,Central,56.69,0,327,39
2023-11-12,P004,Central,53.65,0,80,41
2023-11-13,P004,Central,54.92,0,87,52
2023-11-19,P004,Central,56.31,0,471,38
2023-11-27,P004,Central,56.5,0,212,52
2023-12-04,P004,Central,52.15,0,323,48
2023-12-05,P004,Central,52.45,0,763,67
2023-12-06,P004,Central,53.0,0,282,51
2023-12-09,P004,Central,52.31,0,522,38
2023-12-18,P004,Central,55.38,0,841,69
2023-12-29,P004,Central,56.65,0,887,60
2024-01-02,P004,Central,54.66,0,407,75
2024-01-11,P004,Central,54.83,0,633,57
2024-01-14,P004,Central,54.73,0,214,50
2024-01-22,P004,Central,54.62,0,883,63
2024-01-25,P004,Central,53.37,0,859,57
2024-01-26,P004,Central,51.3,0,110,56
2024-02-02,P004,Central,54.41,0,963,65
2024-02-05,P004,Central,56.66,0,843,61
2024-02-06,P004,Central,47.5,1,410,77
2024-02-13,P004,Central,54.25,0,601,61
2024-02-21,P004,Central,54.06,0,465,60
2024-03-01,P004,Central,55.74,0,790,45
2024-03-02,P004,Central,54.34,0,104,61
2024-03-03,P004,Central,54.14,0,243,56
2024-03-06,P004,Central,53.75,0,836,44
2024-03-18,P004,Central,52.36,0,411,61
2024-03-19,P004,Central,52.36,0,294,63
2024-03-21,P004,Central,51.56,0,165,52
2024-03-25,P004,Central,54.76,0,454,63
2024-03-27,P004,Central,53.03,0,531,78
2024-04-05,P004,Central,52.35,0,470,49
2024-04-09,P004,Central,54.84,0,375,59
2024-04-11,P004,Central,46.76,1,66,99
2024-04-16,P004,Central,55.14,0,854,80
2024-04-24,P004,Central,55.49,0,895,71
2024-04-27,P004,Central,56.29,0,403,65
2024-04-29,P004,Central,52.49,0,798,73
2024-05-10,P004,Central,54.16,0,157,62
2024-05-13,P004,Central,53.98,0,717,71
2024-05-19,P004,Central,55.3,0,55,52
2024-05-28,P004,Central,54.9,0,847,47
2024-06-21,P004,Central,53.03,0,428,56
2024-06-22,P004,Central,52.52,0,526,56
2024-06-23,P004,Central,53.29,0,822,69
2024-06-25,P004,Central,51.67,0,483,53
2024-07-02,P004,Central,53.15,0,663,55
2024-07-04,P004,Central,51.78,0,835,62
2024-07-05,P004,Central,52.68,0,836,48
2024-07-14,P004,Central,51.44,0,974,49
2024-07-17,P004,Central,56.12,0,427,53
2024-07-20,P004,Central,54.85,0,853,44
2024-07-25,P004,Central,56.37,0,546,55
2024-08-02,P004,Central,52.55,0,641,47
2024-08-18,P004,Central,52.37,0,297,32
2024-08-23,P004,Central,54.11,0,892,48
2024-08-31,P004,Central,54.62,0,991,38
2024-09-01,P004,Central,53.42,0,462,43
2024-09-06,P004,Central,54.84,0,680,38
2024-09-16,P004,Central,56.59,0,730,44
2024-09-23,P004,Central,49.32,1,633,70
2024-10-13,P004,Central,54.59,0,391,34
2024-10-16,P004,Central,54.01,0,187,46
2024-10-20,P004,Central,52.07,0,842,42
2024-10-25,P004,Central,54.96,0,918,51
2024-11-05,P004,Central,53.4,0,584,43
2024-11-24,P004,Central,49.94,1,755,66
2024-11-26,P004,Central,52.43,0,921,53
2024-11-29,P004,Central,54.7,0,728,46
2024-11-30,P004,Central,56.06,0,650,42
2024-12-02,P004,Central,56.38,0,657,43
2024-12-10,P004,Central,56.41,0,120,42
2024-12-11,P004,Central,55.41,0,544,63
2024-12-15,P004,Central,53.88,0,116,52
