data/sales_data.csv
Date,Product,Region,Price,Promo,Inventory,Sales
2022-01-01,P005,North,53.13,0,482,47
2022-01-14,P005,North,54.73,0,818,44
2022-01-18,P005,North,55.23,0,473,73
2022-02-04,P005,North,55.76,0,422,43
2022-02-06,P005,North,53.92,0,215,50
2022-02-14,P005,North,55.43,0,96,49
2022-02-15,P005,North,52.62,0,658,81
2022-02-18,P005,North,54.52,0,912,58
2022-02-19,P005,North,54.34,0,615,45
2022-02-21,P005,North,56.56,0,934,57
2022-02-27,P005,North,56.38,0,471,83
2022-02-28,P005,North,50.12,1,906,89
2022-03-04,P005,North,54.84,0,442,67
2022-03-07,P005,North,47.34,1,974,81
2022-03-09,P005,North,55.56,0,70,71
2022-03-11,P005,North,57.13,0,214,61
2022-03-12,P005,North,54.38,0,429,65
2022-03-13,P005,North,54.64,0,892,48
2022-03-20,P005,North,57.26,0,754,68
2022-04-07,P005,North,54.29,0,372,38
2022-04-17,P005,North,55.38,0,272,59
2022-04-19,P005,North,55.67,0,201,83
2022-04-27,P005,North,53.9,0,792,65
2022-05-02,P005,North,57.01,0,290,52
2022-05-05,P005,North,54.8,0,537,61
2022-05-09,P005,North,52.52,0,364,65
2022-05-10,P005,North,55.52,0,340,52
2022-05-17,P005,North,54.42,0,552,61
2022-05-23,P005,North,56.82,0,560,51
2022-05-26,P005,North,55.09,0,241,58
2022-05-30,P005,North,57.33,0,712,55
2022-06-04,P005,North,55.07,0,572,50
2022-06-08,P005,North,57.26,0,210,63
2022-06-11,P005,North,54.59,0,183,44
2022-06-13,P005,North,55.65,0,640,59
2022-06-24,P005,North,55.07,0,829,69
2022-06-28,P005,North,55.18,0,502,54
2022-07-07,P005,North,52.95,0,370,66
2022-07-09,P005,North,56.96,0,154,38
2022-07-16,P005,North,53.34,0,540,66
2022-07-19,P005,North,53.76,0,182,50
2022-07-27,P005,North,53.08,0,524,65
2022-08-12,P005,North,56.79,0,176,51
2022-08-18,P005,North,52.95,0,579,47
2022-08-22,P005,North,55.29,0,788,51
2022-08-31,P005,North,54.24,0,253,64
2022-09-21,P005,North,52.89,0,135,45
2022-09-29,P005,North,56.37,0,922,42
2022-10-01,P005,North,56.35,0,588,36
2022-10-03,P005,North,55.57,0,663,47
2022-10-05,P005,North,55.64,0,807,54
2022-10-06,P005,North,56.3,0,947,50
2022-10-10,P005,North,53.96,0,348,51
2022-10-18,P005,North,53.0,0,440,39
2022-10-19,P005,North,57.23,0,103,42
2022-11-27,P005,North,54.13,0,507,51
2022-11-29,P005,North,56.21,0,485,52
2022-12-05,P005,North,53.57,0,666,56
2022-12-10,P005,North,52.78,0,814,54
2022-12-19,P005,North,56.64,0,669,50
2022-12-27,P005,North,53.2,0,640,76
2022-12-30,P005,North,57.71,0,134,55
2023-01-03,P005,North,53.33,0,93,56
2023-01-18,P005,North,57.68,0,603,63
2023-01-23,P005,North,52.35,0,801,71
2023-01-27,P005,North,56.68,0,771,69
2023-01-30,P005,North,57.67,0,370,59
2023-02-04,P005,North,53.37,0,171,54
2023-02-05,P005,North,57.58,0,311,58
2023-02-09,P005,North,52.59,0,897,80
2023-02-17,P005,North,53.93,0,174,43
2023-02-20,P005,North,57.6,0,498,66
2023-02-23,P005,North,57.56,0,92,67
2023-03-02,P005,North,54.04,0,832,65
2023-03-05,P005,North,55.22,0,618,64
2023-03-09,P005,North,53.9,0,875,79
2023-03-20,P005,North,56.72,0,629,77
2023-03-28,P005,North,52.94,0,519,67
2023-03-29,P005,North,54.56,0,806,72
2023-03-30,P005,North,54.48,0,936,70
2023-03-31,P005,North,57.3,0,536,65
2023-04-04,P005,North,56.49,0,977,59
2023-04-05,P005,North,53.94,0,283,53
2023-04-09,P005,North,56.41,0,382,60
2023-04-20,P005,North,53.88,0,760,76
2023-04-24,P005,North,55.83,0,308,74
2023-04-29,P005,North,53.93,0,717,49
2023-04-30,P005,North,56.97,0,461,41
2023-05-03,P005,North,55.49,0,453,72
2023-05-06,P005,North,52.96,0,593,60
2023-05-12,P005,North,53.97,0,688,52
2023-05-14,P005,North,47.39,1,751,66
2023-05-24,P005,North,55.46,0,498,75
2023-06-10,P005,North,56.97,0,719,56
2023-06-18,P005,North,55.69,0,209,55
2023-06-19,P005,North,53.68,0,402,47
2023-06-21,P005,North,57.03,0,722,61
2023-06-22,P005,North,54.49,0,274,51
2023-06-26,P005,North,55.08,0,259,64
2023-07-05,P005,North,55.79,0,402,62
2023-07-15,P005,North,52.69,0,765,44
2023-07-17,P005,North,57.7,0,804,37
2023-07-19,P005,North,54.96,0,697,62
2023-07-30,P005,North,53.46,0,177,50
2023-07-31,P005,North,54.89,0,528,45
2023-08-01,P005,North,55.39,0,130,65
2023-08-02,P005,North,56.17,0,427,35
2023-08-07,P005,North,55.72,0,558,33
2023-08-25,P005,North,55.24,0,243,49
2023-09-05,P005,North,53.07,0,297,57
2023-09-08,P005,North,52.74,0,415,37
2023-09-17,P005,North,54.53,0,636,40
2023-09-23,P005,North,50.69,1,574,69
2023-09-29,P005,North,52.87,0,475,40
2023-10-18,P005,North,55.45,0,307,44
2023-10-21,P005,North,53.07,0,567,47
2023-10-23,P005,North,53.15,0,607,39
2023-10-24,P005,North,52.34,0,169,44
2023-11-01,P005,North,55.07,0,54,46
2023-11-02,P005,North,57.08,0,742,46
2023-11-08,P005,North,55.07,0,800,40
2023-11-17,P005,North,55.02,0,115,53
2023-11-24,P005,North,57.18,0,891,62
2023-11-25,P005,North,47.45,1,200,77
2023-11-27,P005,North,54.68,0,534,33
2023-12-11,P005,North,54.24,0,261,56
2023-12-12,P005,North,56.06,0,443,59
2023-12-13,P005,North,53.27,0,421,50
2023-12-15,P005,North,52.98,0,744,37
2023-12-20,P005,North,54.53,0,991,52
2024-01-03,P005,North,57.54,0,900,62
2024-01-06,P005,North,53.97,0,329,47
2024-01-09,P005,North,56.73,0,925,61
2024-01-12,P005,North,55.0,0,361,60
2024-01-14,P005,North,54.87,0,89,52
2024-01-16,P005,North,54.76,0,193,61
2024-01-17,P005,North,53.11,0,524,66
2024-01-27,P005,North,55.69,0,483,46
2024-02-02,P005,North,56.75,0,367,49
2024-02-11,P005,North,56.37,0,802,58
2024-02-19,P005,North,53.89,0,544,54
2024-02-22,P005,North,53.09,0,260,59
2024-03-05,P005,North,53.63,0,492,82
2024-03-06,P005,North,55.25,0,599,68
2024-03-09,P005,North,54.3,0,671,49
2024-03-10,P005,North,54.4,0,160,60
2024-03-17,P005,North,47.37,1,643,74
2024-04-08,P005,North,55.91,0,424,62
2024-04-22,P005,North,54.33,0,316,54
2024-04-24,P005,North,52.96,0,571,60
2024-04-27,P005,North,54.92,0,261,46
2024-05-07,P005,North,54.17,0,481,77
2024-05-08,P005,North,54.62,0,340,85
2024-05-09,P005,North,53.3,0,208,62
2024-05-13,P005,North,56.15,0,955,60
2024-05-30,P005,North,57.15,0,443,71
2024-06-08,P005,North,53.33,0,822,57
2024-06-11,P005,North,52.53,0,68,61
2024-06-16,P005,North,52.92,0,520,54
2024-06-21,P005,North,54.06,0,308,50
2024-07-10,P005,North,52.26,0,239,51
2024-07-11,P005,North,56.52,0,944,52
2024-07-29,P005,North,56.34,0,510,28
2024-08-07,P005,North,53.77,0,129,59
2024-08-24,P005,North,55.65,0,695,41
2024-09-02,P005,North,55.92,0,171,48
2024-09-11,P005,North,55.12,0,654,45
2024-09-18,P005,North,56.19,0,184,37
2024-09-25,P005,North,56.54,0,113,37
2024-09-26,P005,North,52.91,0,786,51
2024-10-16,P005,North,57.37,0,270,37
2024-10-31,P005,North,55.38,0,982,40
2024-11-12,P005,North,56.39,0,924,46
2024-11-13,P005,North,53.87,0,289,39
2024-11-26,P005,North,55.61,0,148,55
2024-11-27,P005,North,57.13,0,670,59
2024-11-29,P005,North,53.52,0,865,41
2024-12-03,P005,North,57.65,0,537,60
2024-12-04,P005,North,53.55,0,290,39
2024-12-07,P005,North,57.09,0,99,51
2024-12-10,P005,North,52.93,0,439,58
2024-12-15,P005,North,52.85,0,678,47
2024-12-16,P005,North,53.19,0,195,63
2022-01-01,P006,West,55.33,0,417,54
2022-01-02,P006,West,53.57,0,985,56
2022-01-03,P006,West,57.47,0,569,56
2022-01-11,P006,West,55.08,0,964,72
2022-01-16,P006,West,53.54,0,807,35
2022-01-20,P006,West,58.17,0,549,52
2022-01-22,P006,West,58.32,0,900,61
2022-02-06,P006,West,56.11,0,340,69
2022-02-07,P006,West,58.02,0,458,67
2022-02-08,P006,West,55.25,0,460,73
2022-02-10,P006,West,54.28,0,302,54
2022-02-12,P006,West,53.28,0,395,69
2022-02-20,P006,West,56.64,0,659,66
2022-03-13,P006,West,57.27,0,876,48
2022-03-14,P006,West,57.92,0,928,65
2022-03-28,P006,West,56.42,0,283,68
2022-04-16,P006,West,56.28,0,382,57
2022-04-20,P006,West,57.37,0,68,86
2022-04-22,P006,West,54.45,0,737,61
2022-05-02,P006,West,55.47,0,495,71
2022-05-04,P006,West,53.91,0,128,57
2022-05-08,P006,West,58.16,0,498,52
2022-05-16,P006,West,53.34,0,561,62
2022-05-18,P006,West,54.9,0,622,71
2022-05-20,P006,West,51.99,1,277,89
2022-05-22,P006,West,58.79,0,553,38
2022-05-24,P006,West,58.64,0,681,70
2022-06-02,P006,West,51.31,1,746,74
2022-06-11,P006,West,55.46,0,622,55
2022-06-29,P006,West,55.27,0,118,62
2022-07-02,P006,West,54.92,0,652,42
2022-07-21,P006,West,54.2,0,453,60
2022-07-24,P006,West,58.56,0,993,61
2022-07-26,P006,West,49.3,1,604,90
2022-08-05,P006,West,54.96,0,59,52
2022-08-15,P006,West,58.57,0,554,56
2022-08-23,P006,West,55.97,0,282,53
2022-08-24,P006,West,54.1,0,95,64
2022-09-02,P006,West,53.4,0,755,49
2022-09-06,P006,West,53.52,0,635,49
2022-09-09,P006,West,53.24,0,481,46
2022-09-12,P006,West,57.36,0,168,52
2022-09-16,P006,West,56.18,0,280,45
2022-09-23,P006,West,55.29,0,379,39
2022-09-24,P006,West,57.78,0,756,48
2022-10-02,P006,West,58.59,0,332,38
2022-10-05,P006,West,53.77,0,789,31
2022-10-14,P006,West,58.25,0,107,38
2022-10-19,P006,West,55.62,0,91,40
2022-10-23,P006,West,57.98,0,334,42
2022-10-24,P006,West,58.25,0,537,31
2022-11-01,P006,West,55.41,0,722,53
2022-11-07,P006,West,55.08,0,742,44
2022-11-10,P006,West,53.63,0,907,40
2022-11-13,P006,West,58.26,0,441,40
2022-11-14,P006,West,58.36,0,219,45
2022-11-16,P006,West,57.26,0,464,71
2022-11-18,P006,West,57.55,0,577,50
2022-11-24,P006,West,55.58,0,89,45
2022-11-25,P006,West,55.46,0,91,55
2022-12-04,P006,West,58.3,0,128,39
2022-12-12,P006,West,54.85,0,840,50
2022-12-13,P006,West,58.22,0,467,58
2022-12-22,P006,West,54.29,0,693,57
2022-12-23,P006,West,57.64,0,86,41
2022-12-31,P006,West,53.7,0,73,47
2023-01-02,P006,West,55.28,0,654,69
2023-01-10,P006,West,55.98,0,318,80
2023-01-17,P006,West,55.86,0,684,60
2023-01-18,P006,West,53.94,0,258,55
2023-02-01,P006,West,55.63,0,841,67
2023-02-06,P006,West,56.16,0,465,66
2023-02-07,P006,West,57.76,0,239,56
2023-02-09,P006,West,57.76,0,599,70
2023-02-11,P006,West,58.53,0,616,63
2023-02-12,P006,West,55.31,0,890,54
2023-02-13,P006,West,53.45,0,376,66
2023-02-20,P006,West,53.41,0,262,62
2023-02-27,P006,West,57.55,0,447,64
2023-03-04,P006,West,55.79,0,345,44
2023-03-07,P006,West,53.36,0,560,86
2023-03-09,P006,West,58.25,0,258,67
2023-03-11,P006,West,54.15,0,351,52
2023-03-13,P006,West,56.22,0,71,76
2023-03-22,P006,West,54.65,0,573,66
2023-03-25,P006,West,54.76,0,470,61
2023-03-26,P006,West,58.41,0,402,57
2023-04-03,P006,West,57.34,0,665,68
2023-04-09,P006,West,56.63,0,613,67
2023-04-10,P006,West,57.94,0,72,67
2023-04-15,P006,West,48.42,1,237,87
2023-04-19,P006,West,55.39,0,335,89
2023-04-23,P006,West,56.37,0,478,60
2023-04-29,P006,West,56.36,0,272,44
2023-05-02,P006,West,51.98,1,621,121
2023-05-11,P006,West,55.38,0,986,74
2023-05-12,P006,West,57.81,0,705,61
2023-05-15,P006,West,57.66,0,247,68
2023-05-18,P006,West,56.84,0,878,66
2023-05-23,P006,West,57.02,0,836,76
2023-05-31,P006,West,53.74,0,857,64
2023-06-06,P006,West,50.72,1,866,124
2023-06-14,P006,West,57.89,0,930,58
2023-06-15,P006,West,54.44,0,134,72
2023-06-24,P006,West,55.17,0,101,51
2023-06-28,P006,West,58.72,0,438,80
2023-07-01,P006,West,56.25,0,664,50
2023-07-06,P006,West,53.57,0,439,65
2023-07-07,P006,West,58.66,0,490,43
2023-07-11,P006,West,53.52,0,428,55
2023-07-13,P006,West,53.49,0,878,60
2023-07-14,P006,West,54.57,0,434,53
2023-07-19,P006,West,54.56,0,467,41
2023-07-21,P006,West,58.06,0,969,39
2023-07-23,P006,West,54.14,0,829,52
2023-07-25,P006,West,54.33,0,357,68
2023-07-30,P006,West,58.16,0,227,42
2023-08-01,P006,West,57.42,0,420,59
2023-08-14,P006,West,54.16,0,137,36
2023-08-15,P006,West,54.13,0,260,45
2023-08-16,P006,West,55.14,0,418,48
2023-08-18,P006,West,57.49,0,87,37
2023-08-21,P006,West,55.28,0,269,49
2023-08-23,P006,West,54.64,0,489,64
2023-08-26,P006,West,58.54,0,913,42
2023-08-27,P006,West,57.22,0,356,32
2023-09-03,P006,West,54.87,0,880,26
2023-09-07,P006,West,55.83,0,760,67
2023-09-11,P006,West,56.74,0,519,45
2023-09-21,P006,West,58.75,0,297,43
2023-09-22,P006,West,55.86,0,910,53
2023-09-26,P006,West,56.67,0,631,44
2023-09-28,P006,West,53.71,0,776,50
2023-10-01,P006,West,53.3,0,293,58
2023-10-04,P006,West,58.24,0,725,37
2023-10-15,P006,West,56.97,0,504,46
2023-10-19,P006,West,58.02,0,868,52
2023-10-25,P006,West,58.42,0,514,39
2023-11-01,P006,West,53.65,0,499,50
2023-11-02,P006,West,57.95,0,412,59
2023-11-03,P006,West,48.45,1,243,74
2023-11-05,P006,West,57.15,0,702,48
2023-11-09,P006,West,53.94,0,202,48
2023-11-13,P006,West,56.43,0,594,48
2023-11-16,P006,West,55.68,0,657,47
2023-11-23,P006,West,56.14,0,695,60
2023-11-25,P006,West,54.47,0,161,40
2023-12-04,P006,West,55.69,0,250,41
2023-12-06,P006,West,58.47,0,841,61
2023-12-19,P006,West,55.65,0,368,51
2023-12-30,P006,West,53.4,0,132,51
2024-01-06,P006,West,54.04,0,166,42
2024-01-11,P006,West,58.54,0,172,65
2024-01-14,P006,West,57.34,0,469,58
2024-01-16,P006,West,51.69,1,367,93
2024-01-17,P006,West,57.43,0,524,50
2024-01-20,P006,West,54.22,0,246,44
2024-01-21,P006,West,53.47,0,58,62
2024-01-23,P006,West,58.03,0,870,69
2024-01-29,P006,West,58.72,0,499,42
2024-01-30,P006,West,57.54,0,439,71
2024-02-11,P006,West,54.96,0,824,62
2024-02-19,P006,West,58.0,0,339,43
2024-02-22,P006,West,54.91,0,566,65
2024-02-24,P006,West,54.79,0,322,64
2024-02-25,P006,West,54.34,0,269,60
2024-03-11,P006,West,53.65,0,620,59
2024-03-14,P006,West,57.87,0,469,61
2024-03-16,P006,West,53.23,0,810,58
2024-03-18,P006,West,54.22,0,628,81
2024-03-31,P006,West,48.97,1,302,85
2024-04-12,P006,West,57.94,0,448,53
2024-04-16,P006,West,55.02,0,655,58
2024-04-20,P006,West,57.01,0,559,69
2024-04-24,P006,West,54.08,0,305,67
2024-04-28,P006,West,54.57,0,868,53
2024-04-30,P006,West,56.02,0,930,64
2024-05-15,P006,West,56.78,0,424,68
2024-05-21,P006,West,54.96,0,490,92
2024-05-25,P006,West,58.07,0,706,66
2024-05-29,P006,West,54.49,0,554,48
2024-05-31,P006,West,57.67,0,337,68
2024-06-03,P006,West,58.43,0,659,56
2024-06-06,P006,West,58.64,0,53,57
2024-06-07,P006,West,52.72,1,667,76
2024-06-10,P006,West,57.14,0,301,76
2024-06-17,P006,West,53.5,0,586,66
2024-06-19,P006,West,57.43,0,102,62
2024-06-27,P006,West,58.52,0,150,66
2024-06-30,P006,West,54.59,0,105,58
2024-07-01,P006,West,48.62,1,84,78
2024-07-04,P006,West,56.84,0,839,56
2024-07-06,P006,West,57.0,0,650,48
2024-07-08,P006,West,57.64,0,843,39
2024-07-25,P006,West,54.44,0,178,59
2024-08-01,P006,West,57.52,0,997,54
2024-08-08,P006,West,53.68,0,931,57
2024-08-20,P006,West,55.14,0,372,48
2024-09-01,P006,West,58.73,0,485,30
2024-09-04,P006,West,58.61,0,587,55
2024-09-09,P006,West,56.95,0,667,42
2024-09-15,P006,West,57.65,0,369,38
2024-09-18,P006,West,54.66,0,658,36
2024-10-07,P006,West,57.42,0,570,39
2024-10-10,P006,West,55.97,0,457,48
2024-10-14,P006,West,57.09,0,805,44
2024-10-15,P006,West,58.23,0,569,38
2024-10-18,P006,West,57.93,0,250,46
2024-10-27,P006,West,56.09,0,60,45
2024-10-30,P006,West,57.37,0,850,45
2024-10-31,P006,West,56.11,0,329,40
2024-11-05,P006,West,54.54,0,75,47
2024-11-06,P006,West,50.26,1,867,75
2024-11-13,P006,West,50.92,1,527,73
2024-11-18,P006,West,53.87,0,546,42
2024-11-21,P006,West,57.28,0,757,51
2024-11-23,P006,West,55.18,0,488,59
2024-11-25,P006,West,56.74,0,936,71
2024-11-27,P006,West,57.45,0,52,56
2024-11-30,P006,West,56.51,0,65,28
2024-12-01,P006,West,53.66,0,444,49
