data/sales_data.csv
Date,Product,Region,Price,Promo,Inventory,Sales
2022-01-01,P007,West,58.75,0,797,47
2022-01-06,P007,West,59.45,0,124,73
2022-01-09,P007,West,54.86,0,971,51
2022-01-28,P007,West,58.96,0,299,51
2022-02-10,P007,West,55.43,0,354,69
2022-02-12,P007,West,58.47,0,229,48
2022-02-17,P007,West,54.41,0,934,69
2022-02-19,P007,West,59.04,0,147,74
2022-02-27,P007,West,58.49,0,742,57
2022-03-02,P007,West,55.13,0,532,91
2022-03-05,P007,West,57.17,0,293,40
2022-03-17,P007,West,55.42,0,278,70
2022-03-22,P007,West,59.68,0,101,59
2022-03-23,P007,West,56.28,0,158,81
2022-03-28,P007,West,56.72,0,464,66
2022-03-29,P007,West,59.31,0,921,67
2022-03-30,P007,West,58.33,0,948,62
2022-04-05,P007,West,56.46,0,255,55
2022-04-11,P007,West,58.69,0,611,60
2022-04-16,P007,West,57.76,0,895,59
2022-04-20,P007,West,56.18,0,359,77
2022-04-21,P007,West,57.19,0,786,77
2022-04-27,P007,West,55.0,0,910,105
2022-04-30,P007,West,57.6,0,180,51
2022-05-04,P007,West,57.66,0,331,74
2022-05-10,P007,West,56.5,0,228,68
2022-05-24,P007,West,55.77,0,112,72
2022-05-28,P007,West,56.25,0,365,79
2022-06-07,P007,West,56.19,0,212,75
2022-06-08,P007,West,54.94,0,918,75
2022-07-12,P007,West,54.78,0,611,52
2022-07-15,P007,West,54.18,0,961,50
2022-08-05,P007,West,58.24,0,268,35
2022-08-08,P007,West,56.73,0,685,37
2022-08-12,P007,West,59.16,0,854,54
2022-08-13,P007,West,58.06,0,416,37
2022-08-15,P007,West,56.38,0,764,51
2022-08-24,P007,West,59.35,0,76,56
2022-08-30,P007,West,59.22,0,851,42
2022-09-19,P007,West,54.31,0,266,42
2022-09-28,P007,West,56.28,0,911,49
2022-09-30,P007,West,57.08,0,395,36
2022-10-09,P007,West,51.84,1,620,71
2022-10-13,P007,West,58.23,0,761,40
2022-10-19,P007,West,58.48,0,519,46
2022-10-21,P007,West,57.24,0,243,41
2022-10-24,P007,West,57.44,0,389,41
2022-10-25,P007,West,57.21,0,893,52
2022-10-31,P007,West,57.98,0,960,38
2022-11-11,P007,West,59.46,0,513,48
2022-11-25,P007,West,56.54,0,723,42
2022-12-01,P007,West,59.17,0,356,57
2022-12-07,P007,West,59.69,0,526,47
2022-12-11,P007,West,54.86,0,154,44
2022-12-19,P007,West,55.81,0,183,51
2022-12-23,P007,West,56.33,0,591,56
2022-12-24,P007,West,58.95,0,344,51
2023-01-02,P007,West,56.57,0,226,63
2023-01-08,P007,West,59.46,0,644,58
2023-01-15,P007,West,58.44,0,324,67
2023-01-20,P007,West,54.22,0,712,51
2023-01-23,P007,West,56.77,0,266,64
2023-01-25,P007,West,54.62,0,973,70
2023-01-26,P007,West,54.94,0,98,63
2023-02-10,P007,West,56.16,0,964,70
2023-02-13,P007,West,58.71,0,691,59
2023-02-15,P007,West,56.31,0,339,60
2023-02-17,P007,West,56.72,0,281,55
2023-02-19,P007,West,49.79,1,961,101
2023-02-20,P007,West,55.45,0,862,68
2023-02-24,P007,West,56.67,0,976,67
2023-03-07,P007,West,56.37,0,604,68
2023-03-08,P007,West,55.12,0,648,70
2023-03-10,P007,West,56.88,0,349,62
2023-03-18,P007,West,55.38,0,327,50
2023-03-24,P007,West,58.95,0,134,83
2023-04-06,P007,West,59.49,0,452,64
2023-04-08,P007,West,56.42,0,557,63
2023-04-09,P007,West,57.59,0,805,59
2023-04-13,P007,West,55.96,0,327,75
2023-04-15,P007,West,57.93,0,700,48
2023-04-21,P007,West,58.48,0,742,49
2023-04-24,P007,West,53.55,1,843,117
2023-04-29,P007,West,55.31,0,881,53
2023-05-02,P007,West,56.11,0,607,71
2023-05-04,P007,West,54.6,0,254,59
2023-05-07,P007,West,54.67,0,620,72
2023-05-08,P007,West,58.03,0,119,52
2023-05-16,P007,West,55.03,0,963,69
2023-05-21,P007,West,57.62,0,779,55
2023-05-23,P007,West,59.31,0,416,72
2023-05-25,P007,West,59.83,0,282,67
2023-05-26,P007,West,54.71,0,856,62
2023-06-06,P007,West,54.5,0,122,74
2023-06-08,P007,West,55.83,0,488,65
2023-06-12,P007,West,57.32,0,869,46
2023-06-15,P007,West,59.4,0,192,56
2023-06-16,P007,West,49.51,1,478,100
2023-06-28,P007,West,56.77,0,255,69
2023-07-08,P007,West,49.68,1,625,81
2023-07-09,P007,West,55.63,0,824,49
2023-07-20,P007,West,54.36,0,918,68
2023-07-28,P007,West,58.68,0,495,62
2023-07-29,P007,West,58.75,0,714,49
2023-07-31,P007,West,58.52,0,717,51
2023-08-08,P007,West,55.65,0,873,35
2023-08-11,P007,West,56.86,0,200,53
2023-08-14,P007,West,58.27,0,920,52
2023-08-20,P007,West,59.8,0,475,45
2023-08-30,P007,West,54.32,0,620,64
2023-09-21,P007,West,58.66,0,966,49
2023-09-24,P007,West,57.62,0,117,36
2023-09-30,P007,West,58.13,0,763,45
2023-10-02,P007,West,58.04,0,139,45
2023-10-04,P007,West,55.92,0,162,51
2023-10-06,P007,West,56.76,0,371,40
2023-10-10,P007,West,58.16,0,424,42
2023-10-14,P007,West,59.27,0,242,42
2023-10-15,P007,West,54.3,0,682,36
2023-10-17,P007,West,54.97,0,902,55
2023-11-17,P007,West,54.15,0,356,44
2023-11-18,P007,West,54.15,0,933,53
2023-11-22,P007,West,59.35,0,85,51
2023-11-25,P007,West,57.8,0,126,45
2023-11-26,P007,West,56.85,0,339,48
2023-11-27,P007,West,58.12,0,562,39
2023-12-03,P007,West,58.16,0,68,43
2023-12-07,P007,West,55.67,0,857,62
2023-12-21,P007,West,55.57,0,134,54
2023-12-23,P007,West,57.62,0,504,47
2024-01-09,P007,West,57.9,0,674,47
2024-01-10,P007,West,55.46,0,931,68
2024-01-12,P007,West,54.51,0,699,46
2024-01-19,P007,West,59.08,0,852,69
2024-01-26,P007,West,55.55,0,708,55
2024-02-07,P007,West,55.87,0,856,70
2024-02-14,P007,West,55.25,0,738,67
2024-02-21,P007,West,57.25,0,132,84
2024-02-24,P007,West,58.23,0,807,70
2024-03-01,P007,West,58.42,0,388,69
2024-03-02,P007,West,54.62,0,181,58
2024-03-03,P007,West,59.59,0,117,45
2024-03-04,P007,West,54.48,0,306,76
2024-03-05,P007,West,54.85,0,894,66
2024-03-16,P007,West,56.58,0,612,55
2024-03-17,P007,West,59.38,0,776,63
2024-03-22,P007,West,59.01,0,703,69
2024-03-31,P007,West,54.25,0,455,51
2024-04-09,P007,West,54.65,0,869,74
2024-05-14,P007,West,55.02,0,853,73
2024-06-06,P007,West,51.63,1,399,120
2024-06-21,P007,West,50.59,1,263,102
2024-06-22,P007,West,56.5,0,96,48
2024-06-26,P007,West,59.38,0,518,75
2024-06-28,P007,West,55.95,0,401,51
2024-07-07,P007,West,54.96,0,871,52
2024-07-13,P007,West,49.55,1,597,77
2024-07-15,P007,West,54.22,0,688,48
2024-07-17,P007,West,58.8,0,203,53
2024-07-24,P007,West,56.36,0,936,53
2024-07-26,P007,West,56.21,0,783,44
2024-07-27,P007,West,58.33,0,740,40
2024-07-28,P007,West,59.7,0,484,52
2024-08-01,P007,West,56.27,0,557,47
2024-08-18,P007,West,59.64,0,135,33
2024-08-20,P007,West,56.15,0,184,62
2024-08-21,P007,West,58.5,0,264,65
2024-08-25,P007,West,56.85,0,89,35
2024-08-26,P007,West,58.43,0,993,46
2024-09-01,P007,West,58.99,0,182,39
2024-09-08,P007,West,57.57,0,63,48
2024-09-23,P007,West,56.0,0,253,49
2024-09-28,P007,West,58.83,0,202,37
2024-10-05,P007,West,55.31,0,459,39
2024-10-09,P007,West,49.89,1,532,75
2024-10-10,P007,West,58.19,0,255,32
2024-10-18,P007,West,56.96,0,179,56
2024-10-19,P007,West,59.35,0,629,42
2024-10-21,P007,West,58.14,0,444,54
2024-10-26,P007,West,59.6,0,428,51
2024-10-31,P007,West,56.41,0,644,51
2024-11-02,P007,West,58.03,0,458,36
2024-11-08,P007,West,58.57,0,272,36
2024-11-10,P007,West,54.52,0,500,53
2024-11-23,P007,West,56.64,0,647,39
2024-12-14,P007,West,58.77,0,91,51
2024-12-18,P007,West,58.54,0,346,73
2022-01-01,P008,East,56.8,0,693,53
2022-01-02,P008,East,55.91,0,812,53
2022-01-05,P008,East,59.14,0,798,64
2022-01-09,P008,East,59.14,0,617,61
2022-01-12,P008,East,59.52,0,438,75
2022-01-18,P008,East,60.74,0,673,86
2022-01-19,P008,East,60.14,0,764,63
2022-02-08,P008,East,56.72,0,688,80
2022-02-10,P008,East,57.12,0,864,52
2022-02-12,P008,East,58.09,0,138,51
2022-02-14,P008,East,60.27,0,509,76
2022-02-20,P008,East,58.31,0,434,90
2022-02-22,P008,East,56.32,0,866,64
2022-03-07,P008,East,57.32,0,486,63
2022-03-13,P008,East,55.17,0,767,70
2022-03-21,P008,East,58.65,0,933,63
2022-03-22,P008,East,56.46,0,520,74
2022-04-07,P008,East,58.24,0,564,82
2022-04-08,P008,East,60.28,0,695,60
2022-04-09,P008,East,58.42,0,919,46
2022-04-13,P008,East,56.0,0,839,73
2022-04-24,P008,East,55.13,0,953,73
2022-04-25,P008,East,55.48,0,532,71
2022-05-03,P008,East,58.14,0,674,71
2022-05-05,P008,East,56.93,0,592,72
2022-05-07,P008,East,59.16,0,976,44
2022-05-08,P008,East,58.24,0,365,61
2022-05-09,P008,East,59.95,0,805,85
2022-05-12,P008,East,59.33,0,803,69
2022-05-15,P008,East,59.14,0,912,47
2022-05-17,P008,East,55.61,0,795,78
2022-05-18,P008,East,58.96,0,344,99
2022-05-22,P008,East,60.77,0,809,62
2022-05-23,P008,East,58.94,0,552,48
2022-06-03,P008,East,57.86,0,626,65
2022-06-06,P008,East,58.71,0,711,56
2022-06-11,P008,East,60.6,0,799,56
2022-06-12,P008,East,59.63,0,536,57
2022-06-16,P008,East,59.55,0,763,72
2022-06-20,P008,East,57.02,0,642,62
2022-06-27,P008,East,59.43,0,926,59
2022-06-28,P008,East,60.49,0,433,61
2022-07-04,P008,East,55.68,0,112,58
2022-07-06,P008,East,56.38,0,313,80
2022-07-16,P008,East,60.65,0,861,56
2022-07-17,P008,East,56.88,0,698,65
2022-07-21,P008,East,58.16,0,794,75
2022-08-03,P008,East,56.14,0,60,65
2022-08-07,P008,East,58.98,0,584,35
2022-08-13,P008,East,57.78,0,984,46
2022-08-15,P008,East,56.74,0,173,41
2022-08-21,P008,East,60.7,0,111,46
2022-08-25,P008,East,57.7,0,478,54
2022-09-01,P008,East,59.18,0,568,47
2022-09-02,P008,East,56.92,0,717,35
2022-09-05,P008,East,57.94,0,857,51
2022-09-06,P008,East,58.86,0,608,44
2022-09-11,P008,East,58.84,0,191,43
2022-09-13,P008,East,56.69,0,519,53
2022-09-17,P008,East,58.6,0,297,43
2022-10-04,P008,East,55.25,0,630,40
2022-10-06,P008,East,59.13,0,274,43
2022-10-12,P008,East,57.26,0,907,31
2022-10-15,P008,East,55.99,0,599,41
2022-10-29,P008,East,60.68,0,149,40
2022-11-02,P008,East,59.56,0,482,55
2022-11-11,P008,East,60.41,0,284,50
2022-11-13,P008,East,59.45,0,510,46
2022-11-19,P008,East,60.71,0,852,49
2022-12-04,P008,East,58.04,0,528,47
2022-12-08,P008,East,59.28,0,587,67
2022-12-17,P008,East,58.27,0,802,67
2022-12-25,P008,East,55.14,0,425,59
2022-12-30,P008,East,59.47,0,192,59
2023-01-04,P008,East,56.56,0,70,68
2023-01-08,P008,East,58.81,0,956,40
2023-01-09,P008,East,55.5,0,72,58
2023-01-15,P008,East,58.89,0,342,59
2023-01-23,P008,East,58.02,0,991,55
2023-01-26,P008,East,59.19,0,452,68
2023-02-02,P008,East,58.9,0,798,75
2023-02-03,P008,East,60.34,0,148,57
2023-02-06,P008,East,58.37,0,325,52
2023-02-07,P008,East,60.05,0,295,65
2023-02-13,P008,East,56.65,0,129,57
2023-02-14,P008,East,57.91,0,131,71
2023-02-17,P008,East,58.15,0,742,60
2023-02-22,P008,East,58.24,0,599,81
2023-02-23,P008,East,55.31,0,694,79
2023-03-06,P008,East,59.09,0,98,79
2023-03-13,P008,East,53.48,1,174,94
2023-03-14,P008,East,56.31,0,297,88
2023-04-21,P008,East,56.29,0,474,55
2023-04-25,P008,East,55.87,0,620,68
2023-05-04,P008,East,55.66,0,600,49
2023-05-05,P008,East,60.89,0,185,72
2023-05-23,P008,East,59.02,0,806,73
2023-05-25,P008,East,59.37,0,120,76
2023-05-26,P008,East,60.26,0,772,44
2023-06-04,P008,East,60.34,0,69,70
2023-06-05,P008,East,57.48,0,738,68
2023-06-19,P008,East,58.41,0,953,55
2023-06-29,P008,East,55.63,0,308,67
2023-07-02,P008,East,57.85,0,467,48
2023-07-05,P008,East,55.21,0,189,61
2023-07-12,P008,East,56.04,0,164,57
2023-07-17,P008,East,56.36,0,614,61
2023-07-18,P008,East,60.02,0,541,68
2023-07-21,P008,East,55.8,0,605,51
2023-07-26,P008,East,56.6,0,177,68
2023-08-01,P008,East,60.86,0,138,49
2023-08-09,P008,East,55.56,0,641,57
2023-08-10,P008,East,57.02,0,755,59
2023-08-13,P008,East,57.11,0,317,41
2023-08-17,P008,East,53.7,1,981,77
2023-08-18,P008,East,59.03,0,724,48
2023-08-22,P008,East,55.37,0,636,35
2023-08-25,P008,East,60.49,0,133,33
2023-08-29,P008,East,58.9,0,245,69
2023-09-01,P008,East,58.2,0,835,50
2023-09-04,P008,East,57.53,0,101,44
2023-09-06,P008,East,60.12,0,710,54
2023-09-09,P008,East,60.04,0,737,36
2023-09-13,P008,East,58.06,0,188,47
2023-09-21,P008,East,55.29,0,56,32
2023-10-04,P008,East,59.9,0,811,49
2023-10-08,P008,East,58.36,0,238,41
2023-10-16,P008,East,55.88,0,392,61
2023-10-17,P008,East,58.02,0,714,45
2023-10-22,P008,East,60.8,0,714,26
2023-10-24,P008,East,56.95,0,440,52
2023-11-07,P008,East,55.21,0,604,55
2023-11-14,P008,East,57.77,0,787,52
2023-11-17,P008,East,57.66,0,520,46
2023-11-18,P008,East,58.11,0,158,46
2023-11-21,P008,East,58.41,0,464,55
2023-11-22,P008,East,57.41,0,658,58
2023-11-24,P008,East,55.1,0,378,60
2023-11-30,P008,East,56.62,0,859,56
2023-12-07,P008,East,56.54,0,921,53
2023-12-10,P008,East,56.59,0,807,44
2023-12-14,P008,East,60.52,0,328,65
2024-01-05,P008,East,55.13,0,173,67
2024-01-07,P008,East,55.88,0,90,58
2024-01-10,P008,East,59.36,0,60,56
2024-01-11,P008,East,56.36,0,139,59
2024-01-21,P008,East,59.4,0,518,62
2024-01-28,P008,East,59.37,0,935,53
2024-02-11,P008,East,59.01,0,417,43
2024-03-03,P008,East,50.87,1,898,97
2024-03-05,P008,East,55.72,0,976,93
2024-03-09,P008,East,58.31,0,588,56
2024-03-10,P008,East,56.11,0,62,72
2024-03-11,P008,East,59.0,0,787,57
2024-03-17,P008,East,60.0,0,821,72
2024-03-21,P008,East,58.86,0,111,80
2024-03-31,P008,East,57.27,0,756,54
2024-04-02,P008,East,56.92,0,689,77
2024-04-09,P008,East,57.21,0,936,59
2024-04-11,P008,East,58.53,0,88,68
2024-04-16,P008,East,59.57,0,516,91
2024-04-22,P008,East,56.58,0,644,66
2024-04-27,P008,East,57.52,0,689,61
2024-04-28,P008,East,57.62,0,914,59
2024-04-30,P008,East,58.51,0,530,72
2024-05-06,P008,East,58.46,0,508,58
2024-05-13,P008,East,59.52,0,620,70
2024-05-20,P008,East,55.94,0,981,73
2024-05-22,P008,East,57.19,0,906,72
2024-05-27,P008,East,60.81,0,498,65
2024-05-30,P008,East,58.94,0,669,52
2024-06-04,P008,East,57.75,0,485,65
2024-06-06,P008,East,60.49,0,531,60
2024-06-07,P008,East,56.59,0,334,62
2024-06-14,P008,East,55.77,0,625,53
2024-06-26,P008,East,55.68,0,121,57
2024-06-30,P008,East,60.1,0,716,50
2024-07-10,P008,East,59.31,0,652,57
2024-07-13,P008,East,58.63,0,899,55
2024-07-14,P008,East,60.24,0,936,39
2024-07-28,P008,East,58.54,0,258,45
2024-07-29,P008,East,57.14,0,612,55
2024-08-01,P008,East,58.37,0,234,57
2024-08-03,P008,East,57.85,0,793,44
2024-08-07,P008,East,57.01,0,240,59
2024-08-17,P008,East,55.32,0,131,48
2024-08-20,P008,East,58.72,0,851,56
2024-08-22,P008,East,55.17,0,924,46
2024-08-23,P008,East,56.31,0,71,45
2024-09-01,P008,East,57.02,0,830,56
2024-09-03,P008,East,60.87,0,249,35
2024-09-04,P008,East,49.66,1,58,86
2024-09-09,P008,East,58.82,0,364,45
2024-09-14,P008,East,59.92,0,330,42
2024-09-16,P008,East,55.35,0,945,40
2024-09-22,P008,East,58.95,0,192,41
2024-09-23,P008,East,60.03,0,800,45
2024-09-25,P008,East,60.25,0,137,50
2024-09-26,P008,East,59.3,0,916,50
2024-09-27,P008,East,53.1,1,994,60
2024-09-30,P008,East,58.83,0,555,46
2024-10-02,P008,East,57.23,0,258,57
2024-10-12,P008,East,58.26,0,790,51
2024-10-14,P008,East,59.56,0,660,61
2024-10-15,P008,East,58.37,0,698,37
2024-10-18,P008,East,50.2,1,251,74
2024-10-21,P008,East,56.66,0,209,57
2024-10-22,P008,East,57.24,0,449,55
2024-10-28,P008,East,56.08,0,551,53
2024-11-05,P008,East,55.19,0,531,52
2024-11-06,P008,East,58.96,0,76,61
2024-11-07,P008,East,59.17,0,849,53
2024-11-14,P008,East,56.24,0,464,46
2024-11-21,P008,East,58.67,0,105,48
2024-11-23,P008,East,55.13,0,170,54
2024-11-27,P008,East,58.99,0,651,55
2024-12-07,P008,East,55.24,0,84,50
2024-12-08,P008,East,57.66,0,421,47
2024-12-09,P008,East,56.71,0,414,59
2024-12-11,P008,East,58.16,0,113,63
2024-12-16,P008,East,59.99,0,248,64
2024-12-19,P008,East,58.65,0,971,49
