data/sales_data.csv
Date,Product,Region,Price,Promo,Inventory,Sales
2022-01-01,P009,Central,58.18,0,246,52
2022-01-02,P009,Central,60.46,0,488,61
2022-01-03,P009,Central,59.58,0,550,80
2022-01-05,P009,Central,58.92,0,244,58
2022-01-06,P009,Central,61.56,0,952,69
2022-01-25,P009,Central,57.32,0,512,77
2022-01-26,P009,Central,59.84,0,76,58
2022-01-27,P009,Central,56.32,0,454,70
2022-01-29,P009,Central,60.72,0,967,76
2022-02-05,P009,Central,60.79,0,614,72
2022-02-06,P009,Central,56.96,0,724,46
2022-02-08,P009,Central,61.8,0,453,49
2022-02-13,P009,Central,56.51,0,627,75
2022-02-19,P009,Central,56.32,0,126,58
2022-03-12,P009,Central,56.41,0,446,67
2022-03-13,P009,Central,60.66,0,165,59
2022-03-15,P009,Central,57.31,0,276,65
2022-03-18,P009,Central,60.04,0,691,66
2022-03-30,P009,Central,57.71,0,896,86
2022-04-05,P009,Central,58.1,0,885,73
2022-04-08,P009,Central,57.91,0,548,63
2022-04-14,P009,Central,60.63,0,294,71
2022-04-29,P009,Central,58.01,0,252,63
2022-05-01,P009,Central,59.68,0,507,68
2022-05-14,P009,Central,58.82,0,594,56
2022-05-15,P009,Central,57.84,0,185,68
2022-05-21,P009,Central,60.02,0,159,63
2022-05-23,P009,Central,58.08,0,930,64
2022-05-30,P009,Central,61.48,0,514,70
2022-05-31,P009,Central,60.83,0,55,69
2022-06-03,P009,Central,60.51,0,880,57
2022-06-05,P009,Central,57.83,0,524,64
2022-06-12,P009,Central,56.87,0,701,48
2022-06-13,P009,Central,60.81,0,671,57
2022-06-17,P009,Central,60.07,0,954,39
2022-06-20,P009,Central,59.69,0,478,59
2022-06-25,P009,Central,57.15,0,121,61
2022-07-10,P009,Central,60.71,0,177,52
2022-07-15,P009,Central,56.96,0,176,54
2022-07-19,P009,Central,57.14,0,213,49
2022-07-24,P009,Central,61.44,0,298,51
2022-08-04,P009,Central,60.74,0,789,37
2022-08-07,P009,Central,58.87,0,551,54
2022-08-09,P009,Central,58.44,0,452,66
2022-08-13,P009,Central,54.52,1,140,69
2022-08-15,P009,Central,59.48,0,84,40
2022-08-16,P009,Central,56.45,0,80,57
2022-08-24,P009,Central,61.6,0,437,55
2022-08-26,P009,Central,61.92,0,96,61
2022-08-27,P009,Central,58.1,0,219,48
2022-08-29,P009,Central,58.11,0,593,46
2022-09-13,P009,Central,60.92,0,904,64
2022-09-19,P009,Central,59.7,0,224,57
2022-09-30,P009,Central,56.62,0,926,40
2022-10-10,P009,Central,57.5,0,194,48
2022-10-16,P009,Central,57.82,0,902,56
2022-10-20,P009,Central,61.19,0,521,45
2022-10-22,P009,Central,60.13,0,469,36
2022-10-26,P009,Central,53.16,1,790,78
2022-11-02,P009,Central,58.12,0,751,51
2022-11-09,P009,Central,57.07,0,275,54
2022-11-10,P009,Central,61.72,0,752,57
2022-11-13,P009,Central,60.47,0,714,48
2022-11-18,P009,Central,59.91,0,884,38
2022-11-24,P009,Central,58.99,0,806,53
2022-11-28,P009,Central,60.45,0,70,70
2022-12-11,P009,Central,56.43,0,346,49
2022-12-13,P009,Central,59.26,0,200,53
2022-12-25,P009,Central,60.2,0,991,49
2022-12-31,P009,Central,56.81,0,910,55
2023-01-08,P009,Central,60.19,0,339,60
2023-01-09,P009,Central,56.58,0,125,64
2023-01-17,P009,Central,59.01,0,726,66
2023-01-18,P009,Central,58.36,0,886,80
2023-01-23,P009,Central,61.29,0,956,63
2023-01-25,P009,Central,58.43,0,751,74
2023-01-28,P009,Central,57.84,0,788,71
2023-02-03,P009,Central,56.83,0,122,57
2023-02-13,P009,Central,60.02,0,387,65
2023-02-14,P009,Central,57.14,0,498,63
2023-02-16,P009,Central,58.49,0,261,63
2023-02-17,P009,Central,57.37,0,657,59
2023-02-18,P009,Central,56.37,0,78,70
2023-02-21,P009,Central,57.57,0,549,74
2023-03-01,P009,Central,60.48,0,836,66
2023-03-02,P009,Central,59.91,0,322,72
2023-03-04,P009,Central,57.61,0,373,75
2023-03-13,P009,Central,59.5,0,60,70
2023-03-14,P009,Central,56.09,0,391,45
2023-03-16,P009,Central,59.03,0,831,89
2023-03-18,P009,Central,61.68,0,995,73
2023-03-28,P009,Central,61.26,0,468,83
2023-03-31,P009,Central,61.89,0,789,63
2023-04-03,P009,Central,60.17,0,463,68
2023-04-15,P009,Central,61.25,0,711,82
2023-04-16,P009,Central,61.08,0,761,89
2023-04-20,P009,Central,57.76,0,291,61
2023-04-22,P009,Central,58.94,0,625,71
2023-04-23,P009,Central,61.71,0,328,66
2023-04-29,P009,Central,57.98,0,737,58
2023-05-01,P009,Central,51.88,1,491,129
2023-05-07,P009,Central,61.28,0,915,61
2023-05-14,P009,Central,56.43,0,575,64
2023-05-15,P009,Central,61.24,0,477,76
2023-05-17,P009,Central,56.85,0,329,70
2023-05-22,P009,Central,57.37,0,977,62
2023-05-24,P009,Central,56.2,0,829,92
2023-05-25,P009,Central,60.41,0,600,69
2023-05-26,P009,Central,59.37,0,760,52
2023-05-28,P009,Central,58.15,0,826,63
2023-06-01,P009,Central,60.61,0,355,59
2023-06-04,P009,Central,58.33,0,331,55
2023-06-06,P009,Central,58.41,0,339,54
2023-06-09,P009,Central,59.58,0,109,64
2023-06-12,P009,Central,61.52,0,278,69
2023-06-13,P009,Central,58.28,0,795,76
2023-06-21,P009,Central,61.23,0,432,76
2023-06-28,P009,Central,58.76,0,420,61
2023-07-06,P009,Central,57.8,0,809,68
2023-07-08,P009,Central,60.08,0,738,46
2023-07-17,P009,Central,57.41,0,78,54
2023-07-26,P009,Central,56.08,0,830,49
2023-07-30,P009,Central,58.98,0,852,36
2023-08-01,P009,Central,61.28,0,564,62
2023-08-09,P009,Central,53.15,1,262,74
2023-08-15,P009,Central,58.65,0,494,46
2023-08-17,P009,Central,57.6,0,705,56
2023-08-31,P009,Central,58.83,0,69,45
2023-09-08,P009,Central,60.85,0,926,51
2023-09-09,P009,Central,61.31,0,783,38
2023-09-12,P009,Central,58.09,0,389,51
2023-09-16,P009,Central,57.84,0,547,36
2023-09-19,P009,Central,61.55,0,125,41
2023-09-24,P009,Central,60.26,0,801,44
2023-09-25,P009,Central,56.55,0,391,44
2023-09-26,P009,Central,58.09,0,627,64
2023-09-30,P009,Central,58.74,0,505,39
2023-10-02,P009,Central,61.65,0,867,47
2023-10-06,P009,Central,57.16,0,181,45
2023-10-12,P009,Central,60.09,0,547,51
2023-10-17,P009,Central,61.91,0,587,42
2023-11-05,P009,Central,60.26,0,930,38
2023-11-06,P009,Central,60.77,0,226,48
2023-11-11,P009,Central,59.84,0,430,45
2023-11-12,P009,Central,61.46,0,738,41
2023-11-16,P009,Central,57.31,0,91,42
2023-11-21,P009,Central,51.98,1,81,80
2023-11-22,P009,Central,59.7,0,609,63
2023-11-24,P009,Central,57.87,0,449,55
2023-11-26,P009,Central,59.2,0,250,48
2023-11-29,P009,Central,59.33,0,950,51
2023-12-01,P009,Central,61.58,0,858,43
2023-12-02,P009,Central,53.35,1,607,74
2023-12-06,P009,Central,58.45,0,438,54
2023-12-12,P009,Central,60.51,0,547,44
2023-12-13,P009,Central,57.84,0,809,51
2023-12-16,P009,Central,59.02,0,827,49
2023-12-22,P009,Central,58.02,0,185,42
2023-12-27,P009,Central,57.94,0,200,55
2023-12-30,P009,Central,58.53,0,649,48
2024-01-06,P009,Central,61.28,0,291,51
2024-01-12,P009,Central,61.14,0,924,71
2024-01-13,P009,Central,59.59,0,826,45
2024-01-16,P009,Central,61.32,0,336,84
2024-01-17,P009,Central,60.06,0,822,72
2024-01-19,P009,Central,56.85,0,843,55
2024-02-05,P009,Central,56.34,0,882,69
2024-02-07,P009,Central,60.05,0,769,63
2024-02-11,P009,Central,59.47,0,385,61
2024-02-17,P009,Central,61.4,0,914,60
2024-02-28,P009,Central,61.06,0,263,66
2024-03-02,P009,Central,60.22,0,256,56
2024-03-06,P009,Central,60.98,0,453,71
2024-03-11,P009,Central,59.98,0,472,85
2024-03-15,P009,Central,61.08,0,488,78
2024-03-16,P009,Central,58.58,0,177,68
2024-03-17,P009,Central,59.44,0,83,57
2024-03-23,P009,Central,56.06,0,832,73
2024-03-30,P009,Central,61.45,0,592,52
2024-04-01,P009,Central,60.3,0,516,79
2024-04-06,P009,Central,61.46,0,754,60
2024-04-09,P009,Central,61.23,0,306,69
2024-04-10,P009,Central,61.76,0,307,77
2024-04-14,P009,Central,61.95,0,397,57
2024-04-18,P009,Central,58.42,0,251,54
2024-04-23,P009,Central,58.77,0,763,85
2024-04-24,P009,Central,60.18,0,711,63
2024-04-26,P009,Central,58.27,0,899,56
2024-04-28,P009,Central,58.05,0,306,53
2024-05-01,P009,Central,60.6,0,792,87
2024-05-16,P009,Central,57.17,0,57,74
2024-05-20,P009,Central,57.4,0,913,76
2024-05-25,P009,Central,57.79,0,852,62
2024-05-29,P009,Central,56.35,0,64,66
2024-06-03,P009,Central,56.17,0,55,56
2024-06-10,P009,Central,57.63,0,658,68
2024-06-13,P009,Central,61.33,0,993,69
2024-06-14,P009,Central,56.62,0,106,51
2024-06-19,P009,Central,56.21,0,55,66
2024-06-21,P009,Central,54.42,1,891,85
2024-06-24,P009,Central,56.6,0,866,71
2024-06-26,P009,Central,58.54,0,482,65
2024-07-03,P009,Central,61.86,0,678,51
2024-07-07,P009,Central,58.15,0,886,58
2024-07-19,P009,Central,56.49,0,230,49
2024-07-21,P009,Central,59.11,0,442,51
2024-08-14,P009,Central,54.29,1,688,82
2024-08-16,P009,Central,57.84,0,674,48
2024-08-17,P009,Central,57.34,0,141,46
2024-08-26,P009,Central,60.28,0,647,51
2024-09-02,P009,Central,58.33,0,65,40
2024-09-03,P009,Central,53.58,1,747,69
2024-09-06,P009,Central,58.61,0,728,40
2024-09-13,P009,Central,57.48,0,645,48
2024-09-21,P009,Central,51.73,1,83,50
2024-09-27,P009,Central,59.67,0,293,47
2024-10-01,P009,Central,57.29,0,555,40
2024-10-03,P009,Central,60.01,0,963,58
2024-10-04,P009,Central,51.68,1,351,57
2024-10-12,P009,Central,58.6,0,951,46
2024-10-17,P009,Central,56.33,0,935,56
2024-10-19,P009,Central,58.39,0,837,37
2024-10-20,P009,Central,60.13,0,517,44
2024-10-21,P009,Central,56.41,0,983,53
2024-10-24,P009,Central,61.88,0,300,55
2024-10-26,P009,Central,57.85,0,267,54
2024-11-06,P009,Central,60.88,0,81,45
2024-11-23,P009,Central,58.21,0,901,54
2024-11-26,P009,Central,60.63,0,262,55
2024-11-29,P009,Central,57.5,0,572,36
2024-12-13,P009,Central,58.8,0,868,50
2022-01-01,P010,South,62.91,0,925,51
2022-01-02,P010,South,57.83,0,555,50
2022-01-27,P010,South,58.27,0,190,67
2022-01-28,P010,South,59.1,0,794,54
2022-01-31,P010,South,62.68,0,501,45
2022-02-01,P010,South,59.81,0,680,65
2022-02-07,P010,South,62.6,0,788,87
2022-02-09,P010,South,56.42,1,162,103
2022-02-11,P010,South,62.03,0,991,42
2022-02-15,P010,South,60.13,0,473,82
2022-02-20,P010,South,57.49,0,207,70
2022-02-26,P010,South,61.43,0,755,59
2022-02-28,P010,South,57.55,0,147,75
2022-03-31,P010,South,61.75,0,447,83
2022-04-01,P010,South,60.88,0,470,70
2022-04-04,P010,South,60.65,0,791,73
2022-04-05,P010,South,59.42,0,54,93
2022-04-17,P010,South,62.1,0,1000,63
2022-04-20,P010,South,62.38,0,722,68
2022-04-25,P010,South,57.66,0,797,68
2022-04-30,P010,South,59.3,0,398,70
2022-05-09,P010,South,60.56,0,393,66
2022-05-12,P010,South,62.39,0,477,63
2022-05-19,P010,South,57.93,0,276,60
2022-05-24,P010,South,60.89,0,656,74
2022-05-26,P010,South,58.6,0,343,66
2022-05-30,P010,South,58.14,0,932,56
2022-06-08,P010,South,61.52,0,481,60
2022-06-21,P010,South,62.86,0,688,85
2022-06-25,P010,South,60.96,0,121,51
2022-06-28,P010,South,57.38,0,953,64
2022-06-29,P010,South,60.81,0,955,64
2022-07-04,P010,South,57.04,0,667,56
2022-07-09,P010,South,59.25,0,758,53
2022-07-11,P010,South,58.66,0,796,54
2022-07-12,P010,South,57.63,0,997,77
2022-07-24,P010,South,61.17,0,196,56
2022-07-25,P010,South,57.94,0,144,52
2022-08-01,P010,South,62.04,0,581,54
2022-08-17,P010,South,59.16,0,467,57
2022-08-19,P010,South,62.16,0,748,49
2022-08-24,P010,South,62.99,0,130,53
2022-08-31,P010,South,61.13,0,84,60
2022-09-06,P010,South,57.79,0,479,40
2022-09-11,P010,South,58.71,0,446,48
2022-09-14,P010,South,59.77,0,859,66
2022-09-17,P010,South,61.33,0,121,31
2022-09-20,P010,South,61.3,0,231,64
2022-09-21,P010,South,59.9,0,340,47
2022-09-25,P010,South,59.04,0,590,49
2022-09-28,P010,South,57.09,0,968,40
2022-10-06,P010,South,62.15,0,544,51
2022-10-08,P010,South,60.61,0,827,41
2022-10-10,P010,South,57.25,0,110,61
2022-10-28,P010,South,61.91,0,419,57
2022-10-31,P010,South,59.06,0,990,52
2022-11-07,P010,South,61.34,0,348,40
2022-11-13,P010,South,52.53,1,499,60
2022-11-18,P010,South,62.08,0,732,57
2022-11-26,P010,South,61.15,0,640,46
2022-12-07,P010,South,58.55,0,372,57
2022-12-17,P010,South,60.24,0,947,59
2022-12-24,P010,South,59.24,0,285,52
2023-01-07,P010,South,59.54,0,975,45
2023-01-13,P010,South,58.09,0,830,64
2023-01-15,P010,South,57.92,0,780,55
2023-01-16,P010,South,58.38,0,362,73
2023-01-18,P010,South,60.1,0,577,87
2023-01-26,P010,South,61.38,0,59,75
2023-01-31,P010,South,59.77,0,524,73
2023-02-09,P010,South,57.16,0,358,84
2023-02-20,P010,South,57.8,0,206,52
2023-02-27,P010,South,58.83,0,115,63
2023-03-02,P010,South,59.67,0,469,77
2023-03-09,P010,South,57.22,0,535,72
2023-03-13,P010,South,62.91,0,364,92
2023-03-19,P010,South,60.26,0,81,75
2023-04-01,P010,South,56.04,1,623,110
2023-04-02,P010,South,57.33,0,168,44
2023-04-12,P010,South,57.77,0,483,92
2023-04-15,P010,South,58.47,0,330,66
2023-04-17,P010,South,59.78,0,724,94
2023-04-22,P010,South,58.4,0,142,76
2023-04-25,P010,South,59.53,0,738,67
2023-04-27,P010,South,57.3,0,312,69
2023-04-29,P010,South,57.07,0,685,67
2023-05-04,P010,South,57.67,0,721,82
2023-05-06,P010,South,59.76,0,429,68
2023-05-10,P010,South,52.59,1,236,80
2023-05-14,P010,South,60.16,0,609,51
2023-06-02,P010,South,60.49,0,429,54
2023-06-14,P010,South,61.32,0,400,81
2023-06-15,P010,South,58.77,0,210,63
2023-06-17,P010,South,61.2,0,156,70
2023-06-22,P010,South,59.71,0,640,62
2023-06-25,P010,South,60.56,0,829,61
2023-06-26,P010,South,57.05,0,988,61
2023-06-28,P010,South,61.57,0,392,55
2023-06-30,P010,South,58.92,0,480,60
2023-07-04,P010,South,59.68,0,905,71
2023-07-11,P010,South,57.38,0,785,69
2023-07-12,P010,South,57.93,0,150,67
2023-07-28,P010,South,62.23,0,552,54
2023-08-03,P010,South,58.22,0,425,56
2023-08-10,P010,South,57.95,0,977,44
2023-08-17,P010,South,61.45,0,720,57
2023-08-22,P010,South,59.26,0,808,63
2023-08-24,P010,South,60.73,0,134,37
2023-08-30,P010,South,62.33,0,989,34
2023-08-31,P010,South,58.87,0,751,62
2023-09-03,P010,South,60.87,0,775,39
2023-09-07,P010,South,57.61,0,233,48
2023-09-16,P010,South,62.81,0,275,48
2023-09-27,P010,South,58.38,0,487,51
2023-10-01,P010,South,62.95,0,275,36
2023-10-02,P010,South,61.66,0,256,33
2023-10-03,P010,South,61.4,0,624,43
2023-10-12,P010,South,53.82,1,155,71
2023-10-18,P010,South,57.37,0,880,41
2023-10-20,P010,South,57.96,0,67,44
2023-10-21,P010,South,62.11,0,513,58
2023-10-23,P010,South,57.77,0,785,41
2023-11-04,P010,South,62.46,0,576,36
2023-11-10,P010,South,58.06,0,395,52
2023-11-12,P010,South,59.23,0,293,46
2023-11-19,P010,South,58.32,0,882,52
2023-11-21,P010,South,62.06,0,861,59
2023-11-26,P010,South,58.77,0,240,26
2023-11-29,P010,South,62.88,0,799,61
2023-12-14,P010,South,57.89,0,345,55
2023-12-17,P010,South,57.26,0,981,62
2023-12-18,P010,South,60.6,0,494,59
2023-12-30,P010,South,58.28,0,128,51
2024-01-07,P010,South,61.19,0,953,54
2024-01-10,P010,South,58.56,0,479,89
2024-01-25,P010,South,62.93,0,960,61
2024-02-02,P010,South,58.87,0,951,55
2024-02-07,P010,South,59.93,0,694,49
2024-02-11,P010,South,59.69,0,372,61
2024-02-13,P010,South,61.46,0,977,84
2024-02-15,P010,South,59.96,0,853,56
2024-02-16,P010,South,61.64,0,547,52
2024-02-17,P010,South,61.4,0,582,64
2024-03-05,P010,South,62.27,0,962,67
2024-03-09,P010,South,59.55,0,279,58
2024-03-16,P010,South,57.82,0,653,66
2024-03-17,P010,South,60.19,0,639,63
2024-03-18,P010,South,60.14,0,377,75
2024-03-21,P010,South,58.26,0,119,75
2024-03-27,P010,South,57.15,0,404,78
2024-03-28,P010,South,57.27,0,385,88
2024-04-04,P010,South,60.37,0,727,84
2024-04-07,P010,South,61.03,0,885,85
2024-04-09,P010,South,58.19,0,833,73
2024-04-19,P010,South,59.9,0,739,68
2024-04-28,P010,South,57.95,0,195,66
2024-04-29,P010,South,58.41,0,954,58
2024-05-12,P010,South,62.76,0,157,59
2024-05-15,P010,South,62.27,0,862,69
2024-05-21,P010,South,61.54,0,62,59
2024-05-24,P010,South,60.9,0,288,55
2024-05-28,P010,South,57.2,0,840,84
2024-06-13,P010,South,60.6,0,245,56
2024-06-17,P010,South,59.43,0,182,61
2024-06-27,P010,South,59.98,0,607,61
2024-06-28,P010,South,59.52,0,680,61
2024-06-30,P010,South,61.05,0,634,69
2024-07-03,P010,South,60.82,0,184,64
2024-07-04,P010,South,59.7,0,817,73
2024-07-05,P010,South,59.01,0,206,44
2024-07-19,P010,South,62.21,0,449,42
2024-07-26,P010,South,57.01,0,434,44
2024-07-28,P010,South,57.34,0,584,44
2024-07-30,P010,South,60.77,0,833,57
2024-07-31,P010,South,62.23,0,645,61
2024-08-01,P010,South,57.26,0,742,61
2024-08-06,P010,South,62.8,0,228,61
2024-08-07,P010,South,57.78,0,512,59
2024-08-15,P010,South,61.03,0,270,54
2024-08-24,P010,South,51.33,1,804,69
2024-08-27,P010,South,62.74,0,751,61
2024-08-31,P010,South,59.01,0,480,45
2024-09-01,P010,South,60.94,0,694,51
2024-09-02,P010,South,59.92,0,766,36
2024-09-09,P010,South,57.09,0,849,46
2024-09-13,P010,South,62.93,0,385,44
2024-09-15,P010,South,53.49,1,128,57
2024-09-18,P010,South,60.84,0,906,48
2024-09-22,P010,South,59.21,0,871,44
2024-09-25,P010,South,61.8,0,429,42
2024-09-29,P010,South,62.8,0,801,46
2024-10-01,P010,South,62.67,0,510,50
2024-10-13,P010,South,60.34,0,896,44
2024-10-21,P010,South,57.87,0,311,40
2024-10-22,P010,South,58.84,0,350,38
2024-11-02,P010,South,58.49,0,724,52
2024-11-13,P010,South,61.39,0,273,59
2024-11-19,P010,South,60.39,0,451,46
2024-11-24,P010,South,61.03,0,338,40
2024-11-30,P010,South,58.34,0,961,49
2024-12-03,P010,South,57.69,0,374,64
2024-12-06,P010,South,57.98,0,337,51
2024-12-11,P010,South,58.4,0,827,55
2024-12-12,P010,South,58.33,0,696,69
2024-12-15,P010,South,58.52,0,358,47
2024-12-16,P010,South,51.87,1,586,69
