data/sales_data.csv
Date,Product,Region,Price,Promo,Inventory,Sales
2022-01-02,P001,South,50.39,0,514,42
2022-01-15,P001,South,49.69,0,729,41
2022-01-17,P001,South,52.47,0,690,41
2022-01-19,P001,South,52.1,0,571,57
2022-01-20,P001,South,48.64,0,564,64
2022-01-21,P001,South,51.34,0,861,54
2022-01-29,P001,South,49.2,0,252,52
2022-02-10,P001,South,45.04,1,205,82
2022-02-17,P001,South,50.15,0,980,82
2022-02-22,P001,South,53.29,0,390,68
2022-02-23,P001,South,52.47,0,125,52
2022-02-25,P001,South,49.46,0,166,55
2022-03-09,P001,South,50.07,0,805,59
2022-03-13,P001,South,48.85,0,974,57
2022-03-15,P001,South,52.07,0,463,78
2022-03-25,P001,South,51.63,0,347,50
2022-04-07,P001,South,49.47,0,803,64
2022-04-08,P001,South,48.96,0,420,53
2022-04-21,P001,South,50.4,0,744,53
2022-04-22,P001,South,48.13,1,681,85
2022-04-24,P001,South,49.08,0,166,52
2022-04-28,P001,South,52.68,0,359,64
2022-04-29,P001,South,49.43,0,333,42
2022-05-01,P001,South,51.46,0,853,65
2022-05-12,P001,South,51.56,0,232,57
2022-05-14,P001,South,48.86,0,951,43
2022-05-20,P001,South,51.3,0,756,60
2022-05-27,P001,South,51.52,0,465,54
2022-05-29,P001,South,50.43,0,981,69
2022-05-30,P001,South,51.95,0,861,65
2022-06-04,P001,South,52.09,0,557,39
2022-06-05,P001,South,48.85,0,668,50
2022-06-09,P001,South,50.64,0,990,49
2022-06-14,P001,South,52.83,0,374,55
2022-06-15,P001,South,50.52,0,135,65
2022-06-21,P001,South,50.83,0,268,57
2022-06-27,P001,South,49.37,0,682,50
2022-06-28,P001,South,50.68,0,532,62
2022-07-01,P001,South,50.4,0,379,53
2022-07-07,P001,South,52.36,0,665,58
2022-07-08,P001,South,49.19,0,731,55
2022-07-14,P001,South,52.83,0,362,45
2022-07-19,P001,South,49.23,0,180,55
2022-07-22,P001,South,51.51,0,861,62
2022-07-29,P001,South,51.31,0,208,47
2022-07-31,P001,South,51.71,0,642,46
2022-08-14,P001,South,53.04,0,948,37
2022-08-16,P001,South,52.14,0,333,51
2022-08-21,P001,South,49.99,0,425,40
2022-09-08,P001,South,51.65,0,70,44
2022-09-11,P001,South,50.85,0,753,35
2022-09-19,P001,South,50.2,0,755,30
2022-09-29,P001,South,53.49,0,165,49
2022-10-09,P001,South,48.6,0,556,37
2022-10-17,P001,South,53.23,0,492,44
2022-10-19,P001,South,50.09,0,778,48
2022-10-21,P001,South,53.18,0,240,51
2022-10-22,P001,South,51.79,0,749,37
2022-10-23,P001,South,52.28,0,479,49
2022-11-01,P001,South,51.21,0,901,45
2022-11-05,P001,South,53.53,0,432,32
2022-11-08,P001,South,52.48,0,900,38
2022-11-09,P001,South,53.17,0,753,45
2022-11-12,P001,South,50.85,0,483,42
2022-11-20,P001,South,47.2,1,306,52
2022-11-25,P001,South,51.52,0,922,45
2022-11-26,P001,South,49.31,0,714,49
2022-11-27,P001,South,51.41,0,737,41
2022-11-29,P001,South,51.86,0,619,55
2022-11-30,P001,South,52.87,0,259,41
2022-12-02,P001,South,50.67,0,766,46
2022-12-07,P001,South,49.62,0,741,44
2022-12-19,P001,South,51.36,0,385,31
2022-12-20,P001,South,51.22,0,508,48
2022-12-24,P001,South,53.22,0,620,49
2022-12-29,P001,South,50.48,0,859,52
2022-12-30,P001,South,51.36,0,1000,49
2023-01-02,P001,South,52.84,0,593,41
2023-01-12,P001,South,51.96,0,539,61
2023-01-28,P001,South,52.32,0,766,52
2023-01-30,P001,South,51.36,0,345,51
2023-02-02,P001,South,52.35,0,766,54
2023-02-10,P001,South,51.98,0,176,55
2023-02-11,P001,South,49.6,0,282,49
2023-02-12,P001,South,53.45,0,271,75
2023-03-01,P001,South,52.97,0,970,67
2023-03-05,P001,South,52.98,0,82,57
2023-03-14,P001,South,50.06,0,174,65
2023-03-21,P001,South,49.94,0,855,70
2023-03-31,P001,South,52.17,0,943,55
2023-04-12,P001,South,52.69,0,857,66
2023-04-15,P001,South,50.09,0,497,52
2023-04-19,P001,South,49.95,0,598,61
2023-04-21,P001,South,53.12,0,656,52
2023-04-24,P001,South,51.99,0,891,59
2023-04-28,P001,South,50.42,0,219,68
2023-04-30,P001,South,49.38,0,394,56
2023-05-04,P001,South,52.13,0,400,61
2023-05-12,P001,South,50.83,0,273,57
2023-05-14,P001,South,49.58,0,654,53
2023-05-17,P001,South,52.63,0,938,67
2023-05-20,P001,South,51.73,0,747,55
2023-05-27,P001,South,49.92,0,702,71
2023-05-30,P001,South,52.91,0,58,57
2023-06-03,P001,South,50.7,0,327,57
2023-06-06,P001,South,52.39,0,78,71
2023-06-07,P001,South,48.65,0,592,43
2023-06-09,P001,South,49.9,0,99,57
2023-06-15,P001,South,50.48,0,160,52
2023-06-21,P001,South,48.73,0,481,59
2023-06-30,P001,South,44.56,1,556,66
2023-07-01,P001,South,52.09,0,902,56
2023-07-07,P001,South,52.69,0,271,41
2023-07-09,P001,South,52.13,0,977,48
2023-07-18,P001,South,48.85,0,402,47
2023-07-20,P001,South,51.97,0,654,40
2023-07-23,P001,South,53.42,0,773,48
2023-07-27,P001,South,53.48,0,807,47
2023-07-31,P001,South,52.73,0,779,41
2023-08-07,P001,South,49.08,0,598,52
2023-08-11,P001,South,53.05,0,828,43
2023-08-13,P001,South,49.19,0,586,39
2023-08-20,P001,South,52.79,0,995,41
2023-08-21,P001,South,52.51,0,220,51
2023-09-02,P001,South,49.55,0,597,37
2023-09-08,P001,South,50.88,0,309,47
2023-09-26,P001,South,51.16,0,674,58
2023-09-29,P001,South,49.23,0,719,38
2023-10-06,P001,South,48.58,0,691,46
2023-10-21,P001,South,53.27,0,585,33
2023-10-26,P001,South,50.42,0,687,48
2023-10-27,P001,South,50.11,0,466,47
2023-10-31,P001,South,50.16,0,799,54
2023-11-06,P001,South,50.11,0,330,32
2023-11-13,P001,South,51.05,0,825,34
2023-11-14,P001,South,53.48,0,283,42
2023-11-20,P001,South,49.44,0,640,34
2023-11-25,P001,South,45.26,1,799,67
2023-11-27,P001,South,49.48,0,169,52
2023-11-28,P001,South,48.94,0,720,62
2023-11-29,P001,South,51.51,0,558,42
2023-12-06,P001,South,50.71,0,308,58
2023-12-31,P001,South,50.89,0,271,56
2024-01-12,P001,South,50.65,0,835,40
2024-01-23,P001,South,51.37,0,209,56
2024-01-30,P001,South,53.29,0,212,54
2024-02-08,P001,South,50.26,0,313,56
2024-02-12,P001,South,52.75,0,804,56
2024-02-16,P001,South,51.56,0,876,70
2024-02-24,P001,South,48.98,0,484,55
2024-03-02,P001,South,51.45,0,699,63
2024-03-05,P001,South,48.7,0,683,64
2024-03-07,P001,South,48.48,0,314,71
2024-03-09,P001,South,52.26,0,447,54
2024-03-11,P001,South,51.11,0,869,75
2024-03-15,P001,South,51.77,0,809,59
2024-03-17,P001,South,52.95,0,180,46
2024-03-30,P001,South,51.46,0,97,40
2024-04-15,P001,South,52.45,0,891,63
2024-04-16,P001,South,52.08,0,149,83
2024-04-27,P001,South,50.72,0,333,53
2024-04-29,P001,South,51.08,0,505,46
2024-05-09,P001,South,51.48,0,383,60
2024-05-16,P001,South,53.51,0,773,53
2024-05-19,P001,South,53.16,0,531,66
2024-06-12,P001,South,51.82,0,81,69
2024-06-13,P001,South,51.9,0,317,56
2024-06-24,P001,South,51.56,0,780,47
2024-06-28,P001,South,52.13,0,89,40
2024-07-08,P001,South,49.61,0,969,40
2024-07-11,P001,South,48.73,0,852,46
2024-07-14,P001,South,50.36,0,633,40
2024-07-21,P001,South,49.19,0,646,33
2024-07-25,P001,South,52.98,0,409,51
2024-08-15,P001,South,50.76,0,420,43
2024-08-26,P001,South,48.58,0,726,42
2024-08-28,P001,South,51.22,0,978,62
2024-08-31,P001,South,47.87,1,597,76
2024-09-01,P001,South,51.46,0,619,37
2024-09-07,P001,South,48.89,0,786,30
2024-09-13,P001,South,53.07,0,507,44
2024-09-17,P001,South,50.43,0,641,43
2024-09-18,P001,South,48.85,0,737,45
2024-09-24,P001,South,50.21,0,960,46
2024-09-25,P001,South,52.73,0,346,43
2024-09-29,P001,South,52.17,0,765,39
2024-10-04,P001,South,51.97,0,952,33
2024-10-05,P001,South,52.37,0,975,37
2024-10-11,P001,South,51.1,0,114,42
2024-10-16,P001,South,48.91,0,899,48
2024-10-20,P001,South,51.04,0,902,34
2024-10-23,P001,South,50.45,0,223,49
2024-10-25,P001,South,49.16,0,920,40
2024-10-29,P001,South,49.65,0,298,39
2024-11-01,P001,South,50.3,0,763,47
2024-11-05,P001,South,48.52,0,649,41
2024-11-08,P001,South,50.62,0,788,51
2024-11-20,P001,South,48.53,0,210,50
2024-11-22,P001,South,44.86,1,790,77
2024-11-30,P001,South,48.71,0,569,45
2024-12-02,P001,South,50.15,0,698,48
2024-12-08,P001,South,52.82,0,511,55
2024-12-09,P001,South,52.78,0,870,33
2024-12-10,P001,South,51.53,0,595,57
2024-12-14,P001,South,51.56,0,552,38
2022-01-02,P002,West,52.88,0,768,43
2022-02-03,P002,West,50.31,0,847,66
2022-02-05,P002,West,50.52,0,676,50
2022-02-06,P002,West,51.74,0,746,51
2022-02-12,P002,West,49.45,0,631,65
2022-02-13,P002,West,49.72,0,171,51
2022-02-15,P002,West,53.14,0,484,64
2022-02-19,P002,West,49.81,0,465,51
2022-02-22,P002,West,51.64,0,893,56
2022-03-05,P002,West,50.66,0,427,65
2022-03-06,P002,West,51.04,0,870,52
2022-03-16,P002,West,54.3,0,779,67
2022-03-22,P002,West,52.98,0,683,91
2022-04-09,P002,West,51.27,0,620,49
2022-04-14,P002,West,51.68,0,247,76
2022-04-17,P002,West,52.06,0,634,55
2022-04-19,P002,West,54.55,0,502,68
2022-04-20,P002,West,49.5,0,938,73
2022-04-26,P002,West,53.81,0,315,55
2022-05-01,P002,West,50.63,0,728,54
2022-05-04,P002,West,54.4,0,867,65
2022-05-07,P002,West,50.74,0,882,46
2022-05-15,P002,West,49.8,0,218,63
2022-05-18,P002,West,54.39,0,824,68
2022-05-22,P002,West,52.3,0,91,56
2022-05-29,P002,West,54.27,0,824,48
2022-06-06,P002,West,53.74,0,102,58
2022-06-07,P002,West,51.43,0,476,56
2022-06-16,P002,West,54.39,0,386,81
2022-06-21,P002,West,51.35,0,459,72
2022-07-18,P002,West,51.85,0,980,49
2022-07-19,P002,West,53.35,0,916,62
2022-07-20,P002,West,50.29,0,96,48
2022-07-21,P002,West,52.42,0,877,58
2022-07-27,P002,West,53.05,0,149,64
2022-07-28,P002,West,54.44,0,850,50
2022-08-03,P002,West,50.83,0,197,37
2022-08-23,P002,West,53.81,0,504,47
2022-09-01,P002,West,49.8,0,566,41
2022-09-02,P002,West,53.61,0,135,41
2022-09-07,P002,West,50.41,0,678,59
2022-09-09,P002,West,53.42,0,314,37
2022-09-15,P002,West,52.57,0,521,45
2022-09-19,P002,West,52.49,0,829,45
2022-09-22,P002,West,49.98,0,824,51
2022-09-23,P002,West,51.24,0,813,34
2022-09-24,P002,West,51.32,0,995,39
2022-10-01,P002,West,51.21,0,513,35
2022-10-03,P002,West,54.34,0,91,49
2022-10-05,P002,West,54.55,0,319,57
2022-10-15,P002,West,50.15,0,156,28
2022-10-19,P002,West,53.56,0,66,34
2022-10-20,P002,West,51.2,0,317,43
2022-10-23,P002,West,53.93,0,202,35
2022-10-27,P002,West,51.19,0,121,26
2022-10-28,P002,West,53.71,0,456,42
2022-11-04,P002,West,51.17,0,749,46
2022-11-17,P002,West,49.7,0,465,43
2022-11-20,P002,West,54.0,0,295,45
2022-11-23,P002,West,54.14,0,685,41
2022-11-25,P002,West,51.06,0,176,45
2022-12-09,P002,West,53.05,0,320,46
2022-12-10,P002,West,52.19,0,815,31
2022-12-15,P002,West,51.52,0,231,49
2022-12-18,P002,West,53.3,0,806,45
2022-12-21,P002,West,50.31,0,814,55
2022-12-22,P002,West,53.87,0,566,62
2023-01-02,P002,West,54.36,0,212,38
2023-01-07,P002,West,50.12,0,826,45
2023-01-13,P002,West,53.9,0,551,53
2023-01-23,P002,West,51.34,0,903,67
2023-01-25,P002,West,52.76,0,866,58
2023-01-29,P002,West,52.22,0,691,38
2023-01-30,P002,West,49.51,0,452,69
2023-02-01,P002,West,50.57,0,819,64
2023-02-06,P002,West,54.01,0,787,64
2023-02-07,P002,West,54.24,0,658,67
2023-02-11,P002,West,51.84,0,143,54
2023-02-13,P002,West,52.8,0,381,75
2023-02-16,P002,West,54.55,0,313,65
2023-02-17,P002,West,51.55,0,495,45
2023-02-18,P002,West,50.22,0,58,46
2023-02-23,P002,West,53.17,0,200,55
2023-02-24,P002,West,52.3,0,236,46
2023-02-28,P002,West,54.28,0,989,91
2023-03-01,P002,West,50.24,0,477,82
2023-03-06,P002,West,49.49,0,416,51
2023-03-21,P002,West,52.77,0,65,64
2023-03-27,P002,West,49.52,0,137,58
2023-03-30,P002,West,52.92,0,857,57
2023-04-07,P002,West,51.03,0,748,54
2023-04-08,P002,West,50.79,0,615,70
2023-04-09,P002,West,50.56,0,165,52
2023-04-10,P002,West,51.76,0,220,66
2023-04-13,P002,West,54.07,0,195,63
2023-04-14,P002,West,52.91,0,767,59
2023-04-22,P002,West,50.12,0,170,57
2023-04-27,P002,West,50.85,0,66,61
2023-05-09,P002,West,52.94,0,377,40
2023-05-13,P002,West,53.53,0,463,62
2023-05-22,P002,West,52.25,0,876,47
2023-05-30,P002,West,51.98,0,495,73
2023-06-02,P002,West,53.3,0,701,43
2023-06-03,P002,West,51.16,0,624,47
2023-06-05,P002,West,53.29,0,901,61
2023-06-08,P002,West,52.88,0,54,31
2023-06-09,P002,West,49.67,0,661,56
2023-06-17,P002,West,49.73,0,807,43
2023-06-18,P002,West,50.32,0,532,47
2023-06-19,P002,West,49.61,0,814,58
2023-06-28,P002,West,51.66,0,840,54
2023-07-07,P002,West,50.65,0,80,51
2023-07-09,P002,West,50.83,0,939,48
2023-07-21,P002,West,50.53,0,697,52
2023-07-24,P002,West,51.97,0,247,48
2023-07-28,P002,West,54.44,0,426,41
2023-08-04,P002,West,54.45,0,840,49
2023-08-16,P002,West,53.38,0,599,44
2023-08-24,P002,West,49.92,0,456,48
2023-08-26,P002,West,50.61,0,699,52
2023-09-03,P002,West,53.61,0,129,36
2023-09-06,P002,West,52.96,0,983,59
2023-09-08,P002,West,53.66,0,211,41
2023-09-09,P002,West,51.22,0,810,29
2023-09-11,P002,West,52.84,0,440,41
2023-09-14,P002,West,50.58,0,68,47
2023-09-20,P002,West,52.48,0,508,48
2023-09-30,P002,West,54.32,0,900,32
2023-10-02,P002,West,50.34,0,383,32
2023-10-09,P002,West,50.3,0,107,40
2023-10-17,P002,West,52.21,0,507,38
2023-10-19,P002,West,49.93,0,85,45
2023-10-23,P002,West,49.45,0,335,40
2023-11-01,P002,West,50.6,0,835,50
2023-11-02,P002,West,50.31,0,457,40
2023-11-09,P002,West,51.7,0,487,40
2023-11-12,P002,West,53.19,0,757,37
2023-11-13,P002,West,53.45,0,747,39
2023-11-14,P002,West,50.9,0,255,44
2023-11-16,P002,West,51.97,0,268,50
2023-11-18,P002,West,52.27,0,468,34
2023-11-29,P002,West,53.13,0,691,60
2023-12-02,P002,West,50.74,0,125,41
2023-12-10,P002,West,53.2,0,574,52
2023-12-26,P002,West,54.23,0,83,64
2024-01-06,P002,West,52.23,0,757,46
2024-01-12,P002,West,49.54,0,290,69
2024-01-17,P002,West,54.33,0,559,59
2024-01-30,P002,West,50.01,0,422,62
2024-02-02,P002,West,52.87,0,163,50
2024-02-05,P002,West,52.8,0,995,50
2024-02-07,P002,West,49.72,0,955,61
2024-02-25,P002,West,52.03,0,970,66
2024-03-06,P002,West,54.17,0,403,78
2024-03-07,P002,West,54.49,0,949,68
2024-03-09,P002,West,51.33,0,172,67
2024-03-13,P002,West,48.23,1,852,84
2024-03-18,P002,West,54.25,0,604,77
2024-03-21,P002,West,54.34,0,580,39
2024-03-22,P002,West,51.63,0,304,65
2024-03-30,P002,West,53.32,0,328,54
2024-04-01,P002,West,51.4,0,324,59
2024-04-04,P002,West,54.08,0,258,66
2024-04-05,P002,West,53.1,0,639,52
2024-04-07,P002,West,54.34,0,455,55
2024-04-13,P002,West,52.01,0,741,44
2024-04-14,P002,West,52.91,0,535,66
2024-04-16,P002,West,45.54,1,306,114
2024-04-23,P002,West,51.42,0,107,87
2024-04-26,P002,West,49.66,0,609,51
2024-05-05,P002,West,44.65,1,899,102
2024-05-06,P002,West,53.93,0,677,55
2024-05-08,P002,West,54.28,0,896,65
2024-05-11,P002,West,51.97,0,937,57
2024-05-19,P002,West,54.04,0,50,44
2024-05-30,P002,West,50.8,0,539,58
2024-05-31,P002,West,51.72,0,811,61
2024-06-01,P002,West,51.27,0,581,45
2024-06-02,P002,West,52.91,0,426,45
2024-06-20,P002,West,53.82,0,300,56
2024-06-24,P002,West,48.1,1,301,67
2024-07-15,P002,West,49.82,0,967,57
2024-07-16,P002,West,52.7,0,529,58
2024-07-17,P002,West,51.16,0,465,50
2024-07-18,P002,West,51.09,0,383,51
2024-07-19,P002,West,50.11,0,510,44
2024-07-25,P002,West,48.93,1,777,102
2024-08-02,P002,West,54.47,0,996,50
2024-08-08,P002,West,53.07,0,467,46
2024-08-23,P002,West,51.36,0,528,39
2024-08-28,P002,West,54.46,0,883,53
2024-09-02,P002,West,44.57,1,874,66
2024-09-06,P002,West,53.83,0,363,35
2024-09-11,P002,West,52.99,0,368,53
2024-09-17,P002,West,54.13,0,76,44
2024-09-18,P002,West,50.16,0,100,43
2024-09-23,P002,West,51.53,0,719,39
2024-09-27,P002,West,53.82,0,86,39
2024-09-29,P002,West,53.23,0,554,36
2024-10-06,P002,West,51.32,0,481,41
2024-10-07,P002,West,53.02,0,578,41
2024-10-08,P002,West,53.3,0,545,46
2024-10-10,P002,West,48.11,1,648,70
2024-10-17,P002,West,52.11,0,131,39
2024-10-24,P002,West,51.61,0,302,50
2024-10-30,P002,West,53.5,0,987,42
2024-11-05,P002,West,45.4,1,883,67
2024-11-08,P002,West,51.08,0,202,42
2024-11-13,P002,West,48.11,1,169,78
2024-11-21,P002,West,49.54,0,51,52
2024-11-23,P002,West,49.57,0,967,39
2024-11-24,P002,West,51.77,0,367,45
2024-11-29,P002,West,49.84,0,799,37
2024-12-02,P002,West,52.55,0,604,44
2024-12-03,P002,West,50.23,0,187,51
2024-12-09,P002,West,50.56,0,128,59
