data/sales_data.csv
Date,Product,Region,Price,Promo,Inventory,Sales
2022-01-02,P004,West,54.76,0,620,58
2022-01-09,P004,West,48.29,1,582,86
2022-01-12,P004,West,55.61,0,791,62
2022-01-24,P004,West,51.98,0,628,57
2022-01-27,P004,West,55.49,0,631,62
2022-01-30,P004,West,55.48,0,745,61
2022-02-04,P004,West,53.65,0,704,59
2022-02-09,P004,West,54.04,0,571,92
2022-02-13,P004,West,54.75,0,352,48
2022-02-14,P004,West,53.44,0,886,65
2022-02-17,P004,West,54.18,0,417,58
2022-02-25,P004,West,54.49,0,738,49
2022-02-27,P004,West,56.44,0,576,70
2022-03-08,P004,West,55.52,0,402,38
2022-03-10,P004,West,55.24,0,768,78
2022-03-16,P004,West,55.75,0,456,72
2022-03-17,P004,West,55.87,0,910,63
2022-03-29,P004,West,51.36,0,945,68
2022-03-30,P004,West,52.12,0,630,75
2022-03-31,P004,West,56.11,0,653,70
2022-04-08,P004,West,52.81,0,234,69
2022-04-11,P004,West,51.36,0,585,67
2022-04-22,P004,West,53.39,0,535,61
2022-04-24,P004,West,54.86,0,203,69
2022-04-28,P004,West,55.26,0,586,63
2022-04-29,P004,West,56.39,0,873,68
2022-04-30,P004,West,55.08,0,731,48
2022-05-05,P004,West,52.73,0,889,81
2022-05-08,P004,West,52.25,0,90,45
2022-05-11,P004,West,52.66,0,681,72
2022-05-16,P004,West,54.34,0,85,57
2022-05-19,P004,West,52.77,0,479,67
2022-05-21,P004,West,55.92,0,849,47
2022-05-27,P004,West,52.7,0,872,54
2022-06-01,P004,West,56.3,0,339,63
2022-06-09,P004,West,56.6,0,218,60
2022-06-10,P004,West,54.06,0,369,73
2022-06-12,P004,West,51.45,0,196,70
2022-06-13,P004,West,51.97,0,622,59
2022-06-14,P004,West,55.15,0,355,58
2022-06-19,P004,West,53.47,0,682,42
2022-06-20,P004,West,56.54,0,580,61
2022-06-28,P004,West,53.23,0,271,65
2022-07-05,P004,West,55.65,0,53,64
2022-07-07,P004,West,56.36,0,812,59
2022-07-22,P004,West,52.13,0,107,39
2022-07-28,P004,West,53.21,0,122,49
2022-08-07,P004,West,51.53,0,99,38
2022-08-12,P004,West,52.89,0,514,39
2022-08-24,P004,West,53.06,0,857,55
2022-08-25,P004,West,54.41,0,982,46
2022-08-27,P004,West,54.05,0,652,34
2022-08-31,P004,West,54.29,0,720,55
2022-09-04,P004,West,56.31,0,331,31
2022-09-06,P004,West,54.02,0,63,50
2022-09-13,P004,West,51.43,0,323,52
2022-09-19,P004,West,55.17,0,631,37
2022-10-05,P004,West,52.23,0,561,38
2022-10-07,P004,West,56.3,0,290,36
2022-11-07,P004,West,54.51,0,283,50
2022-11-08,P004,West,53.33,0,613,56
2022-11-09,P004,West,53.21,0,292,43
2022-11-12,P004,West,52.12,0,241,46
2022-11-13,P004,West,53.5,0,565,36
2022-11-17,P004,West,56.05,0,553,54
2022-11-22,P004,West,56.19,0,258,62
2022-11-30,P004,West,49.03,1,173,85
2022-12-03,P004,West,55.77,0,95,43
2022-12-07,P004,West,56.48,0,593,58
2022-12-14,P004,West,52.1,0,651,61
2022-12-31,P004,West,51.37,0,233,45
2023-01-09,P004,West,51.98,0,564,67
2023-01-10,P004,West,54.06,0,460,66
2023-01-13,P004,West,52.34,0,568,60
2023-01-20,P004,West,56.44,0,652,55
2023-01-31,P004,West,53.11,0,995,80
2023-02-02,P004,West,54.85,0,576,55
2023-02-06,P004,West,52.51,0,316,51
2023-02-09,P004,West,52.35,0,53,70
2023-02-10,P004,West,52.13,0,844,64
2023-02-17,P004,West,52.96,0,313,44
2023-02-25,P004,West,52.75,0,513,53
2023-03-04,P004,West,55.89,0,341,51
2023-03-05,P004,West,51.86,0,276,68
2023-03-07,P004,West,55.45,0,238,73
2023-03-09,P004,West,55.56,0,522,63
2023-03-13,P004,West,54.33,0,485,68
2023-03-29,P004,West,55.68,0,364,70
2023-04-04,P004,West,54.28,0,378,81
2023-04-11,P004,West,51.62,0,683,59
2023-05-02,P004,West,55.05,0,723,49
2023-05-14,P004,West,53.13,0,307,53
2023-05-20,P004,West,54.34,0,474,61
2023-05-29,P004,West,56.3,0,311,46
2023-06-02,P004,West,53.85,0,287,67
2023-06-09,P004,West,56.69,0,229,59
2023-06-10,P004,West,51.34,0,73,57
2023-06-15,P004,West,53.74,0,294,58
2023-06-18,P004,West,51.6,0,728,54
2023-06-21,P004,West,51.69,0,639,54
2023-06-24,P004,West,52.45,0,388,58
2023-07-04,P004,West,53.68,0,963,58
2023-07-07,P004,West,55.47,0,716,43
2023-07-18,P004,West,56.2,0,101,62
2023-07-21,P004,West,54.54,0,807,54
2023-07-22,P004,West,55.56,0,601,39
2023-07-24,P004,West,52.02,0,908,51
2023-07-25,P004,West,54.83,0,929,40
2023-07-28,P004,West,56.21,0,711,46
2023-07-30,P004,West,53.58,0,538,44
2023-08-06,P004,West,56.09,0,172,39
2023-08-23,P004,West,53.41,0,638,51
2023-08-24,P004,West,51.66,0,304,48
2023-09-04,P004,West,53.12,0,465,36
2023-09-05,P004,West,54.7,0,110,51
2023-09-12,P004,West,56.12,0,136,57
2023-09-13,P004,West,52.05,0,433,48
2023-09-19,P004,West,53.82,0,969,46
2023-09-21,P004,West,52.62,0,686,51
2023-09-24,P004,West,53.38,0,703,37
2023-09-30,P004,West,54.83,0,875,42
2023-10-07,P004,West,55.62,0,868,41
2023-10-24,P004,West,54.26,0,127,52
2023-10-25,P004,West,54.32,0,689,35
2023-10-31,P004,West,56.69,0,165,46
2023-11-14,P004,West,53.84,0,575,56
2023-11-15,P004,West,53.72,0,837,42
2023-11-16,P004,West,56.39,0,80,52
2023-11-25,P004,West,52.61,0,179,40
2023-11-28,P004,West,54.49,0,938,56
2023-12-01,P004,West,55.23,0,642,44
2023-12-08,P004,West,53.79,0,629,60
2023-12-11,P004,West,54.64,0,849,50
2023-12-13,P004,West,54.47,0,938,55
2023-12-16,P004,West,56.5,0,959,42
2023-12-19,P004,West,52.69,0,885,53
2023-12-20,P004,West,53.39,0,779,70
2023-12-21,P004,West,52.66,0,309,67
2023-12-24,P004,West,55.87,0,989,49
2023-12-25,P004,West,54.15,0,392,60
2023-12-27,P004,West,47.87,1,784,73
2023-12-30,P004,West,52.96,0,599,43
2024-01-01,P004,West,52.41,0,303,59
2024-01-03,P004,West,52.83,0,216,64
2024-01-10,P004,West,53.2,0,148,63
2024-01-12,P004,West,54.96,0,989,47
2024-01-15,P004,West,55.44,0,647,60
2024-01-23,P004,West,53.21,0,517,59
2024-01-27,P004,West,52.49,0,74,54
2024-01-29,P004,West,56.05,0,162,66
2024-02-04,P004,West,55.06,0,414,64
2024-02-12,P004,West,52.37,0,706,77
2024-02-14,P004,West,55.7,0,549,51
2024-02-20,P004,West,51.34,0,559,64
2024-02-27,P004,West,52.31,0,542,69
2024-02-28,P004,West,52.22,0,771,67
2024-03-05,P004,West,55.54,0,525,82
2024-03-08,P004,West,52.27,0,564,66
2024-03-12,P004,West,54.04,0,715,49
2024-04-03,P004,West,53.09,0,619,65
2024-04-20,P004,West,54.82,0,935,64
2024-04-22,P004,West,53.54,0,744,46
2024-04-23,P004,West,54.01,0,142,54
2024-04-26,P004,West,55.33,0,396,44
2024-05-04,P004,West,54.15,0,204,61
2024-05-08,P004,West,47.46,1,834,113
2024-05-09,P004,West,47.0,1,760,108
2024-05-11,P004,West,54.81,0,969,45
2024-05-14,P004,West,54.07,0,384,67
2024-05-22,P004,West,54.94,0,699,61
2024-05-23,P004,West,47.87,1,993,97
2024-05-26,P004,West,54.95,0,232,56
2024-05-30,P004,West,54.41,0,670,76
2024-06-01,P004,West,52.68,0,417,52
2024-06-06,P004,West,53.12,0,735,56
2024-06-11,P004,West,53.01,0,275,66
2024-06-14,P004,West,52.97,0,935,61
2024-06-15,P004,West,54.67,0,996,41
2024-06-17,P004,West,56.44,0,813,53
2024-06-26,P004,West,54.17,0,516,55
2024-07-09,P004,West,54.29,0,56,48
2024-07-10,P004,West,52.76,0,328,57
2024-07-16,P004,West,56.33,0,235,76
2024-07-18,P004,West,50.34,1,604,77
2024-07-19,P004,West,53.7,0,997,34
2024-07-23,P004,West,52.47,0,184,63
2024-07-29,P004,West,52.39,0,724,52
2024-07-30,P004,West,55.19,0,906,34
2024-08-20,P004,West,54.02,0,802,51
2024-08-22,P004,West,54.21,0,570,51
2024-08-29,P004,West,54.37,0,246,54
2024-09-04,P004,West,52.9,0,208,40
2024-09-08,P004,West,55.0,0,723,28
2024-09-09,P004,West,53.92,0,519,30
2024-09-10,P004,West,53.09,0,473,53
2024-09-17,P004,West,54.09,0,833,53
2024-09-19,P004,West,53.94,0,434,38
2024-09-21,P004,West,48.19,1,210,72
2024-09-24,P004,West,56.53,0,129,36
2024-09-27,P004,West,54.25,0,363,46
2024-10-01,P004,West,54.46,0,816,36
2024-10-04,P004,West,53.53,0,788,35
2024-10-10,P004,West,53.46,0,355,41
2024-10-14,P004,West,54.29,0,247,50
2024-10-19,P004,West,51.83,0,464,35
2024-10-21,P004,West,54.85,0,791,45
2024-10-24,P004,West,53.89,0,708,50
2024-10-28,P004,West,54.55,0,224,48
2024-10-29,P004,West,55.44,0,698,51
2024-10-30,P004,West,52.14,0,715,50
2024-10-31,P004,West,53.58,0,405,50
2024-11-04,P004,West,53.18,0,778,48
2024-11-11,P004,West,54.28,0,92,41
2024-11-13,P004,West,51.31,0,450,54
2024-11-14,P004,West,54.99,0,423,44
2024-11-18,P004,West,55.29,0,873,49
2024-11-21,P004,West,52.93,0,365,36
2024-11-22,P004,West,51.92,0,491,40
2024-11-27,P004,West,55.11,0,368,54
2024-12-04,P004,West,53.88,0,740,48
2024-12-07,P004,West,53.49,0,924,46
2024-12-17,P004,West,52.54,0,764,53
2022-01-02,P005,South,56.89,0,844,64
2022-01-10,P005,South,53.49,0,253,58
2022-01-12,P005,South,57.31,0,687,42
2022-01-13,P005,South,52.84,0,76,70
2022-01-15,P005,South,56.31,0,333,48
2022-01-24,P005,South,56.46,0,262,45
2022-01-29,P005,South,54.83,0,696,52
2022-02-01,P005,South,57.23,0,200,67
2022-02-03,P005,South,53.99,0,367,35
2022-02-07,P005,South,54.91,0,258,58
2022-02-11,P005,South,54.52,0,784,46
2022-02-16,P005,South,56.14,0,875,65
2022-02-23,P005,South,54.2,0,712,59
2022-02-24,P005,South,56.32,0,578,69
2022-02-25,P005,South,53.56,0,169,67
2022-03-01,P005,South,56.72,0,945,91
2022-03-03,P005,South,52.72,0,494,77
2022-03-05,P005,South,55.75,0,760,73
2022-03-06,P005,South,54.72,0,371,50
2022-03-14,P005,South,49.38,1,325,100
2022-03-19,P005,South,55.49,0,223,69
2022-03-24,P005,South,53.21,0,884,75
2022-03-27,P005,South,55.65,0,536,77
2022-03-28,P005,South,50.57,1,88,103
2022-04-01,P005,South,54.19,0,938,53
2022-04-05,P005,South,55.96,0,418,71
2022-04-09,P005,South,53.82,0,382,54
2022-04-11,P005,South,54.83,0,58,61
2022-04-13,P005,South,52.54,0,732,73
2022-04-14,P005,South,55.24,0,381,67
2022-04-21,P005,South,56.13,0,586,77
2022-04-22,P005,South,53.49,0,468,62
2022-04-24,P005,South,53.23,0,779,67
2022-04-26,P005,South,53.53,0,347,70
2022-05-01,P005,South,54.48,0,662,72
2022-05-04,P005,South,55.86,0,348,75
2022-05-06,P005,South,53.64,0,84,65
2022-05-07,P005,South,52.83,0,502,56
2022-05-12,P005,South,55.57,0,858,72
2022-05-13,P005,South,52.75,0,541,57
2022-05-14,P005,South,54.09,0,602,64
2022-05-15,P005,South,54.56,0,805,53
2022-05-18,P005,South,54.35,0,617,49
2022-06-07,P005,South,52.8,0,475,74
2022-06-12,P005,South,54.57,0,965,51
2022-06-15,P005,South,51.65,1,543,94
2022-06-22,P005,South,52.54,0,864,61
2022-06-30,P005,South,52.58,0,433,51
2022-07-04,P005,South,57.21,0,468,37
2022-07-14,P005,South,55.08,0,743,64
2022-07-18,P005,South,56.33,0,420,51
2022-07-20,P005,South,53.4,0,168,64
2022-07-21,P005,South,54.95,0,796,56
2022-07-24,P005,South,53.54,0,52,50
2022-07-25,P005,South,56.09,0,356,38
2022-07-28,P005,South,54.78,0,534,65
2022-07-30,P005,South,54.56,0,536,33
2022-08-03,P005,South,54.97,0,420,58
2022-08-09,P005,South,54.46,0,658,50
2022-08-15,P005,South,56.33,0,609,49
2022-08-16,P005,South,56.44,0,360,53
2022-08-25,P005,South,56.64,0,420,48
2022-08-26,P005,South,56.84,0,74,36
2022-08-28,P005,South,57.46,0,486,41
2022-09-05,P005,South,54.33,0,444,43
2022-09-08,P005,South,55.36,0,473,47
2022-09-13,P005,South,54.54,0,507,43
2022-09-14,P005,South,57.72,0,680,34
2022-09-23,P005,South,56.47,0,69,43
2022-09-30,P005,South,56.74,0,641,25
2022-10-08,P005,South,53.95,0,763,37
2022-10-11,P005,South,55.69,0,463,44
2022-10-12,P005,South,55.39,0,677,64
2022-10-13,P005,South,52.88,0,212,52
2022-10-17,P005,South,54.93,0,675,52
2022-10-21,P005,South,56.27,0,656,44
2022-10-25,P005,South,52.27,0,414,52
2022-10-28,P005,South,53.66,0,250,40
2022-11-01,P005,South,56.01,0,856,47
2022-11-03,P005,South,55.96,0,78,54
2022-11-09,P005,South,49.92,1,830,80
2022-11-11,P005,South,57.64,0,423,49
2022-11-12,P005,South,54.04,0,225,43
2022-11-16,P005,South,52.37,0,544,49
2022-11-22,P005,South,56.46,0,345,48
2022-12-01,P005,South,54.78,0,727,41
2022-12-04,P005,South,56.72,0,664,41
2022-12-06,P005,South,55.8,0,732,53
2022-12-11,P005,South,53.56,0,933,42
2022-12-16,P005,South,57.2,0,218,48
2022-12-26,P005,South,55.29,0,403,58
2022-12-29,P005,South,56.22,0,949,49
2023-01-04,P005,South,54.86,0,82,67
2023-01-06,P005,South,55.88,0,695,57
2023-01-11,P005,South,55.7,0,321,50
2023-01-12,P005,South,53.62,0,776,57
2023-01-15,P005,South,53.71,0,576,55
2023-01-21,P005,South,55.32,0,582,61
2023-01-29,P005,South,56.02,0,398,60
2023-02-02,P005,South,56.4,0,216,69
2023-02-03,P005,South,50.87,1,183,73
2023-02-06,P005,South,52.44,0,756,61
2023-02-11,P005,South,52.79,0,553,62
2023-02-12,P005,South,55.91,0,751,53
2023-02-13,P005,South,56.21,0,722,60
2023-02-26,P005,South,52.84,0,720,42
2023-03-07,P005,South,52.29,0,291,73
2023-03-10,P005,South,56.26,0,544,68
2023-03-15,P005,South,53.25,0,78,80
2023-03-23,P005,South,52.3,0,117,75
2023-03-25,P005,South,56.68,0,730,67
2023-03-26,P005,South,56.59,0,417,56
2023-04-02,P005,South,52.92,0,649,88
2023-04-03,P005,South,56.95,0,565,67
2023-04-06,P005,South,54.62,0,566,76
2023-04-08,P005,South,57.19,0,814,40
2023-04-11,P005,South,53.81,0,865,66
2023-04-16,P005,South,56.85,0,712,74
2023-04-19,P005,South,54.1,0,956,65
2023-04-23,P005,South,53.91,0,705,58
2023-04-26,P005,South,52.35,0,142,77
2023-05-01,P005,South,56.83,0,812,71
2023-05-02,P005,South,55.51,0,130,68
2023-05-23,P005,South,55.87,0,950,68
2023-06-03,P005,South,57.08,0,774,54
2023-06-15,P005,South,53.04,0,863,54
2023-06-24,P005,South,55.85,0,331,45
2023-07-02,P005,South,56.33,0,58,55
2023-07-03,P005,South,54.63,0,504,42
2023-07-10,P005,South,53.67,0,153,57
2023-07-14,P005,South,55.91,0,507,51
2023-07-20,P005,South,53.47,0,757,60
2023-07-21,P005,South,57.09,0,118,39
2023-07-23,P005,South,53.95,0,64,54
2023-07-25,P005,South,54.33,0,739,60
2023-08-12,P005,South,54.48,0,856,38
2023-08-17,P005,South,57.57,0,407,35
2023-08-20,P005,South,56.51,0,497,47
2023-08-22,P005,South,54.03,0,111,53
2023-08-23,P005,South,51.41,1,737,87
2023-08-27,P005,South,54.75,0,848,50
2023-08-29,P005,South,55.49,0,285,49
2023-08-31,P005,South,56.1,0,307,51
2023-09-06,P005,South,54.81,0,848,49
2023-09-07,P005,South,55.95,0,935,55
2023-09-19,P005,South,52.84,0,104,54
2023-09-20,P005,South,57.67,0,541,48
2023-09-21,P005,South,55.87,0,447,36
2023-09-24,P005,South,53.11,0,473,40
2023-09-26,P005,South,53.88,0,598,48
2023-09-27,P005,South,47.1,1,93,54
2023-10-08,P005,South,55.55,0,319,37
2023-10-12,P005,South,54.24,0,432,43
2023-10-14,P005,South,52.71,0,341,47
2023-10-27,P005,South,56.02,0,492,38
2023-10-31,P005,South,52.88,0,639,61
2023-11-07,P005,South,53.2,0,147,56
2023-11-11,P005,South,55.73,0,600,47
2023-11-22,P005,South,55.35,0,319,49
2023-11-29,P005,South,55.4,0,207,47
2023-12-03,P005,South,53.69,0,649,43
2023-12-05,P005,South,54.51,0,328,56
2023-12-21,P005,South,48.47,1,139,97
2023-12-29,P005,South,54.2,0,885,55
2023-12-30,P005,South,55.57,0,654,45
2024-01-04,P005,South,52.84,0,396,51
2024-01-11,P005,South,56.98,0,740,46
2024-01-15,P005,South,55.96,0,373,57
2024-01-19,P005,South,55.82,0,258,58
2024-01-22,P005,South,55.73,0,308,49
2024-01-28,P005,South,55.58,0,256,66
2024-02-04,P005,South,52.82,0,126,55
2024-02-07,P005,South,55.09,0,925,46
2024-02-12,P005,South,54.43,0,96,61
2024-02-13,P005,South,55.86,0,819,56
2024-02-14,P005,South,53.92,0,897,85
2024-02-16,P005,South,53.32,0,883,66
2024-02-17,P005,South,53.45,0,934,42
2024-02-18,P005,South,56.3,0,408,61
2024-02-20,P005,South,54.75,0,659,76
2024-02-21,P005,South,52.74,0,965,87
2024-02-24,P005,South,55.15,0,479,60
2024-02-27,P005,South,56.71,0,604,40
2024-03-02,P005,South,53.48,0,579,57
2024-03-08,P005,South,56.43,0,822,50
2024-03-12,P005,South,57.48,0,384,63
2024-03-15,P005,South,56.13,0,554,32
2024-03-19,P005,South,55.38,0,259,56
2024-03-20,P005,South,56.85,0,264,63
2024-03-24,P005,South,54.62,0,245,57
2024-03-27,P005,South,53.06,0,127,69
2024-03-29,P005,South,53.57,0,285,55
2024-03-31,P005,South,56.97,0,859,39
2024-04-01,P005,South,53.0,0,764,73
2024-04-02,P005,South,53.63,0,401,48
2024-04-11,P005,South,56.17,0,75,67
2024-04-23,P005,South,54.25,0,934,75
2024-04-25,P005,South,57.03,0,231,62
2024-04-29,P005,South,52.47,0,847,68
2024-05-04,P005,South,55.02,0,824,51
2024-05-10,P005,South,54.83,0,512,60
2024-05-15,P005,South,57.68,0,905,57
2024-05-16,P005,South,52.29,0,495,68
2024-05-17,P005,South,54.28,0,533,61
2024-05-19,P005,South,57.16,0,715,61
2024-05-24,P005,South,57.51,0,239,54
2024-05-25,P005,South,57.63,0,728,50
2024-05-29,P005,South,48.24,1,260,95
2024-06-03,P005,South,55.73,0,328,72
2024-06-05,P005,South,56.29,0,717,52
2024-06-07,P005,South,56.49,0,893,59
2024-06-10,P005,South,55.65,0,199,55
2024-06-24,P005,South,54.87,0,568,39
2024-07-06,P005,South,56.68,0,880,41
2024-07-17,P005,South,57.39,0,531,50
2024-07-18,P005,South,53.28,0,802,48
2024-07-22,P005,South,56.6,0,777,42
2024-07-23,P005,South,52.65,0,590,65
2024-07-24,P005,South,49.83,1,958,60
2024-07-25,P005,South,51.45,1,731,96
2024-08-04,P005,South,56.55,0,492,49
2024-08-05,P005,South,54.86,0,184,51
2024-08-08,P005,South,54.53,0,775,50
2024-08-09,P005,South,56.59,0,651,31
2024-08-10,P005,South,56.62,0,652,41
2024-08-16,P005,South,56.27,0,802,45
2024-08-17,P005,South,57.3,0,217,28
2024-08-18,P005,South,54.06,0,911,32
2024-08-31,P005,South,53.05,0,973,40
2024-09-01,P005,South,53.66,0,156,29
2024-09-03,P005,South,53.97,0,306,44
2024-09-16,P005,South,54.26,0,416,37
2024-09-20,P005,South,54.63,0,658,44
2024-09-24,P005,South,54.25,0,805,52
2024-09-29,P005,South,52.55,0,674,42
2024-10-02,P005,South,55.66,0,103,47
2024-10-05,P005,South,53.24,0,636,43
2024-10-10,P005,South,52.52,0,642,45
2024-10-11,P005,South,52.58,0,680,50
2024-10-12,P005,South,52.36,0,705,52
2024-10-15,P005,South,54.63,0,479,38
2024-10-17,P005,South,57.1,0,172,51
2024-10-18,P005,South,54.54,0,689,39
2024-10-21,P005,South,55.91,0,568,45
2024-10-24,P005,South,52.58,0,215,50
2024-11-02,P005,South,54.97,0,95,39
2024-11-04,P005,South,53.23,0,645,54
2024-11-06,P005,South,56.27,0,943,55
2024-11-08,P005,South,54.74,0,247,44
2024-11-09,P005,South,53.64,0,208,41
2024-11-11,P005,South,57.37,0,404,36
2024-11-15,P005,South,54.04,0,692,44
2024-11-22,P005,South,55.79,0,555,46
2024-12-05,P005,South,54.98,0,960,51
2024-12-08,P005,South,53.32,0,923,43
2024-12-13,P005,South,56.5,0,790,39
2024-12-18,P005,South,56.47,0,486,64
