data/sales_data.csv
Date,Product,Region,Price,Promo,Inventory,Sales
2022-01-02,P007,Central,55.94,0,721,36
2022-01-11,P007,Central,55.01,0,442,58
2022-01-13,P007,Central,57.73,0,154,59
2022-01-20,P007,Central,49.09,1,696,90
2022-01-24,P007,Central,53.14,1,198,109
2022-01-27,P007,Central,55.71,0,823,55
2022-01-30,P007,Central,56.05,0,646,47
2022-01-31,P007,Central,55.09,0,498,71
2022-02-22,P007,Central,55.18,0,836,46
2022-03-15,P007,Central,55.08,0,965,72
2022-03-19,P007,Central,57.54,0,99,54
2022-03-20,P007,Central,55.0,0,142,63
2022-03-27,P007,Central,55.54,0,90,59
2022-04-02,P007,Central,55.19,0,725,56
2022-04-03,P007,Central,54.91,0,538,65
2022-04-07,P007,Central,55.42,0,640,80
2022-04-13,P007,Central,58.65,0,59,89
2022-04-14,P007,Central,55.84,0,319,59
2022-04-17,P007,Central,54.69,0,707,57
2022-05-02,P007,Central,55.14,0,192,70
2022-05-15,P007,Central,56.5,0,401,51
2022-05-19,P007,Central,55.95,0,915,64
2022-05-23,P007,Central,58.48,0,726,64
2022-05-26,P007,Central,59.32,0,629,65
2022-05-27,P007,Central,54.51,0,466,71
2022-06-03,P007,Central,57.94,0,902,55
2022-06-09,P007,Central,56.54,0,957,58
2022-06-11,P007,Central,59.12,0,648,46
2022-06-12,P007,Central,59.11,0,477,48
2022-06-14,P007,Central,57.05,0,566,61
2022-06-15,P007,Central,55.75,0,215,65
2022-06-18,P007,Central,59.48,0,910,53
2022-06-21,P007,Central,55.27,0,230,75
2022-06-30,P007,Central,56.68,0,948,56
2022-07-01,P007,Central,57.77,0,328,60
2022-07-10,P007,Central,58.78,0,70,39
2022-07-11,P007,Central,59.83,0,670,49
2022-07-18,P007,Central,59.21,0,183,46
2022-07-20,P007,Central,54.91,0,969,52
2022-07-21,P007,Central,54.97,0,486,56
2022-07-28,P007,Central,56.22,0,343,41
2022-08-02,P007,Central,55.99,0,145,62
2022-08-14,P007,Central,58.37,0,557,54
2022-08-17,P007,Central,55.59,0,498,51
2022-08-19,P007,Central,54.89,0,790,48
2022-08-22,P007,Central,59.62,0,528,47
2022-09-02,P007,Central,59.12,0,324,40
2022-09-12,P007,Central,59.33,0,564,40
2022-09-15,P007,Central,57.75,0,624,50
2022-09-22,P007,Central,58.05,0,999,40
2022-10-01,P007,Central,59.55,0,593,42
2022-10-07,P007,Central,57.2,0,157,46
2022-10-11,P007,Central,56.99,0,855,51
2022-10-16,P007,Central,56.79,0,933,42
2022-10-28,P007,Central,57.98,0,838,41
2022-10-29,P007,Central,54.21,0,330,47
2022-11-06,P007,Central,49.08,1,136,61
2022-11-20,P007,Central,56.38,0,591,55
2022-11-26,P007,Central,54.93,0,654,37
2022-11-29,P007,Central,56.18,0,439,49
2022-11-30,P007,Central,57.74,0,829,56
2022-12-05,P007,Central,59.58,0,926,56
2022-12-09,P007,Central,55.47,0,592,36
2022-12-12,P007,Central,57.4,0,861,58
2022-12-14,P007,Central,56.38,0,956,34
2022-12-17,P007,Central,54.73,0,248,47
2022-12-20,P007,Central,59.82,0,89,61
2022-12-22,P007,Central,58.0,0,574,59
2022-12-31,P007,Central,57.71,0,193,64
2023-01-04,P007,Central,49.08,1,169,113
2023-01-11,P007,Central,57.68,0,500,60
2023-01-18,P007,Central,57.53,0,216,59
2023-01-28,P007,Central,57.82,0,985,57
2023-01-29,P007,Central,54.22,0,69,50
2023-02-05,P007,Central,55.67,0,204,67
2023-02-12,P007,Central,56.07,0,430,48
2023-02-22,P007,Central,57.57,0,932,75
2023-02-25,P007,Central,58.76,0,187,68
2023-02-28,P007,Central,49.86,1,492,104
2023-03-03,P007,Central,57.37,0,216,60
2023-03-05,P007,Central,57.68,0,804,44
2023-03-17,P007,Central,57.28,0,503,59
2023-03-19,P007,Central,58.11,0,223,83
2023-03-31,P007,Central,58.6,0,157,77
2023-04-04,P007,Central,54.71,0,420,73
2023-04-05,P007,Central,58.17,0,737,76
2023-04-11,P007,Central,55.77,0,852,75
2023-04-12,P007,Central,55.68,0,145,52
2023-04-16,P007,Central,56.26,0,255,57
2023-04-26,P007,Central,57.4,0,464,85
2023-05-03,P007,Central,58.05,0,335,61
2023-05-06,P007,Central,59.05,0,650,64
2023-05-13,P007,Central,55.62,0,985,56
2023-05-14,P007,Central,55.88,0,559,55
2023-05-15,P007,Central,54.17,0,685,71
2023-06-19,P007,Central,54.74,0,724,44
2023-06-23,P007,Central,59.09,0,979,50
2023-06-26,P007,Central,55.42,0,374,65
2023-07-07,P007,Central,59.09,0,82,45
2023-07-11,P007,Central,56.43,0,425,72
2023-07-23,P007,Central,55.69,0,735,50
2023-07-25,P007,Central,55.46,0,293,56
2023-07-27,P007,Central,59.57,0,783,62
2023-08-10,P007,Central,57.06,0,579,42
2023-08-16,P007,Central,54.86,0,102,51
2023-08-17,P007,Central,56.93,0,1000,39
2023-08-25,P007,Central,59.46,0,397,50
2023-08-26,P007,Central,56.74,0,700,40
2023-09-01,P007,Central,55.72,0,895,57
2023-09-13,P007,Central,57.29,0,263,42
2023-09-17,P007,Central,55.36,0,72,43
2023-09-23,P007,Central,58.51,0,753,54
2023-09-27,P007,Central,57.73,0,702,41
2023-10-03,P007,Central,54.75,0,978,59
2023-10-05,P007,Central,56.87,0,366,52
2023-10-18,P007,Central,55.83,0,668,51
2023-10-25,P007,Central,57.0,0,843,51
2023-11-10,P007,Central,55.26,0,554,41
2023-11-16,P007,Central,57.23,0,292,57
2023-11-21,P007,Central,58.8,0,916,64
2023-11-30,P007,Central,59.61,0,218,39
2023-12-02,P007,Central,55.34,0,844,43
2023-12-18,P007,Central,55.21,0,240,54
2023-12-22,P007,Central,55.67,0,520,62
2023-12-24,P007,Central,56.33,0,940,49
2023-12-26,P007,Central,57.17,0,514,53
2023-12-29,P007,Central,57.93,0,866,52
2023-12-30,P007,Central,58.12,0,963,50
2024-01-02,P007,Central,59.24,0,687,57
2024-01-06,P007,Central,59.24,0,150,55
2024-01-13,P007,Central,56.56,0,931,62
2024-01-14,P007,Central,54.63,0,804,58
2024-01-25,P007,Central,55.26,0,619,62
2024-01-29,P007,Central,50.99,1,349,112
2024-02-03,P007,Central,58.06,0,85,71
2024-02-04,P007,Central,54.57,0,513,75
2024-02-05,P007,Central,56.61,0,930,60
2024-02-10,P007,Central,55.39,0,64,60
2024-02-13,P007,Central,55.88,0,491,80
2024-02-15,P007,Central,55.45,0,721,68
2024-02-16,P007,Central,54.6,0,546,69
2024-02-20,P007,Central,54.89,0,419,84
2024-02-25,P007,Central,59.18,0,433,62
2024-03-06,P007,Central,55.86,0,667,71
2024-03-09,P007,Central,58.36,0,369,46
2024-03-11,P007,Central,55.01,0,298,74
2024-03-12,P007,Central,49.62,1,729,70
2024-03-13,P007,Central,55.51,0,564,94
2024-03-21,P007,Central,54.58,0,520,55
2024-03-24,P007,Central,56.2,0,152,47
2024-04-03,P007,Central,55.1,0,552,75
2024-04-13,P007,Central,56.35,0,146,69
2024-04-17,P007,Central,58.44,0,107,85
2024-04-19,P007,Central,58.49,0,628,61
2024-04-26,P007,Central,59.66,0,309,60
2024-04-28,P007,Central,59.62,0,320,76
2024-04-30,P007,Central,58.15,0,537,84
2024-05-05,P007,Central,59.4,0,280,63
2024-05-22,P007,Central,56.61,0,667,65
2024-05-23,P007,Central,59.23,0,344,87
2024-05-27,P007,Central,58.63,0,873,63
2024-05-28,P007,Central,56.89,0,616,70
2024-05-29,P007,Central,56.81,0,842,80
2024-06-04,P007,Central,56.56,0,917,56
2024-06-09,P007,Central,55.39,0,999,54
2024-06-17,P007,Central,58.07,0,96,52
2024-06-25,P007,Central,59.32,0,548,55
2024-07-02,P007,Central,58.94,0,218,61
2024-07-03,P007,Central,56.49,0,692,72
2024-07-06,P007,Central,59.75,0,986,37
2024-07-19,P007,Central,56.84,0,587,64
2024-08-05,P007,Central,56.12,0,262,47
2024-08-08,P007,Central,55.41,0,543,40
2024-08-13,P007,Central,57.46,0,759,44
2024-08-16,P007,Central,58.66,0,172,47
2024-08-22,P007,Central,55.18,0,939,52
2024-08-31,P007,Central,55.8,0,71,38
2024-09-02,P007,Central,55.16,0,989,49
2024-09-06,P007,Central,56.75,0,202,52
2024-09-11,P007,Central,57.36,0,217,54
2024-09-12,P007,Central,57.03,0,133,38
2024-09-15,P007,Central,56.36,0,698,44
2024-09-16,P007,Central,55.35,0,627,46
2024-09-20,P007,Central,54.62,0,562,49
2024-09-25,P007,Central,54.33,0,632,48
2024-10-01,P007,Central,54.39,0,458,52
2024-10-04,P007,Central,55.39,0,246,40
2024-10-06,P007,Central,57.13,0,313,39
2024-10-11,P007,Central,58.15,0,961,36
2024-10-13,P007,Central,58.47,0,278,43
2024-10-16,P007,Central,59.38,0,157,50
2024-10-17,P007,Central,54.62,0,749,36
2024-11-04,P007,Central,56.13,0,609,47
2024-11-06,P007,Central,59.81,0,898,47
2024-11-11,P007,Central,57.08,0,137,44
2024-11-12,P007,Central,54.15,0,753,42
2024-11-14,P007,Central,56.05,0,712,49
2024-11-21,P007,Central,56.81,0,243,50
2024-11-26,P007,Central,57.77,0,154,48
2024-12-12,P007,Central,56.25,0,677,52
2024-12-17,P007,Central,59.54,0,369,65
2024-12-19,P007,Central,54.79,0,288,60
2022-01-03,P002,East,51.4,0,660,42
2022-01-10,P002,East,52.91,0,573,48
2022-01-11,P002,East,53.14,0,566,57
2022-01-12,P002,East,53.22,0,869,71
2022-01-19,P002,East,50.67,0,614,51
2022-01-23,P002,East,54.29,0,160,45
2022-01-24,P002,East,54.43,0,918,55
2022-01-27,P002,East,53.25,0,81,50
2022-01-28,P002,East,50.6,0,622,49
2022-02-08,P002,East,48.88,1,567,100
2022-02-09,P002,East,50.17,0,964,68
2022-02-11,P002,East,53.71,0,327,50
2022-02-16,P002,East,49.64,0,402,50
2022-02-20,P002,East,50.96,0,627,42
2022-02-26,P002,East,52.34,0,864,62
2022-03-04,P002,East,51.27,0,561,56
2022-03-11,P002,East,51.89,0,934,53
2022-03-14,P002,East,52.8,0,635,47
2022-03-24,P002,East,52.46,0,566,53
2022-03-31,P002,East,50.51,0,87,67
2022-04-10,P002,East,53.84,0,178,45
2022-04-11,P002,East,52.73,0,367,43
2022-04-23,P002,East,53.96,0,948,45
2022-04-27,P002,East,53.55,0,711,85
2022-04-30,P002,East,52.75,0,834,50
2022-05-05,P002,East,51.55,0,442,61
2022-05-13,P002,East,53.55,0,891,56
2022-05-23,P002,East,52.87,0,464,50
2022-06-01,P002,East,51.05,0,593,62
2022-06-05,P002,East,49.43,0,169,63
2022-06-20,P002,East,52.79,0,416,56
2022-06-23,P002,East,51.61,0,436,71
2022-06-26,P002,East,49.98,0,599,63
2022-07-04,P002,East,51.35,0,770,49
2022-07-05,P002,East,52.95,0,401,56
2022-07-07,P002,East,53.48,0,926,56
2022-07-10,P002,East,50.02,0,134,53
2022-07-12,P002,East,54.31,0,742,65
2022-07-16,P002,East,51.24,0,494,64
2022-07-24,P002,East,51.98,0,596,39
2022-08-02,P002,East,52.75,0,898,50
2022-08-07,P002,East,49.86,0,791,45
2022-08-14,P002,East,52.88,0,523,51
2022-08-15,P002,East,50.36,0,290,45
2022-08-19,P002,East,51.14,0,833,41
2022-08-20,P002,East,50.0,0,170,42
2022-08-24,P002,East,49.8,0,258,50
2022-09-03,P002,East,49.99,0,956,35
2022-09-11,P002,East,53.72,0,773,41
2022-09-13,P002,East,50.03,0,551,40
2022-09-16,P002,East,53.82,0,149,45
2022-09-18,P002,East,51.57,0,316,24
2022-09-20,P002,East,49.47,0,116,39
2022-09-25,P002,East,53.55,0,901,42
2022-09-27,P002,East,53.41,0,654,49
2022-09-29,P002,East,52.19,0,187,41
2022-09-30,P002,East,53.53,0,236,42
2022-10-12,P002,East,52.12,0,232,36
2022-10-31,P002,East,53.06,0,860,34
2022-11-06,P002,East,45.96,1,454,52
2022-11-08,P002,East,51.44,0,784,59
2022-11-10,P002,East,54.02,0,921,51
2022-11-11,P002,East,50.73,0,284,44
2022-11-13,P002,East,51.83,0,712,33
2022-11-21,P002,East,52.57,0,286,39
2022-11-22,P002,East,52.76,0,541,48
2022-12-12,P002,East,52.38,0,434,38
2022-12-24,P002,East,54.37,0,934,34
2022-12-28,P002,East,53.6,0,346,59
2023-01-03,P002,East,52.08,0,607,76
2023-01-06,P002,East,54.37,0,192,48
2023-01-08,P002,East,49.66,0,94,36
2023-01-12,P002,East,49.63,0,166,56
2023-01-24,P002,East,54.3,0,605,61
2023-01-27,P002,East,51.01,0,78,50
2023-02-10,P002,East,52.66,0,138,50
2023-02-25,P002,East,53.05,0,236,66
2023-02-26,P002,East,52.64,0,353,42
2023-03-05,P002,East,46.33,1,616,90
2023-03-09,P002,East,51.3,0,269,66
2023-03-12,P002,East,52.57,0,968,63
2023-03-17,P002,East,51.95,0,514,52
2023-03-29,P002,East,49.97,0,572,70
2023-04-01,P002,East,51.16,0,219,53
2023-04-04,P002,East,53.4,0,209,78
2023-04-15,P002,East,49.49,0,570,46
2023-04-16,P002,East,53.72,0,504,57
2023-04-18,P002,East,50.48,0,307,56
2023-04-21,P002,East,51.69,0,266,58
2023-04-30,P002,East,51.63,0,869,54
2023-05-02,P002,East,53.44,0,672,66
2023-05-08,P002,East,49.0,1,468,97
2023-05-18,P002,East,51.96,0,571,63
2023-05-19,P002,East,54.57,0,753,53
2023-05-25,P002,East,50.48,0,171,53
2023-06-07,P002,East,51.5,0,607,54
2023-06-15,P002,East,54.37,0,1000,64
2023-06-21,P002,East,50.33,0,286,44
2023-06-25,P002,East,51.3,0,1000,59
2023-06-26,P002,East,49.63,0,747,50
2023-06-30,P002,East,50.16,0,580,37
2023-07-02,P002,East,54.5,0,837,41
2023-07-08,P002,East,53.79,0,654,46
2023-07-16,P002,East,51.43,0,167,43
2023-07-22,P002,East,52.11,0,804,44
2023-07-26,P002,East,51.17,0,902,49
2023-07-27,P002,East,51.65,0,510,39
2023-07-30,P002,East,52.51,0,815,51
2023-08-01,P002,East,51.18,0,234,49
2023-08-02,P002,East,52.88,0,337,50
2023-08-06,P002,East,52.25,0,729,36
2023-08-09,P002,East,54.22,0,503,56
2023-08-12,P002,East,54.51,0,210,28
2023-08-15,P002,East,53.44,0,72,55
2023-08-23,P002,East,49.89,0,200,49
2023-08-25,P002,East,54.18,0,436,30
2023-09-10,P002,East,51.26,0,717,45
2023-09-12,P002,East,49.58,0,495,42
2023-09-19,P002,East,50.96,0,624,51
2023-09-21,P002,East,50.19,0,990,40
2023-09-23,P002,East,52.44,0,247,32
2023-09-25,P002,East,52.55,0,689,47
2023-10-08,P002,East,51.13,0,56,37
2023-10-11,P002,East,54.11,0,317,42
2023-10-12,P002,East,54.6,0,940,49
2023-10-21,P002,East,53.29,0,608,39
2023-10-28,P002,East,51.27,0,242,31
2023-11-05,P002,East,47.06,1,155,57
2023-11-06,P002,East,49.83,0,580,31
2023-11-23,P002,East,54.58,0,503,48
2023-11-24,P002,East,52.49,0,696,43
2023-11-30,P002,East,51.79,0,276,56
2023-12-01,P002,East,45.74,1,410,75
2023-12-08,P002,East,51.91,0,596,44
2023-12-15,P002,East,50.88,0,388,47
2023-12-16,P002,East,52.71,0,100,40
2023-12-22,P002,East,51.54,0,259,56
2023-12-25,P002,East,50.38,0,931,63
2023-12-29,P002,East,49.55,0,552,39
2023-12-30,P002,East,50.87,0,511,41
2024-01-01,P002,East,53.46,0,626,70
2024-01-08,P002,East,50.15,0,867,41
2024-01-13,P002,East,53.93,0,874,52
2024-01-25,P002,East,50.26,0,313,59
2024-02-01,P002,East,52.12,0,347,56
2024-02-13,P002,East,52.3,0,76,60
2024-02-21,P002,East,53.14,0,521,58
2024-02-22,P002,East,49.9,0,89,69
2024-02-23,P002,East,52.66,0,217,52
2024-02-28,P002,East,46.69,1,912,93
2024-03-08,P002,East,50.06,0,751,66
2024-03-12,P002,East,49.56,0,264,66
2024-03-14,P002,East,52.35,0,385,60
2024-03-16,P002,East,52.41,0,763,63
2024-03-31,P002,East,53.39,0,921,59
2024-04-02,P002,East,52.54,0,423,74
2024-04-09,P002,East,50.79,0,144,69
2024-04-10,P002,East,50.23,0,252,68
2024-04-12,P002,East,50.15,0,167,46
2024-04-17,P002,East,50.6,0,896,69
2024-04-19,P002,East,52.68,0,879,60
2024-04-21,P002,East,52.83,0,640,55
2024-05-07,P002,East,52.93,0,612,55
2024-05-15,P002,East,51.28,0,324,56
2024-05-29,P002,East,54.11,0,142,63
2024-06-06,P002,East,50.09,0,448,51
2024-06-07,P002,East,49.52,0,469,40
2024-06-10,P002,East,50.11,0,861,54
2024-06-14,P002,East,45.99,1,984,78
2024-06-28,P002,East,50.1,0,590,62
2024-06-30,P002,East,53.85,0,701,54
2024-07-02,P002,East,46.84,1,767,88
2024-07-03,P002,East,54.33,0,987,52
2024-07-04,P002,East,49.66,0,991,52
2024-07-07,P002,East,51.28,0,389,43
2024-07-08,P002,East,52.59,0,52,38
2024-07-10,P002,East,49.8,0,467,48
2024-07-12,P002,East,52.91,0,156,39
2024-07-20,P002,East,50.9,0,166,52
2024-07-22,P002,East,52.04,0,391,46
2024-07-23,P002,East,50.26,0,143,55
2024-08-01,P002,East,46.12,1,546,73
2024-08-04,P002,East,46.94,1,98,69
2024-08-09,P002,East,45.07,1,323,77
2024-08-11,P002,East,51.52,0,873,31
2024-08-18,P002,East,51.57,0,915,51
2024-08-29,P002,East,51.65,0,479,45
2024-09-05,P002,East,53.23,0,694,42
2024-09-10,P002,East,53.43,0,818,57
2024-09-25,P002,East,50.95,0,181,45
2024-10-02,P002,East,51.13,0,73,47
2024-10-20,P002,East,53.12,0,317,44
2024-10-23,P002,East,52.53,0,107,53
2024-10-26,P002,East,52.34,0,568,41
2024-11-03,P002,East,51.4,0,899,36
2024-11-04,P002,East,50.31,0,240,44
2024-11-16,P002,East,51.82,0,1000,48
2024-11-25,P002,East,54.37,0,148,33
2024-12-10,P002,East,53.78,0,720,54
2024-12-18,P002,East,50.43,0,221,50
