data/sales_data.csv
Date,Product,Region,Price,Promo,Inventory,Sales
2022-01-03,P003,East,55.5,0,931,64
2022-01-10,P003,East,55.44,0,803,56
2022-01-11,P003,East,53.25,0,968,68
2022-01-18,P003,East,53.27,0,515,66
2022-01-20,P003,East,46.0,1,941,84
2022-01-21,P003,East,51.11,0,522,48
2022-01-24,P003,East,51.47,0,704,55
2022-01-29,P003,East,54.38,0,509,45
2022-01-30,P003,East,53.13,0,674,57
2022-01-31,P003,East,55.65,0,208,73
2022-02-03,P003,East,52.89,0,236,62
2022-02-08,P003,East,51.49,0,411,71
2022-02-13,P003,East,52.5,0,564,71
2022-02-14,P003,East,52.55,0,627,69
2022-02-16,P003,East,52.04,0,476,59
2022-02-19,P003,East,55.6,0,281,50
2022-02-23,P003,East,54.54,0,418,61
2022-02-24,P003,East,52.75,0,118,58
2022-03-01,P003,East,52.88,0,284,54
2022-03-06,P003,East,54.25,0,375,51
2022-03-18,P003,East,54.92,0,234,62
2022-03-29,P003,East,54.85,0,352,74
2022-04-04,P003,East,52.54,0,852,57
2022-04-05,P003,East,51.42,0,722,79
2022-04-20,P003,East,52.37,0,776,76
2022-04-30,P003,East,55.37,0,197,63
2022-05-02,P003,East,54.87,0,113,54
2022-05-03,P003,East,51.55,0,484,56
2022-05-11,P003,East,51.2,0,994,81
2022-05-18,P003,East,52.52,0,986,65
2022-05-23,P003,East,51.13,0,515,64
2022-05-25,P003,East,55.13,0,323,76
2022-05-27,P003,East,52.66,0,712,61
2022-06-01,P003,East,50.97,0,95,75
2022-06-03,P003,East,51.7,0,295,71
2022-06-04,P003,East,55.57,0,750,64
2022-06-09,P003,East,50.4,0,875,56
2022-06-18,P003,East,52.03,0,451,51
2022-06-26,P003,East,50.71,0,975,52
2022-07-07,P003,East,51.53,0,168,53
2022-07-12,P003,East,51.11,0,258,67
2022-07-21,P003,East,51.58,0,793,47
2022-07-24,P003,East,54.7,0,443,54
2022-07-29,P003,East,53.9,0,407,36
2022-07-30,P003,East,53.9,0,315,44
2022-08-06,P003,East,52.08,0,442,42
2022-08-09,P003,East,53.04,0,104,43
2022-08-17,P003,East,52.58,0,115,55
2022-08-18,P003,East,52.24,0,971,43
2022-08-23,P003,East,45.36,1,87,84
2022-09-01,P003,East,48.86,1,604,63
2022-09-03,P003,East,53.67,0,587,29
2022-09-06,P003,East,51.38,0,650,45
2022-09-13,P003,East,55.06,0,752,41
2022-09-16,P003,East,55.61,0,634,37
2022-10-01,P003,East,55.33,0,937,41
2022-10-03,P003,East,51.7,0,691,34
2022-10-04,P003,East,45.83,1,908,75
2022-10-07,P003,East,54.1,0,422,42
2022-10-09,P003,East,52.37,0,535,42
2022-10-10,P003,East,55.01,0,231,30
2022-10-23,P003,East,52.65,0,887,37
2022-10-27,P003,East,50.68,0,476,41
2022-11-01,P003,East,52.57,0,164,56
2022-11-15,P003,East,54.14,0,799,48
2022-11-17,P003,East,52.86,0,81,44
2022-11-30,P003,East,51.52,0,269,52
2022-12-20,P003,East,55.46,0,115,52
2022-12-27,P003,East,52.77,0,270,61
2023-01-04,P003,East,54.79,0,960,46
2023-01-05,P003,East,52.44,0,670,46
2023-01-10,P003,East,55.09,0,399,61
2023-01-13,P003,East,55.08,0,634,34
2023-01-16,P003,East,52.46,0,261,56
2023-01-17,P003,East,53.08,0,118,65
2023-01-20,P003,East,52.49,0,236,69
2023-01-30,P003,East,54.37,0,916,62
2023-02-08,P003,East,51.95,0,374,70
2023-02-10,P003,East,55.16,0,253,63
2023-02-14,P003,East,53.88,0,122,54
2023-02-19,P003,East,53.29,0,490,59
2023-02-25,P003,East,53.84,0,213,66
2023-03-06,P003,East,53.31,0,835,46
2023-04-04,P003,East,54.63,0,856,45
2023-04-05,P003,East,54.35,0,542,55
2023-04-08,P003,East,51.58,0,433,59
2023-04-09,P003,East,51.83,0,504,52
2023-04-17,P003,East,54.11,0,780,64
2023-04-19,P003,East,53.08,0,801,68
2023-04-22,P003,East,53.78,0,624,45
2023-04-26,P003,East,50.78,0,61,67
2023-04-28,P003,East,53.37,0,467,68
2023-05-05,P003,East,52.87,0,329,54
2023-05-06,P003,East,50.61,0,1000,58
2023-05-09,P003,East,52.04,0,521,82
2023-05-12,P003,East,54.22,0,78,66
2023-05-20,P003,East,51.14,0,847,59
2023-05-21,P003,East,52.01,0,257,52
2023-05-30,P003,East,51.38,0,765,54
2023-06-02,P003,East,54.94,0,298,53
2023-06-09,P003,East,51.33,0,118,49
2023-06-13,P003,East,55.21,0,295,64
2023-06-18,P003,East,50.49,0,639,52
2023-06-25,P003,East,54.58,0,482,57
2023-06-27,P003,East,52.84,0,991,57
2023-06-28,P003,East,52.76,0,353,70
2023-07-02,P003,East,54.97,0,983,48
2023-07-06,P003,East,55.44,0,426,64
2023-07-07,P003,East,53.13,0,54,64
2023-07-11,P003,East,54.61,0,227,60
2023-07-15,P003,East,52.82,0,572,40
2023-08-02,P003,East,52.53,0,737,44
2023-08-05,P003,East,51.02,0,671,46
2023-08-07,P003,East,53.73,0,224,42
2023-08-09,P003,East,54.05,0,983,61
2023-08-12,P003,East,54.38,0,909,41
2023-08-13,P003,East,53.28,0,631,34
2023-08-14,P003,East,54.87,0,356,44
2023-08-15,P003,East,50.79,0,850,58
2023-08-16,P003,East,50.89,0,930,41
2023-08-17,P003,East,52.44,0,386,52
2023-08-27,P003,East,51.5,0,169,22
2023-08-28,P003,East,52.2,0,476,51
2023-09-02,P003,East,51.16,0,187,37
2023-09-03,P003,East,54.6,0,711,35
2023-09-06,P003,East,54.58,0,134,52
2023-09-10,P003,East,52.79,0,129,36
2023-09-12,P003,East,54.18,0,510,36
2023-09-14,P003,East,54.13,0,158,36
2023-09-16,P003,East,53.7,0,881,41
2023-09-19,P003,East,53.72,0,885,40
2023-09-27,P003,East,52.8,0,491,49
2023-10-07,P003,East,51.68,0,249,34
2023-10-08,P003,East,54.42,0,670,40
2023-10-13,P003,East,51.15,0,983,40
2023-10-14,P003,East,51.7,0,828,40
2023-10-21,P003,East,55.36,0,769,36
2023-10-24,P003,East,51.54,0,414,37
2023-10-30,P003,East,54.92,0,456,36
2023-11-08,P003,East,48.93,1,657,74
2023-11-09,P003,East,53.94,0,141,47
2023-11-22,P003,East,55.0,0,768,60
2023-11-23,P003,East,54.84,0,740,49
2023-11-24,P003,East,50.59,0,455,41
2023-11-30,P003,East,54.91,0,830,48
2023-12-06,P003,East,53.53,0,55,47
2023-12-13,P003,East,53.95,0,833,50
2023-12-24,P003,East,51.11,0,791,47
2023-12-27,P003,East,53.0,0,581,44
2023-12-29,P003,East,52.04,0,658,42
2023-12-31,P003,East,51.6,0,913,45
2024-01-03,P003,East,55.3,0,753,61
2024-01-08,P003,East,51.08,0,333,57
2024-01-30,P003,East,55.6,0,124,66
2024-01-31,P003,East,54.6,0,885,79
2024-02-02,P003,East,52.36,0,57,53
2024-02-13,P003,East,53.94,0,733,57
2024-02-14,P003,East,54.86,0,265,72
2024-02-16,P003,East,53.01,0,425,58
2024-02-28,P003,East,54.09,0,596,71
2024-03-09,P003,East,55.15,0,274,58
2024-03-12,P003,East,52.43,0,451,53
2024-03-23,P003,East,54.62,0,963,69
2024-03-31,P003,East,51.13,0,621,59
2024-04-02,P003,East,52.13,0,540,75
2024-04-03,P003,East,52.52,0,365,70
2024-04-13,P003,East,50.88,0,327,50
2024-04-17,P003,East,53.18,0,605,79
2024-04-23,P003,East,54.96,0,879,64
2024-05-03,P003,East,53.35,0,898,67
2024-05-06,P003,East,51.66,0,672,64
2024-05-09,P003,East,53.93,0,368,46
2024-05-11,P003,East,51.73,0,884,41
2024-05-14,P003,East,54.57,0,543,71
2024-05-15,P003,East,50.65,0,883,53
2024-05-16,P003,East,51.75,0,168,70
2024-05-19,P003,East,52.05,0,976,66
2024-05-22,P003,East,53.3,0,834,37
2024-05-25,P003,East,55.1,0,317,62
2024-06-07,P003,East,53.21,0,856,45
2024-06-20,P003,East,54.57,0,341,53
2024-06-22,P003,East,51.12,0,842,42
2024-06-25,P003,East,52.49,0,590,70
2024-07-03,P003,East,54.23,0,949,55
2024-07-10,P003,East,53.99,0,865,59
2024-07-15,P003,East,52.41,0,155,41
2024-07-16,P003,East,55.44,0,674,51
2024-07-28,P003,East,55.16,0,498,49
2024-07-29,P003,East,52.62,0,221,50
2024-07-30,P003,East,51.07,0,112,55
2024-08-03,P003,East,51.25,0,505,44
2024-08-05,P003,East,51.33,0,538,50
2024-08-10,P003,East,54.31,0,261,38
2024-08-13,P003,East,55.34,0,406,40
2024-09-02,P003,East,52.11,0,589,50
2024-09-19,P003,East,51.32,0,337,52
2024-09-24,P003,East,53.8,0,80,35
2024-09-26,P003,East,52.25,0,168,43
2024-09-27,P003,East,55.1,0,241,44
2024-09-29,P003,East,53.09,0,729,34
2024-09-30,P003,East,55.53,0,921,50
2024-10-07,P003,East,50.75,0,113,31
2024-10-08,P003,East,53.81,0,451,48
2024-10-12,P003,East,54.27,0,266,33
2024-10-13,P003,East,54.81,0,144,34
2024-10-19,P003,East,47.28,1,614,63
2024-10-21,P003,East,55.01,0,52,48
2024-11-04,P003,East,50.73,0,168,51
2024-11-14,P003,East,51.5,0,892,50
2024-11-27,P003,East,53.37,0,903,43
2024-11-28,P003,East,54.84,0,957,56
2024-12-04,P003,East,50.58,0,354,62
2024-12-06,P003,East,52.34,0,276,53
2024-12-09,P003,East,51.92,0,412,63
2024-12-10,P003,East,48.4,1,347,92
2024-12-17,P003,East,52.99,0,249,52
2024-12-18,P003,East,53.43,0,700,61
2022-01-03,P004,North,54.2,0,323,50
2022-01-18,P004,North,53.48,0,576,65
2022-01-19,P004,North,55.57,0,474,57
2022-01-21,P004,North,53.81,0,344,48
2022-01-22,P004,North,55.25,0,142,55
2022-01-23,P004,North,53.81,0,767,63
2022-01-26,P004,North,56.02,0,818,61
2022-01-28,P004,North,54.41,0,637,60
2022-01-31,P004,North,54.21,0,806,67
2022-02-02,P004,North,56.19,0,661,55
2022-02-11,P004,North,54.17,0,703,52
2022-02-15,P004,North,49.38,1,679,109
2022-02-19,P004,North,55.93,0,827,71
2022-02-24,P004,North,47.84,1,161,123
2022-03-01,P004,North,53.28,0,356,79
2022-03-03,P004,North,53.66,0,916,53
2022-03-04,P004,North,54.05,0,95,67
2022-03-07,P004,North,52.7,0,882,43
2022-03-11,P004,North,53.02,0,157,66
2022-04-01,P004,North,53.33,0,979,54
2022-04-02,P004,North,55.23,0,891,51
2022-04-23,P004,North,53.67,0,955,59
2022-04-25,P004,North,52.26,0,738,67
2022-05-02,P004,North,48.89,1,417,108
2022-05-06,P004,North,55.0,0,409,58
2022-05-15,P004,North,56.54,0,604,49
2022-05-25,P004,North,53.34,0,449,67
2022-06-03,P004,North,47.18,1,447,79
2022-06-07,P004,North,52.0,0,254,68
2022-06-11,P004,North,53.6,0,471,45
2022-06-16,P004,North,53.53,0,966,59
2022-06-21,P004,North,53.68,0,696,61
2022-06-23,P004,North,54.1,0,285,56
2022-06-27,P004,North,55.2,0,272,47
2022-06-30,P004,North,55.28,0,825,68
2022-07-03,P004,North,56.25,0,457,48
2022-07-14,P004,North,53.59,0,570,72
2022-07-18,P004,North,54.99,0,838,55
2022-07-27,P004,North,53.36,0,650,54
2022-07-31,P004,North,53.26,0,359,43
2022-08-03,P004,North,52.83,0,966,64
2022-08-04,P004,North,56.38,0,324,50
2022-08-06,P004,North,55.92,0,54,44
2022-08-08,P004,North,55.7,0,829,43
2022-08-09,P004,North,55.25,0,482,53
2022-08-14,P004,North,51.83,0,347,61
2022-08-17,P004,North,51.69,0,831,52
2022-08-18,P004,North,54.68,0,944,46
2022-08-19,P004,North,51.69,0,627,53
2022-08-28,P004,North,55.74,0,428,38
2022-09-14,P004,North,53.64,0,169,58
2022-09-15,P004,North,53.03,0,892,55
2022-09-17,P004,North,56.07,0,719,25
2022-09-20,P004,North,53.23,0,520,58
2022-09-22,P004,North,54.93,0,146,45
2022-09-25,P004,North,56.01,0,384,40
2022-09-30,P004,North,53.91,0,402,47
2022-10-09,P004,North,52.26,0,490,44
2022-10-13,P004,North,53.73,0,728,46
2022-10-15,P004,North,55.42,0,86,29
2022-10-18,P004,North,52.09,0,505,32
2022-10-20,P004,North,56.23,0,932,37
2022-11-04,P004,North,52.05,0,808,28
2022-11-05,P004,North,51.37,0,587,39
2022-11-20,P004,North,54.71,0,778,47
2022-11-21,P004,North,54.91,0,643,56
2022-11-27,P004,North,55.17,0,899,47
2022-12-01,P004,North,52.36,0,264,45
2022-12-05,P004,North,51.51,0,531,57
2022-12-15,P004,North,52.49,0,336,44
2022-12-17,P004,North,56.19,0,808,51
2022-12-18,P004,North,55.08,0,462,40
2022-12-19,P004,North,51.99,0,990,61
2022-12-26,P004,North,53.54,0,551,53
2023-01-02,P004,North,56.2,0,465,54
2023-01-04,P004,North,51.65,0,296,70
2023-01-11,P004,North,55.83,0,687,70
2023-01-15,P004,North,53.19,0,888,60
2023-01-19,P004,North,54.04,0,696,62
2023-01-22,P004,North,53.25,0,572,45
2023-01-24,P004,North,54.4,0,51,72
2023-02-07,P004,North,52.84,0,72,72
2023-02-08,P004,North,53.53,0,723,62
2023-02-11,P004,North,55.66,0,899,65
2023-02-13,P004,North,52.85,0,458,55
2023-02-14,P004,North,54.87,0,203,56
2023-02-18,P004,North,52.93,0,922,62
2023-02-21,P004,North,53.61,0,517,73
2023-02-26,P004,North,54.28,0,149,47
2023-02-27,P004,North,48.06,1,633,67
2023-03-10,P004,North,52.95,0,384,53
2023-03-14,P004,North,52.92,0,781,75
2023-03-17,P004,North,55.39,0,909,39
2023-03-20,P004,North,52.23,0,145,66
2023-03-21,P004,North,52.95,0,893,73
2023-03-26,P004,North,55.02,0,976,57
2023-03-31,P004,North,55.66,0,83,55
2023-04-03,P004,North,55.97,0,641,71
2023-04-13,P004,North,52.16,0,809,60
2023-04-16,P004,North,53.25,0,248,50
2023-04-18,P004,North,55.94,0,152,49
2023-04-19,P004,North,51.32,0,397,66
2023-04-22,P004,North,53.47,0,790,64
2023-04-24,P004,North,54.78,0,643,70
2023-05-06,P004,North,52.59,0,899,48
2023-05-08,P004,North,55.96,0,207,62
2023-05-09,P004,North,56.33,0,702,83
2023-05-16,P004,North,48.05,1,507,115
2023-05-18,P004,North,54.46,0,693,60
2023-05-30,P004,North,55.2,0,598,62
2023-06-01,P004,North,52.42,0,597,46
2023-06-08,P004,North,54.18,0,921,54
2023-06-12,P004,North,56.21,0,779,65
2023-06-14,P004,North,52.35,0,790,67
2023-06-16,P004,North,56.63,0,889,70
2023-06-27,P004,North,54.01,0,193,44
2023-07-02,P004,North,47.87,1,611,70
2023-07-05,P004,North,52.22,0,822,57
2023-07-08,P004,North,56.3,0,114,31
2023-07-12,P004,North,55.92,0,730,72
2023-07-13,P004,North,52.88,0,920,53
2023-07-16,P004,North,54.95,0,562,55
2023-07-17,P004,North,52.9,0,282,46
2023-07-23,P004,North,56.23,0,239,41
2023-07-29,P004,North,52.36,0,574,31
2023-08-01,P004,North,51.5,0,527,53
2023-08-08,P004,North,52.1,0,696,73
2023-08-15,P004,North,51.65,0,544,42
2023-08-20,P004,North,56.24,0,739,52
2023-08-22,P004,North,52.71,0,584,51
2023-08-25,P004,North,56.2,0,833,52
2023-09-15,P004,North,52.47,0,180,43
2023-09-16,P004,North,52.64,0,637,42
2023-09-23,P004,North,51.77,0,286,30
2023-10-02,P004,North,52.32,0,509,43
2023-10-05,P004,North,54.57,0,851,36
2023-10-12,P004,North,55.41,0,318,47
2023-10-13,P004,North,51.66,0,85,44
2023-10-15,P004,North,54.48,0,85,32
2023-10-17,P004,North,54.26,0,308,54
2023-11-04,P004,North,55.36,0,537,38
2023-11-05,P004,North,52.59,0,926,35
2023-11-08,P004,North,53.93,0,845,48
2023-11-11,P004,North,52.33,0,958,43
2023-11-18,P004,North,52.93,0,371,38
2023-11-20,P004,North,53.84,0,421,60
2023-11-22,P004,North,55.64,0,615,56
2023-11-26,P004,North,55.64,0,630,45
2023-12-07,P004,North,56.05,0,467,46
2023-12-26,P004,North,52.29,0,770,55
2024-01-04,P004,North,51.3,0,224,62
2024-01-05,P004,North,52.16,0,646,50
2024-01-08,P004,North,55.68,0,594,62
2024-01-17,P004,North,54.01,0,527,63
2024-01-28,P004,North,53.38,0,728,62
2024-01-30,P004,North,53.14,0,725,69
2024-01-31,P004,North,51.43,0,328,61
2024-02-07,P004,North,55.33,0,267,68
2024-03-07,P004,North,53.84,0,549,87
2024-03-10,P004,North,52.82,0,650,65
2024-03-13,P004,North,55.93,0,457,66
2024-03-17,P004,North,54.59,0,528,63
2024-03-20,P004,North,54.67,0,979,81
2024-03-23,P004,North,54.31,0,717,58
2024-03-28,P004,North,56.26,0,937,80
2024-03-30,P004,North,56.22,0,527,50
2024-04-01,P004,North,54.67,0,416,78
2024-04-04,P004,North,54.66,0,311,67
2024-04-06,P004,North,53.44,0,556,64
2024-04-14,P004,North,53.37,0,440,58
2024-04-15,P004,North,53.39,0,826,60
2024-04-19,P004,North,52.26,0,886,72
2024-05-01,P004,North,51.39,0,502,81
2024-05-06,P004,North,52.44,0,978,63
2024-05-16,P004,North,54.64,0,254,66
2024-05-27,P004,North,54.63,0,879,68
2024-05-29,P004,North,54.49,0,395,67
2024-05-31,P004,North,52.71,0,998,85
2024-06-03,P004,North,55.92,0,864,76
2024-06-05,P004,North,55.87,0,496,68
2024-06-10,P004,North,53.08,0,252,60
2024-06-12,P004,North,55.04,0,331,65
2024-06-13,P004,North,52.76,0,399,55
2024-06-20,P004,North,56.41,0,815,76
2024-06-30,P004,North,49.07,1,490,72
2024-07-24,P004,North,54.88,0,82,59
2024-07-28,P004,North,53.26,0,427,42
2024-07-31,P004,North,54.34,0,924,62
2024-08-06,P004,North,54.2,0,227,45
2024-08-07,P004,North,52.81,0,553,58
2024-08-08,P004,North,54.51,0,307,55
2024-08-10,P004,North,54.66,0,83,39
2024-08-15,P004,North,56.59,0,943,55
2024-08-17,P004,North,55.97,0,680,36
2024-08-21,P004,North,56.34,0,98,43
2024-08-27,P004,North,48.08,1,837,52
2024-08-28,P004,North,53.28,0,71,54
2024-09-03,P004,North,55.77,0,568,43
2024-09-07,P004,North,54.52,0,988,47
2024-09-11,P004,North,56.21,0,714,52
2024-09-12,P004,North,52.51,0,475,49
2024-09-13,P004,North,54.69,0,868,34
2024-09-25,P004,North,54.45,0,896,37
2024-09-29,P004,North,46.18,1,757,66
2024-09-30,P004,North,54.67,0,810,41
2024-10-02,P004,North,53.71,0,710,43
2024-10-06,P004,North,52.92,0,351,38
2024-10-12,P004,North,54.15,0,557,43
2024-10-17,P004,North,53.97,0,250,50
2024-10-18,P004,North,53.14,0,893,45
2024-10-23,P004,North,54.61,0,57,35
2024-10-27,P004,North,53.97,0,974,42
2024-11-01,P004,North,54.97,0,266,42
2024-11-08,P004,North,52.45,0,968,42
2024-11-12,P004,North,55.08,0,545,43
2024-11-15,P004,North,55.25,0,770,51
2024-11-19,P004,North,56.0,0,990,42
2024-11-20,P004,North,54.66,0,423,45
2024-11-25,P004,North,54.53,0,386,48
2024-11-28,P004,North,53.4,0,738,58
2024-12-01,P004,North,53.11,0,209,48
2024-12-03,P004,North,54.6,0,966,57
2024-12-05,P004,North,54.55,0,326,43
2024-12-06,P004,North,54.84,0,730,55
2024-12-08,P004,North,55.65,0,598,34
2024-12-09,P004,North,53.13,0,413,39
2024-12-13,P004,North,55.52,0,277,49
2024-12-20,P004,North,56.15,0,509,51
