data/sales_data.csv
Date,Product,Region,Price,Promo,Inventory,Sales
2022-01-03,P005,West,54.64,0,514,68
2022-01-04,P005,West,55.1,0,173,60
2022-01-07,P005,West,53.63,0,979,55
2022-01-11,P005,West,55.12,0,691,62
2022-01-19,P005,West,55.04,0,890,79
2022-01-22,P005,West,54.54,0,255,60
2022-01-23,P005,West,52.89,0,96,61
2022-02-05,P005,West,56.15,0,613,38
2022-02-08,P005,West,56.91,0,491,71
2022-02-13,P005,West,53.46,0,186,48
2022-02-17,P005,West,55.07,0,559,48
2022-03-18,P005,West,56.5,0,640,63
2022-03-26,P005,West,55.26,0,667,64
2022-03-30,P005,West,57.52,0,222,80
2022-03-31,P005,West,55.01,0,142,59
2022-04-02,P005,West,53.44,0,671,77
2022-04-23,P005,West,53.82,0,220,48
2022-04-25,P005,West,56.05,0,659,53
2022-04-28,P005,West,53.04,0,942,91
2022-04-29,P005,West,53.19,0,368,55
2022-04-30,P005,West,57.1,0,514,55
2022-05-16,P005,West,53.06,0,509,57
2022-05-19,P005,West,48.47,1,704,114
2022-05-25,P005,West,56.7,0,152,65
2022-05-27,P005,West,53.22,0,922,72
2022-06-01,P005,West,56.44,0,320,55
2022-06-06,P005,West,49.0,1,575,73
2022-07-08,P005,West,56.19,0,918,49
2022-07-11,P005,West,51.71,1,976,83
2022-07-23,P005,West,55.89,0,321,50
2022-07-26,P005,West,53.32,0,161,60
2022-07-31,P005,West,57.02,0,766,20
2022-08-04,P005,West,57.49,0,406,48
2022-08-05,P005,West,53.27,0,301,55
2022-08-07,P005,West,54.06,0,677,46
2022-08-11,P005,West,53.59,0,808,47
2022-08-17,P005,West,56.87,0,995,53
2022-08-23,P005,West,55.28,0,115,44
2022-08-24,P005,West,54.49,0,717,37
2022-08-27,P005,West,52.78,0,354,39
2022-09-01,P005,West,54.59,0,811,53
2022-09-04,P005,West,57.02,0,648,40
2022-09-19,P005,West,54.67,0,351,51
2022-09-24,P005,West,55.34,0,498,40
2022-10-04,P005,West,56.15,0,668,41
2022-10-07,P005,West,52.67,0,759,50
2022-10-09,P005,West,53.27,0,461,42
2022-10-16,P005,West,52.98,0,592,42
2022-10-22,P005,West,57.29,0,420,37
2022-10-24,P005,West,53.4,0,384,39
2022-10-26,P005,West,52.93,0,938,45
2022-10-31,P005,West,55.22,0,378,44
2022-11-05,P005,West,52.3,0,951,43
2022-11-07,P005,West,54.03,0,295,40
2022-11-10,P005,West,49.54,1,447,80
2022-11-20,P005,West,54.3,0,52,53
2022-11-21,P005,West,52.27,0,284,65
2022-11-23,P005,West,51.25,1,861,79
2022-11-24,P005,West,56.71,0,855,53
2022-11-30,P005,West,57.14,0,964,56
2022-12-08,P005,West,52.47,0,466,60
2022-12-09,P005,West,52.57,0,368,38
2022-12-14,P005,West,53.75,0,970,58
2022-12-15,P005,West,49.48,1,503,71
2022-12-24,P005,West,57.16,0,336,42
2022-12-25,P005,West,56.93,0,587,44
2023-01-07,P005,West,52.31,0,226,52
2023-01-10,P005,West,56.1,0,981,71
2023-01-17,P005,West,54.6,0,895,45
2023-01-22,P005,West,52.9,0,548,42
2023-01-26,P005,West,55.02,0,610,60
2023-02-14,P005,West,53.36,0,299,67
2023-02-19,P005,West,53.29,0,762,54
2023-02-21,P005,West,52.31,0,926,52
2023-03-11,P005,West,56.12,0,603,48
2023-03-12,P005,West,55.16,0,987,80
2023-03-16,P005,West,55.16,0,642,69
2023-03-17,P005,West,56.46,0,85,69
2023-03-18,P005,West,52.99,0,324,59
2023-04-15,P005,West,55.47,0,222,54
2023-04-17,P005,West,54.7,0,485,55
2023-05-07,P005,West,55.5,0,190,65
2023-05-16,P005,West,56.7,0,877,62
2023-05-17,P005,West,55.22,0,803,66
2023-05-26,P005,West,47.82,1,219,105
2023-05-28,P005,West,57.24,0,494,59
2023-05-31,P005,West,52.35,0,384,71
2023-06-01,P005,West,55.42,0,247,63
2023-06-02,P005,West,56.51,0,392,46
2023-06-07,P005,West,56.33,0,387,62
2023-06-08,P005,West,57.25,0,763,80
2023-06-12,P005,West,52.67,0,390,61
2023-06-13,P005,West,57.28,0,853,54
2023-06-16,P005,West,57.59,0,174,61
2023-06-17,P005,West,54.14,0,873,56
2023-06-27,P005,West,56.28,0,718,51
2023-06-28,P005,West,50.07,1,425,110
2023-06-30,P005,West,51.04,1,755,92
2023-07-09,P005,West,52.53,0,422,40
2023-07-24,P005,West,56.01,0,688,66
2023-07-26,P005,West,57.32,0,913,54
2023-07-28,P005,West,54.5,0,774,32
2023-07-29,P005,West,56.21,0,136,47
2023-08-03,P005,West,52.26,0,385,46
2023-08-14,P005,West,56.31,0,997,42
2023-08-15,P005,West,53.09,0,743,48
2023-08-18,P005,West,57.72,0,580,43
2023-08-21,P005,West,56.42,0,376,41
2023-08-30,P005,West,57.22,0,592,52
2023-09-01,P005,West,52.97,0,527,38
2023-09-03,P005,West,54.78,0,762,54
2023-09-04,P005,West,55.1,0,742,37
2023-09-13,P005,West,52.38,0,109,54
2023-09-22,P005,West,52.28,0,944,43
2023-10-03,P005,West,52.83,0,169,47
2023-10-20,P005,West,55.62,0,449,34
2023-10-25,P005,West,56.04,0,184,48
2023-10-26,P005,West,53.82,0,804,44
2023-11-03,P005,West,50.57,1,637,78
2023-11-04,P005,West,52.97,0,401,41
2023-11-05,P005,West,56.53,0,629,40
2023-11-12,P005,West,53.05,0,893,34
2023-11-16,P005,West,54.15,0,139,41
2023-12-04,P005,West,54.83,0,730,56
2023-12-07,P005,West,57.03,0,512,47
2023-12-09,P005,West,55.8,0,583,63
2023-12-10,P005,West,52.29,0,348,54
2023-12-14,P005,West,56.65,0,265,49
2023-12-16,P005,West,56.66,0,175,39
2023-12-23,P005,West,57.4,0,892,42
2023-12-25,P005,West,55.4,0,196,52
2023-12-27,P005,West,57.04,0,897,68
2024-01-02,P005,West,53.08,0,992,63
2024-01-18,P005,West,53.61,0,883,60
2024-01-20,P005,West,52.84,0,921,41
2024-01-21,P005,West,53.7,0,651,54
2024-01-25,P005,West,54.98,0,419,70
2024-02-08,P005,West,53.61,0,272,68
2024-02-09,P005,West,55.92,0,139,74
2024-02-23,P005,West,53.82,0,342,59
2024-02-28,P005,West,56.15,0,664,66
2024-03-13,P005,West,56.92,0,687,68
2024-03-16,P005,West,56.75,0,256,56
2024-03-22,P005,West,57.12,0,191,61
2024-03-23,P005,West,56.42,0,820,63
2024-03-26,P005,West,56.38,0,596,63
2024-04-04,P005,West,57.32,0,147,67
2024-04-07,P005,West,54.82,0,962,35
2024-04-10,P005,West,56.72,0,180,83
2024-04-12,P005,West,56.78,0,852,69
2024-04-13,P005,West,57.13,0,837,63
2024-04-17,P005,West,57.2,0,690,66
2024-04-18,P005,West,54.05,0,854,54
2024-04-20,P005,West,57.44,0,385,60
2024-04-21,P005,West,56.62,0,969,63
2024-05-12,P005,West,53.68,0,138,65
2024-05-20,P005,West,54.57,0,336,66
2024-05-22,P005,West,54.94,0,907,60
2024-05-26,P005,West,55.42,0,587,64
2024-05-31,P005,West,57.61,0,993,48
2024-06-01,P005,West,54.37,0,860,57
2024-06-14,P005,West,54.38,0,947,54
2024-06-15,P005,West,56.37,0,555,52
2024-06-17,P005,West,55.19,0,250,43
2024-06-18,P005,West,55.65,0,956,65
2024-06-28,P005,West,53.87,0,445,59
2024-07-07,P005,West,54.06,0,442,57
2024-07-16,P005,West,55.4,0,134,72
2024-07-19,P005,West,56.93,0,607,38
2024-07-20,P005,West,56.82,0,742,44
2024-07-21,P005,West,55.83,0,475,52
2024-07-26,P005,West,53.58,0,174,47
2024-07-27,P005,West,53.79,0,146,52
2024-07-28,P005,West,49.8,1,102,82
2024-08-01,P005,West,54.75,0,494,41
2024-08-03,P005,West,53.79,0,381,54
2024-08-12,P005,West,56.66,0,449,54
2024-08-13,P005,West,56.58,0,341,57
2024-08-20,P005,West,50.48,1,598,79
2024-08-22,P005,West,55.26,0,593,59
2024-08-23,P005,West,55.44,0,941,47
2024-08-25,P005,West,56.97,0,290,48
2024-08-28,P005,West,57.09,0,111,44
2024-09-06,P005,West,52.74,0,674,49
2024-09-19,P005,West,56.47,0,821,59
2024-09-22,P005,West,54.76,0,527,38
2024-09-23,P005,West,56.31,0,632,37
2024-09-27,P005,West,56.36,0,357,49
2024-09-28,P005,West,54.09,0,655,42
2024-10-01,P005,West,56.89,0,317,48
2024-10-04,P005,West,57.22,0,774,36
2024-10-06,P005,West,48.18,1,638,55
2024-10-07,P005,West,55.58,0,202,36
2024-10-25,P005,West,57.25,0,191,42
2024-10-26,P005,West,52.95,0,147,52
2024-10-28,P005,West,53.52,0,672,48
2024-10-29,P005,West,54.66,0,517,47
2024-11-01,P005,West,53.24,0,557,50
2024-11-03,P005,West,55.48,0,95,42
2024-11-07,P005,West,53.56,0,377,51
2024-11-10,P005,West,57.51,0,139,48
2024-11-17,P005,West,54.02,0,296,39
2024-11-25,P005,West,56.68,0,662,50
2024-11-28,P005,West,54.64,0,71,57
2024-11-30,P005,West,56.67,0,85,50
2024-12-02,P005,West,55.93,0,788,39
2024-12-09,P005,West,57.37,0,501,62
2024-12-11,P005,West,56.29,0,994,62
2024-12-14,P005,West,56.04,0,457,36
2024-12-20,P005,West,51.42,1,889,75
2022-01-03,P007,North,55.85,0,704,51
2022-01-04,P007,North,57.75,0,284,64
2022-01-16,P007,North,55.33,0,266,55
2022-01-18,P007,North,57.28,0,999,60
2022-02-06,P007,North,57.77,0,614,56
2022-02-08,P007,North,55.26,0,616,66
2022-02-09,P007,North,55.66,0,721,74
2022-02-18,P007,North,57.95,0,681,74
2022-03-06,P007,North,58.75,0,361,68
2022-03-07,P007,North,51.1,1,222,115
2022-03-13,P007,North,57.32,0,615,59
2022-03-14,P007,North,55.45,0,357,78
2022-03-16,P007,North,56.07,0,333,60
2022-03-25,P007,North,55.29,0,818,71
2022-03-26,P007,North,55.14,0,576,63
2022-04-25,P007,North,55.99,0,969,64
2022-04-28,P007,North,58.22,0,584,76
2022-04-29,P007,North,54.46,0,486,52
2022-05-01,P007,North,54.94,0,644,72
2022-05-06,P007,North,54.83,0,926,56
2022-05-09,P007,North,57.54,0,680,69
2022-05-12,P007,North,57.12,0,932,82
2022-05-22,P007,North,57.13,0,742,63
2022-05-29,P007,North,57.58,0,882,50
2022-06-02,P007,North,57.51,0,158,68
2022-06-04,P007,North,54.24,0,808,53
2022-06-05,P007,North,55.22,0,77,60
2022-06-13,P007,North,59.49,0,234,67
2022-06-17,P007,North,59.47,0,926,58
2022-06-19,P007,North,59.49,0,851,64
2022-06-22,P007,North,58.66,0,679,75
2022-06-25,P007,North,59.63,0,704,55
2022-06-28,P007,North,55.91,0,103,59
2022-07-02,P007,North,54.37,0,993,64
2022-07-04,P007,North,55.73,0,400,62
2022-07-06,P007,North,59.81,0,79,72
2022-07-14,P007,North,58.15,0,817,41
2022-07-24,P007,North,56.14,0,919,55
2022-07-25,P007,North,59.17,0,82,48
2022-07-26,P007,North,57.55,0,824,61
2022-07-29,P007,North,54.37,0,209,53
2022-07-30,P007,North,59.24,0,253,55
2022-08-10,P007,North,55.56,0,162,56
2022-08-11,P007,North,59.15,0,745,35
2022-08-20,P007,North,56.65,0,339,49
2022-08-28,P007,North,56.61,0,319,46
2022-09-06,P007,North,59.44,0,672,44
2022-09-18,P007,North,58.98,0,826,47
2022-09-20,P007,North,54.71,0,387,43
2022-09-21,P007,North,59.06,0,164,48
2022-09-24,P007,North,58.54,0,941,43
2022-09-29,P007,North,58.24,0,339,50
2022-10-03,P007,North,59.08,0,336,51
2022-10-05,P007,North,55.93,0,559,41
2022-10-12,P007,North,57.91,0,987,60
2022-10-17,P007,North,53.16,1,104,66
2022-10-26,P007,North,57.83,0,455,55
2022-10-30,P007,North,50.95,1,526,42
2022-11-04,P007,North,54.34,0,496,38
2022-11-09,P007,North,57.65,0,326,54
2022-11-14,P007,North,54.98,0,778,46
2022-11-16,P007,North,55.86,0,933,53
2022-11-18,P007,North,55.43,0,340,60
2022-11-19,P007,North,53.05,1,872,66
2022-11-21,P007,North,55.71,0,883,64
2022-11-22,P007,North,54.17,0,295,66
2022-11-24,P007,North,55.86,0,190,47
2022-12-02,P007,North,55.83,0,841,32
2022-12-10,P007,North,55.31,0,449,39
2022-12-13,P007,North,59.29,0,629,51
2022-12-29,P007,North,59.41,0,859,74
2022-12-30,P007,North,58.32,0,168,55
2023-01-03,P007,North,55.79,0,593,72
2023-01-06,P007,North,58.05,0,818,48
2023-01-07,P007,North,55.18,0,243,50
2023-01-10,P007,North,56.59,0,715,69
2023-01-16,P007,North,56.36,0,302,63
2023-01-22,P007,North,57.99,0,904,53
2023-01-24,P007,North,55.45,0,886,73
2023-01-27,P007,North,57.69,0,991,61
2023-01-31,P007,North,58.35,0,839,62
2023-02-01,P007,North,55.36,0,430,62
2023-02-03,P007,North,58.67,0,286,69
2023-02-06,P007,North,58.25,0,428,74
2023-02-09,P007,North,53.54,1,383,87
2023-02-23,P007,North,59.23,0,970,87
2023-03-02,P007,North,56.56,0,694,66
2023-03-09,P007,North,56.93,0,597,77
2023-03-15,P007,North,55.57,0,231,63
2023-03-16,P007,North,56.44,0,761,71
2023-03-20,P007,North,52.96,1,373,118
2023-03-21,P007,North,54.89,0,468,84
2023-03-23,P007,North,56.02,0,949,73
2023-03-25,P007,North,56.29,0,638,56
2023-03-30,P007,North,59.16,0,368,77
2023-04-01,P007,North,56.83,0,904,72
2023-04-03,P007,North,55.95,0,284,72
2023-04-14,P007,North,57.67,0,108,70
2023-04-22,P007,North,59.53,0,644,47
2023-04-25,P007,North,59.19,0,444,76
2023-04-30,P007,North,56.48,0,152,70
2023-05-05,P007,North,57.41,0,796,63
2023-05-09,P007,North,55.26,0,380,68
2023-05-18,P007,North,59.68,0,412,79
2023-05-20,P007,North,57.01,0,643,63
2023-05-22,P007,North,54.42,0,650,71
2023-05-29,P007,North,56.21,0,437,61
2023-06-02,P007,North,58.5,0,449,68
2023-06-03,P007,North,56.76,0,710,53
2023-06-05,P007,North,56.51,0,982,56
2023-06-07,P007,North,58.11,0,629,72
2023-06-13,P007,North,57.59,0,490,62
2023-06-25,P007,North,59.73,0,262,49
2023-06-27,P007,North,54.42,0,194,60
2023-06-30,P007,North,58.4,0,858,58
2023-07-05,P007,North,54.24,0,222,62
2023-07-14,P007,North,55.92,0,202,57
2023-07-18,P007,North,54.27,0,599,68
2023-07-24,P007,North,49.76,1,442,75
2023-08-02,P007,North,55.09,0,288,55
2023-08-04,P007,North,59.69,0,617,55
2023-08-15,P007,North,55.72,0,604,58
2023-08-18,P007,North,55.24,0,894,45
2023-08-22,P007,North,57.05,0,949,54
2023-08-24,P007,North,57.06,0,425,52
2023-08-31,P007,North,57.95,0,451,47
2023-09-05,P007,North,59.62,0,386,32
2023-09-06,P007,North,58.16,0,701,57
2023-09-08,P007,North,55.02,0,713,48
2023-09-12,P007,North,59.37,0,721,40
2023-09-15,P007,North,56.85,0,676,40
2023-09-16,P007,North,58.79,0,873,42
2023-09-18,P007,North,57.32,0,406,29
2023-09-20,P007,North,58.47,0,368,40
2023-09-22,P007,North,59.77,0,457,52
2023-09-25,P007,North,58.61,0,277,46
2023-09-28,P007,North,50.6,1,132,76
2023-10-01,P007,North,59.64,0,871,52
2023-10-07,P007,North,56.0,0,498,40
2023-10-09,P007,North,55.05,0,991,38
2023-10-11,P007,North,54.93,0,865,66
2023-10-12,P007,North,57.32,0,317,39
2023-10-13,P007,North,55.0,0,731,42
2023-10-19,P007,North,54.59,0,606,45
2023-10-21,P007,North,57.95,0,283,43
2023-10-26,P007,North,54.66,0,866,45
2023-10-30,P007,North,54.43,0,480,48
2023-11-04,P007,North,56.7,0,327,39
2023-11-09,P007,North,59.71,0,456,34
2023-11-11,P007,North,57.83,0,962,29
2023-12-12,P007,North,59.34,0,107,64
2023-12-13,P007,North,56.08,0,92,59
2023-12-20,P007,North,58.64,0,385,48
2023-12-25,P007,North,54.71,0,671,57
2023-12-27,P007,North,59.01,0,441,62
2024-01-01,P007,North,57.09,0,800,59
2024-01-04,P007,North,59.59,0,393,59
2024-01-11,P007,North,56.67,0,374,70
2024-01-18,P007,North,56.24,0,132,71
2024-01-22,P007,North,55.84,0,177,54
2024-01-27,P007,North,57.43,0,149,55
2024-01-30,P007,North,51.5,1,791,120
2024-02-08,P007,North,59.63,0,404,80
2024-02-11,P007,North,57.08,0,160,63
2024-02-19,P007,North,55.28,0,672,48
2024-03-08,P007,North,59.19,0,583,67
2024-03-10,P007,North,56.22,0,404,63
2024-03-23,P007,North,55.03,0,791,54
2024-03-25,P007,North,55.05,0,453,74
2024-03-26,P007,North,54.74,0,51,60
2024-03-28,P007,North,57.88,0,98,50
2024-03-30,P007,North,56.91,0,307,62
2024-04-02,P007,North,57.11,0,813,93
2024-04-10,P007,North,57.16,0,160,83
2024-04-12,P007,North,55.0,0,300,67
2024-04-22,P007,North,56.4,0,931,78
2024-04-29,P007,North,56.31,0,613,65
2024-05-01,P007,North,55.88,0,130,72
2024-05-02,P007,North,56.52,0,236,74
2024-05-04,P007,North,50.2,1,428,104
2024-05-11,P007,North,57.55,0,399,59
2024-05-12,P007,North,58.97,0,291,58
2024-05-15,P007,North,59.38,0,607,72
2024-05-19,P007,North,55.33,0,947,63
2024-05-20,P007,North,55.59,0,534,61
2024-05-21,P007,North,57.83,0,344,82
2024-05-25,P007,North,57.43,0,417,52
2024-05-31,P007,North,55.14,0,169,58
2024-06-13,P007,North,56.08,0,134,75
2024-06-15,P007,North,54.86,0,498,48
2024-06-18,P007,North,56.51,0,636,49
2024-06-19,P007,North,55.99,0,349,34
2024-06-30,P007,North,57.11,0,325,55
2024-07-01,P007,North,55.15,0,519,75
2024-07-05,P007,North,57.69,0,710,51
2024-07-14,P007,North,57.6,0,278,37
2024-07-21,P007,North,55.97,0,610,38
2024-07-22,P007,North,54.58,0,994,38
2024-07-25,P007,North,56.68,0,106,67
2024-07-29,P007,North,55.67,0,82,56
2024-07-30,P007,North,59.84,0,363,55
2024-08-02,P007,North,56.83,0,57,51
2024-08-03,P007,North,58.59,0,574,36
2024-08-06,P007,North,59.24,0,861,57
2024-08-14,P007,North,56.88,0,484,55
2024-08-15,P007,North,56.51,0,662,48
2024-08-27,P007,North,55.35,0,192,49
2024-09-03,P007,North,56.67,0,551,44
2024-09-04,P007,North,55.51,0,949,45
2024-09-07,P007,North,55.07,0,336,37
2024-09-09,P007,North,54.69,0,853,45
2024-09-13,P007,North,56.52,0,142,45
2024-09-14,P007,North,58.39,0,95,41
2024-09-24,P007,North,57.86,0,734,44
2024-10-02,P007,North,56.98,0,618,36
2024-10-08,P007,North,57.05,0,837,52
2024-10-15,P007,North,50.81,1,248,74
2024-10-25,P007,North,57.36,0,459,37
2024-11-05,P007,North,54.97,0,423,56
2024-11-16,P007,North,55.76,0,549,50
2024-11-20,P007,North,53.1,1,542,83
2024-11-24,P007,North,58.5,0,388,58
2024-12-07,P007,North,59.08,0,277,50
2024-12-08,P007,North,55.32,0,822,48
2024-12-10,P007,North,57.79,0,748,50
2024-12-20,P007,North,57.59,0,899,54
