data/sales_data.csv
Date,Product,Region,Price,Promo,Inventory,Sales
2022-01-03,P008,West,58.23,0,847,58
2022-01-04,P008,West,56.48,0,735,64
2022-01-14,P008,West,58.1,0,245,73
2022-01-15,P008,West,49.87,1,349,83
2022-01-22,P008,West,57.82,0,127,54
2022-01-30,P008,West,59.15,0,451,41
2022-02-07,P008,West,55.92,0,101,74
2022-02-11,P008,West,58.85,0,979,63
2022-02-15,P008,West,60.42,0,639,75
2022-02-16,P008,West,59.3,0,245,78
2022-02-17,P008,West,58.49,0,787,75
2022-02-21,P008,West,55.47,0,495,74
2022-02-27,P008,West,57.28,0,127,65
2022-02-28,P008,West,57.19,0,134,63
2022-03-03,P008,West,59.64,0,788,72
2022-03-14,P008,West,57.52,0,711,67
2022-03-16,P008,West,60.62,0,717,58
2022-03-17,P008,West,58.5,0,524,62
2022-03-18,P008,West,60.27,0,825,67
2022-03-24,P008,West,57.73,0,186,63
2022-03-25,P008,West,55.46,0,853,38
2022-03-26,P008,West,55.85,0,648,64
2022-03-30,P008,West,55.73,0,711,77
2022-04-01,P008,West,59.84,0,726,72
2022-04-02,P008,West,58.56,0,120,62
2022-04-06,P008,West,55.64,0,739,76
2022-05-02,P008,West,55.99,0,943,77
2022-05-11,P008,West,55.74,0,283,82
2022-05-13,P008,West,59.18,0,51,73
2022-05-19,P008,West,58.46,0,893,60
2022-05-24,P008,West,59.4,0,77,70
2022-05-30,P008,West,58.39,0,64,68
2022-06-09,P008,West,56.92,0,402,53
2022-06-15,P008,West,59.15,0,900,54
2022-06-17,P008,West,59.03,0,759,68
2022-06-24,P008,West,56.92,0,242,59
2022-07-01,P008,West,56.07,0,501,48
2022-07-13,P008,West,56.54,0,673,65
2022-07-22,P008,West,56.41,0,950,59
2022-07-31,P008,West,58.55,0,605,44
2022-08-01,P008,West,60.34,0,981,51
2022-08-04,P008,West,55.7,0,862,38
2022-08-06,P008,West,58.33,0,370,52
2022-08-10,P008,West,58.15,0,221,56
2022-08-16,P008,West,58.47,0,648,48
2022-08-24,P008,West,59.63,0,570,56
2022-08-26,P008,West,60.31,0,655,52
2022-08-28,P008,West,55.78,0,412,46
2022-08-30,P008,West,56.94,0,450,57
2022-09-12,P008,West,60.74,0,164,52
2022-09-14,P008,West,55.37,0,458,38
2022-09-24,P008,West,57.2,0,841,32
2022-09-27,P008,West,56.9,0,116,58
2022-09-30,P008,West,60.16,0,840,56
2022-10-03,P008,West,57.01,0,732,36
2022-10-07,P008,West,58.84,0,617,35
2022-10-13,P008,West,56.62,0,829,54
2022-10-16,P008,West,55.92,0,161,36
2022-10-17,P008,West,55.97,0,268,49
2022-10-20,P008,West,58.68,0,209,37
2022-10-22,P008,West,59.42,0,283,42
2022-10-24,P008,West,58.42,0,983,32
2022-10-31,P008,West,55.6,0,309,48
2022-11-12,P008,West,56.72,0,301,54
2022-11-22,P008,West,55.76,0,512,60
2022-11-26,P008,West,60.07,0,177,51
2022-11-28,P008,West,59.1,0,328,50
2022-11-30,P008,West,58.91,0,762,66
2022-12-03,P008,West,57.06,0,83,39
2022-12-06,P008,West,60.17,0,891,59
2022-12-07,P008,West,53.18,1,108,74
2022-12-21,P008,West,56.61,0,750,51
2022-12-26,P008,West,56.64,0,188,57
2023-01-10,P008,West,59.67,0,476,65
2023-01-13,P008,West,57.11,0,997,60
2023-01-17,P008,West,58.56,0,200,67
2023-01-27,P008,West,55.58,0,231,77
2023-02-15,P008,West,59.22,0,51,68
2023-02-18,P008,West,55.47,0,790,69
2023-03-03,P008,West,58.74,0,59,70
2023-03-07,P008,West,58.58,0,384,92
2023-03-08,P008,West,60.08,0,153,69
2023-03-15,P008,West,59.84,0,749,74
2023-03-20,P008,West,59.7,0,557,57
2023-03-21,P008,West,55.24,0,743,80
2023-03-27,P008,West,59.31,0,946,52
2023-04-02,P008,West,58.69,0,171,70
2023-04-12,P008,West,59.72,0,650,66
2023-04-15,P008,West,58.3,0,243,71
2023-04-18,P008,West,57.98,0,274,83
2023-04-30,P008,West,55.99,0,832,58
2023-05-01,P008,West,57.7,0,613,75
2023-05-19,P008,West,57.54,0,542,58
2023-05-28,P008,West,58.83,0,965,64
2023-05-29,P008,West,56.8,0,899,49
2023-05-31,P008,West,58.39,0,69,72
2023-06-01,P008,West,56.36,0,240,83
2023-06-09,P008,West,58.61,0,568,70
2023-06-13,P008,West,55.99,0,672,65
2023-06-15,P008,West,53.91,1,669,94
2023-06-17,P008,West,56.77,0,300,58
2023-06-24,P008,West,57.69,0,548,49
2023-07-04,P008,West,55.33,0,943,66
2023-07-07,P008,West,55.45,0,788,65
2023-07-19,P008,West,56.13,0,937,58
2023-07-23,P008,West,59.95,0,426,49
2023-07-27,P008,West,59.91,0,478,51
2023-08-03,P008,West,58.22,0,815,54
2023-08-07,P008,West,59.51,0,614,42
2023-08-08,P008,West,52.62,1,313,102
2023-08-16,P008,West,57.78,0,929,51
2023-09-08,P008,West,55.51,0,657,35
2023-09-15,P008,West,56.0,0,198,52
2023-09-16,P008,West,57.29,0,723,39
2023-09-17,P008,West,57.36,0,372,47
2023-09-24,P008,West,50.86,1,280,69
2023-09-28,P008,West,59.56,0,777,49
2023-10-05,P008,West,57.94,0,760,48
2023-10-10,P008,West,55.18,0,631,50
2023-10-18,P008,West,60.44,0,121,63
2023-10-21,P008,West,59.48,0,701,38
2023-10-25,P008,West,55.49,0,694,44
2023-10-30,P008,West,55.28,0,820,52
2023-11-04,P008,West,56.95,0,238,51
2023-11-10,P008,West,58.19,0,413,48
2023-11-11,P008,West,57.65,0,656,39
2023-11-16,P008,West,58.62,0,462,51
2023-11-23,P008,West,55.18,0,851,36
2023-12-04,P008,West,55.66,0,527,60
2023-12-05,P008,West,58.11,0,721,48
2023-12-06,P008,West,58.47,0,241,72
2023-12-15,P008,West,59.69,0,434,44
2023-12-18,P008,West,55.96,0,885,46
2023-12-20,P008,West,57.71,0,458,54
2023-12-22,P008,West,59.55,0,420,46
2023-12-25,P008,West,56.4,0,476,63
2023-12-27,P008,West,60.14,0,530,61
2024-01-01,P008,West,57.14,0,477,49
2024-01-15,P008,West,58.34,0,335,63
2024-01-23,P008,West,56.04,0,664,71
2024-01-24,P008,West,59.46,0,889,75
2024-01-30,P008,West,59.8,0,267,52
2024-02-02,P008,West,57.39,0,625,65
2024-02-09,P008,West,55.37,0,784,44
2024-02-13,P008,West,56.39,0,750,69
2024-02-14,P008,West,60.77,0,476,65
2024-02-18,P008,West,60.64,0,812,63
2024-02-24,P008,West,60.15,0,200,53
2024-02-28,P008,West,58.43,0,725,72
2024-03-01,P008,West,59.42,0,899,67
2024-03-02,P008,West,56.96,0,907,70
2024-03-06,P008,West,55.49,0,773,78
2024-03-08,P008,West,55.74,0,382,64
2024-03-14,P008,West,55.2,0,804,66
2024-03-19,P008,West,58.3,0,170,76
2024-03-20,P008,West,57.8,0,243,71
2024-03-28,P008,West,60.0,0,943,71
2024-03-29,P008,West,59.34,0,825,79
2024-04-05,P008,West,58.5,0,762,56
2024-04-06,P008,West,59.14,0,211,62
2024-04-12,P008,West,57.24,0,753,82
2024-04-14,P008,West,56.29,0,807,65
2024-04-20,P008,West,57.9,0,99,53
2024-05-03,P008,West,57.13,0,414,60
2024-05-04,P008,West,55.78,0,438,64
2024-05-09,P008,West,59.99,0,639,62
2024-05-12,P008,West,60.61,0,470,53
2024-05-31,P008,West,58.56,0,298,47
2024-06-01,P008,West,55.88,0,504,55
2024-06-03,P008,West,56.84,0,592,74
2024-06-05,P008,West,60.01,0,529,68
2024-06-08,P008,West,55.67,0,53,50
2024-06-17,P008,West,59.09,0,693,70
2024-06-18,P008,West,57.4,0,944,75
2024-06-28,P008,West,59.67,0,461,49
2024-07-01,P008,West,59.93,0,711,57
2024-07-09,P008,West,60.3,0,209,61
2024-07-11,P008,West,57.88,0,929,50
2024-07-19,P008,West,56.17,0,647,54
2024-07-26,P008,West,59.41,0,708,39
2024-08-12,P008,West,60.57,0,121,51
2024-08-14,P008,West,59.12,0,381,72
2024-08-31,P008,West,58.81,0,193,39
2024-09-02,P008,West,56.76,0,872,45
2024-09-06,P008,West,56.35,0,578,39
2024-10-03,P008,West,55.38,0,278,44
2024-10-04,P008,West,60.19,0,114,38
2024-10-05,P008,West,60.76,0,213,32
2024-10-07,P008,West,57.13,0,518,52
2024-10-08,P008,West,57.52,0,608,39
2024-10-13,P008,West,60.87,0,539,38
2024-10-16,P008,West,60.55,0,551,51
2024-10-23,P008,West,55.81,0,101,51
2024-10-27,P008,West,58.05,0,788,36
2024-11-02,P008,West,60.47,0,780,41
2024-11-04,P008,West,57.87,0,449,57
2024-11-11,P008,West,56.23,0,992,51
2024-11-17,P008,West,59.88,0,287,60
2024-11-26,P008,West,60.01,0,420,49
2024-11-28,P008,West,58.5,0,846,56
2024-12-02,P008,West,59.04,0,508,53
2024-12-04,P008,West,56.2,0,705,58
2024-12-05,P008,West,56.89,0,242,35
2024-12-10,P008,West,51.4,1,742,109
2024-12-18,P008,West,58.86,0,243,59
2022-01-03,P010,West,58.45,0,630,63
2022-01-06,P010,West,62.0,0,770,66
2022-01-16,P010,West,59.72,0,753,59
2022-01-17,P010,West,60.51,0,700,66
2022-01-26,P010,West,52.78,1,830,92
2022-01-30,P010,West,61.02,0,898,56
2022-02-04,P010,West,58.5,0,166,70
2022-02-06,P010,West,60.38,0,895,47
2022-02-10,P010,West,61.83,0,347,91
2022-02-14,P010,West,62.96,0,452,64
2022-03-01,P010,West,58.49,0,710,95
2022-03-06,P010,West,58.04,0,464,64
2022-03-08,P010,West,62.95,0,227,59
2022-03-09,P010,West,62.86,0,799,81
2022-03-11,P010,West,57.3,0,635,64
2022-03-15,P010,West,60.08,0,935,63
2022-03-18,P010,West,57.62,0,565,61
2022-03-20,P010,West,61.06,0,486,68
2022-03-21,P010,West,57.07,0,939,73
2022-03-30,P010,West,60.76,0,794,90
2022-04-09,P010,West,59.37,0,958,72
2022-04-10,P010,West,57.81,0,764,70
2022-04-16,P010,West,60.11,0,961,64
2022-04-21,P010,West,58.13,0,184,64
2022-04-22,P010,West,62.63,0,635,58
2022-05-01,P010,West,61.77,0,745,78
2022-05-05,P010,West,58.6,0,150,69
2022-05-06,P010,West,61.15,0,733,49
2022-05-08,P010,West,61.73,0,93,63
2022-05-13,P010,West,60.68,0,639,68
2022-05-14,P010,West,59.21,0,739,51
2022-05-15,P010,West,59.23,0,345,58
2022-05-18,P010,West,62.82,0,663,80
2022-05-28,P010,West,61.11,0,597,69
2022-05-31,P010,West,61.03,0,185,86
2022-06-04,P010,West,62.51,0,879,48
2022-06-06,P010,West,60.05,0,651,71
2022-06-07,P010,West,61.62,0,620,72
2022-06-15,P010,West,62.67,0,700,75
2022-06-19,P010,West,59.89,0,685,52
2022-06-22,P010,West,60.83,0,859,56
2022-06-26,P010,West,61.94,0,920,52
2022-07-03,P010,West,52.21,1,553,77
2022-07-07,P010,West,60.0,0,516,76
2022-07-08,P010,West,58.17,0,926,62
2022-07-13,P010,West,60.12,0,785,52
2022-07-14,P010,West,60.08,0,102,56
2022-07-15,P010,West,59.37,0,356,54
2022-07-16,P010,West,60.58,0,58,45
2022-07-17,P010,West,59.18,0,409,51
2022-07-18,P010,West,59.85,0,829,61
2022-07-23,P010,West,59.89,0,473,56
2022-08-02,P010,West,60.92,0,277,65
2022-08-03,P010,West,60.68,0,609,63
2022-08-09,P010,West,58.03,0,258,64
2022-08-10,P010,West,58.54,0,548,48
2022-08-13,P010,West,60.48,0,432,37
2022-08-23,P010,West,55.86,1,919,70
2022-08-28,P010,West,61.41,0,738,53
2022-08-29,P010,West,62.25,0,734,45
2022-08-30,P010,West,57.27,0,508,66
2022-09-05,P010,West,61.62,0,404,45
2022-09-24,P010,West,62.83,0,315,44
2022-09-29,P010,West,57.79,0,482,48
2022-10-15,P010,West,59.21,0,71,58
2022-10-21,P010,West,58.51,0,403,53
2022-10-29,P010,West,57.13,0,838,38
2022-10-30,P010,West,58.13,0,756,44
2022-11-09,P010,West,62.17,0,919,56
2022-11-14,P010,West,60.1,0,176,56
2022-11-17,P010,West,62.51,0,766,55
2022-11-19,P010,West,61.51,0,938,45
2022-11-24,P010,West,61.27,0,940,56
2022-12-04,P010,West,57.53,0,791,56
2022-12-06,P010,West,62.2,0,93,77
2022-12-10,P010,West,61.9,0,571,44
2022-12-20,P010,West,59.34,0,795,65
2022-12-21,P010,West,62.81,0,225,62
2022-12-31,P010,West,59.1,0,439,49
2023-01-03,P010,West,61.22,0,660,81
2023-01-04,P010,West,58.89,0,733,73
2023-01-14,P010,West,60.83,0,485,56
2023-01-24,P010,West,61.98,0,719,72
2023-01-25,P010,West,62.29,0,859,82
2023-02-02,P010,West,61.26,0,767,76
2023-02-04,P010,West,61.7,0,357,66
2023-02-06,P010,West,62.66,0,988,51
2023-02-08,P010,West,61.08,0,961,62
2023-02-12,P010,West,61.76,0,332,53
2023-02-18,P010,West,61.67,0,258,74
2023-02-21,P010,West,62.7,0,184,77
2023-02-23,P010,West,58.91,0,957,69
2023-02-26,P010,West,62.22,0,606,62
2023-03-03,P010,West,57.86,0,682,65
2023-03-15,P010,West,58.23,0,598,78
2023-03-20,P010,West,59.44,0,198,71
2023-03-26,P010,West,57.11,0,731,53
2023-03-27,P010,West,62.8,0,159,75
2023-03-28,P010,West,58.76,0,528,67
2023-03-31,P010,West,60.82,0,891,68
2023-04-04,P010,West,59.54,0,523,86
2023-04-13,P010,West,62.84,0,433,66
2023-04-19,P010,West,60.03,0,978,63
2023-04-23,P010,West,58.47,0,105,87
2023-04-26,P010,West,53.22,1,765,132
2023-04-28,P010,West,61.88,0,147,78
2023-04-30,P010,West,57.98,0,280,57
2023-05-05,P010,West,57.08,0,817,56
2023-05-08,P010,West,58.26,0,654,71
2023-05-17,P010,West,59.18,0,674,80
2023-05-20,P010,West,61.29,0,692,60
2023-06-09,P010,West,59.09,0,729,62
2023-06-12,P010,West,62.48,0,707,64
2023-06-19,P010,West,57.18,0,447,63
2023-07-06,P010,West,62.67,0,695,50
2023-07-09,P010,West,61.11,0,755,49
2023-07-13,P010,West,59.72,0,456,56
2023-07-16,P010,West,62.77,0,359,56
2023-07-18,P010,West,59.86,0,341,46
2023-07-25,P010,West,58.05,0,305,58
2023-07-26,P010,West,60.05,0,516,53
2023-07-30,P010,West,61.1,0,715,50
2023-07-31,P010,West,57.9,0,812,46
2023-08-01,P010,West,57.46,0,797,79
2023-08-08,P010,West,57.56,0,448,56
2023-08-09,P010,West,60.13,0,866,70
2023-08-12,P010,West,60.91,0,208,48
2023-08-16,P010,West,59.9,0,227,59
2023-08-18,P010,West,59.93,0,492,46
2023-08-19,P010,West,60.81,0,679,48
2023-08-21,P010,West,58.24,0,895,69
2023-09-01,P010,West,59.96,0,973,48
2023-09-02,P010,West,62.11,0,822,44
2023-09-04,P010,West,59.87,0,180,44
2023-09-06,P010,West,60.95,0,103,67
2023-09-13,P010,West,58.32,0,737,66
2023-09-24,P010,West,62.4,0,202,48
2023-09-26,P010,West,58.62,0,137,48
2023-09-30,P010,West,62.73,0,921,39
2023-10-04,P010,West,61.98,0,631,62
2023-10-10,P010,West,61.17,0,313,58
2023-10-17,P010,West,60.08,0,954,54
2023-10-24,P010,West,59.97,0,631,56
2023-10-25,P010,West,61.82,0,91,54
2023-10-27,P010,West,57.98,0,588,52
2023-11-30,P010,West,62.99,0,491,48
2023-12-10,P010,West,62.96,0,960,42
2023-12-13,P010,West,55.13,1,351,92
2023-12-20,P010,West,62.1,0,184,63
2023-12-22,P010,West,59.58,0,165,57
2023-12-23,P010,West,59.51,0,199,40
2023-12-24,P010,West,58.69,0,646,53
2023-12-25,P010,West,61.2,0,104,50
2023-12-31,P010,West,61.87,0,499,44
2024-01-03,P010,West,57.3,0,727,60
2024-01-15,P010,West,61.04,0,323,55
2024-01-16,P010,West,59.45,0,133,80
2024-01-17,P010,West,58.37,0,153,87
2024-01-26,P010,West,59.16,0,858,51
2024-01-30,P010,West,62.46,0,301,75
2024-01-31,P010,West,61.25,0,869,81
2024-02-09,P010,West,61.94,0,816,57
2024-02-10,P010,West,59.22,0,473,55
2024-02-20,P010,West,52.94,1,460,97
2024-02-23,P010,West,62.63,0,695,73
2024-03-03,P010,West,60.92,0,935,76
2024-03-06,P010,West,61.6,0,197,69
2024-03-12,P010,West,57.76,0,755,81
2024-03-23,P010,West,60.48,0,938,64
2024-03-29,P010,West,58.72,0,471,67
2024-04-08,P010,West,62.89,0,58,72
2024-04-10,P010,West,61.59,0,935,99
2024-04-13,P010,West,58.2,0,301,75
2024-04-17,P010,West,62.11,0,779,76
2024-04-21,P010,West,59.67,0,803,69
2024-04-24,P010,West,61.52,0,534,91
2024-04-25,P010,West,59.73,0,204,74
2024-04-27,P010,West,59.92,0,291,67
2024-05-01,P010,West,58.89,0,142,73
2024-05-02,P010,West,60.41,0,883,76
2024-05-04,P010,West,60.78,0,497,58
2024-05-10,P010,West,57.91,0,638,57
2024-05-20,P010,West,57.44,0,131,71
2024-05-22,P010,West,56.61,1,864,95
2024-05-27,P010,West,59.37,0,363,70
2024-06-01,P010,West,57.54,0,569,61
2024-06-03,P010,West,62.18,0,311,61
2024-06-04,P010,West,62.03,0,179,62
2024-06-05,P010,West,58.54,0,338,71
2024-06-06,P010,West,62.28,0,559,75
2024-06-11,P010,West,54.45,1,428,120
2024-06-19,P010,West,61.29,0,51,72
2024-06-24,P010,West,57.3,0,753,60
2024-07-01,P010,West,58.92,0,247,53
2024-07-06,P010,West,60.46,0,219,46
2024-07-13,P010,West,58.01,0,879,49
2024-07-16,P010,West,61.16,0,312,53
2024-07-25,P010,West,60.38,0,277,50
2024-08-02,P010,West,57.45,0,402,54
2024-08-10,P010,West,59.87,0,585,49
2024-08-11,P010,West,60.53,0,495,47
2024-08-14,P010,West,58.56,0,335,59
2024-08-16,P010,West,59.72,0,846,56
2024-08-17,P010,West,52.77,1,175,60
2024-08-18,P010,West,60.9,0,949,47
2024-08-28,P010,West,59.51,0,256,52
2024-09-10,P010,West,60.06,0,189,57
2024-09-19,P010,West,62.04,0,217,43
2024-09-21,P010,West,59.17,0,403,38
2024-10-04,P010,West,58.34,0,783,43
2024-10-10,P010,West,60.07,0,389,57
2024-10-18,P010,West,61.47,0,999,47
2024-10-27,P010,West,60.31,0,404,47
2024-10-29,P010,West,57.65,0,237,57
2024-10-30,P010,West,59.52,0,687,51
2024-11-04,P010,West,62.39,0,582,59
2024-11-10,P010,West,58.27,0,704,50
2024-11-20,P010,West,59.35,0,680,59
2024-11-22,P010,West,60.83,0,426,57
2024-11-26,P010,West,61.41,0,222,70
2024-11-27,P010,West,60.34,0,438,68
2024-12-07,P010,West,61.67,0,536,48
2024-12-08,P010,West,62.98,0,639,44
2024-12-17,P010,West,62.09,0,800,41
