data/sales_data.csv
Date,Product,Region,Price,Promo,Inventory,Sales
2022-01-04,P002,South,51.87,0,612,55
2022-01-14,P002,South,54.42,0,326,53
2022-01-17,P002,South,52.23,0,713,47
2022-01-18,P002,South,53.01,0,345,70
2022-01-25,P002,South,49.63,0,852,55
2022-01-31,P002,South,51.18,0,834,63
2022-02-01,P002,South,50.12,0,306,57
2022-02-18,P002,South,51.23,0,193,49
2022-02-24,P002,South,51.21,0,149,70
2022-02-27,P002,South,53.59,0,633,59
2022-03-07,P002,South,49.72,0,849,65
2022-03-08,P002,South,52.74,0,866,69
2022-03-18,P002,South,54.53,0,964,55
2022-03-21,P002,South,54.05,0,686,62
2022-03-25,P002,South,52.78,0,232,41
2022-03-30,P002,South,50.62,0,341,69
2022-04-07,P002,South,50.7,0,683,72
2022-04-16,P002,South,54.33,0,621,59
2022-04-21,P002,South,52.38,0,486,55
2022-04-22,P002,South,50.6,0,76,70
2022-05-03,P002,South,51.61,0,889,59
2022-05-10,P002,South,54.21,0,91,73
2022-05-12,P002,South,54.47,0,257,65
2022-05-17,P002,South,49.88,0,106,66
2022-05-30,P002,South,52.97,0,896,54
2022-05-31,P002,South,50.87,0,743,64
2022-06-10,P002,South,49.84,0,600,42
2022-06-15,P002,South,54.52,0,850,51
2022-06-17,P002,South,54.43,0,87,63
2022-06-19,P002,South,53.57,0,106,47
2022-06-22,P002,South,51.37,0,433,55
2022-06-25,P002,South,52.97,0,463,42
2022-06-27,P002,South,49.9,0,765,44
2022-06-28,P002,South,52.56,0,231,41
2022-07-02,P002,South,51.81,0,514,44
2022-07-03,P002,South,51.77,0,747,46
2022-07-11,P002,South,50.74,0,821,52
2022-07-17,P002,South,50.37,0,337,40
2022-07-26,P002,South,53.68,0,622,61
2022-07-29,P002,South,53.84,0,278,40
2022-07-31,P002,South,52.24,0,220,45
2022-08-08,P002,South,49.79,0,556,36
2022-08-17,P002,South,53.98,0,795,37
2022-08-21,P002,South,50.79,0,764,35
2022-08-26,P002,South,52.69,0,841,44
2022-09-05,P002,South,53.95,0,381,38
2022-09-06,P002,South,54.58,0,250,43
2022-09-08,P002,South,51.79,0,948,32
2022-09-10,P002,South,54.08,0,569,41
2022-09-28,P002,South,51.84,0,89,44
2022-10-08,P002,South,51.24,0,786,33
2022-10-10,P002,South,52.38,0,962,47
2022-10-16,P002,South,50.05,0,691,45
2022-10-17,P002,South,52.87,0,329,48
2022-10-26,P002,South,51.39,0,210,50
2022-10-29,P002,South,51.01,0,271,31
2022-10-30,P002,South,52.71,0,748,43
2022-11-05,P002,South,50.0,0,90,36
2022-11-07,P002,South,49.87,0,551,36
2022-11-12,P002,South,49.8,0,841,37
2022-11-14,P002,South,49.67,0,199,47
2022-11-27,P002,South,53.27,0,798,52
2022-11-28,P002,South,50.32,0,837,53
2022-12-05,P002,South,52.06,0,379,45
2022-12-06,P002,South,51.37,0,832,48
2022-12-07,P002,South,54.39,0,983,59
2022-12-14,P002,South,53.6,0,371,54
2022-12-20,P002,South,47.34,1,331,86
2022-12-26,P002,South,53.97,0,710,53
2022-12-29,P002,South,53.99,0,321,51
2022-12-30,P002,South,50.27,0,999,48
2023-01-04,P002,South,50.21,0,879,58
2023-01-09,P002,South,49.93,0,195,60
2023-01-10,P002,South,49.96,0,268,29
2023-01-14,P002,South,52.59,0,449,43
2023-01-15,P002,South,54.0,0,400,53
2023-01-21,P002,South,52.25,0,351,57
2023-01-22,P002,South,50.97,0,130,44
2023-01-26,P002,South,49.71,0,932,51
2023-01-31,P002,South,48.61,1,169,84
2023-02-03,P002,South,50.84,0,781,55
2023-02-05,P002,South,52.35,0,402,43
2023-02-12,P002,South,54.18,0,570,51
2023-02-15,P002,South,52.96,0,971,68
2023-02-19,P002,South,51.15,0,743,53
2023-03-02,P002,South,53.13,0,206,49
2023-03-10,P002,South,51.87,0,59,56
2023-03-15,P002,South,52.35,0,415,53
2023-03-19,P002,South,51.34,0,557,48
2023-03-20,P002,South,54.37,0,626,62
2023-03-22,P002,South,52.21,0,464,58
2023-03-23,P002,South,50.8,0,497,50
2023-03-28,P002,South,51.01,0,915,67
2023-04-06,P002,South,54.32,0,930,57
2023-04-11,P002,South,54.38,0,300,72
2023-04-12,P002,South,49.7,0,848,76
2023-04-19,P002,South,52.35,0,337,73
2023-04-26,P002,South,51.14,0,584,59
2023-04-28,P002,South,46.41,1,124,83
2023-04-29,P002,South,51.49,0,80,53
2023-05-05,P002,South,45.52,1,976,51
2023-05-07,P002,South,49.62,0,688,47
2023-05-10,P002,South,46.14,1,550,84
2023-05-11,P002,South,50.31,0,335,67
2023-05-14,P002,South,53.14,0,649,63
2023-05-24,P002,South,54.48,0,862,51
2023-06-01,P002,South,49.65,0,436,50
2023-06-04,P002,South,53.31,0,827,48
2023-06-06,P002,South,50.81,0,649,71
2023-06-10,P002,South,53.17,0,516,54
2023-06-11,P002,South,50.14,0,201,55
2023-06-13,P002,South,53.68,0,685,57
2023-06-16,P002,South,51.27,0,296,56
2023-06-20,P002,South,51.32,0,874,66
2023-06-22,P002,South,50.4,0,710,50
2023-06-27,P002,South,53.12,0,220,46
2023-07-03,P002,South,50.63,0,607,49
2023-07-05,P002,South,49.49,0,154,47
2023-07-11,P002,South,53.06,0,478,45
2023-07-13,P002,South,51.66,0,545,55
2023-07-14,P002,South,52.96,0,520,48
2023-07-17,P002,South,48.91,1,163,74
2023-07-18,P002,South,53.08,0,658,50
2023-07-19,P002,South,50.05,0,335,70
2023-07-23,P002,South,53.22,0,326,41
2023-07-31,P002,South,51.79,0,309,55
2023-08-05,P002,South,49.74,0,314,42
2023-08-07,P002,South,49.84,0,880,55
2023-08-11,P002,South,50.49,0,497,35
2023-08-13,P002,South,52.85,0,221,49
2023-08-14,P002,South,46.02,1,261,63
2023-08-17,P002,South,52.77,0,798,51
2023-08-19,P002,South,53.55,0,642,34
2023-08-21,P002,South,50.23,0,436,48
2023-08-28,P002,South,52.57,0,314,39
2023-08-29,P002,South,53.52,0,466,53
2023-09-04,P002,South,51.18,0,361,51
2023-09-05,P002,South,50.76,0,207,35
2023-09-15,P002,South,52.04,0,980,44
2023-09-27,P002,South,51.61,0,413,43
2023-09-28,P002,South,47.35,1,915,65
2023-09-29,P002,South,52.95,0,948,39
2023-10-03,P002,South,51.65,0,816,50
2023-10-04,P002,South,51.83,0,763,42
2023-10-06,P002,South,50.21,0,245,39
2023-10-24,P002,South,52.02,0,143,44
2023-10-25,P002,South,51.41,0,626,47
2023-10-29,P002,South,53.55,0,656,47
2023-10-31,P002,South,53.82,0,382,46
2023-11-03,P002,South,52.16,0,597,45
2023-11-07,P002,South,53.15,0,544,56
2023-11-10,P002,South,51.65,0,401,31
2023-11-17,P002,South,50.56,0,843,54
2023-11-21,P002,South,52.6,0,673,34
2023-11-26,P002,South,50.53,0,687,52
2023-12-04,P002,South,51.78,0,492,48
2023-12-06,P002,South,53.43,0,297,43
2023-12-11,P002,South,49.12,1,690,89
2023-12-12,P002,South,52.67,0,415,51
2023-12-18,P002,South,54.57,0,114,46
2023-12-20,P002,South,52.31,0,190,48
2024-01-05,P002,South,53.06,0,231,56
2024-01-07,P002,South,45.11,1,302,60
2024-01-10,P002,South,51.33,0,390,67
2024-01-11,P002,South,53.7,0,226,40
2024-01-14,P002,South,51.82,0,128,42
2024-01-18,P002,South,53.78,0,214,57
2024-01-19,P002,South,53.67,0,314,44
2024-01-21,P002,South,53.5,0,892,45
2024-01-26,P002,South,51.76,0,984,68
2024-01-28,P002,South,50.81,0,728,71
2024-02-06,P002,South,52.83,0,212,49
2024-02-08,P002,South,51.87,0,280,62
2024-02-11,P002,South,53.58,0,703,51
2024-02-12,P002,South,52.33,0,238,65
2024-02-14,P002,South,53.52,0,436,76
2024-02-16,P002,South,53.56,0,128,57
2024-02-19,P002,South,49.44,0,377,50
2024-02-20,P002,South,52.78,0,452,65
2024-03-01,P002,South,51.34,0,394,70
2024-03-05,P002,South,54.32,0,134,60
2024-03-28,P002,South,53.44,0,561,73
2024-04-08,P002,South,50.33,0,210,63
2024-04-20,P002,South,53.64,0,253,53
2024-04-25,P002,South,51.28,0,182,62
2024-04-27,P002,South,51.89,0,965,46
2024-04-30,P002,South,51.32,0,533,75
2024-05-03,P002,South,51.89,0,52,54
2024-05-04,P002,South,53.69,0,816,53
2024-05-09,P002,South,52.88,0,52,54
2024-05-10,P002,South,51.68,0,532,74
2024-05-13,P002,South,54.37,0,178,65
2024-05-14,P002,South,44.7,1,915,83
2024-05-16,P002,South,53.59,0,433,61
2024-05-18,P002,South,53.89,0,689,53
2024-05-25,P002,South,45.64,1,85,93
2024-05-27,P002,South,50.28,0,280,42
2024-06-08,P002,South,49.92,0,670,43
2024-06-09,P002,South,54.57,0,977,52
2024-06-17,P002,South,50.61,0,650,61
2024-06-21,P002,South,53.48,0,505,52
2024-06-22,P002,South,53.41,0,534,52
2024-06-23,P002,South,50.99,0,806,47
2024-06-26,P002,South,52.3,0,593,57
2024-07-01,P002,South,51.54,0,456,60
2024-07-11,P002,South,53.06,0,701,67
2024-07-29,P002,South,51.69,0,165,48
2024-07-31,P002,South,45.33,1,997,91
2024-08-15,P002,South,51.54,0,112,52
2024-08-19,P002,South,54.6,0,428,50
2024-08-21,P002,South,52.98,0,310,42
2024-08-22,P002,South,53.61,0,658,38
2024-08-27,P002,South,53.96,0,75,45
2024-09-01,P002,South,51.68,0,977,43
2024-09-09,P002,South,50.8,0,485,38
2024-09-12,P002,South,53.72,0,608,38
2024-09-14,P002,South,51.06,0,561,42
2024-09-21,P002,South,51.32,0,503,44
2024-09-22,P002,South,53.03,0,245,32
2024-09-28,P002,South,53.88,0,512,33
2024-10-15,P002,South,49.75,0,322,38
2024-10-16,P002,South,53.52,0,399,52
2024-10-31,P002,South,54.47,0,802,46
2024-11-06,P002,South,52.96,0,791,43
2024-11-07,P002,South,51.27,0,315,39
2024-11-09,P002,South,51.37,0,363,40
2024-11-18,P002,South,52.31,0,351,50
2024-11-22,P002,South,49.75,0,203,46
2024-11-28,P002,South,53.23,0,759,44
2024-12-04,P002,South,50.11,0,285,64
2024-12-16,P002,South,49.83,0,580,33
2024-12-19,P002,South,50.69,0,858,51
2022-01-04,P003,South,54.97,0,483,77
2022-01-07,P003,South,55.07,0,810,46
2022-01-08,P003,South,51.6,0,216,62
2022-01-17,P003,South,54.73,0,123,69
2022-01-19,P003,South,55.24,0,570,61
2022-01-22,P003,South,55.14,0,711,64
2022-01-23,P003,South,53.63,0,624,47
2022-02-02,P003,South,50.6,0,479,55
2022-02-17,P003,South,54.08,0,456,73
2022-02-20,P003,South,54.85,0,743,62
2022-02-26,P003,South,51.81,0,600,52
2022-02-28,P003,South,52.06,0,340,55
2022-03-02,P003,South,53.05,0,815,56
2022-03-07,P003,South,54.72,0,431,53
2022-03-12,P003,South,55.53,0,534,60
2022-03-15,P003,South,51.67,0,517,77
2022-03-17,P003,South,54.13,0,752,49
2022-03-19,P003,South,55.13,0,417,57
2022-03-23,P003,South,52.77,0,399,67
2022-03-24,P003,South,50.37,0,803,88
2022-03-28,P003,South,52.6,0,156,68
2022-04-03,P003,South,53.21,0,51,70
2022-04-10,P003,South,55.33,0,767,58
2022-04-15,P003,South,50.52,0,159,56
2022-04-18,P003,South,53.92,0,452,78
2022-04-23,P003,South,52.45,0,802,64
2022-04-27,P003,South,53.67,0,963,83
2022-05-05,P003,South,54.2,0,221,68
2022-05-06,P003,South,50.41,0,58,59
2022-05-10,P003,South,54.84,0,677,61
2022-05-16,P003,South,50.97,0,374,51
2022-05-24,P003,South,51.06,0,782,51
2022-05-28,P003,South,51.51,0,159,62
2022-05-29,P003,South,54.9,0,214,64
2022-05-31,P003,South,52.52,0,199,88
2022-06-02,P003,South,54.71,0,626,70
2022-06-11,P003,South,53.09,0,247,54
2022-06-15,P003,South,52.6,0,983,58
2022-06-21,P003,South,50.39,0,60,61
2022-06-29,P003,South,55.3,0,454,62
2022-06-30,P003,South,54.08,0,63,56
2022-07-03,P003,South,53.54,0,728,49
2022-07-04,P003,South,51.31,0,162,38
2022-07-06,P003,South,54.99,0,853,63
2022-07-09,P003,South,52.69,0,544,45
2022-07-25,P003,South,47.06,1,130,73
2022-08-04,P003,South,50.96,0,272,53
2022-08-12,P003,South,51.89,0,621,41
2022-08-26,P003,South,54.99,0,65,45
2022-08-27,P003,South,53.5,0,428,36
2022-08-28,P003,South,49.62,1,962,45
2022-09-08,P003,South,53.96,0,973,52
2022-09-09,P003,South,50.52,0,168,32
2022-09-11,P003,South,50.86,0,181,33
2022-09-19,P003,South,51.88,0,276,48
2022-09-22,P003,South,52.04,0,571,40
2022-10-05,P003,South,54.44,0,610,39
2022-10-13,P003,South,52.94,0,664,54
2022-10-14,P003,South,54.43,0,728,50
2022-10-15,P003,South,45.33,1,109,63
2022-10-28,P003,South,50.39,0,692,41
2022-10-29,P003,South,51.44,0,787,35
2022-10-31,P003,South,54.29,0,343,37
2022-11-02,P003,South,53.96,0,118,47
2022-11-05,P003,South,51.94,0,814,39
2022-11-19,P003,South,50.74,0,838,38
2022-11-24,P003,South,53.5,0,624,49
2022-11-25,P003,South,53.44,0,130,45
2022-11-26,P003,South,55.42,0,934,40
2022-12-03,P003,South,50.79,0,587,38
2022-12-06,P003,South,50.69,0,324,52
2022-12-17,P003,South,53.96,0,901,51
2022-12-23,P003,South,52.87,0,916,52
2022-12-25,P003,South,46.94,1,84,56
2022-12-28,P003,South,53.38,0,317,65
2023-01-09,P003,South,52.23,0,828,55
2023-01-11,P003,South,50.77,0,327,45
2023-01-15,P003,South,54.04,0,797,41
2023-02-03,P003,South,51.05,0,784,48
2023-02-09,P003,South,52.71,0,513,69
2023-02-13,P003,South,48.46,1,275,91
2023-02-17,P003,South,52.1,0,318,72
2023-02-22,P003,South,55.02,0,109,48
2023-02-23,P003,South,53.67,0,512,43
2023-02-24,P003,South,49.4,1,203,96
2023-02-26,P003,South,47.11,1,393,76
2023-03-08,P003,South,55.37,0,939,83
2023-03-18,P003,South,55.25,0,119,54
2023-03-21,P003,South,51.49,0,651,67
2023-03-26,P003,South,52.42,0,84,48
2023-03-27,P003,South,53.12,0,519,67
2023-03-28,P003,South,52.2,0,481,102
2023-03-31,P003,South,52.72,0,897,50
2023-04-06,P003,South,51.45,0,611,76
2023-04-23,P003,South,48.74,1,655,55
2023-04-27,P003,South,54.73,0,328,76
2023-05-01,P003,South,55.6,0,408,71
2023-05-10,P003,South,54.86,0,197,62
2023-05-15,P003,South,51.7,0,707,55
2023-05-23,P003,South,51.36,0,412,63
2023-05-31,P003,South,45.47,1,239,99
2023-06-01,P003,South,50.86,0,729,59
2023-06-05,P003,South,54.07,0,402,57
2023-06-08,P003,South,53.11,0,872,55
2023-06-10,P003,South,51.06,0,719,46
2023-06-11,P003,South,51.17,0,63,43
2023-06-19,P003,South,52.13,0,980,55
2023-06-20,P003,South,55.62,0,373,65
2023-06-22,P003,South,55.26,0,765,54
2023-06-29,P003,South,50.51,0,83,60
2023-06-30,P003,South,53.21,0,320,57
2023-07-05,P003,South,50.42,0,709,41
2023-07-09,P003,South,51.33,0,521,49
2023-07-21,P003,South,52.06,0,963,43
2023-07-25,P003,South,50.44,0,686,56
2023-07-30,P003,South,53.2,0,740,48
2023-08-01,P003,South,51.04,0,471,49
2023-08-03,P003,South,53.48,0,142,49
2023-08-19,P003,South,54.43,0,995,35
2023-09-09,P003,South,51.99,0,310,53
2023-09-21,P003,South,54.65,0,892,39
2023-09-24,P003,South,46.33,1,133,33
2023-09-30,P003,South,53.46,0,352,42
2023-10-04,P003,South,55.17,0,632,47
2023-10-06,P003,South,53.01,0,339,53
2023-10-09,P003,South,51.46,0,366,37
2023-10-16,P003,South,50.75,0,415,45
2023-10-18,P003,South,55.07,0,53,40
2023-10-19,P003,South,52.73,0,995,43
2023-10-27,P003,South,54.28,0,797,46
2023-11-05,P003,South,53.65,0,701,37
2023-11-10,P003,South,51.79,0,459,42
2023-11-11,P003,South,51.68,0,967,50
2023-11-12,P003,South,52.94,0,763,37
2023-11-16,P003,South,54.42,0,953,59
2023-11-17,P003,South,53.15,0,659,33
2023-11-21,P003,South,51.32,0,415,39
2023-12-01,P003,South,51.42,0,719,49
2023-12-07,P003,South,55.59,0,313,54
2023-12-10,P003,South,51.56,0,579,48
2023-12-12,P003,South,55.52,0,384,60
2023-12-20,P003,South,51.55,0,262,57
2023-12-21,P003,South,50.54,0,470,69
2023-12-22,P003,South,53.91,0,758,46
2023-12-26,P003,South,52.8,0,898,62
2024-01-11,P003,South,53.24,0,193,48
2024-01-14,P003,South,53.56,0,136,41
2024-01-25,P003,South,53.67,0,763,37
2024-02-05,P003,South,53.97,0,975,63
2024-02-10,P003,South,55.43,0,457,52
2024-02-11,P003,South,54.12,0,889,46
2024-02-12,P003,South,54.23,0,396,47
2024-02-15,P003,South,51.68,0,965,82
2024-02-18,P003,South,53.88,0,62,72
2024-02-27,P003,South,51.09,0,245,69
2024-03-01,P003,South,53.75,0,531,61
2024-03-05,P003,South,54.3,0,121,61
2024-03-06,P003,South,51.19,0,808,76
2024-03-11,P003,South,50.45,0,820,74
2024-03-13,P003,South,52.48,0,515,58
2024-03-19,P003,South,51.87,0,735,66
2024-03-20,P003,South,51.18,0,504,64
2024-03-25,P003,South,46.13,1,420,86
2024-03-27,P003,South,51.82,0,74,57
2024-03-29,P003,South,54.69,0,754,60
2024-04-01,P003,South,55.01,0,577,65
2024-04-07,P003,South,52.04,0,366,65
2024-04-09,P003,South,52.17,0,739,51
2024-04-12,P003,South,54.19,0,405,44
2024-04-16,P003,South,54.83,0,227,53
2024-04-19,P003,South,47.94,1,710,107
2024-04-27,P003,South,54.94,0,759,40
2024-05-24,P003,South,54.7,0,521,63
2024-05-30,P003,South,55.01,0,993,54
2024-06-06,P003,South,55.38,0,323,70
2024-06-11,P003,South,54.94,0,863,56
2024-06-12,P003,South,50.84,0,274,47
2024-06-16,P003,South,53.41,0,207,48
2024-06-21,P003,South,51.54,0,63,49
2024-06-26,P003,South,54.19,0,682,42
2024-06-29,P003,South,53.91,0,588,49
2024-07-04,P003,South,53.49,0,51,50
2024-07-06,P003,South,55.25,0,560,40
2024-07-07,P003,South,51.44,0,713,31
2024-07-20,P003,South,55.26,0,208,48
2024-07-23,P003,South,51.2,0,445,45
2024-07-25,P003,South,52.07,0,119,65
2024-08-07,P003,South,50.63,0,761,43
2024-08-14,P003,South,54.25,0,191,42
2024-08-22,P003,South,54.45,0,262,54
2024-09-01,P003,South,54.92,0,241,38
2024-09-05,P003,South,53.82,0,692,53
2024-09-10,P003,South,54.85,0,437,42
2024-09-13,P003,South,50.46,0,376,38
2024-09-15,P003,South,50.85,0,788,38
2024-09-16,P003,South,50.62,0,553,48
2024-09-18,P003,South,50.93,0,885,49
2024-10-15,P003,South,52.32,0,873,49
2024-10-17,P003,South,54.96,0,330,45
2024-10-20,P003,South,51.12,0,64,50
2024-10-30,P003,South,54.79,0,560,38
2024-11-01,P003,South,52.51,0,395,36
2024-11-02,P003,South,46.98,1,753,64
2024-11-05,P003,South,51.51,0,920,43
2024-11-07,P003,South,51.58,0,187,42
2024-11-11,P003,South,49.72,1,186,54
2024-11-24,P003,South,52.35,0,675,37
2024-11-30,P003,South,50.94,0,552,29
2024-12-07,P003,South,55.3,0,629,36
2024-12-16,P003,South,54.77,0,319,48
