data/sales_data.csv
Date,Product,Region,Price,Promo,Inventory,Sales
2022-01-04,P004,South,53.45,0,737,54
2022-01-15,P004,South,55.31,0,830,55
2022-02-06,P004,South,56.22,0,106,52
2022-02-16,P004,South,53.86,0,919,72
2022-02-20,P004,South,55.02,0,130,52
2022-03-02,P004,South,51.91,0,561,79
2022-03-05,P004,South,56.33,0,74,74
2022-03-06,P004,South,55.46,0,161,60
2022-03-13,P004,South,51.98,0,483,81
2022-03-15,P004,South,55.75,0,567,72
2022-03-18,P004,South,51.61,0,512,51
2022-03-20,P004,South,53.51,0,214,70
2022-03-23,P004,South,53.09,0,835,73
2022-03-27,P004,South,53.09,0,350,63
2022-04-05,P004,South,49.08,1,578,96
2022-04-09,P004,South,54.81,0,601,41
2022-04-12,P004,South,52.82,0,178,73
2022-04-19,P004,South,55.9,0,165,85
2022-05-03,P004,South,52.75,0,998,59
2022-05-17,P004,South,48.79,1,506,74
2022-05-31,P004,South,56.2,0,428,68
2022-06-25,P004,South,56.67,0,631,33
2022-06-26,P004,South,55.72,0,730,47
2022-06-29,P004,South,53.05,0,65,58
2022-07-02,P004,South,52.32,0,63,58
2022-07-04,P004,South,55.35,0,878,58
2022-07-06,P004,South,51.77,0,902,50
2022-07-09,P004,South,52.36,0,716,51
2022-07-12,P004,South,54.34,0,713,61
2022-07-15,P004,South,56.32,0,708,39
2022-07-16,P004,South,55.32,0,972,49
2022-07-20,P004,South,55.57,0,707,53
2022-08-02,P004,South,53.02,0,212,49
2022-08-10,P004,South,53.76,0,63,54
2022-08-20,P004,South,54.48,0,282,52
2022-08-29,P004,South,52.73,0,205,49
2022-09-08,P004,South,53.35,0,343,37
2022-09-12,P004,South,54.4,0,443,50
2022-09-26,P004,South,54.4,0,413,49
2022-09-27,P004,South,51.95,0,550,42
2022-09-29,P004,South,54.22,0,678,47
2022-10-02,P004,South,55.66,0,298,41
2022-10-11,P004,South,52.03,0,831,52
2022-10-12,P004,South,55.15,0,124,55
2022-10-14,P004,South,55.21,0,94,37
2022-10-21,P004,South,53.97,0,773,40
2022-10-25,P004,South,55.5,0,535,42
2022-10-27,P004,South,51.78,0,262,40
2022-10-30,P004,South,56.09,0,761,41
2022-11-06,P004,South,51.99,0,679,47
2022-11-15,P004,South,52.36,0,681,44
2022-11-19,P004,South,53.65,0,175,47
2022-11-28,P004,South,55.02,0,332,44
2022-12-06,P004,South,54.64,0,352,65
2022-12-08,P004,South,52.03,0,709,55
2022-12-24,P004,South,55.11,0,572,46
2022-12-27,P004,South,54.84,0,240,71
2023-01-01,P004,South,53.59,0,417,58
2023-01-05,P004,South,52.37,0,654,55
2023-01-06,P004,South,53.52,0,911,43
2023-01-07,P004,South,53.68,0,569,48
2023-01-16,P004,South,51.47,0,938,64
2023-01-17,P004,South,52.67,0,736,54
2023-01-18,P004,South,52.56,0,879,73
2023-01-23,P004,South,53.28,0,900,58
2023-01-29,P004,South,53.24,0,828,64
2023-01-30,P004,South,53.18,0,61,65
2023-02-03,P004,South,51.86,0,431,60
2023-02-05,P004,South,53.64,0,904,56
2023-02-15,P004,South,48.66,1,792,88
2023-02-16,P004,South,49.76,1,328,106
2023-02-23,P004,South,51.76,0,98,55
2023-03-02,P004,South,54.54,0,926,64
2023-03-03,P004,South,53.34,0,762,35
2023-03-18,P004,South,54.6,0,791,53
2023-03-19,P004,South,51.84,0,596,78
2023-03-24,P004,South,55.31,0,645,75
2023-03-27,P004,South,56.18,0,631,66
2023-04-02,P004,South,53.43,0,240,53
2023-04-05,P004,South,55.2,0,271,68
2023-04-12,P004,South,51.94,0,298,60
2023-04-15,P004,South,54.74,0,376,50
2023-04-21,P004,South,52.29,0,470,58
2023-04-23,P004,South,51.77,0,839,54
2023-04-25,P004,South,54.86,0,397,67
2023-04-26,P004,South,54.85,0,432,61
2023-05-12,P004,South,51.58,0,437,55
2023-05-25,P004,South,52.56,0,571,57
2023-05-27,P004,South,56.11,0,475,43
2023-05-28,P004,South,53.19,0,518,56
2023-06-05,P004,South,53.78,0,816,52
2023-06-06,P004,South,54.9,0,903,88
2023-06-07,P004,South,55.87,0,255,59
2023-06-11,P004,South,53.23,0,670,51
2023-06-20,P004,South,55.81,0,738,58
2023-06-26,P004,South,50.42,1,257,88
2023-06-30,P004,South,53.99,0,181,43
2023-07-03,P004,South,53.47,0,656,59
2023-07-11,P004,South,54.17,0,619,54
2023-08-05,P004,South,54.58,0,428,42
2023-08-09,P004,South,53.4,0,103,50
2023-08-10,P004,South,56.07,0,803,52
2023-08-16,P004,South,55.78,0,322,56
2023-08-17,P004,South,53.0,0,293,43
2023-08-18,P004,South,51.97,0,407,38
2023-08-19,P004,South,52.37,0,488,38
2023-08-21,P004,South,55.67,0,935,38
2023-08-29,P004,South,55.49,0,103,52
2023-09-01,P004,South,55.06,0,106,50
2023-09-03,P004,South,56.18,0,527,42
2023-09-08,P004,South,52.01,0,148,38
2023-09-11,P004,South,51.36,0,209,37
2023-10-03,P004,South,50.97,1,557,60
2023-10-04,P004,South,52.84,0,646,47
2023-10-08,P004,South,52.04,0,469,35
2023-10-19,P004,South,56.49,0,230,50
2023-10-22,P004,South,53.16,0,996,31
2023-10-23,P004,South,55.14,0,688,37
2023-10-26,P004,South,51.79,0,222,56
2023-10-28,P004,South,52.47,0,378,38
2023-10-30,P004,South,52.64,0,756,50
2023-11-01,P004,South,53.9,0,88,50
2023-11-02,P004,South,51.78,0,323,60
2023-11-10,P004,South,54.31,0,543,37
2023-11-17,P004,South,55.0,0,448,64
2023-12-03,P004,South,52.66,0,683,49
2023-12-10,P004,South,55.98,0,725,40
2023-12-12,P004,South,56.42,0,193,54
2023-12-22,P004,South,54.26,0,51,37
2023-12-23,P004,South,54.27,0,516,48
2023-12-31,P004,South,54.53,0,333,56
2024-01-09,P004,South,52.99,0,528,63
2024-01-13,P004,South,53.12,0,391,51
2024-01-16,P004,South,55.61,0,830,51
2024-01-18,P004,South,54.06,0,836,74
2024-01-19,P004,South,46.23,1,154,81
2024-01-24,P004,South,54.56,0,88,82
2024-02-01,P004,South,52.65,0,793,71
2024-02-03,P004,South,53.63,0,753,64
2024-02-08,P004,South,53.49,0,158,85
2024-02-10,P004,South,51.55,0,692,49
2024-02-15,P004,South,55.6,0,715,62
2024-02-16,P004,South,51.84,0,205,60
2024-02-17,P004,South,55.89,0,592,41
2024-02-18,P004,South,55.07,0,609,59
2024-02-24,P004,South,53.54,0,460,40
2024-02-26,P004,South,54.19,0,746,89
2024-02-29,P004,South,55.44,0,697,66
2024-03-09,P004,South,52.71,0,430,65
2024-03-11,P004,South,52.94,0,761,75
2024-03-14,P004,South,54.33,0,319,70
2024-03-16,P004,South,53.94,0,84,58
2024-03-22,P004,South,54.42,0,300,68
2024-03-24,P004,South,52.51,0,257,60
2024-03-26,P004,South,53.26,0,375,82
2024-03-29,P004,South,54.54,0,883,53
2024-04-08,P004,South,54.0,0,494,73
2024-04-10,P004,South,55.64,0,491,67
2024-04-13,P004,South,55.11,0,627,66
2024-04-17,P004,South,51.39,0,816,51
2024-04-18,P004,South,53.06,0,785,78
2024-04-25,P004,South,49.41,1,836,76
2024-04-30,P004,South,55.24,0,172,64
2024-05-03,P004,South,48.89,1,749,87
2024-05-12,P004,South,54.24,0,146,60
2024-05-15,P004,South,52.76,0,488,53
2024-05-17,P004,South,52.15,0,477,71
2024-05-21,P004,South,55.37,0,343,56
2024-05-24,P004,South,52.1,0,895,54
2024-06-08,P004,South,53.88,0,97,56
2024-06-09,P004,South,47.09,1,286,106
2024-06-19,P004,South,56.19,0,932,51
2024-06-27,P004,South,51.98,0,802,73
2024-06-29,P004,South,55.81,0,732,54
2024-07-06,P004,South,54.66,0,905,48
2024-07-07,P004,South,54.89,0,706,54
2024-07-08,P004,South,54.3,0,698,38
2024-07-11,P004,South,56.15,0,275,65
2024-07-13,P004,South,55.63,0,271,47
2024-07-15,P004,South,52.8,0,52,52
2024-07-21,P004,South,53.25,0,662,41
2024-07-27,P004,South,56.18,0,534,43
2024-08-04,P004,South,56.42,0,875,48
2024-08-09,P004,South,53.89,0,579,51
2024-08-11,P004,South,55.05,0,435,45
2024-08-12,P004,South,54.14,0,316,47
2024-08-13,P004,South,51.7,0,747,53
2024-08-19,P004,South,54.22,0,805,34
2024-08-25,P004,South,54.27,0,74,48
2024-08-30,P004,South,52.96,0,982,39
2024-09-05,P004,South,46.51,1,929,87
2024-09-14,P004,South,56.22,0,339,33
2024-09-15,P004,South,55.91,0,147,37
2024-09-20,P004,South,52.35,0,564,43
2024-09-26,P004,South,51.69,0,462,50
2024-09-28,P004,South,53.72,0,970,29
2024-10-03,P004,South,52.69,0,149,44
2024-10-07,P004,South,52.59,0,333,42
2024-10-09,P004,South,54.96,0,999,57
2024-10-11,P004,South,52.98,0,943,35
2024-11-02,P004,South,53.27,0,218,39
2024-11-09,P004,South,51.32,0,325,30
2024-11-10,P004,South,51.85,0,355,43
2024-11-16,P004,South,48.37,1,724,72
2024-11-23,P004,South,53.61,0,250,48
2024-12-12,P004,South,53.53,0,122,49
2024-12-19,P004,South,54.13,0,801,61
2022-01-04,P006,North,54.49,0,275,64
2022-01-08,P006,North,53.42,0,531,56
2022-01-09,P006,North,58.36,0,688,46
2022-01-27,P006,North,56.91,0,547,60
2022-01-29,P006,North,53.62,0,522,61
2022-02-02,P006,North,54.55,0,476,59
2022-02-09,P006,North,56.47,0,865,60
2022-02-15,P006,North,53.45,0,499,71
2022-03-03,P006,North,57.35,0,808,78
2022-03-04,P006,North,58.32,0,808,60
2022-03-05,P006,North,55.31,0,805,44
2022-03-07,P006,North,57.84,0,389,51
2022-03-08,P006,North,57.56,0,109,73
2022-03-11,P006,North,58.72,0,964,51
2022-03-18,P006,North,55.63,0,489,52
2022-03-19,P006,North,56.79,0,839,70
2022-03-20,P006,North,48.33,1,163,87
2022-03-21,P006,North,57.93,0,156,71
2022-03-25,P006,North,53.34,0,198,82
2022-03-27,P006,North,55.14,0,296,61
2022-03-29,P006,North,57.39,0,975,64
2022-04-04,P006,North,55.7,0,766,82
2022-04-06,P006,North,57.62,0,275,74
2022-04-10,P006,North,54.07,0,720,57
2022-04-15,P006,North,52.52,1,721,110
2022-04-19,P006,North,57.7,0,362,57
2022-04-23,P006,North,58.26,0,524,65
2022-04-26,P006,North,57.66,0,805,71
2022-04-27,P006,North,57.04,0,868,60
2022-04-30,P006,North,55.78,0,224,59
2022-05-03,P006,North,58.59,0,131,63
2022-05-07,P006,North,57.27,0,845,54
2022-05-11,P006,North,53.85,0,966,69
2022-05-15,P006,North,51.92,1,904,80
2022-05-17,P006,North,55.22,0,201,81
2022-05-27,P006,North,58.22,0,371,63
2022-05-29,P006,North,57.11,0,568,65
2022-05-30,P006,North,54.31,0,768,57
2022-06-05,P006,North,53.28,0,164,42
2022-06-14,P006,North,54.54,0,661,72
2022-06-18,P006,North,50.06,1,74,88
2022-06-20,P006,North,54.29,0,255,57
2022-06-27,P006,North,57.57,0,469,56
2022-07-04,P006,North,54.13,0,350,62
2022-07-07,P006,North,56.5,0,244,54
2022-07-08,P006,North,57.55,0,927,38
2022-07-13,P006,North,57.19,0,723,59
2022-07-15,P006,North,56.65,0,386,41
2022-07-16,P006,North,56.28,0,869,42
2022-07-19,P006,North,57.09,0,808,77
2022-07-23,P006,North,58.03,0,202,36
2022-08-03,P006,North,53.32,0,125,52
2022-08-10,P006,North,58.63,0,647,50
2022-08-20,P006,North,54.6,0,108,42
2022-08-25,P006,North,55.69,0,951,55
2022-08-29,P006,North,58.0,0,817,53
2022-09-10,P006,North,54.93,0,834,48
2022-09-25,P006,North,57.57,0,594,42
2022-09-28,P006,North,53.37,0,258,43
2022-10-04,P006,North,57.61,0,922,51
2022-10-09,P006,North,57.41,0,586,46
2022-10-11,P006,North,55.0,0,545,49
2022-10-17,P006,North,57.61,0,137,41
2022-10-18,P006,North,58.73,0,421,50
2022-10-20,P006,North,53.56,0,635,44
2022-10-22,P006,North,57.27,0,376,33
2022-10-28,P006,North,55.73,0,506,48
2022-11-12,P006,North,58.21,0,453,35
2022-11-19,P006,North,55.39,0,403,51
2022-11-27,P006,North,55.02,0,470,54
2022-11-28,P006,North,56.81,0,443,65
2022-12-01,P006,North,58.31,0,259,56
2022-12-03,P006,North,56.7,0,123,41
2022-12-08,P006,North,56.63,0,567,43
2022-12-10,P006,North,58.49,0,945,55
2022-12-15,P006,North,55.71,0,193,50
2022-12-17,P006,North,58.21,0,653,54
2022-12-18,P006,North,53.21,0,603,35
2022-12-30,P006,North,53.84,0,457,63
2023-01-01,P006,North,53.62,0,810,47
2023-01-03,P006,North,54.48,0,131,63
2023-01-05,P006,North,55.34,0,151,50
2023-01-06,P006,North,58.25,0,608,43
2023-01-14,P006,North,56.5,0,455,30
2023-01-16,P006,North,53.54,0,917,63
2023-01-19,P006,North,48.3,1,352,73
2023-01-24,P006,North,55.59,0,815,76
2023-01-27,P006,North,54.19,0,699,53
2023-01-29,P006,North,49.93,1,548,94
2023-02-03,P006,North,55.42,0,52,59
2023-02-04,P006,North,56.32,0,427,56
2023-02-08,P006,North,56.17,0,414,67
2023-02-19,P006,North,58.43,0,613,67
2023-02-24,P006,North,57.77,0,257,53
2023-02-25,P006,North,58.16,0,407,52
2023-02-26,P006,North,56.19,0,921,55
2023-03-03,P006,North,55.71,0,365,53
2023-03-05,P006,North,54.91,0,884,73
2023-03-06,P006,North,56.17,0,215,68
2023-03-10,P006,North,56.36,0,159,48
2023-03-12,P006,North,57.65,0,261,56
2023-03-18,P006,North,55.97,0,655,56
2023-03-20,P006,North,55.98,0,240,70
2023-03-29,P006,North,55.08,0,702,59
2023-03-30,P006,North,58.76,0,236,60
2023-04-01,P006,North,56.29,0,574,65
2023-04-04,P006,North,56.52,0,833,76
2023-04-13,P006,North,57.07,0,930,76
2023-04-17,P006,North,58.06,0,252,50
2023-04-30,P006,North,55.24,0,693,56
2023-05-01,P006,North,56.09,0,248,54
2023-05-03,P006,North,55.28,0,890,53
2023-05-04,P006,North,56.64,0,603,93
2023-05-05,P006,North,53.56,0,449,52
2023-05-08,P006,North,55.24,0,122,81
2023-05-16,P006,North,55.52,0,411,67
2023-05-25,P006,North,55.26,0,772,60
2023-05-29,P006,North,57.43,0,289,58
2023-05-30,P006,North,55.63,0,597,62
2023-06-13,P006,North,54.76,0,639,73
2023-06-18,P006,North,56.71,0,746,56
2023-06-23,P006,North,54.25,0,317,51
2023-06-27,P006,North,53.54,0,503,61
2023-07-03,P006,North,57.05,0,508,54
2023-07-27,P006,North,51.7,1,867,62
2023-08-03,P006,North,57.38,0,738,48
2023-08-05,P006,North,56.08,0,208,34
2023-08-07,P006,North,53.26,0,632,41
2023-08-09,P006,North,57.68,0,938,52
2023-08-24,P006,North,53.83,0,635,46
2023-09-01,P006,North,55.47,0,746,54
2023-09-06,P006,North,54.0,0,626,56
2023-09-08,P006,North,58.55,0,323,55
2023-09-10,P006,North,57.3,0,664,52
2023-09-13,P006,North,57.37,0,87,49
2023-09-16,P006,North,56.38,0,812,43
2023-09-27,P006,North,56.05,0,199,63
2023-10-08,P006,North,57.09,0,894,35
2023-10-16,P006,North,53.42,0,209,32
2023-10-30,P006,North,56.45,0,937,38
2023-11-04,P006,North,58.61,0,810,42
2023-11-06,P006,North,53.87,0,357,47
2023-11-19,P006,North,56.8,0,674,42
2023-11-22,P006,North,53.26,0,746,69
2023-11-27,P006,North,56.23,0,557,56
2023-12-08,P006,North,54.4,0,379,48
2023-12-09,P006,North,58.61,0,981,42
2023-12-12,P006,North,58.1,0,850,54
2023-12-17,P006,North,57.62,0,615,30
2023-12-24,P006,North,58.64,0,135,50
2023-12-25,P006,North,54.91,0,566,47
2023-12-28,P006,North,48.87,1,189,80
2024-01-04,P006,North,55.09,0,309,64
2024-01-10,P006,North,49.95,1,366,110
2024-01-25,P006,North,55.19,0,54,57
2024-01-28,P006,North,58.12,0,782,42
2024-01-31,P006,North,57.31,0,131,78
2024-02-09,P006,North,53.7,0,739,55
2024-02-10,P006,North,58.33,0,242,53
2024-02-15,P006,North,54.88,0,98,60
2024-02-17,P006,North,53.61,0,341,56
2024-02-21,P006,North,56.9,0,75,65
2024-02-26,P006,North,56.74,0,63,70
2024-03-02,P006,North,54.67,0,141,61
2024-03-05,P006,North,54.78,0,158,85
2024-03-09,P006,North,56.79,0,489,66
2024-03-12,P006,North,58.67,0,553,67
2024-03-13,P006,North,54.1,0,790,86
2024-03-17,P006,North,56.11,0,377,40
2024-03-22,P006,North,54.97,0,951,72
2024-03-29,P006,North,58.42,0,745,63
2024-04-04,P006,North,57.31,0,87,78
2024-04-07,P006,North,55.64,0,71,59
2024-04-09,P006,North,54.25,0,731,83
2024-04-11,P006,North,58.2,0,397,72
2024-04-15,P006,North,57.9,0,338,72
2024-04-18,P006,North,56.34,0,816,61
2024-04-21,P006,North,54.15,0,836,59
2024-05-02,P006,North,57.67,0,922,70
2024-05-03,P006,North,54.11,0,598,58
2024-05-09,P006,North,54.0,0,490,75
2024-05-11,P006,North,57.18,0,261,58
2024-05-12,P006,North,49.78,1,486,75
2024-05-18,P006,North,57.28,0,932,55
2024-05-26,P006,North,53.98,0,796,43
2024-06-11,P006,North,53.77,0,120,71
2024-06-16,P006,North,55.62,0,132,47
2024-06-18,P006,North,58.23,0,821,59
2024-06-23,P006,North,56.66,0,642,64
2024-07-02,P006,North,58.14,0,217,66
2024-07-09,P006,North,55.72,0,995,49
2024-07-11,P006,North,57.17,0,121,66
2024-07-14,P006,North,57.02,0,609,58
2024-07-21,P006,North,55.35,0,357,44
2024-07-23,P006,North,57.14,0,939,65
2024-07-26,P006,North,54.63,0,698,55
2024-07-28,P006,North,57.23,0,408,49
2024-07-30,P006,North,58.36,0,109,58
2024-07-31,P006,North,55.1,0,65,43
2024-08-07,P006,North,55.65,0,958,45
2024-08-10,P006,North,58.47,0,432,50
2024-08-16,P006,North,54.5,0,281,37
2024-08-18,P006,North,54.7,0,865,34
2024-09-03,P006,North,53.95,0,536,70
2024-09-25,P006,North,57.71,0,989,53
2024-09-26,P006,North,53.56,0,847,52
2024-09-29,P006,North,58.02,0,274,32
2024-10-01,P006,North,57.12,0,660,50
2024-10-22,P006,North,48.2,1,776,82
2024-10-24,P006,North,55.77,0,226,48
2024-11-02,P006,North,54.56,0,241,53
2024-11-08,P006,North,58.65,0,387,41
2024-11-12,P006,North,55.74,0,591,55
2024-11-26,P006,North,58.77,0,379,52
2024-12-03,P006,North,56.54,0,279,51
2024-12-07,P006,North,55.81,0,449,48
2024-12-08,P006,North,56.54,0,583,48
2024-12-11,P006,North,57.95,0,268,67
2024-12-12,P006,North,47.92,1,200,93
2024-12-13,P006,North,53.71,0,129,48
