data/sales_data.csv
Date,Product,Region,Price,Promo,Inventory,Sales
2022-01-04,P009,East,56.83,0,953,54
2022-01-11,P009,East,60.96,0,448,76
2022-01-16,P009,East,59.55,0,348,64
2022-01-21,P009,East,59.39,0,752,64
2022-01-31,P009,East,57.46,0,878,69
2022-02-02,P009,East,56.31,0,446,79
2022-02-03,P009,East,58.33,0,241,56
2022-02-12,P009,East,57.14,0,193,39
2022-02-14,P009,East,60.08,0,727,71
2022-02-17,P009,East,57.21,0,285,56
2022-02-20,P009,East,59.51,0,439,73
2022-02-23,P009,East,60.06,0,757,64
2022-02-24,P009,East,51.59,1,335,107
2022-03-11,P009,East,60.31,0,797,52
2022-03-19,P009,East,57.54,0,768,72
2022-03-22,P009,East,58.69,0,927,66
2022-04-11,P009,East,57.35,0,131,63
2022-04-12,P009,East,61.33,0,306,84
2022-04-20,P009,East,60.86,0,80,103
2022-04-21,P009,East,57.84,0,813,94
2022-04-24,P009,East,59.52,0,537,54
2022-05-07,P009,East,59.09,0,839,52
2022-05-08,P009,East,60.97,0,510,64
2022-05-09,P009,East,61.81,0,639,59
2022-05-17,P009,East,58.5,0,503,67
2022-05-18,P009,East,61.4,0,710,73
2022-05-29,P009,East,56.85,0,460,62
2022-06-02,P009,East,57.64,0,723,94
2022-06-11,P009,East,56.9,0,180,47
2022-06-14,P009,East,53.81,1,985,110
2022-06-24,P009,East,60.17,0,264,42
2022-07-01,P009,East,60.39,0,828,68
2022-07-06,P009,East,60.01,0,731,71
2022-07-08,P009,East,60.52,0,450,67
2022-07-09,P009,East,56.75,0,456,40
2022-07-13,P009,East,57.13,0,412,65
2022-07-22,P009,East,60.27,0,973,56
2022-07-25,P009,East,60.94,0,991,48
2022-07-29,P009,East,60.82,0,858,43
2022-07-31,P009,East,61.04,0,755,44
2022-08-01,P009,East,56.07,0,980,51
2022-08-06,P009,East,58.37,0,763,55
2022-08-14,P009,East,57.23,0,118,56
2022-08-20,P009,East,59.92,0,128,45
2022-08-30,P009,East,57.59,0,105,51
2022-09-04,P009,East,60.6,0,656,30
2022-09-09,P009,East,58.74,0,639,42
2022-09-11,P009,East,57.3,0,495,49
2022-09-15,P009,East,56.22,0,689,40
2022-09-21,P009,East,57.54,0,466,44
2022-09-24,P009,East,57.32,0,378,35
2022-09-27,P009,East,59.9,0,284,54
2022-10-12,P009,East,51.2,1,302,71
2022-10-14,P009,East,57.5,0,591,44
2022-10-27,P009,East,54.51,1,554,93
2022-11-11,P009,East,59.12,0,287,54
2022-11-12,P009,East,56.7,0,304,50
2022-11-14,P009,East,60.76,0,521,46
2022-11-23,P009,East,58.75,0,379,53
2022-11-26,P009,East,59.62,0,51,54
2022-11-29,P009,East,59.19,0,554,59
2022-12-06,P009,East,61.85,0,449,70
2022-12-15,P009,East,61.5,0,214,39
2022-12-17,P009,East,60.1,0,498,51
2022-12-24,P009,East,56.2,0,921,54
2022-12-26,P009,East,59.42,0,83,52
2022-12-29,P009,East,60.86,0,925,63
2023-01-02,P009,East,50.68,1,110,91
2023-01-05,P009,East,60.4,0,577,56
2023-01-10,P009,East,58.82,0,808,44
2023-01-15,P009,East,56.91,0,251,59
2023-01-21,P009,East,56.19,0,658,57
2023-01-22,P009,East,57.01,0,667,65
2023-01-29,P009,East,56.31,0,762,83
2023-02-01,P009,East,60.13,0,440,68
2023-02-05,P009,East,59.56,0,753,49
2023-02-06,P009,East,58.73,0,650,62
2023-02-10,P009,East,59.68,0,965,50
2023-02-11,P009,East,60.55,0,596,70
2023-02-12,P009,East,57.49,0,925,54
2023-02-22,P009,East,60.05,0,694,82
2023-03-03,P009,East,61.28,0,643,67
2023-03-08,P009,East,59.01,0,550,73
2023-03-15,P009,East,61.32,0,688,90
2023-03-25,P009,East,60.28,0,147,68
2023-04-05,P009,East,58.43,0,201,83
2023-04-19,P009,East,53.04,1,713,96
2023-04-26,P009,East,55.32,1,350,115
2023-05-05,P009,East,57.98,0,827,46
2023-05-08,P009,East,59.16,0,635,73
2023-05-11,P009,East,61.86,0,268,67
2023-05-21,P009,East,59.15,0,931,62
2023-05-30,P009,East,57.94,0,358,82
2023-06-02,P009,East,56.67,0,534,63
2023-06-08,P009,East,61.78,0,723,71
2023-06-10,P009,East,59.59,0,738,53
2023-06-15,P009,East,61.39,0,756,61
2023-06-17,P009,East,54.37,1,679,77
2023-06-22,P009,East,60.61,0,940,57
2023-06-24,P009,East,56.26,0,999,50
2023-06-25,P009,East,59.27,0,302,51
2023-06-29,P009,East,61.34,0,567,86
2023-07-12,P009,East,59.67,0,811,72
2023-07-16,P009,East,60.91,0,97,53
2023-07-19,P009,East,59.57,0,673,51
2023-07-21,P009,East,59.58,0,416,51
2023-07-25,P009,East,57.55,0,88,43
2023-07-27,P009,East,56.05,0,396,68
2023-07-28,P009,East,61.71,0,914,53
2023-07-29,P009,East,59.14,0,827,33
2023-08-03,P009,East,61.51,0,935,48
2023-08-04,P009,East,60.52,0,232,51
2023-08-06,P009,East,58.3,0,680,50
2023-08-07,P009,East,51.51,1,199,107
2023-08-14,P009,East,61.21,0,612,61
2023-08-25,P009,East,57.18,0,403,40
2023-08-30,P009,East,51.4,1,284,75
2023-09-10,P009,East,58.33,0,298,41
2023-09-11,P009,East,61.67,0,582,48
2023-09-17,P009,East,60.56,0,518,35
2023-10-04,P009,East,59.83,0,998,45
2023-10-10,P009,East,60.9,0,712,38
2023-10-14,P009,East,58.38,0,637,44
2023-10-23,P009,East,58.93,0,74,41
2023-10-30,P009,East,59.2,0,552,44
2023-11-07,P009,East,60.29,0,258,48
2023-11-10,P009,East,61.63,0,582,48
2023-11-17,P009,East,59.49,0,722,48
2023-11-23,P009,East,60.81,0,447,65
2023-12-03,P009,East,59.95,0,77,41
2023-12-04,P009,East,60.82,0,797,58
2023-12-05,P009,East,57.58,0,647,42
2023-12-18,P009,East,61.05,0,313,45
2023-12-19,P009,East,61.69,0,447,50
2023-12-28,P009,East,56.55,0,737,56
2023-12-31,P009,East,58.03,0,58,57
2024-01-03,P009,East,61.47,0,870,59
2024-01-07,P009,East,57.1,0,349,57
2024-01-09,P009,East,58.5,0,837,76
2024-01-18,P009,East,60.35,0,208,59
2024-01-24,P009,East,60.7,0,782,44
2024-01-29,P009,East,60.69,0,232,85
2024-01-30,P009,East,56.32,0,260,92
2024-01-31,P009,East,61.42,0,519,51
2024-02-14,P009,East,58.14,0,355,58
2024-02-25,P009,East,56.75,0,427,77
2024-02-27,P009,East,60.55,0,682,61
2024-03-05,P009,East,59.37,0,300,74
2024-03-09,P009,East,60.93,0,692,55
2024-03-10,P009,East,58.51,0,261,58
2024-03-13,P009,East,57.63,0,141,77
2024-03-18,P009,East,58.35,0,490,85
2024-03-20,P009,East,61.02,0,538,94
2024-03-21,P009,East,61.04,0,594,88
2024-03-25,P009,East,56.34,0,895,77
2024-03-26,P009,East,60.41,0,859,97
2024-03-28,P009,East,56.76,0,884,82
2024-03-31,P009,East,57.76,0,622,71
2024-04-15,P009,East,61.1,0,702,80
2024-04-16,P009,East,58.68,0,397,111
2024-04-21,P009,East,61.05,0,636,60
2024-04-25,P009,East,57.88,0,805,61
2024-04-27,P009,East,59.84,0,487,64
2024-04-30,P009,East,59.83,0,577,71
2024-05-02,P009,East,60.93,0,237,46
2024-05-03,P009,East,60.39,0,821,68
2024-05-08,P009,East,57.55,0,568,63
2024-05-15,P009,East,59.69,0,105,73
2024-05-17,P009,East,52.01,1,221,109
2024-05-26,P009,East,60.58,0,832,59
2024-06-01,P009,East,61.75,0,593,68
2024-06-04,P009,East,60.13,0,133,57
2024-06-07,P009,East,61.91,0,627,73
2024-06-11,P009,East,56.64,0,685,53
2024-06-15,P009,East,51.2,1,114,70
2024-06-17,P009,East,61.05,0,931,57
2024-06-25,P009,East,61.53,0,482,61
2024-06-28,P009,East,57.1,0,671,65
2024-06-29,P009,East,56.52,0,362,58
2024-07-05,P009,East,57.56,0,722,67
2024-07-10,P009,East,57.83,0,832,63
2024-07-23,P009,East,61.11,0,169,55
2024-07-24,P009,East,59.78,0,339,50
2024-07-28,P009,East,56.27,0,852,42
2024-08-01,P009,East,60.27,0,273,58
2024-08-04,P009,East,60.55,0,653,47
2024-08-10,P009,East,60.5,0,853,45
2024-08-11,P009,East,51.48,1,941,64
2024-08-15,P009,East,56.05,0,786,50
2024-08-23,P009,East,61.48,0,307,39
2024-08-24,P009,East,61.88,0,774,49
2024-08-25,P009,East,59.17,0,956,43
2024-08-28,P009,East,61.36,0,288,57
2024-08-31,P009,East,60.35,0,585,35
2024-09-05,P009,East,54.58,1,966,88
2024-09-18,P009,East,59.61,0,607,49
2024-09-20,P009,East,60.07,0,839,36
2024-09-22,P009,East,61.15,0,726,47
2024-09-28,P009,East,61.09,0,910,37
2024-09-29,P009,East,60.24,0,708,44
2024-09-30,P009,East,54.25,1,412,85
2024-10-10,P009,East,60.13,0,671,53
2024-10-11,P009,East,61.29,0,910,45
2024-10-16,P009,East,59.35,0,820,62
2024-10-22,P009,East,57.15,0,611,49
2024-10-28,P009,East,57.8,0,506,39
2024-11-08,P009,East,60.4,0,480,43
2024-11-18,P009,East,60.3,0,205,52
2024-11-25,P009,East,57.36,0,406,62
2024-11-28,P009,East,58.02,0,849,42
2024-12-01,P009,East,60.29,0,701,42
2024-12-04,P009,East,60.08,0,609,71
2024-12-11,P009,East,59.83,0,491,69
2024-12-17,P009,East,61.94,0,385,78
2022-01-04,P010,East,58.14,0,149,60
2022-01-08,P010,East,62.06,0,389,67
2022-01-14,P010,East,57.1,0,351,46
2022-01-15,P010,East,59.04,0,102,48
2022-01-19,P010,East,61.87,0,445,74
2022-01-23,P010,East,58.42,0,421,61
2022-01-25,P010,East,61.38,0,370,63
2022-02-17,P010,East,62.66,0,395,85
2022-02-18,P010,East,62.46,0,159,67
2022-02-21,P010,East,58.17,0,159,88
2022-02-22,P010,East,58.82,0,308,63
2022-02-25,P010,East,61.89,0,625,48
2022-02-27,P010,East,57.01,0,842,60
2022-03-04,P010,East,61.64,0,368,66
2022-03-17,P010,East,60.0,0,938,67
2022-03-22,P010,East,57.11,0,463,77
2022-03-23,P010,East,58.14,0,396,73
2022-03-27,P010,East,56.15,1,247,97
2022-05-02,P010,East,57.81,0,190,87
2022-05-04,P010,East,60.16,0,83,94
2022-05-11,P010,East,57.33,0,496,81
2022-05-16,P010,East,57.67,0,540,52
2022-05-17,P010,East,59.49,0,905,93
2022-05-21,P010,East,60.09,0,467,69
2022-05-22,P010,East,62.03,0,792,79
2022-06-03,P010,East,60.08,0,524,67
2022-06-09,P010,East,62.33,0,689,59
2022-06-12,P010,East,61.37,0,141,61
2022-06-13,P010,East,57.14,0,497,75
2022-06-27,P010,East,57.41,0,611,56
2022-07-01,P010,East,53.36,1,924,112
2022-07-02,P010,East,61.41,0,298,56
2022-07-05,P010,East,59.91,0,806,60
2022-07-06,P010,East,61.15,0,942,73
2022-07-27,P010,East,62.98,0,671,59
2022-07-30,P010,East,61.33,0,511,49
2022-08-04,P010,East,58.63,0,376,57
2022-08-07,P010,East,58.58,0,353,47
2022-08-18,P010,East,60.28,0,963,49
2022-08-20,P010,East,61.88,0,969,54
2022-08-25,P010,East,61.0,0,670,49
2022-08-26,P010,East,60.78,0,808,55
2022-08-27,P010,East,58.02,0,989,48
2022-09-03,P010,East,53.55,1,203,64
2022-09-08,P010,East,61.87,0,865,59
2022-09-09,P010,East,58.52,0,432,36
2022-09-16,P010,East,59.46,0,701,42
2022-09-22,P010,East,61.73,0,848,58
2022-09-26,P010,East,62.69,0,76,50
2022-09-27,P010,East,57.1,0,331,51
2022-10-01,P010,East,62.41,0,481,39
2022-10-12,P010,East,61.26,0,973,48
2022-10-13,P010,East,60.11,0,86,47
2022-10-16,P010,East,58.3,0,614,40
2022-10-17,P010,East,61.22,0,346,62
2022-10-19,P010,East,54.93,1,763,92
2022-10-22,P010,East,62.39,0,513,45
2022-10-24,P010,East,58.88,0,951,41
2022-10-27,P010,East,57.24,0,653,53
2022-11-06,P010,East,59.32,0,942,39
2022-11-16,P010,East,59.52,0,389,47
2022-11-20,P010,East,53.1,1,467,107
2022-11-22,P010,East,58.67,0,135,54
2022-11-27,P010,East,61.69,0,903,49
2022-12-18,P010,East,61.39,0,585,48
2022-12-29,P010,East,62.01,0,216,54
2022-12-30,P010,East,62.48,0,92,59
2023-01-01,P010,East,60.54,0,472,34
2023-01-17,P010,East,60.41,0,485,81
2023-01-30,P010,East,57.28,0,300,59
2023-02-05,P010,East,58.44,0,368,51
2023-02-11,P010,East,59.66,0,318,48
2023-02-15,P010,East,58.79,0,508,88
2023-03-07,P010,East,62.82,0,344,74
2023-03-10,P010,East,60.63,0,313,67
2023-03-14,P010,East,60.8,0,348,68
2023-03-30,P010,East,56.41,1,558,85
2023-04-07,P010,East,57.72,0,553,52
2023-04-20,P010,East,56.16,1,283,132
2023-05-03,P010,East,59.62,0,664,103
2023-05-07,P010,East,58.01,0,863,72
2023-05-09,P010,East,61.81,0,140,68
2023-05-11,P010,East,61.35,0,204,66
2023-05-13,P010,East,59.62,0,271,56
2023-05-18,P010,East,59.83,0,595,72
2023-05-21,P010,East,57.91,0,657,63
2023-05-22,P010,East,60.64,0,515,53
2023-05-24,P010,East,59.56,0,355,72
2023-05-25,P010,East,53.82,1,262,122
2023-05-27,P010,East,60.32,0,962,56
2023-05-28,P010,East,62.28,0,881,66
2023-06-03,P010,East,60.47,0,472,63
2023-06-07,P010,East,62.26,0,851,53
2023-06-13,P010,East,59.71,0,329,71
2023-06-20,P010,East,59.0,0,162,65
2023-06-24,P010,East,60.94,0,464,52
2023-06-27,P010,East,60.71,0,1000,52
2023-06-29,P010,East,61.07,0,295,50
2023-07-02,P010,East,57.59,0,557,60
2023-07-08,P010,East,61.99,0,388,39
2023-07-10,P010,East,62.65,0,368,45
2023-07-14,P010,East,61.34,0,702,38
2023-07-20,P010,East,61.92,0,290,64
2023-07-22,P010,East,57.73,0,722,47
2023-07-24,P010,East,61.65,0,633,60
2023-07-27,P010,East,61.12,0,443,63
2023-07-29,P010,East,57.88,0,248,51
2023-08-07,P010,East,58.6,0,397,56
2023-08-14,P010,East,58.56,0,671,65
2023-08-26,P010,East,61.53,0,561,34
2023-08-28,P010,East,61.71,0,106,37
2023-09-12,P010,East,59.89,0,297,46
2023-09-15,P010,East,57.42,0,939,53
2023-09-19,P010,East,62.96,0,334,55
2023-09-20,P010,East,62.97,0,271,45
2023-09-21,P010,East,57.71,0,784,40
2023-09-23,P010,East,58.47,0,472,42
2023-09-28,P010,East,53.74,1,182,73
2023-10-05,P010,East,59.33,0,951,56
2023-10-08,P010,East,61.64,0,88,41
2023-10-14,P010,East,57.69,0,742,33
2023-10-16,P010,East,60.29,0,154,41
2023-10-26,P010,East,58.52,0,189,51
2023-10-28,P010,East,58.93,0,937,35
2023-10-31,P010,East,59.18,0,368,55
2023-11-06,P010,East,61.39,0,838,43
2023-11-08,P010,East,58.06,0,469,45
2023-11-13,P010,East,61.06,0,352,55
2023-11-23,P010,East,61.31,0,458,62
2023-11-25,P010,East,60.26,0,755,38
2023-12-02,P010,East,58.15,0,672,44
2023-12-08,P010,East,53.48,1,590,82
2023-12-15,P010,East,58.18,0,114,53
2023-12-27,P010,East,60.97,0,213,52
2023-12-28,P010,East,62.29,0,152,59
2023-12-29,P010,East,58.13,0,604,47
2024-01-01,P010,East,61.75,0,54,55
2024-01-04,P010,East,62.28,0,615,60
2024-01-13,P010,East,62.44,0,892,52
2024-01-18,P010,East,62.84,0,863,74
2024-01-19,P010,East,61.11,0,734,63
2024-01-20,P010,East,62.24,0,783,58
2024-01-23,P010,East,58.62,0,81,70
2024-02-04,P010,East,58.48,0,258,55
2024-02-05,P010,East,60.64,0,109,63
2024-02-19,P010,East,58.4,0,558,76
2024-02-21,P010,East,61.17,0,525,66
2024-02-27,P010,East,58.57,0,83,65
2024-02-28,P010,East,60.75,0,91,84
2024-03-01,P010,East,61.64,0,922,64
2024-03-02,P010,East,58.49,0,214,51
2024-03-04,P010,East,60.45,0,430,72
2024-03-07,P010,East,61.21,0,483,53
2024-03-10,P010,East,60.72,0,346,58
2024-03-13,P010,East,59.64,0,909,97
2024-03-14,P010,East,60.09,0,195,60
2024-03-25,P010,East,57.48,0,142,54
2024-03-30,P010,East,59.87,0,849,73
2024-04-01,P010,East,62.22,0,510,70
2024-04-05,P010,East,60.35,0,249,53
2024-04-12,P010,East,62.51,0,696,58
2024-04-15,P010,East,58.54,0,543,75
2024-04-18,P010,East,59.12,0,834,73
2024-04-22,P010,East,57.1,0,717,62
2024-04-26,P010,East,58.45,0,274,77
2024-04-30,P010,East,60.42,0,723,53
2024-05-06,P010,East,62.76,0,982,69
2024-05-09,P010,East,59.21,0,974,77
2024-05-16,P010,East,61.76,0,352,73
2024-05-17,P010,East,58.73,0,730,63
2024-05-18,P010,East,57.45,0,738,60
2024-05-23,P010,East,59.93,0,711,58
2024-06-02,P010,East,60.06,0,992,67
2024-06-07,P010,East,61.08,0,645,61
2024-06-09,P010,East,60.77,0,695,65
2024-06-18,P010,East,58.13,0,197,60
2024-06-20,P010,East,60.25,0,843,60
2024-06-25,P010,East,57.94,0,342,64
2024-06-29,P010,East,58.39,0,424,45
2024-07-02,P010,East,58.68,0,708,63
2024-07-07,P010,East,57.03,0,173,43
2024-07-08,P010,East,60.62,0,800,68
2024-07-11,P010,East,60.46,0,325,63
2024-07-12,P010,East,59.68,0,309,44
2024-07-17,P010,East,59.62,0,614,45
2024-07-18,P010,East,58.22,0,773,68
2024-07-22,P010,East,61.72,0,230,54
2024-07-23,P010,East,59.38,0,616,63
2024-07-27,P010,East,57.18,0,282,34
2024-08-12,P010,East,60.58,0,991,45
2024-08-21,P010,East,62.33,0,358,36
2024-08-26,P010,East,60.24,0,923,45
2024-08-30,P010,East,60.97,0,860,47
2024-09-08,P010,East,57.03,0,983,36
2024-09-11,P010,East,57.49,0,55,58
2024-09-14,P010,East,58.25,0,791,68
2024-09-26,P010,East,62.14,0,383,53
2024-10-02,P010,East,60.59,0,189,64
2024-10-03,P010,East,57.85,0,756,42
2024-10-08,P010,East,57.36,0,446,54
2024-10-09,P010,East,58.09,0,278,65
2024-10-11,P010,East,59.64,0,526,56
2024-10-14,P010,East,58.39,0,769,55
2024-10-16,P010,East,62.7,0,89,57
2024-10-24,P010,East,59.24,0,112,55
2024-10-28,P010,East,61.45,0,433,51
2024-11-14,P010,East,58.27,0,702,34
2024-12-01,P010,East,60.45,0,169,61
2024-12-02,P010,East,62.24,0,358,54
2024-12-04,P010,East,57.95,0,139,50
2024-12-18,P010,East,62.11,0,626,57
