data/sales_data.csv
Date,Product,Region,Price,Promo,Inventory,Sales
2022-01-05,P001,East,50.55,0,934,55
2022-01-11,P001,East,50.82,0,593,68
2022-01-12,P001,East,45.22,1,821,66
2022-01-14,P001,East,51.69,0,898,46
2022-01-18,P001,East,50.85,0,468,51
2022-01-26,P001,East,49.75,0,206,56
2022-02-01,P001,East,52.42,0,564,37
2022-02-06,P001,East,52.37,0,893,48
2022-02-21,P001,East,51.68,0,807,52
2022-03-04,P001,East,48.78,0,779,69
2022-03-06,P001,East,51.35,0,495,53
2022-03-07,P001,East,51.26,0,146,44
2022-03-10,P001,East,53.35,0,714,56
2022-03-11,P001,East,52.96,0,554,63
2022-03-18,P001,East,50.56,0,941,61
2022-03-23,P001,East,46.13,1,895,117
2022-03-26,P001,East,52.45,0,867,50
2022-04-01,P001,East,52.95,0,90,66
2022-04-05,P001,East,50.49,0,721,50
2022-04-10,P001,East,53.24,0,815,37
2022-04-13,P001,East,53.52,0,253,50
2022-04-15,P001,East,49.24,0,339,52
2022-04-30,P001,East,48.92,0,871,62
2022-05-03,P001,East,53.01,0,762,56
2022-05-08,P001,East,51.18,0,417,51
2022-05-09,P001,East,52.57,0,733,38
2022-05-23,P001,East,52.09,0,645,45
2022-05-24,P001,East,52.8,0,503,59
2022-05-28,P001,East,49.66,0,175,52
2022-06-02,P001,East,49.02,0,787,61
2022-06-06,P001,East,50.85,0,930,49
2022-06-12,P001,East,52.26,0,622,37
2022-06-18,P001,East,51.92,0,527,39
2022-06-20,P001,East,49.15,0,95,59
2022-06-22,P001,East,48.78,0,197,61
2022-06-26,P001,East,51.09,0,225,40
2022-07-03,P001,East,47.34,1,696,69
2022-07-15,P001,East,49.32,0,165,41
2022-07-17,P001,East,49.89,0,134,44
2022-07-18,P001,East,53.02,0,236,50
2022-07-25,P001,East,52.0,0,484,39
2022-07-30,P001,East,51.69,0,135,44
2022-08-06,P001,East,50.08,0,251,47
2022-08-12,P001,East,51.34,0,861,43
2022-08-13,P001,East,53.38,0,150,50
2022-08-15,P001,East,45.93,1,450,70
2022-08-17,P001,East,49.63,0,840,52
2022-08-22,P001,East,51.82,0,82,37
2022-08-27,P001,East,50.88,0,187,37
2022-08-30,P001,East,51.66,0,662,40
2022-08-31,P001,East,52.92,0,598,48
2022-09-03,P001,East,48.52,0,582,37
2022-09-04,P001,East,53.43,0,369,37
2022-09-06,P001,East,51.3,0,992,51
2022-09-12,P001,East,48.0,1,481,66
2022-09-20,P001,East,50.92,0,223,49
2022-09-24,P001,East,53.48,0,650,35
2022-09-26,P001,East,50.5,0,350,52
2022-09-27,P001,East,52.81,0,263,38
2022-10-02,P001,East,49.14,0,357,41
2022-10-07,P001,East,51.26,0,631,40
2022-10-10,P001,East,49.56,0,403,48
2022-10-11,P001,East,53.09,0,774,44
2022-10-12,P001,East,53.37,0,103,49
2022-10-14,P001,East,49.02,0,88,41
2022-10-16,P001,East,49.18,0,520,28
2022-10-20,P001,East,52.55,0,924,49
2022-10-24,P001,East,45.02,1,212,58
2022-10-29,P001,East,51.64,0,630,46
2022-10-31,P001,East,53.53,0,95,50
2022-11-02,P001,East,49.52,0,703,56
2022-11-03,P001,East,48.92,0,301,42
2022-11-04,P001,East,52.56,0,977,43
2022-11-06,P001,East,50.29,0,280,42
2022-11-10,P001,East,49.63,0,917,54
2022-11-15,P001,East,50.66,0,576,59
2022-11-22,P001,East,50.13,0,608,47
2022-12-10,P001,East,49.75,0,87,38
2022-12-13,P001,East,51.72,0,518,53
2022-12-22,P001,East,49.58,0,761,53
2022-12-27,P001,East,51.8,0,296,53
2023-01-03,P001,East,48.96,0,458,52
2023-01-06,P001,East,48.79,0,892,53
2023-01-09,P001,East,45.68,1,369,86
2023-01-14,P001,East,52.94,0,760,44
2023-01-16,P001,East,51.19,0,833,51
2023-01-20,P001,East,51.45,0,902,50
2023-02-09,P001,East,45.89,1,708,116
2023-02-19,P001,East,50.46,0,414,43
2023-02-27,P001,East,53.51,0,355,62
2023-03-04,P001,East,53.49,0,361,62
2023-03-06,P001,East,50.51,0,656,72
2023-03-07,P001,East,53.19,0,888,70
2023-03-11,P001,East,50.64,0,977,48
2023-03-15,P001,East,48.89,0,392,78
2023-03-23,P001,East,52.17,0,180,72
2023-03-27,P001,East,48.61,0,525,55
2023-04-03,P001,East,52.65,0,447,70
2023-04-05,P001,East,50.28,0,502,76
2023-04-06,P001,East,49.14,0,506,58
2023-04-07,P001,East,53.33,0,385,50
2023-04-10,P001,East,52.69,0,785,53
2023-04-18,P001,East,50.88,0,480,78
2023-04-23,P001,East,53.15,0,596,41
2023-04-27,P001,East,52.29,0,766,52
2023-05-03,P001,East,44.91,1,651,99
2023-05-05,P001,East,48.17,1,867,70
2023-05-06,P001,East,51.18,0,66,60
2023-05-15,P001,East,51.8,0,918,56
2023-05-19,P001,East,51.56,0,166,53
2023-05-21,P001,East,52.98,0,337,61
2023-05-22,P001,East,49.37,0,696,60
2023-05-28,P001,East,51.6,0,66,65
2023-06-02,P001,East,49.34,0,105,52
2023-06-10,P001,East,50.31,0,566,48
2023-06-11,P001,East,49.43,0,787,55
2023-06-12,P001,East,51.71,0,730,48
2023-06-19,P001,East,50.99,0,135,52
2023-06-23,P001,East,47.23,1,220,91
2023-06-28,P001,East,51.91,0,646,53
2023-06-29,P001,East,51.44,0,134,59
2023-07-02,P001,East,50.23,0,935,47
2023-07-03,P001,East,53.03,0,723,37
2023-07-04,P001,East,50.66,0,667,58
2023-07-05,P001,East,50.81,0,100,46
2023-07-10,P001,East,53.16,0,477,52
2023-07-15,P001,East,52.74,0,293,34
2023-07-22,P001,East,48.72,0,298,53
2023-07-28,P001,East,49.78,0,958,43
2023-07-29,P001,East,52.3,0,945,45
2023-07-30,P001,East,50.0,0,338,44
2023-08-06,P001,East,51.88,0,152,48
2023-08-29,P001,East,53.49,0,176,52
2023-08-31,P001,East,47.73,1,686,87
2023-09-03,P001,East,51.03,0,657,43
2023-09-04,P001,East,52.95,0,314,39
2023-09-16,P001,East,48.84,0,425,49
2023-09-19,P001,East,48.56,0,337,29
2023-09-25,P001,East,53.1,0,229,34
2023-10-03,P001,East,51.49,0,434,57
2023-10-09,P001,East,53.12,0,74,42
2023-10-10,P001,East,49.88,0,514,45
2023-10-12,P001,East,48.5,0,256,53
2023-10-14,P001,East,51.79,0,930,44
2023-10-15,P001,East,48.47,0,592,35
2023-10-18,P001,East,53.38,0,291,44
2023-10-19,P001,East,45.53,1,678,64
2023-10-20,P001,East,50.66,0,775,40
2023-10-22,P001,East,52.36,0,107,38
2023-11-01,P001,East,52.53,0,579,39
2023-11-04,P001,East,50.14,0,726,27
2023-11-08,P001,East,52.32,0,734,28
2023-11-10,P001,East,52.63,0,844,41
2023-11-12,P001,East,53.01,0,718,36
2023-11-15,P001,East,44.05,1,176,73
2023-11-16,P001,East,52.1,0,478,37
2023-11-19,P001,East,51.79,0,142,33
2023-11-22,P001,East,44.17,1,854,72
2023-11-24,P001,East,44.48,1,661,56
2023-12-04,P001,East,48.64,0,741,44
2023-12-09,P001,East,52.31,0,111,33
2023-12-17,P001,East,52.36,0,145,38
2023-12-19,P001,East,51.48,0,716,51
2023-12-21,P001,East,50.89,0,484,50
2023-12-28,P001,East,44.2,1,900,71
2024-01-11,P001,East,52.46,0,527,69
2024-01-13,P001,East,52.14,0,364,46
2024-01-14,P001,East,50.88,0,498,62
2024-01-18,P001,East,51.48,0,808,45
2024-01-22,P001,East,44.07,1,174,105
2024-01-29,P001,East,53.44,0,346,65
2024-01-31,P001,East,49.41,0,652,51
2024-02-19,P001,East,50.84,0,899,58
2024-02-22,P001,East,48.81,0,931,57
2024-03-04,P001,East,49.37,0,66,46
2024-03-13,P001,East,50.13,0,512,73
2024-03-18,P001,East,51.12,0,196,78
2024-03-20,P001,East,51.47,0,771,70
2024-03-21,P001,East,49.36,0,504,58
2024-03-23,P001,East,52.1,0,754,43
2024-03-26,P001,East,49.67,0,923,61
2024-04-02,P001,East,47.1,1,680,140
2024-04-06,P001,East,46.52,1,536,80
2024-04-07,P001,East,52.86,0,918,58
2024-04-08,P001,East,50.67,0,380,60
2024-04-18,P001,East,49.93,0,814,76
2024-04-22,P001,East,50.08,0,60,49
2024-04-23,P001,East,49.19,0,997,87
2024-04-24,P001,East,49.38,0,651,74
2024-04-25,P001,East,53.08,0,394,57
2024-04-28,P001,East,51.37,0,819,54
2024-05-04,P001,East,51.81,0,412,60
2024-05-15,P001,East,50.33,0,290,56
2024-05-21,P001,East,49.78,0,106,64
2024-05-22,P001,East,52.77,0,96,55
2024-05-25,P001,East,49.37,0,853,64
2024-05-31,P001,East,52.53,0,815,53
2024-06-04,P001,East,53.4,0,643,68
2024-06-11,P001,East,50.99,0,601,49
2024-06-25,P001,East,51.12,0,994,52
2024-07-07,P001,East,50.73,0,870,35
2024-07-10,P001,East,48.99,0,334,57
2024-07-26,P001,East,53.45,0,420,40
2024-07-28,P001,East,50.18,0,341,32
2024-08-03,P001,East,52.55,0,817,35
2024-08-08,P001,East,48.58,0,475,51
2024-08-19,P001,East,51.86,0,703,33
2024-08-21,P001,East,53.38,0,660,48
2024-08-25,P001,East,52.87,0,276,41
2024-08-27,P001,East,49.56,0,94,40
2024-08-29,P001,East,48.51,0,833,50
2024-09-19,P001,East,52.09,0,288,37
2024-09-20,P001,East,52.25,0,986,40
2024-10-02,P001,East,52.7,0,762,47
2024-10-03,P001,East,44.09,1,108,61
2024-10-06,P001,East,51.03,0,686,29
2024-10-07,P001,East,47.7,1,867,74
2024-10-10,P001,East,50.43,0,515,39
2024-10-15,P001,East,45.57,1,723,65
2024-10-26,P001,East,51.6,0,439,29
2024-10-31,P001,East,49.63,0,224,42
2024-11-02,P001,East,51.15,0,268,46
2024-11-06,P001,East,52.65,0,560,49
2024-11-07,P001,East,50.68,0,325,45
2024-11-12,P001,East,49.93,0,445,49
2024-11-13,P001,East,51.97,0,621,43
2024-11-18,P001,East,51.36,0,93,45
2024-11-23,P001,East,50.48,0,115,37
2024-11-26,P001,East,50.09,0,182,58
2024-11-29,P001,East,50.88,0,630,50
2024-12-17,P001,East,52.69,0,854,55
2022-01-05,P002,North,53.19,0,869,45
2022-01-09,P002,North,51.66,0,796,39
2022-01-13,P002,North,50.64,0,534,57
2022-01-20,P002,North,51.69,0,588,56
2022-01-26,P002,North,49.88,0,148,52
2022-01-29,P002,North,53.42,0,555,55
2022-01-30,P002,North,50.3,0,303,38
2022-02-04,P002,North,50.94,0,506,53
2022-02-14,P002,North,51.72,0,106,70
2022-02-17,P002,North,53.32,0,986,64
2022-02-21,P002,North,45.9,1,418,98
2022-03-01,P002,North,46.07,1,173,120
2022-03-02,P002,North,52.82,0,358,56
2022-03-09,P002,North,51.23,0,631,46
2022-03-17,P002,North,54.57,0,885,59
2022-03-26,P002,North,51.42,0,857,44
2022-03-29,P002,North,52.17,0,189,79
2022-04-02,P002,North,50.16,0,220,66
2022-04-06,P002,North,54.37,0,947,72
2022-04-12,P002,North,52.61,0,328,69
2022-04-15,P002,North,52.83,0,94,70
2022-04-24,P002,North,51.4,0,860,45
2022-04-25,P002,North,49.59,0,924,67
2022-04-28,P002,North,49.59,0,256,71
2022-04-29,P002,North,50.22,0,167,55
2022-05-02,P002,North,52.58,0,572,60
2022-05-08,P002,North,54.39,0,142,61
2022-05-11,P002,North,52.96,0,983,69
2022-05-19,P002,North,53.21,0,67,75
2022-05-26,P002,North,50.97,0,873,61
2022-05-27,P002,North,53.7,0,525,60
2022-06-02,P002,North,50.88,0,904,56
2022-06-03,P002,North,52.25,0,666,48
2022-06-04,P002,North,51.67,0,978,49
2022-06-08,P002,North,51.68,0,518,60
2022-06-13,P002,North,54.03,0,803,50
2022-06-14,P002,North,50.88,0,237,62
2022-06-18,P002,North,50.57,0,334,49
2022-07-01,P002,North,49.76,0,247,59
2022-07-06,P002,North,50.93,0,249,54
2022-07-08,P002,North,51.01,0,755,37
2022-07-09,P002,North,53.09,0,518,32
2022-07-13,P002,North,53.04,0,936,46
2022-07-14,P002,North,49.8,0,295,55
2022-07-22,P002,North,53.65,0,923,42
2022-07-23,P002,North,50.33,0,593,36
2022-07-30,P002,North,53.1,0,942,46
2022-08-01,P002,North,53.31,0,999,48
2022-08-05,P002,North,54.03,0,573,41
2022-08-06,P002,North,51.59,0,177,43
2022-08-12,P002,North,52.96,0,527,38
2022-08-22,P002,North,53.32,0,394,42
2022-08-28,P002,North,53.76,0,822,44
2022-08-30,P002,North,54.41,0,968,52
2022-09-04,P002,North,51.12,0,112,35
2022-09-21,P002,North,50.09,0,360,48
2022-09-26,P002,North,45.97,1,204,63
2022-10-09,P002,North,52.38,0,751,33
2022-10-13,P002,North,51.55,0,334,40
2022-10-14,P002,North,52.6,0,498,36
2022-10-18,P002,North,52.62,0,212,42
2022-10-21,P002,North,52.97,0,265,48
2022-10-22,P002,North,51.97,0,974,47
2022-11-02,P002,North,45.84,1,262,82
2022-11-03,P002,North,53.3,0,297,34
2022-11-18,P002,North,49.83,0,90,39
2022-11-24,P002,North,53.88,0,137,41
2022-11-26,P002,North,49.49,0,273,36
2022-11-30,P002,North,54.55,0,611,53
2022-12-13,P002,North,50.3,0,271,31
2022-12-16,P002,North,54.36,0,371,54
2022-12-17,P002,North,50.88,0,104,46
2022-12-23,P002,North,50.3,0,684,54
2022-12-25,P002,North,53.92,0,120,57
2023-01-11,P002,North,51.8,0,614,62
2023-01-18,P002,North,54.52,0,542,51
2023-01-19,P002,North,45.54,1,960,92
2023-01-20,P002,North,53.42,0,67,49
2023-01-28,P002,North,53.89,0,237,49
2023-02-09,P002,North,51.54,0,399,57
2023-02-14,P002,North,49.49,0,222,60
2023-02-21,P002,North,53.96,0,285,72
2023-02-22,P002,North,53.13,0,217,60
2023-03-07,P002,North,53.49,0,179,63
2023-03-13,P002,North,52.61,0,988,52
2023-03-25,P002,North,49.84,0,144,55
2023-03-31,P002,North,49.72,0,765,59
2023-04-03,P002,North,51.29,0,882,67
2023-04-05,P002,North,51.81,0,420,75
2023-04-17,P002,North,51.67,0,182,53
2023-05-01,P002,North,51.95,0,251,69
2023-05-03,P002,North,51.06,0,369,85
2023-05-04,P002,North,52.55,0,529,58
2023-05-15,P002,North,49.8,0,798,68
2023-05-17,P002,North,51.52,0,96,66
2023-05-26,P002,North,52.69,0,415,47
2023-05-27,P002,North,51.61,0,923,51
2023-05-31,P002,North,50.77,0,773,57
2023-06-12,P002,North,51.81,0,296,62
2023-06-14,P002,North,51.57,0,623,69
2023-06-24,P002,North,52.72,0,112,38
2023-06-29,P002,North,46.32,1,898,76
2023-07-01,P002,North,49.7,0,88,39
2023-07-04,P002,North,50.38,0,620,48
2023-07-06,P002,North,53.37,0,362,53
2023-07-10,P002,North,50.44,0,502,54
2023-07-12,P002,North,53.08,0,712,51
2023-07-15,P002,North,53.05,0,301,42
2023-07-20,P002,North,54.49,0,220,38
2023-07-25,P002,North,52.22,0,822,50
2023-07-29,P002,North,53.36,0,305,35
2023-08-03,P002,North,51.0,0,938,52
2023-08-08,P002,North,51.22,0,352,57
2023-09-01,P002,North,54.01,0,419,49
2023-09-02,P002,North,53.9,0,393,37
2023-09-07,P002,North,51.7,0,422,38
2023-09-16,P002,North,49.56,0,206,41
2023-09-24,P002,North,52.16,0,189,36
2023-10-07,P002,North,50.17,0,91,44
2023-10-15,P002,North,51.78,0,663,44
2023-10-20,P002,North,53.84,0,746,38
2023-10-26,P002,North,53.43,0,194,39
2023-10-30,P002,North,47.24,1,337,73
2023-11-04,P002,North,50.34,0,413,33
2023-11-08,P002,North,50.38,0,812,44
2023-11-11,P002,North,47.7,1,369,69
2023-11-20,P002,North,54.3,0,840,59
2023-11-25,P002,North,50.02,0,328,38
2023-11-28,P002,North,54.36,0,275,53
2023-12-03,P002,North,44.81,1,279,70
2023-12-05,P002,North,52.12,0,739,47
2023-12-07,P002,North,53.15,0,445,46
2023-12-13,P002,North,49.84,0,210,62
2023-12-14,P002,North,50.11,0,311,41
2023-12-23,P002,North,51.89,0,968,43
2023-12-24,P002,North,51.51,0,963,54
2023-12-27,P002,North,50.5,0,960,54
2023-12-28,P002,North,51.67,0,931,47
2024-01-03,P002,North,53.93,0,907,65
2024-01-04,P002,North,52.41,0,842,50
2024-01-20,P002,North,53.83,0,387,42
2024-01-22,P002,North,53.87,0,309,58
2024-01-23,P002,North,52.0,0,982,54
2024-01-24,P002,North,52.27,0,286,70
2024-02-04,P002,North,52.04,0,734,53
2024-02-09,P002,North,52.54,0,668,40
2024-02-10,P002,North,51.81,0,203,57
2024-02-17,P002,North,52.72,0,819,54
2024-02-24,P002,North,52.99,0,186,60
2024-02-27,P002,North,49.45,0,160,59
2024-02-29,P002,North,53.65,0,285,59
2024-03-03,P002,North,52.06,0,194,42
2024-03-04,P002,North,54.14,0,603,46
2024-03-11,P002,North,53.09,0,272,68
2024-03-26,P002,North,49.89,0,780,61
2024-04-06,P002,North,54.41,0,211,62
2024-04-22,P002,North,52.84,0,230,63
2024-04-28,P002,North,49.88,0,819,49
2024-04-29,P002,North,54.17,0,133,75
2024-05-01,P002,North,50.92,0,422,55
2024-05-12,P002,North,50.55,0,591,57
2024-05-26,P002,North,49.94,0,725,58
2024-05-28,P002,North,50.61,0,414,64
2024-06-11,P002,North,51.7,0,771,68
2024-06-13,P002,North,51.38,0,326,57
2024-06-16,P002,North,49.8,0,321,55
2024-06-18,P002,North,51.95,0,723,59
2024-06-29,P002,North,50.25,0,784,58
2024-07-05,P002,North,50.25,0,702,53
2024-07-06,P002,North,52.63,0,860,49
2024-07-09,P002,North,52.34,0,725,49
2024-07-21,P002,North,50.36,0,569,43
2024-07-24,P002,North,52.83,0,235,53
2024-07-28,P002,North,53.48,0,789,44
2024-08-03,P002,North,54.59,0,522,39
2024-08-05,P002,North,51.49,0,551,40
2024-08-06,P002,North,51.55,0,757,49
2024-08-07,P002,North,53.56,0,738,49
2024-08-12,P002,North,53.34,0,579,32
2024-08-24,P002,North,49.82,0,604,35
2024-08-30,P002,North,54.58,0,149,31
2024-09-07,P002,North,53.95,0,928,33
2024-09-13,P002,North,50.41,0,116,31
2024-09-24,P002,North,44.76,1,742,60
2024-09-26,P002,North,49.48,0,490,42
2024-10-01,P002,North,52.47,0,567,41
2024-10-03,P002,North,52.21,0,926,43
2024-10-04,P002,North,53.46,0,860,42
2024-10-05,P002,North,53.8,0,574,47
2024-10-09,P002,North,50.99,0,969,50
2024-10-14,P002,North,51.86,0,487,41
2024-10-21,P002,North,50.66,0,914,47
2024-10-25,P002,North,49.74,0,484,41
2024-10-28,P002,North,53.66,0,559,34
2024-11-01,P002,North,51.86,0,861,39
2024-11-10,P002,North,45.29,1,1000,70
2024-11-12,P002,North,50.65,0,513,49
2024-11-14,P002,North,50.17,0,684,42
2024-11-15,P002,North,52.35,0,680,33
2024-11-17,P002,North,52.98,0,95,33
2024-11-26,P002,North,49.87,0,733,49
2024-11-27,P002,North,50.37,0,692,36
2024-11-30,P002,North,52.1,0,724,40
2024-12-01,P002,North,50.56,0,993,40
2024-12-05,P002,North,51.2,0,569,34
2024-12-06,P002,North,52.59,0,132,55
2024-12-07,P002,North,53.64,0,603,46
2024-12-08,P002,North,52.24,0,871,42
2024-12-14,P002,North,49.0,1,702,87
2024-12-15,P002,North,52.34,0,858,31
