data/sales_data.csv
Date,Product,Region,Price,Promo,Inventory,Sales
2022-01-05,P004,East,56.29,0,503,64
2022-01-08,P004,East,49.75,1,390,72
2022-01-11,P004,East,52.64,0,702,75
2022-01-20,P004,East,52.73,0,688,55
2022-01-25,P004,East,51.88,0,779,67
2022-02-03,P004,East,47.15,1,860,89
2022-02-05,P004,East,55.15,0,139,65
2022-02-07,P004,East,51.69,0,111,77
2022-02-21,P004,East,51.78,0,617,66
2022-02-22,P004,East,52.87,0,761,75
2022-03-09,P004,East,52.25,0,88,68
2022-03-12,P004,East,56.13,0,321,51
2022-03-14,P004,East,50.49,1,389,111
2022-03-19,P004,East,47.26,1,184,79
2022-03-21,P004,East,52.77,0,444,68
2022-03-22,P004,East,55.76,0,963,82
2022-03-25,P004,East,56.39,0,777,67
2022-03-26,P004,East,56.22,0,771,70
2022-03-28,P004,East,56.37,0,814,82
2022-04-03,P004,East,53.3,0,94,50
2022-04-06,P004,East,55.39,0,844,74
2022-04-07,P004,East,55.43,0,604,79
2022-04-10,P004,East,51.64,0,949,53
2022-04-14,P004,East,54.23,0,551,70
2022-04-16,P004,East,52.2,0,234,52
2022-04-27,P004,East,53.54,0,810,53
2022-05-01,P004,East,51.83,0,505,59
2022-05-07,P004,East,54.22,0,491,64
2022-05-10,P004,East,51.34,0,998,71
2022-05-12,P004,East,52.22,0,401,69
2022-05-13,P004,East,52.02,0,352,45
2022-05-18,P004,East,55.38,0,190,73
2022-05-20,P004,East,55.03,0,192,40
2022-05-22,P004,East,53.5,0,925,59
2022-05-23,P004,East,56.39,0,80,65
2022-05-28,P004,East,55.96,0,107,73
2022-05-29,P004,East,52.78,0,132,49
2022-05-30,P004,East,56.08,0,279,66
2022-06-06,P004,East,54.52,0,617,62
2022-06-15,P004,East,54.65,0,718,61
2022-06-17,P004,East,52.8,0,562,59
2022-06-24,P004,East,55.74,0,825,60
2022-07-08,P004,East,56.52,0,110,52
2022-07-11,P004,East,54.85,0,304,59
2022-07-13,P004,East,55.65,0,744,59
2022-07-17,P004,East,55.67,0,767,40
2022-07-19,P004,East,53.56,0,565,51
2022-07-21,P004,East,52.28,0,239,54
2022-07-25,P004,East,52.29,0,811,50
2022-07-26,P004,East,52.19,0,872,55
2022-07-29,P004,East,52.27,0,160,49
2022-07-30,P004,East,55.37,0,218,46
2022-08-01,P004,East,55.5,0,614,38
2022-08-11,P004,East,54.86,0,195,47
2022-08-15,P004,East,51.42,0,195,39
2022-08-21,P004,East,52.4,0,190,50
2022-08-30,P004,East,54.87,0,405,45
2022-09-02,P004,East,53.86,0,790,41
2022-09-05,P004,East,54.0,0,170,37
2022-09-09,P004,East,54.47,0,431,41
2022-09-11,P004,East,56.15,0,889,53
2022-09-16,P004,East,53.2,0,272,53
2022-09-18,P004,East,55.22,0,349,39
2022-09-23,P004,East,53.51,0,711,40
2022-09-24,P004,East,56.02,0,653,46
2022-09-28,P004,East,53.56,0,228,41
2022-10-03,P004,East,52.51,0,155,45
2022-10-08,P004,East,56.39,0,455,40
2022-10-10,P004,East,46.36,1,600,64
2022-10-16,P004,East,53.8,0,395,45
2022-10-17,P004,East,52.63,0,806,39
2022-10-22,P004,East,49.79,1,140,42
2022-10-29,P004,East,52.19,0,553,43
2022-10-31,P004,East,54.24,0,432,51
2022-11-02,P004,East,54.87,0,60,67
2022-11-03,P004,East,53.52,0,60,43
2022-11-10,P004,East,56.03,0,400,62
2022-11-14,P004,East,52.89,0,890,38
2022-11-18,P004,East,54.5,0,680,50
2022-11-24,P004,East,56.68,0,793,39
2022-11-26,P004,East,48.71,1,329,58
2022-12-10,P004,East,56.52,0,811,40
2022-12-12,P004,East,54.12,0,198,43
2022-12-16,P004,East,51.73,0,60,45
2022-12-20,P004,East,54.17,0,443,43
2022-12-23,P004,East,53.01,0,66,49
2022-12-25,P004,East,52.28,0,152,47
2022-12-28,P004,East,55.22,0,234,50
2023-01-21,P004,East,55.54,0,590,49
2023-01-25,P004,East,54.51,0,335,55
2023-02-22,P004,East,52.7,0,954,76
2023-02-24,P004,East,55.0,0,316,66
2023-02-28,P004,East,55.41,0,652,79
2023-03-01,P004,East,53.63,0,892,67
2023-03-08,P004,East,55.51,0,196,77
2023-03-12,P004,East,53.8,0,998,70
2023-03-22,P004,East,56.2,0,576,77
2023-04-01,P004,East,51.32,0,190,55
2023-04-06,P004,East,53.23,0,178,65
2023-04-07,P004,East,53.16,0,212,61
2023-04-08,P004,East,51.34,0,648,62
2023-04-20,P004,East,53.48,0,996,62
2023-04-28,P004,East,54.49,0,961,78
2023-04-29,P004,East,52.09,0,681,47
2023-05-04,P004,East,54.03,0,669,65
2023-05-05,P004,East,56.48,0,108,65
2023-05-07,P004,East,54.87,0,313,70
2023-05-10,P004,East,54.99,0,265,55
2023-05-17,P004,East,51.54,0,760,61
2023-05-22,P004,East,55.53,0,150,50
2023-05-23,P004,East,55.29,0,834,64
2023-05-24,P004,East,55.49,0,666,66
2023-06-22,P004,East,55.44,0,505,50
2023-06-25,P004,East,53.38,0,414,57
2023-06-28,P004,East,52.57,0,344,63
2023-07-06,P004,East,55.19,0,605,48
2023-07-09,P004,East,53.35,0,237,44
2023-07-10,P004,East,53.59,0,789,42
2023-07-14,P004,East,51.82,0,127,44
2023-07-15,P004,East,52.29,0,93,43
2023-07-20,P004,East,55.59,0,762,53
2023-07-27,P004,East,55.92,0,72,52
2023-07-31,P004,East,52.73,0,203,53
2023-08-02,P004,East,52.1,0,678,41
2023-08-11,P004,East,53.51,0,557,60
2023-08-13,P004,East,51.57,0,134,35
2023-08-27,P004,East,47.83,1,346,54
2023-08-31,P004,East,56.08,0,558,38
2023-09-10,P004,East,50.71,1,93,73
2023-09-14,P004,East,52.77,0,822,48
2023-09-20,P004,East,56.3,0,433,46
2023-09-22,P004,East,50.73,1,728,54
2023-09-25,P004,East,52.69,0,750,56
2023-09-26,P004,East,51.42,0,199,52
2023-09-28,P004,East,52.16,0,677,55
2023-09-29,P004,East,52.06,0,623,44
2023-10-01,P004,East,53.8,0,771,46
2023-10-06,P004,East,54.56,0,183,42
2023-10-10,P004,East,52.16,0,726,45
2023-10-11,P004,East,55.49,0,104,43
2023-10-18,P004,East,53.75,0,729,30
2023-10-21,P004,East,53.8,0,437,34
2023-10-29,P004,East,55.76,0,557,48
2023-11-03,P004,East,50.01,1,248,77
2023-11-06,P004,East,54.95,0,584,33
2023-11-07,P004,East,56.09,0,697,48
2023-11-21,P004,East,56.24,0,110,44
2023-11-23,P004,East,53.41,0,137,40
2023-11-24,P004,East,55.74,0,352,48
2023-11-29,P004,East,55.14,0,878,45
2023-11-30,P004,East,55.17,0,215,51
2023-12-02,P004,East,55.02,0,394,41
2023-12-14,P004,East,53.25,0,852,52
2023-12-15,P004,East,52.73,0,786,59
2023-12-17,P004,East,48.97,1,954,59
2023-12-28,P004,East,54.47,0,119,46
2024-01-06,P004,East,54.91,0,671,46
2024-01-07,P004,East,52.98,0,187,37
2024-01-20,P004,East,55.19,0,689,71
2024-01-21,P004,East,52.84,0,981,44
2024-02-09,P004,East,52.61,0,763,55
2024-02-11,P004,East,54.15,0,892,64
2024-02-19,P004,East,51.38,0,225,67
2024-02-22,P004,East,53.82,0,867,68
2024-02-23,P004,East,54.57,0,591,55
2024-02-25,P004,East,52.24,0,307,56
2024-03-04,P004,East,56.57,0,473,65
2024-03-15,P004,East,55.49,0,737,59
2024-03-31,P004,East,52.44,0,704,60
2024-04-02,P004,East,56.32,0,729,67
2024-04-07,P004,East,53.56,0,895,59
2024-04-12,P004,East,51.58,0,887,54
2024-04-21,P004,East,53.99,0,734,67
2024-04-28,P004,East,54.15,0,586,60
2024-05-02,P004,East,54.68,0,195,66
2024-05-05,P004,East,50.42,1,634,84
2024-05-07,P004,East,53.3,0,287,88
2024-05-18,P004,East,53.01,0,525,48
2024-05-20,P004,East,56.48,0,922,46
2024-05-25,P004,East,55.13,0,344,62
2024-06-02,P004,East,56.32,0,122,66
2024-06-04,P004,East,52.68,0,635,72
2024-06-07,P004,East,52.95,0,603,44
2024-06-16,P004,East,55.28,0,749,47
2024-06-18,P004,East,53.77,0,281,49
2024-06-24,P004,East,53.4,0,805,54
2024-06-28,P004,East,51.37,0,167,50
2024-07-01,P004,East,54.17,0,733,52
2024-07-03,P004,East,52.0,0,701,51
2024-07-12,P004,East,54.27,0,327,53
2024-07-22,P004,East,51.91,0,253,44
2024-07-26,P004,East,51.54,0,780,54
2024-08-01,P004,East,56.64,0,169,48
2024-08-03,P004,East,55.35,0,800,50
2024-08-05,P004,East,51.82,0,948,58
2024-08-14,P004,East,56.46,0,291,58
2024-08-16,P004,East,51.66,0,462,55
2024-08-24,P004,East,52.27,0,747,50
2024-08-26,P004,East,54.21,0,429,49
2024-09-02,P004,East,53.78,0,355,42
2024-09-18,P004,East,56.25,0,828,50
2024-09-22,P004,East,52.94,0,895,38
2024-10-05,P004,East,51.87,0,782,40
2024-10-08,P004,East,52.28,0,309,42
2024-10-15,P004,East,54.63,0,577,44
2024-10-22,P004,East,52.01,0,447,30
2024-10-26,P004,East,54.85,0,849,47
2024-11-03,P004,East,54.8,0,425,46
2024-11-06,P004,East,51.98,0,302,58
2024-11-07,P004,East,56.14,0,154,37
2024-11-17,P004,East,54.39,0,775,52
2024-12-14,P004,East,54.07,0,185,46
2024-12-16,P004,East,54.64,0,386,49
2024-12-18,P004,East,52.09,0,851,48
2022-01-05,P005,Central,55.84,0,603,73
2022-01-06,P005,Central,53.99,0,317,62
2022-01-09,P005,Central,57.42,0,804,48
2022-01-16,P005,Central,57.25,0,354,68
2022-01-21,P005,Central,54.68,0,403,63
2022-01-27,P005,Central,52.54,0,211,62
2022-01-30,P005,Central,55.72,0,392,59
2022-01-31,P005,Central,48.69,1,834,77
2022-02-02,P005,Central,49.58,1,297,97
2022-02-09,P005,Central,55.35,0,536,71
2022-02-10,P005,Central,54.2,0,840,74
2022-02-12,P005,Central,53.31,0,165,49
2022-02-20,P005,Central,54.15,0,150,43
2022-02-26,P005,Central,52.88,0,843,32
2022-03-02,P005,Central,57.14,0,62,95
2022-03-08,P005,Central,54.39,0,234,84
2022-03-10,P005,Central,57.72,0,631,81
2022-03-16,P005,Central,55.06,0,728,92
2022-03-17,P005,Central,52.79,0,181,67
2022-03-22,P005,Central,55.79,0,210,58
2022-03-23,P005,Central,56.19,0,422,71
2022-03-29,P005,Central,52.48,0,636,60
2022-04-03,P005,Central,57.41,0,543,63
2022-04-04,P005,Central,56.13,0,803,78
2022-04-08,P005,Central,55.42,0,284,68
2022-04-15,P005,Central,55.5,0,100,54
2022-04-16,P005,Central,54.11,0,211,47
2022-05-03,P005,Central,52.43,0,88,54
2022-05-21,P005,Central,55.39,0,151,62
2022-05-24,P005,Central,54.87,0,924,68
2022-05-31,P005,Central,54.77,0,60,45
2022-06-02,P005,Central,57.31,0,302,64
2022-06-05,P005,Central,55.96,0,756,48
2022-06-10,P005,Central,55.75,0,73,71
2022-06-20,P005,Central,53.05,0,293,40
2022-06-21,P005,Central,54.23,0,80,63
2022-06-23,P005,Central,49.56,1,394,75
2022-06-25,P005,Central,55.41,0,450,55
2022-07-01,P005,Central,56.24,0,368,55
2022-07-02,P005,Central,54.31,0,464,65
2022-07-03,P005,Central,52.69,0,981,53
2022-07-06,P005,Central,54.82,0,967,55
2022-07-10,P005,Central,54.91,0,710,47
2022-07-12,P005,Central,54.56,0,207,51
2022-07-13,P005,Central,57.1,0,462,53
2022-07-15,P005,Central,52.44,0,524,61
2022-07-17,P005,Central,53.29,0,925,39
2022-07-22,P005,Central,55.7,0,176,51
2022-08-08,P005,Central,53.97,0,369,45
2022-08-13,P005,Central,54.79,0,237,33
2022-08-14,P005,Central,54.07,0,112,50
2022-08-19,P005,Central,56.46,0,86,43
2022-08-21,P005,Central,56.33,0,265,50
2022-09-02,P005,Central,52.57,0,555,43
2022-09-06,P005,Central,55.81,0,707,46
2022-09-09,P005,Central,55.49,0,84,41
2022-09-10,P005,Central,57.6,0,819,46
2022-09-20,P005,Central,57.23,0,910,47
2022-09-25,P005,Central,55.41,0,699,42
2022-09-26,P005,Central,56.5,0,261,42
2022-09-27,P005,Central,57.72,0,475,54
2022-09-28,P005,Central,56.33,0,879,44
2022-10-14,P005,Central,47.78,1,930,84
2022-10-15,P005,Central,52.36,0,893,51
2022-10-20,P005,Central,52.38,0,181,47
2022-10-30,P005,Central,52.37,0,626,31
2022-11-02,P005,Central,54.38,0,263,46
2022-11-04,P005,Central,54.66,0,425,45
2022-11-06,P005,Central,55.8,0,823,39
2022-11-14,P005,Central,52.47,0,939,48
2022-11-18,P005,Central,55.62,0,191,54
2022-11-19,P005,Central,53.91,0,776,44
2022-11-25,P005,Central,57.04,0,609,43
2022-11-26,P005,Central,56.52,0,242,39
2022-12-07,P005,Central,52.37,0,281,54
2022-12-12,P005,Central,55.44,0,702,57
2022-12-13,P005,Central,57.18,0,825,71
2022-12-20,P005,Central,55.68,0,987,47
2022-12-21,P005,Central,55.76,0,699,70
2022-12-22,P005,Central,55.6,0,824,43
2022-12-23,P005,Central,56.91,0,763,60
2023-01-01,P005,Central,54.27,0,364,51
2023-01-09,P005,Central,56.53,0,322,46
2023-01-13,P005,Central,47.67,1,927,84
2023-01-14,P005,Central,57.71,0,56,53
2023-01-16,P005,Central,56.02,0,889,66
2023-01-19,P005,Central,55.32,0,871,54
2023-01-24,P005,Central,54.8,0,876,77
2023-02-01,P005,Central,55.12,0,981,65
2023-02-07,P005,Central,52.29,0,390,87
2023-02-15,P005,Central,53.25,0,177,72
2023-02-16,P005,Central,53.28,0,525,61
2023-02-18,P005,Central,53.83,0,776,58
2023-02-22,P005,Central,56.52,0,154,75
2023-02-24,P005,Central,54.35,0,246,73
2023-02-27,P005,Central,54.99,0,703,57
2023-02-28,P005,Central,55.62,0,639,67
2023-03-19,P005,Central,53.31,0,441,56
2023-03-24,P005,Central,55.42,0,520,62
2023-04-10,P005,Central,54.64,0,885,82
2023-04-13,P005,Central,53.98,0,190,67
2023-04-18,P005,Central,52.36,0,138,77
2023-04-25,P005,Central,55.81,0,696,69
2023-04-27,P005,Central,54.99,0,580,51
2023-04-28,P005,Central,53.1,0,986,60
2023-05-04,P005,Central,57.58,0,660,80
2023-05-05,P005,Central,55.98,0,190,78
2023-05-09,P005,Central,54.64,0,811,87
2023-05-10,P005,Central,54.48,0,315,90
2023-05-13,P005,Central,57.65,0,765,58
2023-05-18,P005,Central,50.28,1,492,121
2023-05-20,P005,Central,56.85,0,480,61
2023-05-22,P005,Central,56.74,0,77,55
2023-05-29,P005,Central,53.02,0,596,66
2023-06-04,P005,Central,56.07,0,140,57
2023-06-05,P005,Central,55.49,0,970,57
2023-06-11,P005,Central,52.43,0,329,65
2023-06-23,P005,Central,55.34,0,429,59
2023-06-25,P005,Central,55.12,0,729,54
2023-07-01,P005,Central,53.2,0,709,55
2023-07-11,P005,Central,53.95,0,402,59
2023-07-12,P005,Central,52.9,0,707,59
2023-07-13,P005,Central,56.87,0,132,51
2023-08-05,P005,Central,56.88,0,831,51
2023-08-06,P005,Central,53.26,0,655,50
2023-08-08,P005,Central,56.68,0,94,51
2023-08-11,P005,Central,51.72,1,335,62
2023-08-13,P005,Central,53.76,0,862,48
2023-08-16,P005,Central,52.55,0,464,63
2023-09-10,P005,Central,47.24,1,988,58
2023-09-25,P005,Central,57.54,0,870,52
2023-10-01,P005,Central,53.22,0,91,43
2023-10-02,P005,Central,53.48,0,775,41
2023-10-04,P005,Central,57.43,0,719,53
2023-10-05,P005,Central,54.25,0,925,42
2023-10-06,P005,Central,56.46,0,795,43
2023-10-10,P005,Central,56.36,0,76,67
2023-10-13,P005,Central,52.53,0,530,45
2023-10-15,P005,Central,57.51,0,866,37
2023-11-06,P005,Central,57.38,0,52,37
2023-11-10,P005,Central,52.39,0,787,48
2023-11-15,P005,Central,55.7,0,252,46
2023-11-18,P005,Central,53.43,0,431,48
2023-11-19,P005,Central,55.01,0,864,42
2023-11-20,P005,Central,54.37,0,783,39
2023-11-23,P005,Central,53.32,0,148,38
2023-11-28,P005,Central,53.93,0,774,46
2023-11-30,P005,Central,52.91,0,235,54
2023-12-01,P005,Central,57.57,0,723,42
2023-12-02,P005,Central,54.94,0,522,37
2023-12-06,P005,Central,57.08,0,292,41
2023-12-17,P005,Central,55.25,0,711,39
2023-12-19,P005,Central,56.61,0,681,54
2023-12-26,P005,Central,57.19,0,904,64
2023-12-28,P005,Central,55.39,0,884,45
2023-12-31,P005,Central,53.64,0,566,54
2024-01-01,P005,Central,52.67,0,756,51
2024-01-05,P005,Central,52.87,0,162,50
2024-01-07,P005,Central,53.34,0,699,62
2024-01-08,P005,Central,55.51,0,547,65
2024-01-10,P005,Central,55.88,0,412,74
2024-01-23,P005,Central,53.2,0,792,65
2024-01-30,P005,Central,54.17,0,651,70
2024-02-01,P005,Central,54.84,0,478,65
2024-02-03,P005,Central,52.47,0,961,46
2024-02-10,P005,Central,57.31,0,993,44
2024-02-15,P005,Central,55.11,0,487,59
2024-03-07,P005,Central,56.45,0,177,74
2024-03-14,P005,Central,53.29,0,922,68
2024-03-18,P005,Central,56.36,0,641,61
2024-03-21,P005,Central,52.82,0,997,72
2024-03-28,P005,Central,53.86,0,826,63
2024-04-09,P005,Central,53.08,0,458,71
2024-04-14,P005,Central,54.29,0,987,47
2024-04-15,P005,Central,54.75,0,845,61
2024-04-16,P005,Central,55.79,0,242,82
2024-04-26,P005,Central,52.32,0,592,62
2024-04-30,P005,Central,52.25,0,551,53
2024-05-01,P005,Central,53.25,0,201,65
2024-05-03,P005,Central,56.98,0,847,71
2024-05-05,P005,Central,57.35,0,443,53
2024-05-06,P005,Central,50.5,1,943,110
2024-05-18,P005,Central,57.26,0,996,41
2024-05-23,P005,Central,52.62,0,323,59
2024-05-27,P005,Central,52.62,0,159,58
2024-05-28,P005,Central,49.77,1,233,76
2024-06-09,P005,Central,56.37,0,110,65
2024-06-12,P005,Central,57.23,0,511,49
2024-06-13,P005,Central,56.84,0,898,57
2024-06-19,P005,Central,52.78,0,910,56
2024-06-20,P005,Central,52.57,0,531,69
2024-06-22,P005,Central,55.37,0,204,48
2024-06-23,P005,Central,57.71,0,988,48
2024-06-25,P005,Central,54.38,0,64,46
2024-06-26,P005,Central,57.44,0,867,79
2024-06-27,P005,Central,52.38,0,966,71
2024-06-29,P005,Central,53.01,0,416,46
2024-07-02,P005,Central,53.99,0,806,61
2024-07-04,P005,Central,53.51,0,744,74
2024-07-08,P005,Central,56.01,0,775,67
2024-07-09,P005,Central,56.19,0,194,58
2024-07-12,P005,Central,52.63,0,202,59
2024-07-31,P005,Central,48.75,1,592,95
2024-08-02,P005,Central,56.71,0,610,55
2024-08-06,P005,Central,53.59,0,674,45
2024-08-11,P005,Central,55.49,0,572,47
2024-08-15,P005,Central,52.93,0,308,48
2024-09-04,P005,Central,54.56,0,379,54
2024-09-05,P005,Central,56.45,0,634,45
2024-09-07,P005,Central,56.27,0,148,38
2024-09-08,P005,Central,54.14,0,888,49
2024-09-10,P005,Central,54.36,0,603,40
2024-09-12,P005,Central,54.84,0,668,49
2024-09-13,P005,Central,53.91,0,394,36
2024-09-14,P005,Central,56.77,0,255,46
2024-09-17,P005,Central,56.36,0,711,40
2024-09-21,P005,Central,53.33,0,520,38
2024-09-30,P005,Central,55.85,0,538,38
2024-10-09,P005,Central,54.6,0,179,43
2024-10-19,P005,Central,53.15,0,339,45
2024-10-20,P005,Central,54.03,0,576,43
2024-10-23,P005,Central,57.31,0,326,54
2024-11-14,P005,Central,57.04,0,524,55
2024-11-18,P005,Central,48.84,1,812,51
2024-11-19,P005,Central,57.13,0,641,44
2024-11-21,P005,Central,54.95,0,194,56
2024-12-01,P005,Central,56.04,0,681,40
2024-12-12,P005,Central,53.1,0,394,58
2024-12-17,P005,Central,54.55,0,937,41
