data/sales_data.csv
Date,Product,Region,Price,Promo,Inventory,Sales
2022-01-05,P006,South,55.92,0,268,41
2022-01-06,P006,South,53.93,0,710,73
2022-01-24,P006,South,54.03,0,972,51
2022-01-28,P006,South,56.66,0,901,71
2022-01-31,P006,South,57.86,0,839,53
2022-02-01,P006,South,58.15,0,77,62
2022-02-04,P006,South,54.0,0,672,58
2022-02-05,P006,South,58.39,0,703,51
2022-02-11,P006,South,50.65,1,211,94
2022-02-18,P006,South,50.43,1,432,88
2022-02-19,P006,South,57.93,0,710,60
2022-02-27,P006,South,53.94,0,199,46
2022-02-28,P006,South,53.2,0,488,66
2022-03-01,P006,South,56.35,0,674,95
2022-03-02,P006,South,57.9,0,480,70
2022-03-06,P006,South,55.79,0,922,67
2022-03-23,P006,South,49.67,1,698,102
2022-03-26,P006,South,54.19,0,749,74
2022-03-30,P006,South,56.79,0,333,73
2022-03-31,P006,South,57.72,0,678,77
2022-04-02,P006,South,55.5,0,196,59
2022-04-05,P006,South,54.75,0,459,72
2022-04-08,P006,South,58.0,0,250,50
2022-04-21,P006,South,56.36,0,211,63
2022-05-12,P006,South,56.3,0,285,43
2022-05-19,P006,South,56.55,0,221,61
2022-05-28,P006,South,58.12,0,198,64
2022-06-01,P006,South,58.77,0,832,66
2022-06-07,P006,South,53.46,0,68,61
2022-06-12,P006,South,55.94,0,175,61
2022-06-21,P006,South,57.23,0,397,69
2022-06-24,P006,South,57.4,0,535,49
2022-07-09,P006,South,58.7,0,745,29
2022-07-10,P006,South,53.56,0,980,44
2022-07-17,P006,South,55.45,0,330,43
2022-07-27,P006,South,57.72,0,719,61
2022-08-07,P006,South,56.47,0,172,39
2022-08-11,P006,South,54.29,0,436,43
2022-08-18,P006,South,56.23,0,73,53
2022-08-21,P006,South,49.06,1,500,76
2022-08-26,P006,South,56.16,0,447,25
2022-09-01,P006,South,58.63,0,640,49
2022-09-08,P006,South,54.85,0,764,52
2022-09-14,P006,South,53.47,0,637,48
2022-09-17,P006,South,58.45,0,993,37
2022-09-19,P006,South,54.84,0,443,55
2022-09-22,P006,South,56.01,0,377,58
2022-10-07,P006,South,56.44,0,148,52
2022-10-12,P006,South,53.85,0,347,51
2022-10-13,P006,South,54.14,0,807,42
2022-10-16,P006,South,58.51,0,796,45
2022-10-21,P006,South,53.65,0,252,41
2022-10-25,P006,South,58.56,0,546,41
2022-10-26,P006,South,57.23,0,613,57
2022-10-30,P006,South,55.43,0,436,43
2022-10-31,P006,South,55.28,0,405,39
2022-11-05,P006,South,57.69,0,243,37
2022-11-11,P006,South,57.09,0,101,46
2022-11-15,P006,South,54.28,0,868,69
2022-11-17,P006,South,56.55,0,657,56
2022-11-30,P006,South,53.72,0,306,62
2022-12-02,P006,South,57.67,0,905,53
2022-12-06,P006,South,52.31,1,824,70
2022-12-14,P006,South,54.45,0,56,58
2022-12-16,P006,South,48.45,1,818,72
2022-12-20,P006,South,53.93,0,578,62
2022-12-27,P006,South,58.14,0,153,54
2022-12-28,P006,South,54.11,0,389,63
2022-12-29,P006,South,56.2,0,996,65
2023-01-22,P006,South,55.36,0,239,58
2023-01-23,P006,South,58.23,0,469,64
2023-01-26,P006,South,58.7,0,979,69
2023-01-30,P006,South,55.77,0,310,81
2023-02-02,P006,South,56.21,0,690,64
2023-02-05,P006,South,57.34,0,720,66
2023-02-28,P006,South,54.32,0,803,66
2023-03-01,P006,South,56.01,0,964,92
2023-03-08,P006,South,56.31,0,779,69
2023-03-16,P006,South,56.42,0,638,78
2023-03-21,P006,South,56.7,0,373,73
2023-04-11,P006,South,56.45,0,882,49
2023-04-12,P006,South,53.28,0,236,83
2023-04-24,P006,South,56.86,0,145,57
2023-04-26,P006,South,54.59,0,237,70
2023-05-10,P006,South,57.47,0,885,76
2023-05-14,P006,South,54.28,0,655,63
2023-05-19,P006,South,54.43,0,962,66
2023-06-01,P006,South,58.55,0,169,70
2023-06-04,P006,South,55.33,0,532,56
2023-06-07,P006,South,54.37,0,252,73
2023-06-08,P006,South,55.87,0,572,72
2023-06-10,P006,South,52.0,1,571,78
2023-06-17,P006,South,55.36,0,692,52
2023-06-21,P006,South,54.84,0,555,64
2023-06-26,P006,South,55.35,0,656,70
2023-06-29,P006,South,56.04,0,780,52
2023-06-30,P006,South,49.85,1,100,68
2023-07-02,P006,South,56.66,0,347,45
2023-07-04,P006,South,58.51,0,410,50
2023-07-05,P006,South,55.49,0,265,65
2023-07-08,P006,South,56.76,0,357,50
2023-07-12,P006,South,53.84,0,739,60
2023-07-16,P006,South,57.48,0,440,45
2023-07-18,P006,South,54.08,0,541,62
2023-07-20,P006,South,56.64,0,589,72
2023-07-24,P006,South,53.63,0,973,57
2023-07-29,P006,South,56.44,0,665,46
2023-08-08,P006,South,55.54,0,417,54
2023-08-10,P006,South,55.41,0,58,46
2023-08-20,P006,South,53.34,0,228,36
2023-09-20,P006,South,55.22,0,978,47
2023-09-30,P006,South,57.88,0,775,46
2023-10-05,P006,South,55.98,0,476,54
2023-10-06,P006,South,57.03,0,452,45
2023-10-09,P006,South,56.76,0,909,49
2023-10-10,P006,South,56.43,0,104,43
2023-10-11,P006,South,54.07,0,584,49
2023-10-14,P006,South,53.42,0,862,47
2023-10-17,P006,South,56.2,0,878,51
2023-10-22,P006,South,55.09,0,980,46
2023-10-28,P006,South,55.61,0,933,48
2023-10-29,P006,South,57.82,0,824,33
2023-10-31,P006,South,56.11,0,219,46
2023-11-10,P006,South,58.38,0,467,32
2023-11-14,P006,South,58.49,0,258,50
2023-11-17,P006,South,54.94,0,686,46
2023-11-24,P006,South,58.45,0,380,40
2023-11-28,P006,South,56.53,0,677,55
2023-11-30,P006,South,57.84,0,267,41
2023-12-07,P006,South,58.38,0,528,47
2023-12-11,P006,South,56.55,0,687,42
2023-12-16,P006,South,57.65,0,1000,52
2023-12-18,P006,South,56.24,0,356,68
2023-12-29,P006,South,54.54,0,999,50
2023-12-31,P006,South,57.99,0,653,55
2024-01-05,P006,South,58.58,0,760,67
2024-01-08,P006,South,54.99,0,239,57
2024-01-13,P006,South,53.92,0,287,56
2024-01-15,P006,South,57.95,0,967,80
2024-01-19,P006,South,58.68,0,366,57
2024-01-22,P006,South,53.96,0,734,62
2024-01-26,P006,South,53.88,0,648,55
2024-02-05,P006,South,55.4,0,956,72
2024-02-06,P006,South,49.85,1,485,124
2024-02-08,P006,South,54.2,0,774,53
2024-02-16,P006,South,54.83,0,54,49
2024-02-18,P006,South,56.87,0,93,68
2024-02-20,P006,South,56.36,0,170,68
2024-02-23,P006,South,54.5,0,790,76
2024-03-01,P006,South,58.01,0,623,52
2024-03-03,P006,South,57.07,0,92,42
2024-03-25,P006,South,50.67,1,446,115
2024-03-27,P006,South,54.73,0,968,75
2024-03-28,P006,South,56.96,0,612,67
2024-04-03,P006,South,53.57,0,197,87
2024-04-25,P006,South,54.0,0,924,64
2024-04-27,P006,South,54.95,0,380,55
2024-05-04,P006,South,47.99,1,345,100
2024-05-14,P006,South,54.48,0,170,68
2024-05-17,P006,South,54.54,0,78,54
2024-05-20,P006,South,56.9,0,912,78
2024-05-22,P006,South,56.86,0,718,69
2024-05-24,P006,South,57.82,0,775,69
2024-06-04,P006,South,56.35,0,925,72
2024-06-22,P006,South,55.3,0,102,47
2024-06-24,P006,South,53.36,0,260,44
2024-07-17,P006,South,54.56,0,523,65
2024-07-18,P006,South,58.06,0,817,62
2024-07-19,P006,South,53.7,0,500,49
2024-07-27,P006,South,58.28,0,692,39
2024-08-12,P006,South,56.63,0,936,54
2024-08-25,P006,South,58.75,0,441,47
2024-08-26,P006,South,55.78,0,795,38
2024-09-05,P006,South,56.51,0,437,30
2024-09-06,P006,South,55.21,0,919,52
2024-09-14,P006,South,55.8,0,699,47
2024-09-20,P006,South,57.98,0,251,46
2024-09-21,P006,South,56.3,0,881,46
2024-09-22,P006,South,53.75,0,610,31
2024-09-23,P006,South,57.8,0,224,49
2024-09-28,P006,South,54.68,0,246,36
2024-10-06,P006,South,55.31,0,449,40
2024-10-08,P006,South,54.97,0,475,36
2024-11-01,P006,South,57.03,0,516,31
2024-11-04,P006,South,53.93,0,918,51
2024-11-14,P006,South,56.07,0,451,44
2024-11-15,P006,South,57.5,0,356,53
2024-11-19,P006,South,56.95,0,414,36
2024-11-22,P006,South,53.33,0,235,39
2024-11-24,P006,South,53.38,0,352,50
2024-11-29,P006,South,53.73,0,290,49
2024-12-05,P006,South,53.21,0,311,47
2024-12-16,P006,South,54.57,0,433,51
2024-12-17,P006,South,53.38,0,210,62
2024-12-19,P006,South,58.65,0,276,64
2024-12-20,P006,South,57.69,0,115,38
2022-01-05,P007,East,55.09,0,52,71
2022-01-10,P007,East,57.43,0,785,55
2022-01-12,P007,East,56.78,0,101,64
2022-01-17,P007,East,57.59,0,76,79
2022-01-25,P007,East,57.17,0,514,55
2022-01-29,P007,East,50.63,1,343,107
2022-02-01,P007,East,57.01,0,291,64
2022-02-04,P007,East,49.08,1,847,83
2022-02-11,P007,East,59.17,0,537,55
2022-02-13,P007,East,58.72,0,895,61
2022-02-14,P007,East,50.83,1,837,111
2022-02-16,P007,East,55.31,0,712,81
2022-02-20,P007,East,56.01,0,699,56
2022-02-23,P007,East,54.71,0,277,59
2022-02-24,P007,East,55.21,0,723,66
2022-02-25,P007,East,56.92,0,600,58
2022-02-26,P007,East,59.79,0,154,58
2022-03-04,P007,East,55.57,0,987,62
2022-03-08,P007,East,58.52,0,288,77
2022-03-11,P007,East,56.61,0,719,75
2022-03-18,P007,East,56.87,0,54,71
2022-03-21,P007,East,56.9,0,632,65
2022-03-24,P007,East,57.62,0,759,71
2022-04-09,P007,East,54.98,0,221,48
2022-04-10,P007,East,55.56,0,340,58
2022-04-12,P007,East,54.33,0,132,88
2022-04-15,P007,East,58.89,0,529,66
2022-04-19,P007,East,56.04,0,807,65
2022-04-23,P007,East,57.0,0,234,64
2022-05-05,P007,East,57.17,0,495,93
2022-05-07,P007,East,51.29,1,718,69
2022-05-13,P007,East,54.94,0,770,48
2022-05-17,P007,East,56.28,0,341,65
2022-05-18,P007,East,58.66,0,207,69
2022-05-31,P007,East,55.61,0,147,64
2022-06-06,P007,East,57.3,0,324,69
2022-06-10,P007,East,54.78,0,111,62
2022-06-16,P007,East,56.16,0,882,53
2022-06-23,P007,East,51.0,1,321,83
2022-06-26,P007,East,56.43,0,876,53
2022-06-27,P007,East,55.33,0,95,54
2022-07-03,P007,East,58.33,0,820,61
2022-07-07,P007,East,55.97,0,423,64
2022-07-08,P007,East,55.85,0,884,44
2022-07-19,P007,East,57.19,0,575,62
2022-07-22,P007,East,59.35,0,74,51
2022-07-31,P007,East,58.51,0,166,54
2022-08-01,P007,East,50.66,1,279,67
2022-08-03,P007,East,54.58,0,753,40
2022-08-04,P007,East,55.58,0,252,46
2022-08-06,P007,East,58.72,0,790,43
2022-08-21,P007,East,54.27,0,906,49
2022-08-25,P007,East,56.16,0,567,56
2022-08-26,P007,East,56.44,0,620,45
2022-08-27,P007,East,56.34,0,825,44
2022-09-01,P007,East,56.6,0,277,58
2022-09-07,P007,East,51.86,1,755,69
2022-09-08,P007,East,56.94,0,642,40
2022-09-09,P007,East,57.84,0,152,46
2022-09-13,P007,East,54.63,0,146,52
2022-09-14,P007,East,59.48,0,331,50
2022-09-16,P007,East,56.79,0,895,47
2022-09-23,P007,East,56.01,0,623,42
2022-09-27,P007,East,50.68,1,480,56
2022-10-04,P007,East,57.13,0,458,53
2022-10-06,P007,East,55.55,0,208,44
2022-10-14,P007,East,59.55,0,567,47
2022-10-18,P007,East,55.19,0,965,58
2022-10-22,P007,East,58.77,0,429,31
2022-11-01,P007,East,56.15,0,467,42
2022-11-02,P007,East,57.0,0,409,63
2022-11-03,P007,East,57.2,0,791,58
2022-11-05,P007,East,55.37,0,226,36
2022-11-07,P007,East,57.56,0,735,41
2022-11-08,P007,East,54.44,0,487,45
2022-11-10,P007,East,56.45,0,273,47
2022-11-13,P007,East,54.29,0,548,45
2022-11-17,P007,East,54.72,0,134,51
2022-11-27,P007,East,58.03,0,504,39
2022-12-03,P007,East,57.27,0,805,47
2022-12-08,P007,East,56.02,0,448,72
2022-12-15,P007,East,56.5,0,183,49
2022-12-16,P007,East,57.08,0,735,48
2022-12-26,P007,East,55.18,0,408,48
2022-12-27,P007,East,57.9,0,649,67
2023-01-12,P007,East,54.43,0,658,55
2023-01-14,P007,East,59.8,0,180,54
2023-01-21,P007,East,54.56,0,81,47
2023-02-04,P007,East,59.32,0,521,74
2023-02-07,P007,East,55.99,0,430,59
2023-02-14,P007,East,57.38,0,585,65
2023-02-16,P007,East,55.32,0,761,60
2023-02-27,P007,East,59.11,0,816,60
2023-03-01,P007,East,59.18,0,258,76
2023-03-04,P007,East,57.74,0,261,50
2023-03-06,P007,East,58.73,0,81,79
2023-03-11,P007,East,59.5,0,845,48
2023-03-12,P007,East,59.13,0,585,88
2023-03-13,P007,East,54.22,0,906,64
2023-03-26,P007,East,50.25,1,213,62
2023-03-27,P007,East,56.0,0,884,70
2023-03-28,P007,East,56.36,0,409,91
2023-03-29,P007,East,57.6,0,819,68
2023-04-02,P007,East,57.95,0,70,55
2023-04-17,P007,East,57.81,0,861,61
2023-04-23,P007,East,50.69,1,233,105
2023-04-28,P007,East,56.43,0,577,53
2023-05-10,P007,East,59.26,0,521,57
2023-05-11,P007,East,57.39,0,673,63
2023-05-12,P007,East,55.85,0,104,70
2023-05-19,P007,East,52.03,1,789,71
2023-05-27,P007,East,55.73,0,880,59
2023-05-30,P007,East,54.74,0,869,86
2023-06-09,P007,East,57.55,0,678,56
2023-06-10,P007,East,55.64,0,856,52
2023-06-17,P007,East,58.61,0,836,60
2023-06-18,P007,East,51.96,1,539,76
2023-06-21,P007,East,59.04,0,925,59
2023-07-03,P007,East,56.4,0,886,54
2023-07-04,P007,East,54.68,0,595,48
2023-07-06,P007,East,59.71,0,728,62
2023-07-10,P007,East,54.23,0,686,63
2023-07-12,P007,East,56.37,0,851,76
2023-07-16,P007,East,59.51,0,431,46
2023-07-17,P007,East,57.22,0,628,46
2023-07-22,P007,East,58.58,0,242,39
2023-07-26,P007,East,55.34,0,665,71
2023-07-30,P007,East,56.36,0,451,41
2023-08-01,P007,East,57.57,0,833,46
2023-08-05,P007,East,55.83,0,139,43
2023-08-12,P007,East,56.58,0,789,56
2023-08-23,P007,East,57.51,0,135,47
2023-08-27,P007,East,54.82,0,160,59
2023-08-28,P007,East,56.29,0,91,47
2023-08-29,P007,East,59.7,0,774,53
2023-09-03,P007,East,57.47,0,212,38
2023-09-26,P007,East,55.45,0,516,62
2023-09-29,P007,East,56.84,0,742,41
2023-10-22,P007,East,58.29,0,767,35
2023-10-23,P007,East,55.51,0,679,45
2023-10-24,P007,East,54.89,0,721,45
2023-10-28,P007,East,59.8,0,997,39
2023-11-02,P007,East,54.31,0,286,63
2023-11-03,P007,East,58.66,0,926,54
2023-11-06,P007,East,56.33,0,715,50
2023-11-13,P007,East,57.34,0,416,48
2023-11-14,P007,East,55.41,0,810,59
2023-11-15,P007,East,58.68,0,855,58
2023-11-23,P007,East,59.79,0,738,48
2023-11-28,P007,East,54.85,0,921,51
2023-12-05,P007,East,59.19,0,833,64
2023-12-06,P007,East,56.29,0,594,60
2023-12-08,P007,East,56.27,0,772,59
2023-12-11,P007,East,55.4,0,664,55
2023-12-16,P007,East,59.06,0,474,46
2023-12-28,P007,East,57.95,0,590,78
2024-01-05,P007,East,57.46,0,644,67
2024-01-07,P007,East,59.34,0,359,63
2024-01-15,P007,East,53.75,1,806,71
2024-01-16,P007,East,54.54,0,177,66
2024-01-21,P007,East,59.13,0,996,60
2024-01-24,P007,East,58.68,0,236,69
2024-01-28,P007,East,59.67,0,502,45
2024-01-31,P007,East,59.23,0,340,73
2024-02-02,P007,East,58.8,0,786,52
2024-02-06,P007,East,58.66,0,666,72
2024-02-12,P007,East,49.13,1,859,87
2024-02-17,P007,East,57.68,0,166,46
2024-02-23,P007,East,56.13,0,777,63
2024-02-26,P007,East,58.39,0,448,68
2024-02-28,P007,East,57.62,0,224,70
2024-02-29,P007,East,51.23,1,915,112
2024-03-14,P007,East,59.17,0,990,51
2024-03-18,P007,East,58.36,0,653,83
2024-03-19,P007,East,55.1,0,54,63
2024-04-04,P007,East,54.41,0,294,76
2024-04-06,P007,East,56.6,0,809,62
2024-04-07,P007,East,54.76,0,777,65
2024-04-11,P007,East,58.2,0,399,83
2024-04-14,P007,East,54.62,0,228,56
2024-04-18,P007,East,59.58,0,390,74
2024-04-20,P007,East,59.3,0,855,65
2024-04-24,P007,East,58.96,0,344,85
2024-04-25,P007,East,56.99,0,433,69
2024-05-03,P007,East,57.95,0,97,73
2024-05-08,P007,East,55.78,0,427,71
2024-05-10,P007,East,56.63,0,679,57
2024-05-13,P007,East,56.53,0,433,76
2024-05-16,P007,East,54.89,0,445,48
2024-05-30,P007,East,59.32,0,815,63
2024-06-01,P007,East,53.83,1,614,78
2024-06-02,P007,East,58.82,0,903,62
2024-06-05,P007,East,56.89,0,894,75
2024-06-07,P007,East,56.61,0,279,41
2024-06-08,P007,East,55.16,0,492,43
2024-06-10,P007,East,59.59,0,785,47
2024-06-12,P007,East,55.36,0,903,51
2024-06-14,P007,East,55.62,0,158,57
2024-06-16,P007,East,59.63,0,777,54
2024-06-20,P007,East,54.8,0,242,83
2024-06-23,P007,East,58.6,0,295,67
2024-06-24,P007,East,54.48,0,618,61
2024-06-29,P007,East,54.49,0,419,44
2024-07-10,P007,East,58.97,0,907,68
2024-07-11,P007,East,55.3,0,639,60
2024-07-12,P007,East,55.92,0,530,42
2024-07-18,P007,East,50.93,1,820,93
2024-07-31,P007,East,59.22,0,801,53
2024-08-04,P007,East,58.76,0,904,48
2024-08-09,P007,East,55.34,0,215,47
2024-08-10,P007,East,55.97,0,358,40
2024-08-11,P007,East,58.66,0,319,44
2024-08-17,P007,East,55.8,0,413,38
2024-08-24,P007,East,55.72,0,117,50
2024-08-29,P007,East,58.77,0,276,45
2024-09-05,P007,East,56.24,0,120,36
2024-09-10,P007,East,57.9,0,367,56
2024-09-19,P007,East,55.72,0,615,51
2024-09-27,P007,East,54.88,0,834,54
2024-10-03,P007,East,57.36,0,560,51
2024-10-12,P007,East,58.24,0,484,46
2024-10-20,P007,East,58.43,0,207,58
2024-10-23,P007,East,54.64,0,766,46
2024-10-24,P007,East,54.76,0,713,48
2024-10-28,P007,East,58.34,0,169,53
2024-10-29,P007,East,58.89,0,696,46
2024-11-01,P007,East,54.97,0,527,44
2024-11-03,P007,East,59.16,0,388,49
2024-11-09,P007,East,55.7,0,972,42
2024-11-17,P007,East,58.15,0,349,39
2024-11-18,P007,East,57.71,0,249,52
2024-11-19,P007,East,55.95,0,851,49
2024-11-27,P007,East,57.45,0,438,54
2024-12-01,P007,East,49.01,1,218,76
2024-12-03,P007,East,57.67,0,561,50
2024-12-04,P007,East,59.6,0,213,57
2024-12-11,P007,East,58.69,0,384,52
