data/sales_data.csv
Date,Product,Region,Price,Promo,Inventory,Sales
2022-01-05,P010,Central,57.37,0,371,92
2022-01-09,P010,Central,59.44,0,903,40
2022-01-12,P010,Central,62.71,0,279,58
2022-01-21,P010,Central,62.0,0,974,36
2022-01-22,P010,Central,61.74,0,64,34
2022-01-29,P010,Central,58.93,0,537,64
2022-02-03,P010,Central,57.5,0,484,69
2022-02-08,P010,Central,61.53,0,253,95
2022-02-13,P010,Central,60.22,0,218,74
2022-02-16,P010,Central,60.35,0,540,76
2022-02-19,P010,Central,57.2,0,920,55
2022-03-02,P010,Central,59.54,0,461,76
2022-03-12,P010,Central,62.62,0,636,55
2022-03-13,P010,Central,62.79,0,152,68
2022-03-14,P010,Central,61.93,0,577,78
2022-03-16,P010,Central,58.92,0,193,65
2022-03-24,P010,Central,61.27,0,616,73
2022-03-25,P010,Central,61.45,0,624,64
2022-03-26,P010,Central,62.59,0,680,70
2022-03-28,P010,Central,61.72,0,358,63
2022-03-29,P010,Central,60.3,0,347,55
2022-04-02,P010,Central,61.96,0,670,83
2022-04-03,P010,Central,54.83,1,754,100
2022-04-06,P010,Central,62.68,0,749,86
2022-04-07,P010,Central,61.14,0,62,76
2022-04-08,P010,Central,51.83,1,217,122
2022-04-11,P010,Central,61.11,0,341,75
2022-04-14,P010,Central,58.14,0,749,78
2022-04-24,P010,Central,58.47,0,610,68
2022-04-29,P010,Central,62.54,0,832,52
2022-05-03,P010,Central,58.87,0,104,74
2022-05-20,P010,Central,59.81,0,980,66
2022-05-27,P010,Central,62.59,0,307,59
2022-05-29,P010,Central,57.95,0,578,68
2022-06-02,P010,Central,58.95,0,799,69
2022-06-10,P010,Central,62.37,0,692,69
2022-06-11,P010,Central,57.71,0,267,58
2022-06-14,P010,Central,58.48,0,618,63
2022-06-23,P010,Central,58.18,0,387,70
2022-06-30,P010,Central,62.51,0,304,69
2022-07-20,P010,Central,61.47,0,441,59
2022-07-31,P010,Central,62.44,0,151,40
2022-08-11,P010,Central,62.01,0,175,56
2022-08-15,P010,Central,62.45,0,413,38
2022-09-01,P010,Central,59.71,0,641,56
2022-09-04,P010,Central,59.84,0,222,34
2022-09-10,P010,Central,59.25,0,538,40
2022-09-13,P010,Central,57.46,0,431,46
2022-09-15,P010,Central,62.97,0,73,45
2022-09-19,P010,Central,58.89,0,433,46
2022-10-02,P010,Central,60.96,0,355,42
2022-10-03,P010,Central,60.55,0,731,39
2022-10-07,P010,Central,62.72,0,225,47
2022-10-14,P010,Central,57.34,0,751,50
2022-10-23,P010,Central,61.82,0,476,42
2022-11-11,P010,Central,61.71,0,937,41
2022-11-21,P010,Central,57.7,0,290,51
2022-12-02,P010,Central,61.9,0,104,57
2022-12-05,P010,Central,58.57,0,800,62
2022-12-08,P010,Central,61.67,0,164,60
2022-12-13,P010,Central,59.27,0,466,63
2022-12-16,P010,Central,56.49,1,935,78
2022-12-23,P010,Central,61.6,0,461,67
2022-12-26,P010,Central,62.13,0,809,69
2022-12-27,P010,Central,60.34,0,365,45
2023-01-02,P010,Central,58.24,0,875,44
2023-01-05,P010,Central,57.68,0,675,52
2023-01-06,P010,Central,60.53,0,346,55
2023-01-08,P010,Central,58.59,0,676,49
2023-01-09,P010,Central,62.97,0,304,78
2023-01-12,P010,Central,59.59,0,470,58
2023-01-19,P010,Central,58.17,0,366,67
2023-01-20,P010,Central,62.5,0,325,60
2023-01-22,P010,Central,57.32,0,774,56
2023-01-27,P010,Central,62.77,0,60,65
2023-01-28,P010,Central,58.66,0,179,60
2023-01-29,P010,Central,61.08,0,783,42
2023-02-03,P010,Central,61.1,0,882,51
2023-02-07,P010,Central,58.59,0,444,91
2023-02-17,P010,Central,61.34,0,273,74
2023-02-24,P010,Central,61.6,0,750,83
2023-02-25,P010,Central,61.54,0,767,64
2023-03-04,P010,Central,62.26,0,384,64
2023-03-11,P010,Central,60.12,0,580,53
2023-03-16,P010,Central,58.62,0,377,54
2023-03-18,P010,Central,57.17,0,797,77
2023-03-22,P010,Central,61.61,0,256,89
2023-03-23,P010,Central,54.09,1,635,118
2023-03-24,P010,Central,58.31,0,494,43
2023-03-29,P010,Central,58.17,0,613,73
2023-04-03,P010,Central,58.4,0,613,64
2023-04-05,P010,Central,62.98,0,509,74
2023-04-06,P010,Central,59.85,0,641,50
2023-04-14,P010,Central,61.98,0,604,59
2023-04-16,P010,Central,59.92,0,88,73
2023-04-18,P010,Central,60.42,0,61,97
2023-04-21,P010,Central,62.92,0,74,66
2023-04-24,P010,Central,62.2,0,929,69
2023-05-01,P010,Central,57.77,0,280,73
2023-05-16,P010,Central,57.1,0,844,86
2023-05-23,P010,Central,57.63,0,128,82
2023-05-29,P010,Central,60.54,0,374,53
2023-05-31,P010,Central,57.81,0,189,93
2023-06-08,P010,Central,58.02,0,706,67
2023-06-11,P010,Central,62.54,0,57,56
2023-06-18,P010,Central,60.88,0,426,51
2023-06-23,P010,Central,62.37,0,707,65
2023-07-05,P010,Central,58.44,0,861,59
2023-07-15,P010,Central,60.73,0,867,35
2023-07-17,P010,Central,58.37,0,796,62
2023-07-19,P010,Central,57.53,0,909,67
2023-07-21,P010,Central,58.4,0,371,68
2023-08-02,P010,Central,62.49,0,118,59
2023-08-06,P010,Central,57.96,0,306,50
2023-08-11,P010,Central,60.22,0,518,37
2023-08-15,P010,Central,59.89,0,420,67
2023-08-20,P010,Central,61.86,0,738,45
2023-08-27,P010,Central,57.91,0,446,49
2023-09-05,P010,Central,58.64,0,870,59
2023-09-08,P010,Central,57.21,0,547,50
2023-09-10,P010,Central,60.21,0,410,43
2023-09-11,P010,Central,60.85,0,404,39
2023-09-17,P010,Central,57.33,0,793,60
2023-10-07,P010,Central,58.49,0,54,46
2023-10-09,P010,Central,57.87,0,288,55
2023-10-11,P010,Central,57.2,0,446,50
2023-10-13,P010,Central,59.84,0,713,41
2023-10-19,P010,Central,58.99,0,460,44
2023-10-30,P010,Central,60.31,0,688,64
2023-11-02,P010,Central,58.6,0,178,50
2023-11-05,P010,Central,58.25,0,990,50
2023-11-07,P010,Central,59.17,0,114,52
2023-11-14,P010,Central,62.88,0,486,50
2023-11-15,P010,Central,58.71,0,819,46
2023-11-18,P010,Central,59.25,0,106,53
2023-11-27,P010,Central,59.23,0,818,47
2023-12-01,P010,Central,61.14,0,794,59
2023-12-03,P010,Central,61.0,0,446,57
2023-12-04,P010,Central,59.04,0,570,47
2023-12-12,P010,Central,62.65,0,203,49
2023-12-19,P010,Central,62.38,0,727,70
2023-12-21,P010,Central,60.26,0,690,78
2024-01-02,P010,Central,57.47,0,141,73
2024-01-21,P010,Central,60.91,0,347,60
2024-01-22,P010,Central,60.19,0,323,60
2024-01-24,P010,Central,61.48,0,241,81
2024-01-27,P010,Central,59.03,0,603,64
2024-01-29,P010,Central,57.3,0,842,63
2024-02-08,P010,Central,58.98,0,235,58
2024-02-12,P010,Central,60.64,0,428,58
2024-02-22,P010,Central,62.87,0,225,73
2024-02-24,P010,Central,60.85,0,220,58
2024-02-25,P010,Central,58.67,0,954,62
2024-02-26,P010,Central,60.59,0,766,52
2024-02-29,P010,Central,55.54,1,925,79
2024-03-08,P010,Central,62.88,0,629,59
2024-03-11,P010,Central,62.51,0,730,67
2024-03-24,P010,Central,60.22,0,445,70
2024-04-03,P010,Central,61.31,0,406,70
2024-04-11,P010,Central,57.13,0,190,84
2024-04-14,P010,Central,61.67,0,83,57
2024-04-16,P010,Central,59.07,0,145,88
2024-04-23,P010,Central,61.29,0,87,80
2024-05-11,P010,Central,53.45,1,336,85
2024-05-13,P010,Central,59.72,0,995,70
2024-05-14,P010,Central,62.07,0,352,59
2024-05-25,P010,Central,57.89,0,583,66
2024-05-26,P010,Central,57.63,0,541,53
2024-05-29,P010,Central,59.86,0,875,96
2024-05-30,P010,Central,60.63,0,871,90
2024-06-10,P010,Central,59.65,0,568,66
2024-06-12,P010,Central,57.95,0,935,75
2024-06-15,P010,Central,57.9,0,978,62
2024-06-16,P010,Central,62.53,0,543,65
2024-06-22,P010,Central,59.58,0,642,52
2024-07-09,P010,Central,57.78,0,69,63
2024-07-10,P010,Central,57.13,0,820,63
2024-07-20,P010,Central,61.32,0,681,52
2024-07-24,P010,Central,57.04,0,803,71
2024-07-29,P010,Central,60.71,0,975,59
2024-08-03,P010,Central,57.75,0,610,44
2024-08-05,P010,Central,62.48,0,534,54
2024-08-08,P010,Central,58.15,0,348,64
2024-08-09,P010,Central,60.08,0,434,58
2024-08-13,P010,Central,61.85,0,80,69
2024-08-19,P010,Central,59.54,0,815,49
2024-08-22,P010,Central,61.54,0,700,61
2024-08-23,P010,Central,57.89,0,694,49
2024-09-03,P010,Central,58.51,0,984,55
2024-09-04,P010,Central,57.04,0,303,60
2024-09-05,P010,Central,61.99,0,761,60
2024-09-06,P010,Central,58.25,0,764,43
2024-09-07,P010,Central,59.08,0,603,48
2024-09-16,P010,Central,54.67,1,802,53
2024-09-27,P010,Central,62.66,0,772,33
2024-10-05,P010,Central,57.53,0,437,31
2024-10-15,P010,Central,60.7,0,934,67
2024-10-20,P010,Central,58.13,0,72,52
2024-10-23,P010,Central,62.02,0,946,60
2024-11-07,P010,Central,62.27,0,280,46
2024-11-08,P010,Central,61.51,0,127,42
2024-11-11,P010,Central,57.67,0,278,54
2024-11-15,P010,Central,59.16,0,317,62
2024-11-16,P010,Central,57.91,0,103,38
2024-11-17,P010,Central,62.31,0,937,41
2024-11-18,P010,Central,61.81,0,736,48
2024-11-21,P010,Central,57.45,0,263,40
2024-11-23,P010,Central,58.68,0,395,50
2024-11-25,P010,Central,57.86,0,613,47
2024-11-28,P010,Central,58.17,0,404,58
2024-12-10,P010,Central,60.29,0,593,59
2024-12-14,P010,Central,51.82,1,813,89
2022-01-06,P008,Central,55.52,0,268,62
2022-01-07,P008,Central,49.98,1,954,92
2022-01-13,P008,Central,59.72,0,629,55
2022-01-17,P008,Central,55.22,0,833,74
2022-01-21,P008,Central,59.16,0,72,70
2022-01-23,P008,Central,56.0,0,474,47
2022-01-26,P008,Central,57.59,0,624,82
2022-02-02,P008,Central,58.04,0,70,75
2022-02-04,P008,Central,50.39,1,510,82
2022-02-06,P008,Central,58.01,0,222,72
2022-02-09,P008,Central,55.4,0,541,53
2022-02-13,P008,Central,55.57,0,507,67
2022-02-23,P008,Central,56.38,0,433,72
2022-02-24,P008,Central,57.71,0,489,71
2022-03-01,P008,Central,60.09,0,138,48
2022-04-10,P008,Central,55.27,0,729,65
2022-04-11,P008,Central,56.55,0,782,77
2022-04-14,P008,Central,56.18,0,69,69
2022-04-15,P008,Central,60.26,0,891,62
2022-04-16,P008,Central,57.28,0,613,49
2022-04-17,P008,Central,59.62,0,993,78
2022-04-19,P008,Central,58.28,0,687,72
2022-04-20,P008,Central,55.46,0,313,107
2022-04-22,P008,Central,56.98,0,518,62
2022-04-23,P008,Central,57.5,0,511,40
2022-04-27,P008,Central,58.41,0,448,81
2022-04-29,P008,Central,59.1,0,506,74
2022-05-06,P008,Central,56.17,0,163,58
2022-05-16,P008,Central,59.19,0,535,66
2022-05-21,P008,Central,57.85,0,764,62
2022-05-28,P008,Central,53.45,1,868,91
2022-06-07,P008,Central,49.92,1,490,128
2022-06-10,P008,Central,55.38,0,716,53
2022-06-19,P008,Central,55.7,0,659,57
2022-06-22,P008,Central,58.11,0,233,70
2022-06-26,P008,Central,57.77,0,639,61
2022-06-29,P008,Central,60.45,0,632,63
2022-07-09,P008,Central,58.54,0,202,53
2022-07-10,P008,Central,58.11,0,648,60
2022-07-14,P008,Central,55.35,0,509,81
2022-07-19,P008,Central,59.62,0,460,57
2022-07-27,P008,Central,57.08,0,854,56
2022-07-30,P008,Central,58.95,0,893,52
2022-08-02,P008,Central,58.68,0,606,61
2022-08-11,P008,Central,60.38,0,407,47
2022-08-12,P008,Central,55.6,0,327,39
2022-08-19,P008,Central,57.13,0,539,47
2022-09-03,P008,Central,57.84,0,265,36
2022-09-04,P008,Central,59.72,0,651,47
2022-09-08,P008,Central,58.76,0,901,58
2022-09-15,P008,Central,56.79,0,372,48
2022-09-20,P008,Central,58.22,0,131,49
2022-09-23,P008,Central,60.07,0,159,32
2022-10-08,P008,Central,59.48,0,651,42
2022-10-10,P008,Central,59.65,0,169,53
2022-10-18,P008,Central,57.07,0,137,51
2022-10-25,P008,Central,56.81,0,112,46
2022-10-30,P008,Central,58.91,0,838,53
2022-11-03,P008,Central,60.33,0,350,53
2022-11-05,P008,Central,55.51,0,733,49
2022-11-14,P008,Central,58.12,0,74,48
2022-11-16,P008,Central,59.64,0,951,70
2022-11-17,P008,Central,60.3,0,862,51
2022-11-20,P008,Central,59.56,0,798,46
2022-12-02,P008,Central,59.13,0,972,46
2022-12-09,P008,Central,60.88,0,249,53
2022-12-13,P008,Central,59.65,0,465,53
2022-12-15,P008,Central,59.43,0,553,52
2022-12-16,P008,Central,57.1,0,174,60
2022-12-19,P008,Central,58.75,0,712,66
2022-12-20,P008,Central,52.95,1,748,74
2022-12-23,P008,Central,58.36,0,669,52
2022-12-24,P008,Central,60.71,0,881,54
2022-12-27,P008,Central,56.47,0,220,65
2022-12-31,P008,Central,60.8,0,203,45
2023-01-06,P008,Central,59.62,0,509,49
2023-01-07,P008,Central,59.53,0,734,55
2023-01-11,P008,Central,60.28,0,142,76
2023-01-14,P008,Central,60.56,0,504,57
2023-01-19,P008,Central,56.95,0,299,70
2023-01-24,P008,Central,55.35,0,523,59
2023-01-29,P008,Central,58.27,0,784,64
2023-02-01,P008,Central,58.4,0,524,81
2023-02-05,P008,Central,60.64,0,596,66
2023-02-08,P008,Central,56.01,0,421,59
2023-02-24,P008,Central,58.58,0,994,57
2023-02-27,P008,Central,55.85,0,353,83
2023-03-04,P008,Central,57.31,0,845,68
2023-03-09,P008,Central,55.58,0,856,73
2023-03-11,P008,Central,58.48,0,498,60
2023-03-16,P008,Central,59.11,0,53,47
2023-03-17,P008,Central,56.46,0,464,58
2023-03-18,P008,Central,55.45,0,544,74
2023-03-24,P008,Central,60.9,0,447,59
2023-03-25,P008,Central,56.69,0,464,58
2023-03-26,P008,Central,58.3,0,389,43
2023-03-29,P008,Central,55.2,0,459,84
2023-04-01,P008,Central,58.51,0,443,79
2023-04-05,P008,Central,56.61,0,819,79
2023-04-08,P008,Central,49.96,1,525,89
2023-04-14,P008,Central,60.67,0,331,75
2023-04-20,P008,Central,55.34,0,515,69
2023-04-22,P008,Central,55.56,0,630,54
2023-04-23,P008,Central,55.11,0,314,66
2023-04-24,P008,Central,57.49,0,355,72
2023-04-27,P008,Central,58.49,0,182,75
2023-04-28,P008,Central,60.41,0,494,67
2023-04-29,P008,Central,55.29,0,677,57
2023-05-07,P008,Central,57.12,0,408,63
2023-05-09,P008,Central,58.27,0,57,60
2023-05-13,P008,Central,60.25,0,883,51
2023-05-17,P008,Central,57.91,0,914,57
2023-05-21,P008,Central,56.63,0,574,56
2023-05-24,P008,Central,57.49,0,534,64
2023-06-07,P008,Central,60.44,0,441,68
2023-06-08,P008,Central,55.56,0,990,68
2023-06-22,P008,Central,60.43,0,179,46
2023-06-25,P008,Central,57.12,0,385,59
2023-07-03,P008,Central,59.24,0,673,62
2023-07-06,P008,Central,59.44,0,324,52
2023-07-09,P008,Central,58.73,0,648,53
2023-07-11,P008,Central,59.29,0,159,64
2023-07-13,P008,Central,58.65,0,958,47
2023-07-14,P008,Central,59.72,0,227,53
2023-07-15,P008,Central,56.96,0,234,51
2023-07-24,P008,Central,56.12,0,699,59
2023-07-28,P008,Central,60.32,0,870,56
2023-07-29,P008,Central,55.96,0,939,59
2023-07-31,P008,Central,55.29,0,784,49
2023-08-04,P008,Central,60.74,0,163,48
2023-08-12,P008,Central,57.14,0,566,46
2023-08-20,P008,Central,59.2,0,869,56
2023-08-21,P008,Central,59.58,0,595,52
2023-08-27,P008,Central,56.88,0,510,49
2023-08-28,P008,Central,57.46,0,435,43
2023-08-30,P008,Central,60.67,0,607,37
2023-09-02,P008,Central,59.3,0,411,42
2023-09-20,P008,Central,58.73,0,406,41
2023-09-23,P008,Central,57.87,0,251,37
2023-09-30,P008,Central,56.98,0,907,49
2023-10-01,P008,Central,53.55,1,532,52
2023-10-02,P008,Central,60.02,0,593,46
2023-10-14,P008,Central,60.14,0,858,56
2023-10-23,P008,Central,56.72,0,213,53
2023-10-29,P008,Central,55.64,0,923,29
2023-11-05,P008,Central,56.34,0,223,31
2023-11-06,P008,Central,56.5,0,826,50
2023-11-08,P008,Central,58.03,0,658,51
2023-11-12,P008,Central,52.74,1,678,67
2023-11-15,P008,Central,55.66,0,474,43
2023-11-19,P008,Central,60.63,0,917,29
2023-11-25,P008,Central,57.92,0,277,47
2023-12-02,P008,Central,57.11,0,843,54
2023-12-03,P008,Central,55.62,0,977,57
2023-12-09,P008,Central,55.17,0,642,49
2023-12-12,P008,Central,57.7,0,987,54
2023-12-16,P008,Central,55.15,0,872,50
2023-12-19,P008,Central,60.01,0,628,48
2023-12-21,P008,Central,60.58,0,72,55
2023-12-28,P008,Central,59.88,0,921,63
2023-12-29,P008,Central,55.36,0,557,65
2024-01-08,P008,Central,57.31,0,246,77
2024-01-17,P008,Central,58.91,0,312,73
2024-01-25,P008,Central,55.4,0,687,66
2024-01-27,P008,Central,57.64,0,972,59
2024-02-05,P008,Central,57.62,0,628,68
2024-02-07,P008,Central,52.12,1,735,110
2024-02-12,P008,Central,55.19,0,847,66
2024-02-16,P008,Central,57.57,0,241,65
2024-02-17,P008,Central,55.87,0,194,62
2024-02-21,P008,Central,55.46,0,177,68
2024-02-23,P008,Central,57.73,0,220,68
2024-02-26,P008,Central,56.51,0,506,69
2024-02-27,P008,Central,57.26,0,920,90
2024-03-04,P008,Central,60.09,0,306,61
2024-03-22,P008,Central,52.93,1,873,106
2024-03-24,P008,Central,58.89,0,144,71
2024-04-03,P008,Central,60.39,0,218,60
2024-04-08,P008,Central,57.17,0,902,74
2024-04-18,P008,Central,56.34,0,549,71
2024-04-25,P008,Central,56.84,0,210,64
2024-04-29,P008,Central,56.4,0,360,70
2024-05-05,P008,Central,56.8,0,193,53
2024-05-07,P008,Central,57.93,0,422,82
2024-05-08,P008,Central,55.76,0,274,90
2024-05-10,P008,Central,58.47,0,914,73
2024-05-14,P008,Central,59.04,0,839,65
2024-05-25,P008,Central,58.63,0,773,45
2024-05-28,P008,Central,57.15,0,525,42
2024-06-10,P008,Central,59.36,0,950,65
2024-06-29,P008,Central,60.4,0,255,57
2024-07-06,P008,Central,56.06,0,877,67
2024-07-12,P008,Central,55.99,0,846,56
2024-07-15,P008,Central,56.97,0,545,47
2024-07-18,P008,Central,59.3,0,439,67
2024-07-23,P008,Central,59.81,0,74,52
2024-07-27,P008,Central,58.81,0,853,50
2024-07-30,P008,Central,56.0,0,529,80
2024-08-05,P008,Central,55.3,0,229,47
2024-08-06,P008,Central,57.57,0,406,63
2024-08-08,P008,Central,55.9,0,674,56
2024-08-09,P008,Central,59.31,0,81,48
2024-08-11,P008,Central,59.59,0,234,47
2024-08-24,P008,Central,56.16,0,399,43
2024-08-26,P008,Central,59.93,0,71,56
2024-08-30,P008,Central,60.37,0,842,52
2024-09-07,P008,Central,56.67,0,313,49
2024-09-08,P008,Central,59.63,0,439,43
2024-09-12,P008,Central,59.77,0,442,56
2024-09-21,P008,Central,60.35,0,998,35
2024-09-24,P008,Central,60.53,0,288,54
2024-09-29,P008,Central,56.54,0,492,43
2024-10-01,P008,Central,60.31,0,367,52
2024-10-11,P008,Central,55.37,0,779,37
2024-10-20,P008,Central,58.83,0,363,48
2024-10-25,P008,Central,60.7,0,510,38
2024-10-30,P008,Central,57.75,0,435,56
2024-11-01,P008,Central,60.39,0,630,62
2024-11-08,P008,Central,60.35,0,114,51
2024-11-13,P008,Central,58.47,0,141,61
2024-11-20,P008,Central,57.33,0,377,61
2024-11-22,P008,Central,60.36,0,550,52
2024-11-25,P008,Central,59.99,0,118,46
2024-12-03,P008,Central,57.91,0,966,65
2024-12-06,P008,Central,58.58,0,129,51
2024-12-15,P008,Central,58.04,0,445,34
