data/sales_data.csv
Date,Product,Region,Price,Promo,Inventory,Sales
2022-01-07,P001,West,53.48,0,719,39
2022-01-16,P001,West,50.89,0,891,57
2022-01-22,P001,West,49.62,0,871,43
2022-01-23,P001,West,50.77,0,738,50
2022-01-27,P001,West,50.24,0,235,65
2022-01-28,P001,West,49.06,0,559,53
2022-02-08,P001,West,49.26,0,577,43
2022-02-13,P001,West,49.99,0,790,47
2022-02-14,P001,West,50.7,0,746,61
2022-02-16,P001,West,51.29,0,655,79
2022-02-18,P001,West,50.94,0,790,49
2022-02-20,P001,West,44.56,1,197,81
2022-02-27,P001,West,51.56,0,488,57
2022-03-05,P001,West,50.78,0,427,57
2022-03-08,P001,West,52.95,0,540,72
2022-03-27,P001,West,51.37,0,416,68
2022-03-28,P001,West,53.29,0,221,76
2022-04-04,P001,West,48.99,0,486,57
2022-04-06,P001,West,51.03,0,622,74
2022-04-17,P001,West,48.12,1,269,85
2022-04-19,P001,West,50.21,0,721,73
2022-04-25,P001,West,51.29,0,895,61
2022-05-02,P001,West,53.23,0,785,67
2022-05-04,P001,West,48.5,0,514,54
2022-05-05,P001,West,53.38,0,659,67
2022-05-06,P001,West,50.44,0,841,53
2022-05-07,P001,West,52.43,0,333,54
2022-05-19,P001,West,51.33,0,939,59
2022-05-21,P001,West,44.99,1,60,78
2022-05-26,P001,West,51.34,0,593,53
2022-05-31,P001,West,50.97,0,183,55
2022-06-07,P001,West,52.8,0,782,56
2022-06-08,P001,West,52.8,0,944,46
2022-06-16,P001,West,52.06,0,329,56
2022-06-17,P001,West,52.61,0,690,47
2022-06-24,P001,West,52.61,0,749,52
2022-06-25,P001,West,48.5,0,879,43
2022-06-30,P001,West,51.85,0,119,47
2022-07-16,P001,West,49.38,0,881,41
2022-07-21,P001,West,51.68,0,614,51
2022-07-23,P001,West,50.15,0,419,55
2022-07-27,P001,West,53.34,0,562,55
2022-08-03,P001,West,52.74,0,793,52
2022-08-09,P001,West,46.64,1,513,69
2022-08-10,P001,West,52.05,0,344,48
2022-08-11,P001,West,48.52,0,411,44
2022-08-23,P001,West,52.58,0,672,52
2022-08-24,P001,West,48.68,0,290,45
2022-08-26,P001,West,50.19,0,170,46
2022-08-28,P001,West,52.29,0,996,39
2022-09-01,P001,West,52.6,0,436,41
2022-09-09,P001,West,52.02,0,565,30
2022-09-13,P001,West,52.6,0,795,49
2022-09-15,P001,West,49.6,0,776,41
2022-09-16,P001,West,50.95,0,290,34
2022-09-22,P001,West,51.16,0,399,41
2022-09-23,P001,West,49.79,0,926,41
2022-09-25,P001,West,53.21,0,193,41
2022-09-28,P001,West,47.49,1,231,62
2022-09-30,P001,West,51.4,0,921,51
2022-10-04,P001,West,52.43,0,775,35
2022-10-05,P001,West,50.2,0,304,42
2022-10-13,P001,West,52.93,0,804,48
2022-10-18,P001,West,51.32,0,972,47
2022-11-13,P001,West,52.52,0,743,40
2022-11-14,P001,West,50.83,0,526,40
2022-11-17,P001,West,49.28,0,542,55
2022-11-18,P001,West,48.9,0,219,46
2022-11-19,P001,West,50.8,0,770,41
2022-11-23,P001,West,50.25,0,447,52
2022-11-24,P001,West,46.66,1,431,63
2022-12-06,P001,West,51.73,0,610,58
2022-12-23,P001,West,49.95,0,160,44
2022-12-28,P001,West,50.94,0,710,42
2023-01-04,P001,West,49.49,0,624,62
2023-01-10,P001,West,53.48,0,705,69
2023-01-22,P001,West,53.36,0,584,37
2023-01-23,P001,West,50.32,0,988,65
2023-01-26,P001,West,51.12,0,952,61
2023-02-07,P001,West,50.29,0,295,50
2023-02-25,P001,West,52.36,0,370,58
2023-03-08,P001,West,49.56,0,220,60
2023-03-16,P001,West,49.8,0,432,66
2023-03-17,P001,West,52.06,0,901,62
2023-03-18,P001,West,52.66,0,944,53
2023-04-09,P001,West,49.51,0,473,59
2023-04-13,P001,West,49.22,0,923,42
2023-04-14,P001,West,49.23,0,145,51
2023-04-17,P001,West,50.49,0,995,57
2023-04-22,P001,West,51.7,0,918,66
2023-04-26,P001,West,49.56,0,872,54
2023-04-29,P001,West,51.14,0,244,65
2023-05-02,P001,West,53.16,0,956,82
2023-05-08,P001,West,50.97,0,556,72
2023-05-09,P001,West,51.34,0,107,57
2023-05-16,P001,West,51.94,0,466,70
2023-05-18,P001,West,49.97,0,986,66
2023-05-24,P001,West,52.98,0,102,54
2023-05-26,P001,West,50.41,0,532,52
2023-06-01,P001,West,48.15,1,287,99
2023-06-14,P001,West,48.67,0,458,55
2023-06-17,P001,West,50.37,0,238,52
2023-06-20,P001,West,50.63,0,349,60
2023-07-06,P001,West,52.01,0,384,38
2023-07-11,P001,West,45.12,1,680,86
2023-07-12,P001,West,48.57,0,342,50
2023-07-16,P001,West,53.22,0,480,41
2023-07-17,P001,West,52.97,0,230,43
2023-07-25,P001,West,51.19,0,145,47
2023-08-01,P001,West,50.2,0,587,62
2023-08-02,P001,West,50.62,0,145,37
2023-08-03,P001,West,48.79,0,946,53
2023-08-09,P001,West,50.26,0,874,54
2023-08-10,P001,West,51.31,0,785,41
2023-08-12,P001,West,51.95,0,772,29
2023-08-14,P001,West,52.66,0,462,41
2023-08-15,P001,West,51.72,0,323,45
2023-08-16,P001,West,51.58,0,714,49
2023-08-17,P001,West,50.84,0,562,42
2023-08-18,P001,West,49.98,0,526,46
2023-08-26,P001,West,52.01,0,54,31
2023-08-27,P001,West,50.19,0,848,46
2023-09-05,P001,West,50.52,0,761,46
2023-09-06,P001,West,51.38,0,702,46
2023-09-07,P001,West,49.72,0,460,36
2023-09-12,P001,West,49.49,0,522,48
2023-09-17,P001,West,48.93,0,823,40
2023-09-18,P001,West,44.59,1,510,60
2023-09-24,P001,West,52.15,0,121,35
2023-09-28,P001,West,49.93,0,407,42
2023-09-30,P001,West,48.96,0,796,33
2023-10-01,P001,West,50.51,0,398,37
2023-10-02,P001,West,50.13,0,758,41
2023-10-08,P001,West,50.1,0,398,36
2023-10-11,P001,West,50.8,0,513,35
2023-10-23,P001,West,51.74,0,288,29
2023-10-25,P001,West,50.34,0,426,51
2023-11-09,P001,West,50.87,0,343,42
2023-11-26,P001,West,44.29,1,1000,78
2023-12-02,P001,West,53.17,0,805,49
2023-12-13,P001,West,50.13,0,746,48
2023-12-16,P001,West,53.29,0,760,40
2023-12-22,P001,West,53.1,0,902,50
2023-12-23,P001,West,53.06,0,565,45
2023-12-24,P001,West,50.14,0,203,31
2023-12-25,P001,West,52.89,0,478,43
2024-01-01,P001,West,51.74,0,106,43
2024-01-03,P001,West,48.64,0,243,54
2024-01-06,P001,West,53.45,0,575,53
2024-01-07,P001,West,53.26,0,538,53
2024-01-08,P001,West,48.55,0,739,57
2024-01-09,P001,West,50.78,0,716,57
2024-01-15,P001,West,52.55,0,572,51
2024-01-16,P001,West,52.78,0,510,59
2024-01-19,P001,West,49.15,0,143,60
2024-01-24,P001,West,49.87,0,995,50
2024-01-26,P001,West,52.23,0,579,43
2024-02-01,P001,West,52.22,0,311,75
2024-02-02,P001,West,50.24,0,514,62
2024-02-03,P001,West,48.81,0,422,60
2024-02-07,P001,West,51.49,0,589,64
2024-02-09,P001,West,50.86,0,270,50
2024-02-17,P001,West,51.38,0,755,65
2024-02-21,P001,West,51.89,0,703,62
2024-02-29,P001,West,51.54,0,797,60
2024-03-01,P001,West,49.95,0,563,48
2024-03-14,P001,West,53.05,0,220,77
2024-03-16,P001,West,53.48,0,434,48
2024-03-25,P001,West,49.52,0,498,50
2024-03-31,P001,West,50.51,0,55,50
2024-04-05,P001,West,50.01,0,514,71
2024-04-09,P001,West,49.25,0,432,75
2024-04-10,P001,West,50.15,0,711,70
2024-04-14,P001,West,48.63,0,274,48
2024-04-20,P001,West,52.13,0,653,63
2024-05-11,P001,West,51.56,0,856,60
2024-05-14,P001,West,51.4,0,249,53
2024-05-17,P001,West,52.22,0,97,53
2024-05-18,P001,West,50.32,0,137,47
2024-05-28,P001,West,48.61,0,926,34
2024-06-03,P001,West,51.48,0,339,42
2024-06-05,P001,West,51.76,0,265,68
2024-06-08,P001,West,47.44,1,532,77
2024-06-09,P001,West,49.79,0,303,53
2024-06-10,P001,West,49.69,0,885,59
2024-06-14,P001,West,53.45,0,556,62
2024-06-15,P001,West,50.95,0,620,52
2024-06-22,P001,West,50.36,0,389,38
2024-06-23,P001,West,50.65,0,262,54
2024-06-29,P001,West,46.66,1,151,62
2024-07-02,P001,West,50.95,0,920,54
2024-07-03,P001,West,52.41,0,198,49
2024-07-05,P001,West,51.61,0,810,23
2024-07-20,P001,West,52.26,0,915,46
2024-07-22,P001,West,49.34,0,259,46
2024-07-27,P001,West,51.11,0,668,52
2024-08-04,P001,West,52.2,0,961,46
2024-08-09,P001,West,51.33,0,220,45
2024-08-10,P001,West,49.06,0,586,30
2024-08-11,P001,West,51.37,0,56,42
2024-08-17,P001,West,49.96,0,872,39
2024-08-18,P001,West,50.12,0,756,38
2024-08-24,P001,West,52.42,0,63,36
2024-09-03,P001,West,48.99,0,318,53
2024-09-09,P001,West,51.98,0,452,46
2024-09-15,P001,West,48.83,0,463,32
2024-09-21,P001,West,50.04,0,996,40
2024-09-23,P001,West,48.98,0,163,40
2024-09-28,P001,West,48.58,0,659,31
2024-10-17,P001,West,52.81,0,56,46
2024-10-19,P001,West,53.54,0,609,36
2024-11-04,P001,West,48.88,0,657,49
2024-11-15,P001,West,50.15,0,249,30
2024-11-25,P001,West,50.4,0,949,53
2024-12-03,P001,West,51.99,0,421,41
2024-12-07,P001,West,50.29,0,88,34
2024-12-18,P001,West,50.21,0,522,52
2024-12-19,P001,West,53.12,0,617,55
2022-01-07,P006,East,53.45,0,391,51
2022-01-10,P006,East,57.5,0,516,60
2022-01-13,P006,East,57.2,0,127,55
2022-01-14,P006,East,55.97,0,382,58
2022-01-21,P006,East,55.76,0,359,56
2022-01-23,P006,East,54.51,0,600,53
2022-01-30,P006,East,57.25,0,722,58
2022-02-16,P006,East,56.32,0,187,71
2022-02-17,P006,East,54.99,0,258,70
2022-02-21,P006,East,57.26,0,622,70
2022-02-22,P006,East,58.42,0,254,83
2022-02-23,P006,East,55.06,0,865,62
2022-03-12,P006,East,50.1,1,319,81
2022-03-15,P006,East,58.07,0,650,84
2022-03-22,P006,East,53.62,0,553,71
2022-04-09,P006,East,55.33,0,343,51
2022-04-11,P006,East,57.49,0,867,56
2022-04-12,P006,East,57.68,0,430,72
2022-04-13,P006,East,54.14,0,332,78
2022-04-17,P006,East,57.82,0,756,46
2022-04-18,P006,East,55.43,0,494,65
2022-04-24,P006,East,54.21,0,970,63
2022-04-25,P006,East,55.22,0,86,60
2022-04-29,P006,East,53.36,0,974,57
2022-05-01,P006,East,56.81,0,112,71
2022-05-10,P006,East,54.35,0,705,79
2022-05-13,P006,East,57.38,0,74,56
2022-05-23,P006,East,55.03,0,360,40
2022-05-25,P006,East,57.48,0,397,62
2022-05-26,P006,East,56.77,0,878,62
2022-05-31,P006,East,57.19,0,775,70
2022-06-03,P006,East,58.36,0,975,64
2022-06-06,P006,East,53.54,0,69,53
2022-06-15,P006,East,57.92,0,267,72
2022-06-19,P006,East,58.13,0,684,47
2022-06-23,P006,East,55.99,0,329,64
2022-06-25,P006,East,55.36,0,536,51
2022-06-26,P006,East,53.24,0,196,47
2022-06-30,P006,East,53.41,0,995,58
2022-07-01,P006,East,54.59,0,342,58
2022-07-03,P006,East,54.89,0,595,58
2022-07-11,P006,East,55.95,0,370,42
2022-07-12,P006,East,50.92,1,129,108
2022-07-14,P006,East,48.84,1,901,71
2022-07-25,P006,East,57.09,0,343,53
2022-07-28,P006,East,53.99,0,176,51
2022-07-30,P006,East,57.08,0,448,43
2022-07-31,P006,East,55.17,0,605,46
2022-08-01,P006,East,57.79,0,770,61
2022-08-02,P006,East,56.71,0,316,53
2022-08-04,P006,East,55.98,0,574,41
2022-08-12,P006,East,57.87,0,101,48
2022-08-13,P006,East,56.15,0,760,53
2022-08-16,P006,East,55.84,0,724,50
2022-08-17,P006,East,58.74,0,637,55
2022-08-19,P006,East,56.63,0,132,47
2022-08-28,P006,East,53.81,0,773,35
2022-08-31,P006,East,54.48,0,870,49
2022-09-04,P006,East,56.34,0,706,36
2022-09-15,P006,East,53.38,0,922,57
2022-09-30,P006,East,56.26,0,170,54
2022-10-03,P006,East,58.59,0,481,41
2022-10-15,P006,East,56.65,0,510,33
2022-11-02,P006,East,56.52,0,745,61
2022-11-09,P006,East,56.65,0,214,65
2022-11-21,P006,East,53.21,0,98,53
2022-11-26,P006,East,56.93,0,247,45
2022-12-26,P006,East,57.15,0,731,55
2023-01-04,P006,East,54.94,0,388,64
2023-01-13,P006,East,57.59,0,924,49
2023-01-20,P006,East,56.94,0,482,55
2023-01-21,P006,East,57.02,0,706,47
2023-01-31,P006,East,56.37,0,240,56
2023-02-10,P006,East,55.13,0,786,51
2023-02-18,P006,East,53.94,0,846,49
2023-02-22,P006,East,54.66,0,158,60
2023-03-02,P006,East,55.9,0,444,52
2023-03-15,P006,East,56.84,0,469,62
2023-03-19,P006,East,55.86,0,202,60
2023-03-23,P006,East,57.36,0,937,69
2023-03-24,P006,East,51.89,1,394,76
2023-03-28,P006,East,56.05,0,917,66
2023-03-31,P006,East,56.5,0,527,57
2023-04-05,P006,East,53.61,0,358,70
2023-04-06,P006,East,57.09,0,866,57
2023-04-22,P006,East,56.44,0,742,47
2023-04-27,P006,East,58.79,0,180,86
2023-05-06,P006,East,53.24,0,608,56
2023-05-09,P006,East,55.61,0,447,62
2023-05-20,P006,East,54.43,0,535,54
2023-05-21,P006,East,56.32,0,359,60
2023-05-22,P006,East,57.46,0,660,54
2023-05-24,P006,East,58.09,0,195,61
2023-05-26,P006,East,53.6,0,904,66
2023-05-27,P006,East,53.21,0,370,62
2023-05-28,P006,East,53.82,0,442,54
2023-06-02,P006,East,55.06,0,917,30
2023-06-09,P006,East,53.56,0,774,63
2023-06-19,P006,East,54.37,0,540,51
2023-06-25,P006,East,57.23,0,935,60
2023-07-15,P006,East,55.76,0,494,35
2023-07-17,P006,East,53.35,0,306,60
2023-07-28,P006,East,53.46,0,894,40
2023-07-31,P006,East,54.87,0,127,55
2023-08-11,P006,East,57.31,0,638,54
2023-08-12,P006,East,53.82,0,462,54
2023-08-22,P006,East,54.36,0,448,48
2023-08-29,P006,East,58.18,0,904,57
2023-08-30,P006,East,58.76,0,185,44
2023-09-05,P006,East,54.22,0,368,56
2023-09-09,P006,East,54.49,0,577,37
2023-09-12,P006,East,54.9,0,998,37
2023-09-17,P006,East,54.86,0,887,30
2023-09-18,P006,East,55.73,0,289,48
2023-09-19,P006,East,48.24,1,547,67
2023-09-24,P006,East,55.57,0,243,44
2023-09-29,P006,East,57.59,0,676,38
2023-10-02,P006,East,55.68,0,306,50
2023-10-12,P006,East,53.67,0,668,42
2023-10-23,P006,East,55.65,0,60,41
2023-10-24,P006,East,57.73,0,383,53
2023-10-26,P006,East,56.81,0,863,38
2023-10-27,P006,East,53.69,0,555,30
2023-11-08,P006,East,58.46,0,280,57
2023-11-18,P006,East,51.99,1,577,74
2023-11-20,P006,East,53.58,0,990,51
2023-11-29,P006,East,58.34,0,577,55
2023-12-01,P006,East,54.06,0,317,61
2023-12-02,P006,East,54.37,0,857,49
2023-12-05,P006,East,55.94,0,909,53
2023-12-10,P006,East,53.52,0,60,41
2023-12-13,P006,East,57.59,0,727,64
2023-12-15,P006,East,55.05,0,650,45
2023-12-21,P006,East,57.21,0,936,55
2023-12-22,P006,East,49.71,1,179,76
2023-12-23,P006,East,57.87,0,94,50
2024-01-03,P006,East,57.1,0,197,76
2024-01-09,P006,East,57.25,0,614,62
2024-01-18,P006,East,53.74,0,856,70
2024-01-27,P006,East,57.02,0,396,55
2024-02-02,P006,East,57.79,0,510,68
2024-02-04,P006,East,55.14,0,774,66
2024-02-12,P006,East,53.52,0,683,71
2024-02-28,P006,East,54.39,0,821,100
2024-02-29,P006,East,54.92,0,529,48
2024-03-04,P006,East,55.2,0,355,76
2024-03-07,P006,East,57.39,0,680,63
2024-03-15,P006,East,56.95,0,79,57
2024-03-19,P006,East,54.21,0,820,55
2024-03-20,P006,East,53.82,0,942,78
2024-03-21,P006,East,54.6,0,287,73
2024-03-26,P006,East,58.21,0,410,63
2024-03-30,P006,East,54.5,0,159,61
2024-04-02,P006,East,57.95,0,644,76
2024-04-06,P006,East,57.16,0,755,71
2024-04-10,P006,East,51.29,1,147,86
2024-04-13,P006,East,58.76,0,964,65
2024-04-14,P006,East,54.11,0,295,51
2024-04-19,P006,East,55.11,0,309,67
2024-04-23,P006,East,58.76,0,696,67
2024-05-10,P006,East,55.7,0,788,67
2024-05-16,P006,East,56.38,0,129,72
2024-05-19,P006,East,58.28,0,522,58
2024-05-23,P006,East,55.42,0,260,67
2024-05-27,P006,East,54.89,0,781,59
2024-06-02,P006,East,58.64,0,727,76
2024-06-05,P006,East,49.41,1,334,63
2024-06-09,P006,East,57.01,0,711,54
2024-06-12,P006,East,53.24,0,156,83
2024-06-21,P006,East,55.85,0,829,56
2024-06-25,P006,East,56.02,0,979,74
2024-06-28,P006,East,54.97,0,487,62
2024-07-05,P006,East,53.53,0,926,41
2024-07-07,P006,East,58.01,0,438,43
2024-07-10,P006,East,54.9,0,429,64
2024-07-13,P006,East,57.3,0,117,55
2024-07-16,P006,East,54.67,0,687,58
2024-07-22,P006,East,56.33,0,279,52
2024-08-02,P006,East,49.67,1,788,79
2024-08-03,P006,East,55.73,0,248,40
2024-08-04,P006,East,52.61,1,608,71
2024-08-05,P006,East,57.57,0,155,46
2024-08-09,P006,East,57.25,0,289,41
2024-08-11,P006,East,58.66,0,386,47
2024-08-13,P006,East,55.33,0,548,56
2024-08-15,P006,East,58.7,0,953,50
2024-08-23,P006,East,58.7,0,978,45
2024-08-24,P006,East,56.78,0,451,45
2024-08-28,P006,East,53.91,0,152,55
2024-08-29,P006,East,57.87,0,705,55
2024-08-31,P006,East,54.01,0,869,39
2024-09-02,P006,East,54.52,0,408,52
2024-09-08,P006,East,57.13,0,610,36
2024-09-10,P006,East,54.7,0,562,58
2024-09-12,P006,East,58.51,0,596,56
2024-09-13,P006,East,55.0,0,628,37
2024-09-17,P006,East,55.98,0,858,53
2024-09-19,P006,East,58.43,0,270,44
2024-09-27,P006,East,53.39,0,674,39
2024-09-30,P006,East,50.54,1,284,74
2024-10-19,P006,East,56.96,0,850,42
2024-10-23,P006,East,55.42,0,389,59
2024-10-25,P006,East,51.21,1,487,45
2024-10-26,P006,East,58.65,0,799,46
2024-10-28,P006,East,54.8,0,601,39
2024-10-29,P006,East,57.23,0,537,48
2024-11-03,P006,East,53.39,0,682,37
2024-11-09,P006,East,54.31,0,559,45
2024-11-10,P006,East,58.71,0,775,42
2024-11-11,P006,East,57.05,0,152,50
2024-11-28,P006,East,53.31,0,223,43
2024-12-02,P006,East,54.85,0,912,44
2024-12-09,P006,East,58.05,0,813,70
2024-12-15,P006,East,54.21,0,203,51
