data/sales_data.csv
Date,Product,Region,Price,Promo,Inventory,Sales
2022-01-07,P007,South,55.64,0,809,43
2022-01-08,P007,South,59.39,0,408,48
2022-01-14,P007,South,56.17,0,314,47
2022-01-15,P007,South,56.21,0,359,64
2022-01-19,P007,South,56.91,0,390,54
2022-01-21,P007,South,59.01,0,159,59
2022-01-22,P007,South,58.85,0,543,62
2022-01-23,P007,South,56.26,0,810,53
2022-01-26,P007,South,56.15,0,619,56
2022-02-02,P007,South,54.64,0,419,80
2022-02-03,P007,South,59.06,0,98,71
2022-02-05,P007,South,57.05,0,174,72
2022-02-07,P007,South,57.09,0,158,59
2022-02-15,P007,South,58.45,0,844,81
2022-02-21,P007,South,55.12,0,439,69
2022-02-28,P007,South,59.33,0,953,63
2022-03-01,P007,South,58.27,0,693,71
2022-03-03,P007,South,58.19,0,768,82
2022-03-09,P007,South,58.96,0,381,79
2022-03-10,P007,South,54.59,0,405,76
2022-03-12,P007,South,57.37,0,204,61
2022-03-31,P007,South,54.95,0,213,82
2022-04-01,P007,South,57.08,0,337,66
2022-04-04,P007,South,57.05,0,854,61
2022-04-06,P007,South,56.5,0,411,73
2022-04-08,P007,South,58.36,0,534,67
2022-04-18,P007,South,56.89,0,252,53
2022-04-22,P007,South,54.53,0,999,74
2022-04-24,P007,South,54.17,0,833,62
2022-04-26,P007,South,59.84,0,473,82
2022-05-03,P007,South,57.15,0,929,90
2022-05-08,P007,South,55.25,0,787,67
2022-05-11,P007,South,57.53,0,383,56
2022-05-14,P007,South,59.27,0,565,56
2022-05-16,P007,South,59.44,0,209,81
2022-05-20,P007,South,54.96,0,282,59
2022-05-21,P007,South,57.21,0,792,63
2022-05-25,P007,South,56.22,0,496,74
2022-05-30,P007,South,51.91,1,664,94
2022-06-01,P007,South,59.41,0,701,69
2022-06-20,P007,South,56.1,0,733,45
2022-06-24,P007,South,58.63,0,825,40
2022-06-29,P007,South,58.53,0,561,67
2022-07-05,P007,South,57.67,0,724,68
2022-07-09,P007,South,54.7,0,535,51
2022-07-13,P007,South,57.39,0,323,73
2022-07-16,P007,South,58.51,0,952,39
2022-07-17,P007,South,56.58,0,681,54
2022-07-23,P007,South,56.38,0,788,53
2022-07-27,P007,South,55.07,0,563,43
2022-08-07,P007,South,54.99,0,648,60
2022-08-09,P007,South,55.4,0,104,62
2022-08-16,P007,South,59.44,0,844,49
2022-08-18,P007,South,55.8,0,898,50
2022-08-23,P007,South,57.67,0,100,53
2022-08-29,P007,South,49.08,1,621,58
2022-08-31,P007,South,56.04,0,270,46
2022-09-03,P007,South,58.05,0,872,34
2022-09-04,P007,South,55.02,0,798,43
2022-09-05,P007,South,59.54,0,903,46
2022-09-10,P007,South,56.76,0,219,32
2022-09-11,P007,South,56.09,0,892,51
2022-09-17,P007,South,55.82,0,965,49
2022-09-25,P007,South,58.97,0,139,35
2022-09-26,P007,South,59.59,0,385,56
2022-10-02,P007,South,54.85,0,807,33
2022-10-08,P007,South,59.74,0,650,40
2022-10-10,P007,South,59.83,0,992,41
2022-10-15,P007,South,57.64,0,403,50
2022-10-20,P007,South,59.07,0,59,46
2022-10-23,P007,South,57.61,0,561,28
2022-10-27,P007,South,54.39,0,826,49
2022-11-12,P007,South,56.82,0,916,52
2022-11-15,P007,South,57.39,0,988,58
2022-11-23,P007,South,56.91,0,650,54
2022-11-28,P007,South,57.29,0,707,54
2022-12-04,P007,South,58.5,0,563,46
2022-12-06,P007,South,58.28,0,591,52
2022-12-18,P007,South,58.94,0,234,51
2022-12-21,P007,South,55.26,0,973,79
2022-12-25,P007,South,59.27,0,857,33
2022-12-28,P007,South,57.55,0,827,51
2023-01-01,P007,South,53.81,1,105,69
2023-01-05,P007,South,55.78,0,100,48
2023-01-09,P007,South,56.4,0,204,73
2023-01-13,P007,South,56.07,0,346,65
2023-01-17,P007,South,58.62,0,159,79
2023-01-19,P007,South,58.69,0,345,77
2023-01-30,P007,South,57.73,0,727,76
2023-02-02,P007,South,59.54,0,110,65
2023-02-08,P007,South,54.84,0,427,68
2023-02-11,P007,South,57.33,0,623,54
2023-02-18,P007,South,48.79,1,359,86
2023-02-21,P007,South,54.47,0,334,66
2023-02-26,P007,South,55.05,0,888,57
2023-03-14,P007,South,54.6,0,756,62
2023-03-22,P007,South,57.9,0,140,80
2023-04-07,P007,South,58.42,0,183,58
2023-04-10,P007,South,48.79,1,782,119
2023-04-18,P007,South,49.6,1,623,112
2023-04-19,P007,South,57.51,0,66,75
2023-04-20,P007,South,59.42,0,220,66
2023-04-27,P007,South,56.32,0,876,52
2023-05-01,P007,South,55.23,0,799,70
2023-05-17,P007,South,57.45,0,647,73
2023-05-24,P007,South,55.87,0,846,63
2023-05-28,P007,South,54.88,0,273,69
2023-05-31,P007,South,50.83,1,87,108
2023-06-01,P007,South,58.33,0,310,55
2023-06-04,P007,South,58.56,0,147,55
2023-06-11,P007,South,58.61,0,771,60
2023-06-14,P007,South,59.15,0,59,51
2023-06-20,P007,South,58.79,0,641,61
2023-06-22,P007,South,58.86,0,77,69
2023-06-24,P007,South,52.01,1,155,91
2023-06-29,P007,South,59.25,0,664,62
2023-07-01,P007,South,54.44,0,807,53
2023-07-02,P007,South,57.48,0,177,52
2023-07-13,P007,South,52.72,1,436,84
2023-07-15,P007,South,56.23,0,863,59
2023-07-19,P007,South,55.11,0,522,67
2023-07-21,P007,South,54.76,0,770,62
2023-08-03,P007,South,55.44,0,566,47
2023-08-06,P007,South,55.9,0,134,60
2023-08-07,P007,South,58.71,0,698,66
2023-08-09,P007,South,54.2,0,336,43
2023-08-13,P007,South,55.53,0,863,50
2023-08-19,P007,South,57.22,0,326,46
2023-08-21,P007,South,58.82,0,336,47
2023-09-02,P007,South,49.4,1,125,60
2023-09-04,P007,South,57.19,0,69,44
2023-09-07,P007,South,55.28,0,897,51
2023-09-09,P007,South,56.48,0,67,45
2023-09-10,P007,South,57.08,0,562,35
2023-09-11,P007,South,55.76,0,527,35
2023-09-14,P007,South,56.02,0,463,52
2023-09-19,P007,South,55.94,0,979,47
2023-10-08,P007,South,56.3,0,726,54
2023-10-16,P007,South,56.54,0,208,35
2023-10-20,P007,South,58.94,0,343,42
2023-10-27,P007,South,54.88,0,836,45
2023-10-29,P007,South,54.3,0,250,34
2023-10-31,P007,South,57.24,0,980,54
2023-11-01,P007,South,58.18,0,778,53
2023-11-05,P007,South,56.15,0,203,47
2023-11-07,P007,South,57.41,0,649,58
2023-11-08,P007,South,52.84,1,863,79
2023-11-12,P007,South,59.63,0,588,49
2023-11-19,P007,South,55.31,0,216,45
2023-11-20,P007,South,58.65,0,808,50
2023-11-24,P007,South,59.63,0,398,55
2023-11-29,P007,South,55.79,0,938,74
2023-12-01,P007,South,59.13,0,817,50
2023-12-04,P007,South,56.94,0,57,60
2023-12-09,P007,South,59.48,0,506,63
2023-12-10,P007,South,56.72,0,939,51
2023-12-14,P007,South,56.7,0,844,51
2023-12-15,P007,South,54.32,0,222,52
2023-12-17,P007,South,54.68,0,428,52
2023-12-19,P007,South,55.74,0,206,47
2023-12-31,P007,South,56.25,0,512,55
2024-01-03,P007,South,54.17,0,906,73
2024-01-08,P007,South,54.74,0,614,68
2024-01-17,P007,South,58.94,0,725,55
2024-01-20,P007,South,57.31,0,657,55
2024-01-23,P007,South,54.76,0,284,69
2024-02-01,P007,South,57.43,0,649,71
2024-02-09,P007,South,54.34,0,998,56
2024-02-18,P007,South,54.79,0,497,52
2024-02-22,P007,South,57.9,0,380,79
2024-02-27,P007,South,56.38,0,131,70
2024-03-07,P007,South,54.97,0,707,92
2024-03-15,P007,South,58.21,0,613,69
2024-03-20,P007,South,57.55,0,728,84
2024-03-27,P007,South,57.41,0,404,74
2024-03-29,P007,South,56.39,0,313,68
2024-04-01,P007,South,57.34,0,529,74
2024-04-05,P007,South,56.91,0,118,81
2024-04-08,P007,South,56.31,0,875,56
2024-04-15,P007,South,54.32,0,272,70
2024-04-16,P007,South,54.89,0,320,89
2024-04-21,P007,South,56.56,0,722,68
2024-04-23,P007,South,56.23,0,213,57
2024-04-27,P007,South,55.8,0,377,61
2024-05-06,P007,South,54.75,0,60,62
2024-05-07,P007,South,59.53,0,648,63
2024-05-09,P007,South,55.33,0,311,87
2024-05-17,P007,South,58.75,0,589,63
2024-05-18,P007,South,59.68,0,374,61
2024-05-24,P007,South,56.11,0,824,64
2024-05-26,P007,South,59.03,0,978,68
2024-06-03,P007,South,56.76,0,784,56
2024-06-11,P007,South,58.74,0,305,67
2024-06-27,P007,South,56.66,0,781,74
2024-07-04,P007,South,59.39,0,331,75
2024-07-08,P007,South,59.34,0,742,49
2024-07-09,P007,South,56.51,0,389,69
2024-07-16,P007,South,56.68,0,819,43
2024-07-20,P007,South,56.7,0,622,40
2024-07-23,P007,South,55.94,0,607,40
2024-08-07,P007,South,51.62,1,825,73
2024-08-12,P007,South,58.38,0,671,49
2024-08-19,P007,South,57.06,0,666,53
2024-08-23,P007,South,50.79,1,965,66
2024-08-28,P007,South,58.15,0,578,59
2024-08-30,P007,South,58.58,0,842,43
2024-09-17,P007,South,55.11,0,236,54
2024-09-18,P007,South,55.52,0,202,50
2024-09-21,P007,South,57.13,0,570,36
2024-09-22,P007,South,59.59,0,439,43
2024-09-26,P007,South,54.8,0,392,49
2024-09-29,P007,South,54.7,0,413,38
2024-09-30,P007,South,57.47,0,713,47
2024-10-07,P007,South,56.98,0,583,53
2024-10-14,P007,South,54.65,0,152,54
2024-10-22,P007,South,58.12,0,175,41
2024-10-27,P007,South,54.89,0,462,50
2024-10-30,P007,South,49.39,1,331,88
2024-11-07,P007,South,59.32,0,309,48
2024-11-13,P007,South,56.87,0,338,48
2024-11-15,P007,South,59.26,0,771,49
2024-11-22,P007,South,56.81,0,489,39
2024-11-25,P007,South,59.07,0,350,40
2024-11-28,P007,South,54.59,0,190,64
2024-11-29,P007,South,57.74,0,502,57
2024-11-30,P007,South,55.09,0,331,47
2024-12-02,P007,South,58.5,0,345,38
2024-12-05,P007,South,59.38,0,813,41
2024-12-06,P007,South,59.31,0,424,36
2024-12-09,P007,South,59.35,0,543,45
2024-12-13,P007,South,58.43,0,773,40
2024-12-15,P007,South,57.38,0,313,52
2024-12-16,P007,South,57.91,0,694,50
2022-01-07,P009,South,60.97,0,646,49
2022-01-09,P009,South,59.97,0,438,48
2022-01-15,P009,South,60.49,0,155,63
2022-01-18,P009,South,57.88,0,64,63
2022-01-19,P009,South,57.43,0,844,61
2022-01-22,P009,South,57.38,0,742,53
2022-01-28,P009,South,57.04,0,572,54
2022-01-30,P009,South,61.58,0,367,47
2022-02-09,P009,South,60.3,0,843,76
2022-02-25,P009,South,58.71,0,104,81
2022-03-05,P009,South,59.12,0,767,71
2022-03-07,P009,South,61.41,0,331,65
2022-03-21,P009,South,58.93,0,958,67
2022-03-24,P009,South,60.18,0,816,52
2022-03-29,P009,South,59.4,0,105,92
2022-04-01,P009,South,58.0,0,166,56
2022-04-02,P009,South,56.83,0,66,69
2022-04-18,P009,South,57.62,0,490,59
2022-04-19,P009,South,59.99,0,435,61
2022-04-22,P009,South,60.63,0,672,66
2022-04-25,P009,South,61.12,0,387,57
2022-04-27,P009,South,61.15,0,819,68
2022-05-02,P009,South,56.47,0,66,82
2022-05-04,P009,South,58.23,0,229,74
2022-05-06,P009,South,58.81,0,127,51
2022-05-12,P009,South,58.61,0,277,82
2022-05-19,P009,South,53.2,1,431,107
2022-05-22,P009,South,61.8,0,396,66
2022-05-27,P009,South,59.42,0,562,73
2022-06-15,P009,South,61.94,0,949,55
2022-06-27,P009,South,56.11,0,167,58
2022-06-28,P009,South,56.14,0,78,73
2022-06-29,P009,South,56.61,0,382,80
2022-07-11,P009,South,61.1,0,270,68
2022-07-12,P009,South,57.38,0,60,82
2022-07-14,P009,South,61.25,0,586,63
2022-07-17,P009,South,58.56,0,112,40
2022-07-18,P009,South,58.68,0,151,65
2022-07-20,P009,South,57.7,0,312,71
2022-07-27,P009,South,58.18,0,926,61
2022-08-03,P009,South,59.77,0,925,81
2022-08-05,P009,South,56.66,0,334,46
2022-08-10,P009,South,56.64,0,873,55
2022-08-12,P009,South,57.21,0,649,54
2022-08-17,P009,South,56.19,0,734,57
2022-08-25,P009,South,60.93,0,178,56
2022-09-01,P009,South,61.91,0,795,45
2022-09-02,P009,South,60.23,0,576,35
2022-09-08,P009,South,54.88,1,444,83
2022-09-10,P009,South,57.25,0,142,42
2022-09-12,P009,South,59.19,0,442,49
2022-09-14,P009,South,57.66,0,466,55
2022-09-17,P009,South,59.0,0,163,46
2022-09-22,P009,South,59.65,0,210,45
2022-09-26,P009,South,57.33,0,413,61
2022-09-28,P009,South,56.32,0,436,52
2022-10-01,P009,South,61.69,0,484,45
2022-10-04,P009,South,55.47,1,151,73
2022-10-06,P009,South,58.65,0,881,49
2022-10-07,P009,South,59.44,0,104,38
2022-10-21,P009,South,59.8,0,656,43
2022-10-24,P009,South,59.65,0,882,51
2022-10-25,P009,South,59.02,0,304,54
2022-10-28,P009,South,59.41,0,815,43
2022-10-31,P009,South,58.17,0,527,40
2022-11-01,P009,South,61.32,0,566,55
2022-11-03,P009,South,53.64,1,486,81
2022-11-05,P009,South,56.91,0,828,51
2022-11-08,P009,South,58.18,0,870,55
2022-11-16,P009,South,56.95,0,150,52
2022-11-17,P009,South,56.06,0,231,59
2022-11-27,P009,South,61.65,0,497,48
2022-12-09,P009,South,56.98,0,270,44
2022-12-12,P009,South,56.88,0,490,46
2022-12-14,P009,South,59.99,0,883,48
2022-12-16,P009,South,56.49,0,733,46
2022-12-20,P009,South,60.15,0,954,80
2022-12-23,P009,South,56.09,0,419,65
2023-01-03,P009,South,53.45,1,236,79
2023-01-06,P009,South,56.54,0,505,71
2023-01-12,P009,South,55.33,1,434,91
2023-01-16,P009,South,59.27,0,899,70
2023-01-20,P009,South,56.06,0,507,56
2023-01-31,P009,South,61.27,0,194,60
2023-02-02,P009,South,61.13,0,815,76
2023-02-09,P009,South,56.44,0,240,62
2023-02-15,P009,South,59.36,0,455,69
2023-02-19,P009,South,58.75,0,237,62
2023-02-23,P009,South,58.13,0,651,86
2023-02-27,P009,South,56.88,0,496,71
2023-02-28,P009,South,59.23,0,248,67
2023-03-05,P009,South,55.36,1,507,103
2023-03-06,P009,South,57.79,0,308,79
2023-03-07,P009,South,60.91,0,287,65
2023-03-10,P009,South,58.4,0,116,74
2023-03-11,P009,South,61.22,0,893,64
2023-03-19,P009,South,60.79,0,788,73
2023-03-21,P009,South,58.09,0,758,67
2023-03-22,P009,South,57.82,0,101,61
2023-03-23,P009,South,60.44,0,462,59
2023-03-24,P009,South,50.57,1,661,117
2023-04-02,P009,South,61.85,0,423,57
2023-04-04,P009,South,58.31,0,207,73
2023-04-06,P009,South,58.1,0,76,63
2023-04-07,P009,South,56.68,0,126,77
2023-04-11,P009,South,57.01,0,486,90
2023-04-12,P009,South,58.68,0,769,79
2023-04-21,P009,South,60.85,0,763,53
2023-05-03,P009,South,56.98,0,764,59
2023-05-10,P009,South,60.23,0,279,70
2023-05-23,P009,South,60.24,0,336,70
2023-05-29,P009,South,56.6,0,316,61
2023-06-11,P009,South,60.65,0,503,62
2023-06-14,P009,South,56.08,0,82,66
2023-06-30,P009,South,56.73,0,717,57
2023-07-01,P009,South,58.37,0,596,54
2023-07-09,P009,South,56.51,0,731,58
2023-07-11,P009,South,58.83,0,835,55
2023-07-13,P009,South,57.88,0,404,63
2023-07-15,P009,South,59.17,0,132,52
2023-07-22,P009,South,59.72,0,246,57
2023-07-24,P009,South,58.31,0,440,43
2023-08-10,P009,South,57.03,0,842,47
2023-08-12,P009,South,56.7,0,853,46
2023-08-16,P009,South,59.68,0,319,55
2023-08-19,P009,South,56.49,0,244,52
2023-08-24,P009,South,58.22,0,286,52
2023-08-28,P009,South,59.53,0,950,48
2023-09-02,P009,South,60.21,0,628,43
2023-09-15,P009,South,57.58,0,618,50
2023-09-20,P009,South,60.28,0,807,43
2023-09-23,P009,South,57.61,0,318,35
2023-09-28,P009,South,61.22,0,262,48
2023-10-03,P009,South,58.92,0,603,59
2023-10-05,P009,South,58.66,0,736,58
2023-10-07,P009,South,59.78,0,423,38
2023-10-08,P009,South,59.38,0,433,52
2023-10-15,P009,South,60.4,0,161,46
2023-10-20,P009,South,59.24,0,937,48
2023-10-25,P009,South,60.96,0,433,40
2023-10-27,P009,South,61.91,0,90,54
2023-10-28,P009,South,61.37,0,144,33
2023-10-31,P009,South,57.47,0,67,64
2023-11-02,P009,South,56.93,0,275,58
2023-11-04,P009,South,56.74,0,469,42
2023-11-08,P009,South,60.13,0,553,52
2023-11-13,P009,South,58.3,0,206,55
2023-11-14,P009,South,60.36,0,341,62
2023-11-28,P009,South,61.02,0,528,58
2023-11-30,P009,South,57.22,0,61,66
2023-12-07,P009,South,57.21,0,852,47
2023-12-17,P009,South,60.38,0,774,53
2023-12-24,P009,South,57.4,0,762,54
2023-12-25,P009,South,56.09,0,543,55
2023-12-26,P009,South,60.62,0,294,76
2024-01-01,P009,South,57.56,0,254,51
2024-01-02,P009,South,61.78,0,378,66
2024-01-05,P009,South,56.23,0,511,56
2024-01-08,P009,South,58.76,0,716,58
2024-01-15,P009,South,61.33,0,417,58
2024-01-22,P009,South,61.82,0,845,57
2024-01-23,P009,South,59.98,0,182,63
2024-01-25,P009,South,58.81,0,920,70
2024-01-27,P009,South,59.72,0,743,50
2024-02-03,P009,South,57.5,0,869,63
2024-02-06,P009,South,57.96,0,739,45
2024-02-08,P009,South,58.63,0,533,56
2024-02-12,P009,South,60.52,0,368,78
2024-02-15,P009,South,58.53,0,119,75
2024-02-18,P009,South,58.33,0,745,77
2024-02-20,P009,South,59.2,0,124,84
2024-02-22,P009,South,59.14,0,618,63
2024-02-23,P009,South,58.02,0,937,66
2024-02-29,P009,South,58.29,0,908,58
2024-03-03,P009,South,60.86,0,348,61
2024-03-04,P009,South,60.41,0,163,72
2024-03-19,P009,South,61.17,0,129,81
2024-03-22,P009,South,61.92,0,806,71
2024-03-24,P009,South,60.41,0,425,74
2024-04-05,P009,South,60.26,0,106,72
2024-04-11,P009,South,60.64,0,120,87
2024-04-17,P009,South,59.82,0,203,104
2024-04-20,P009,South,56.1,0,775,57
2024-04-29,P009,South,56.79,0,723,68
2024-05-05,P009,South,57.97,0,572,67
2024-05-06,P009,South,60.92,0,654,63
2024-05-11,P009,South,57.93,0,730,75
2024-05-12,P009,South,57.88,0,556,50
2024-05-13,P009,South,56.3,0,281,61
2024-05-18,P009,South,60.81,0,369,79
2024-05-27,P009,South,56.61,0,862,66
2024-06-06,P009,South,60.22,0,843,72
2024-06-18,P009,South,61.87,0,185,67
2024-06-23,P009,South,57.36,0,580,41
2024-06-27,P009,South,59.56,0,332,69
2024-06-30,P009,South,56.08,0,712,48
2024-07-02,P009,South,53.94,1,692,102
2024-07-04,P009,South,60.38,0,655,54
2024-07-06,P009,South,56.16,0,479,54
2024-07-12,P009,South,59.72,0,593,53
2024-07-15,P009,South,56.09,0,286,59
2024-07-16,P009,South,57.07,0,681,55
2024-07-20,P009,South,57.6,0,126,56
2024-07-26,P009,South,59.01,0,831,45
2024-07-27,P009,South,55.16,1,313,87
2024-08-02,P009,South,59.2,0,118,51
2024-08-06,P009,South,57.5,0,842,47
2024-08-07,P009,South,59.26,0,619,54
2024-08-12,P009,South,57.21,0,920,49
2024-08-13,P009,South,59.53,0,532,49
2024-08-27,P009,South,58.11,0,217,65
2024-08-29,P009,South,61.8,0,716,51
2024-09-08,P009,South,57.15,0,685,38
2024-09-11,P009,South,59.68,0,679,32
2024-09-14,P009,South,60.06,0,52,53
2024-09-15,P009,South,61.31,0,999,42
2024-09-19,P009,South,56.81,0,242,59
2024-09-23,P009,South,58.46,0,118,45
2024-09-25,P009,South,58.75,0,737,58
2024-10-25,P009,South,60.01,0,496,42
2024-10-29,P009,South,61.53,0,156,55
2024-10-31,P009,South,53.47,1,553,73
2024-11-01,P009,South,58.92,0,350,52
2024-11-02,P009,South,58.39,0,811,38
2024-11-10,P009,South,57.59,0,693,51
2024-11-14,P009,South,56.62,0,522,60
2024-11-17,P009,South,61.62,0,845,55
2024-11-19,P009,South,61.42,0,512,51
2024-11-20,P009,South,57.79,0,735,61
2024-11-21,P009,South,57.53,0,968,40
2024-11-30,P009,South,60.68,0,294,37
2024-12-03,P009,South,61.93,0,805,63
2024-12-14,P009,South,56.74,0,769,39
2024-12-16,P009,South,50.53,1,142,77
