data/sales_data.csv
Date,Product,Region,Price,Promo,Inventory,Sales
2022-01-07,P010,North,62.39,0,865,55
2022-01-10,P010,North,62.5,0,174,59
2022-01-11,P010,North,61.59,0,439,59
2022-01-13,P010,North,61.93,0,158,71
2022-01-18,P010,North,57.7,0,902,67
2022-01-20,P010,North,59.25,0,199,68
2022-01-24,P010,North,59.53,0,166,70
2022-02-02,P010,North,57.41,0,296,71
2022-02-05,P010,North,63.0,0,786,74
2022-02-12,P010,North,58.41,0,821,64
2022-02-23,P010,North,58.77,0,992,76
2022-02-24,P010,North,61.8,0,599,52
2022-03-03,P010,North,57.18,0,876,60
2022-03-05,P010,North,60.03,0,702,57
2022-03-07,P010,North,60.7,0,712,92
2022-03-10,P010,North,57.29,0,498,64
2022-03-19,P010,North,60.97,0,728,76
2022-04-12,P010,North,61.29,0,444,57
2022-04-13,P010,North,60.87,0,768,60
2022-04-15,P010,North,57.47,0,271,71
2022-04-18,P010,North,59.48,0,424,93
2022-04-19,P010,North,57.36,0,255,68
2022-04-23,P010,North,61.15,0,978,52
2022-04-26,P010,North,59.05,0,791,70
2022-04-27,P010,North,57.52,0,948,99
2022-04-28,P010,North,58.87,0,963,55
2022-05-07,P010,North,57.02,0,755,63
2022-05-10,P010,North,62.18,0,602,105
2022-05-23,P010,North,62.28,0,171,67
2022-05-25,P010,North,60.47,0,656,59
2022-06-01,P010,North,62.93,0,624,71
2022-06-05,P010,North,57.91,0,769,67
2022-06-16,P010,North,61.08,0,776,68
2022-06-17,P010,North,58.94,0,914,66
2022-06-18,P010,North,60.47,0,137,44
2022-06-20,P010,North,62.52,0,704,66
2022-06-24,P010,North,60.47,0,181,65
2022-07-10,P010,North,60.59,0,234,48
2022-07-19,P010,North,61.74,0,516,55
2022-07-21,P010,North,61.62,0,324,59
2022-07-22,P010,North,62.74,0,338,56
2022-07-26,P010,North,62.66,0,58,58
2022-07-28,P010,North,60.86,0,808,62
2022-07-29,P010,North,57.14,0,826,55
2022-08-05,P010,North,60.88,0,748,32
2022-08-06,P010,North,62.63,0,155,47
2022-08-08,P010,North,62.36,0,241,65
2022-08-12,P010,North,59.13,0,881,46
2022-08-14,P010,North,58.48,0,156,47
2022-08-16,P010,North,60.0,0,745,51
2022-08-21,P010,North,59.28,0,725,41
2022-08-22,P010,North,59.17,0,725,60
2022-09-02,P010,North,59.55,0,129,43
2022-09-07,P010,North,58.1,0,138,50
2022-09-12,P010,North,62.61,0,654,46
2022-09-18,P010,North,61.25,0,820,47
2022-09-23,P010,North,59.34,0,980,42
2022-09-30,P010,North,59.56,0,76,52
2022-10-04,P010,North,62.1,0,309,59
2022-10-05,P010,North,60.49,0,980,56
2022-10-09,P010,North,58.13,0,685,39
2022-10-11,P010,North,57.28,0,360,48
2022-10-18,P010,North,61.75,0,734,36
2022-10-20,P010,North,57.34,0,192,45
2022-10-25,P010,North,58.23,0,353,44
2022-10-26,P010,North,57.84,0,154,49
2022-11-01,P010,North,58.84,0,823,44
2022-11-02,P010,North,61.55,0,138,54
2022-11-03,P010,North,59.92,0,55,54
2022-11-04,P010,North,51.77,1,241,59
2022-11-05,P010,North,58.48,0,821,48
2022-11-08,P010,North,60.29,0,324,54
2022-11-10,P010,North,61.8,0,448,50
2022-11-12,P010,North,59.26,0,50,54
2022-11-15,P010,North,61.87,0,400,51
2022-11-23,P010,North,52.32,1,634,79
2022-11-25,P010,North,60.55,0,624,43
2022-11-28,P010,North,58.7,0,879,61
2022-11-29,P010,North,57.62,0,967,79
2022-11-30,P010,North,60.5,0,997,41
2022-12-01,P010,North,57.95,0,124,40
2022-12-03,P010,North,57.99,0,810,51
2022-12-09,P010,North,58.65,0,395,47
2022-12-11,P010,North,59.72,0,311,56
2022-12-12,P010,North,61.2,0,621,62
2022-12-14,P010,North,51.66,1,590,76
2022-12-15,P010,North,58.58,0,456,50
2022-12-19,P010,North,59.65,0,415,56
2022-12-22,P010,North,59.19,0,453,57
2022-12-25,P010,North,61.83,0,227,58
2022-12-28,P010,North,61.52,0,150,64
2023-01-10,P010,North,57.76,0,314,69
2023-01-11,P010,North,61.33,0,745,65
2023-01-21,P010,North,62.29,0,832,59
2023-01-23,P010,North,60.91,0,984,63
2023-02-01,P010,North,61.64,0,989,71
2023-02-10,P010,North,62.12,0,757,62
2023-02-13,P010,North,59.26,0,266,69
2023-02-14,P010,North,59.03,0,640,60
2023-02-16,P010,North,60.68,0,988,75
2023-02-19,P010,North,52.55,1,511,105
2023-02-22,P010,North,58.9,0,91,87
2023-02-28,P010,North,54.71,1,384,110
2023-03-01,P010,North,60.31,0,845,83
2023-03-05,P010,North,51.55,1,403,66
2023-03-06,P010,North,58.65,0,401,81
2023-03-08,P010,North,62.5,0,591,81
2023-03-12,P010,North,60.66,0,553,70
2023-03-17,P010,North,60.74,0,165,75
2023-03-21,P010,North,57.79,0,158,88
2023-03-25,P010,North,61.24,0,602,66
2023-04-08,P010,North,61.11,0,83,68
2023-04-09,P010,North,61.63,0,886,72
2023-04-10,P010,North,60.25,0,985,66
2023-04-11,P010,North,61.48,0,601,93
2023-05-02,P010,North,57.28,0,553,87
2023-05-12,P010,North,59.58,0,213,75
2023-05-15,P010,North,58.94,0,972,73
2023-05-19,P010,North,58.09,0,654,64
2023-05-26,P010,North,57.77,0,879,65
2023-05-30,P010,North,60.29,0,907,84
2023-06-01,P010,North,60.5,0,490,61
2023-06-04,P010,North,59.39,0,251,58
2023-06-05,P010,North,56.46,1,160,108
2023-06-06,P010,North,57.29,0,369,62
2023-06-10,P010,North,60.22,0,57,81
2023-06-16,P010,North,58.1,0,645,62
2023-06-21,P010,North,58.22,0,715,76
2023-07-01,P010,North,57.82,0,700,53
2023-07-03,P010,North,59.05,0,538,48
2023-07-07,P010,North,58.18,0,226,59
2023-07-23,P010,North,61.42,0,486,64
2023-08-04,P010,North,58.87,0,830,56
2023-08-05,P010,North,58.78,0,510,49
2023-08-13,P010,North,59.62,0,926,40
2023-08-23,P010,North,57.78,0,883,41
2023-08-25,P010,North,58.82,0,182,52
2023-08-29,P010,North,59.06,0,543,43
2023-09-09,P010,North,57.0,0,496,46
2023-09-14,P010,North,57.47,0,427,34
2023-09-18,P010,North,58.36,0,88,54
2023-09-22,P010,North,61.7,0,865,47
2023-09-25,P010,North,62.46,0,765,54
2023-09-29,P010,North,54.25,1,347,77
2023-10-06,P010,North,61.75,0,387,53
2023-10-15,P010,North,60.11,0,869,46
2023-10-22,P010,North,60.5,0,702,43
2023-10-29,P010,North,61.56,0,637,50
2023-11-01,P010,North,58.0,0,816,62
2023-11-03,P010,North,53.57,1,879,66
2023-11-09,P010,North,61.29,0,83,51
2023-11-11,P010,North,59.53,0,724,35
2023-11-16,P010,North,57.27,0,931,62
2023-11-17,P010,North,57.69,0,396,46
2023-11-20,P010,North,57.29,0,708,48
2023-11-22,P010,North,57.85,0,330,53
2023-11-24,P010,North,62.1,0,397,44
2023-11-28,P010,North,61.75,0,359,58
2023-12-05,P010,North,62.05,0,878,41
2023-12-06,P010,North,58.66,0,849,74
2023-12-07,P010,North,57.88,0,104,53
2023-12-09,P010,North,61.91,0,323,56
2023-12-11,P010,North,58.65,0,863,60
2023-12-16,P010,North,59.22,0,387,45
2023-12-26,P010,North,61.33,0,963,66
2024-01-05,P010,North,60.04,0,359,60
2024-01-06,P010,North,57.89,0,793,65
2024-01-08,P010,North,60.9,0,287,62
2024-01-09,P010,North,62.47,0,417,72
2024-01-11,P010,North,60.02,0,215,64
2024-01-12,P010,North,60.87,0,730,60
2024-01-14,P010,North,60.8,0,159,62
2024-01-28,P010,North,61.87,0,497,67
2024-02-01,P010,North,58.64,0,573,64
2024-02-03,P010,North,60.26,0,244,54
2024-02-06,P010,North,60.86,0,371,65
2024-02-14,P010,North,62.88,0,940,64
2024-02-18,P010,North,60.03,0,165,66
2024-03-15,P010,North,59.66,0,352,66
2024-03-19,P010,North,61.98,0,465,64
2024-03-20,P010,North,58.86,0,284,72
2024-03-22,P010,North,60.99,0,815,64
2024-03-26,P010,North,60.55,0,702,86
2024-03-31,P010,North,59.4,0,585,63
2024-04-02,P010,North,60.02,0,862,70
2024-04-06,P010,North,61.32,0,522,76
2024-04-20,P010,North,59.82,0,538,56
2024-05-03,P010,North,61.47,0,704,59
2024-05-05,P010,North,58.33,0,407,62
2024-05-07,P010,North,58.39,0,275,74
2024-05-08,P010,North,61.86,0,877,77
2024-05-19,P010,North,62.79,0,531,54
2024-05-31,P010,North,57.2,0,805,50
2024-06-08,P010,North,61.17,0,636,67
2024-06-14,P010,North,61.03,0,933,69
2024-06-21,P010,North,60.79,0,92,63
2024-06-23,P010,North,59.32,0,836,54
2024-06-26,P010,North,60.84,0,955,56
2024-07-14,P010,North,54.0,1,486,64
2024-07-15,P010,North,60.12,0,473,58
2024-07-21,P010,North,57.02,0,151,42
2024-08-04,P010,North,57.04,0,284,40
2024-08-20,P010,North,58.89,0,329,57
2024-08-25,P010,North,57.24,0,520,44
2024-08-29,P010,North,61.06,0,67,60
2024-09-12,P010,North,59.49,0,375,52
2024-09-17,P010,North,58.48,0,827,46
2024-09-20,P010,North,61.12,0,334,40
2024-09-23,P010,North,62.43,0,911,52
2024-09-24,P010,North,61.4,0,161,52
2024-09-28,P010,North,57.23,0,121,45
2024-09-30,P010,North,62.53,0,745,49
2024-10-06,P010,North,62.61,0,72,39
2024-10-07,P010,North,61.82,0,503,39
2024-10-12,P010,North,58.08,0,525,41
2024-10-17,P010,North,59.5,0,766,53
2024-10-19,P010,North,61.07,0,418,48
2024-10-25,P010,North,57.09,0,508,42
2024-10-26,P010,North,59.44,0,933,53
2024-10-31,P010,North,59.47,0,300,53
2024-11-01,P010,North,61.64,0,957,57
2024-11-03,P010,North,61.56,0,961,44
2024-11-05,P010,North,61.09,0,271,48
2024-11-06,P010,North,60.75,0,286,49
2024-11-09,P010,North,62.24,0,748,48
2024-11-12,P010,North,62.33,0,615,53
2024-11-29,P010,North,61.35,0,246,52
2024-12-05,P010,North,61.97,0,942,48
2024-12-09,P010,North,61.69,0,316,50
2024-12-13,P010,North,61.81,0,863,45
2024-12-19,P010,North,57.47,0,816,64
2022-01-08,P005,East,57.0,0,880,51
2022-01-17,P005,East,56.04,0,766,52
2022-01-20,P005,East,56.93,0,922,56
2022-01-25,P005,East,52.69,0,672,67
2022-01-26,P005,East,56.22,0,344,58
2022-01-28,P005,East,54.55,0,167,38
2022-02-22,P005,East,56.55,0,383,55
2022-03-15,P005,East,52.93,0,81,71
2022-03-21,P005,East,55.82,0,866,68
2022-03-25,P005,East,57.17,0,596,58
2022-04-06,P005,East,57.18,0,932,77
2022-04-10,P005,East,52.4,0,456,30
2022-04-12,P005,East,53.53,0,204,78
2022-04-18,P005,East,54.1,0,537,62
2022-04-20,P005,East,56.17,0,90,72
2022-05-08,P005,East,53.89,0,449,68
2022-05-11,P005,East,50.69,1,997,95
2022-05-20,P005,East,55.54,0,831,65
2022-05-22,P005,East,52.63,0,911,63
2022-05-28,P005,East,56.1,0,165,51
2022-05-29,P005,East,54.52,0,911,51
2022-06-03,P005,East,56.39,0,719,61
2022-06-09,P005,East,56.43,0,726,66
2022-06-14,P005,East,53.03,0,964,58
2022-06-16,P005,East,55.21,0,856,69
2022-06-17,P005,East,53.32,0,806,43
2022-06-18,P005,East,57.29,0,251,55
2022-06-19,P005,East,55.55,0,725,46
2022-06-26,P005,East,55.41,0,367,43
2022-06-27,P005,East,56.44,0,174,59
2022-06-29,P005,East,52.32,0,267,57
2022-07-05,P005,East,54.46,0,905,62
2022-07-29,P005,East,53.35,0,386,53
2022-08-01,P005,East,56.96,0,177,41
2022-08-02,P005,East,56.16,0,179,41
2022-08-06,P005,East,56.88,0,462,51
2022-08-10,P005,East,52.36,0,320,56
2022-08-20,P005,East,57.14,0,862,40
2022-08-29,P005,East,56.28,0,339,52
2022-08-30,P005,East,56.51,0,545,57
2022-09-03,P005,East,56.21,0,951,37
2022-09-07,P005,East,55.92,0,112,61
2022-09-11,P005,East,55.19,0,405,31
2022-09-12,P005,East,50.26,1,736,52
2022-09-15,P005,East,56.95,0,560,48
2022-09-16,P005,East,53.78,0,838,40
2022-09-17,P005,East,57.0,0,920,45
2022-09-18,P005,East,56.24,0,90,34
2022-09-22,P005,East,56.03,0,892,50
2022-10-02,P005,East,55.8,0,450,36
2022-10-23,P005,East,53.74,0,252,47
2022-10-27,P005,East,56.45,0,939,46
2022-10-29,P005,East,53.82,0,733,43
2022-11-08,P005,East,47.96,1,310,85
2022-11-13,P005,East,52.45,0,125,38
2022-11-15,P005,East,53.46,0,95,44
2022-11-17,P005,East,54.48,0,919,50
2022-11-28,P005,East,53.73,0,541,52
2022-12-02,P005,East,56.85,0,505,46
2022-12-03,P005,East,56.86,0,193,46
2022-12-17,P005,East,53.19,0,241,59
2022-12-18,P005,East,54.48,0,848,53
2022-12-28,P005,East,56.91,0,646,54
2022-12-31,P005,East,55.91,0,358,50
2023-01-02,P005,East,56.48,0,512,43
2023-01-05,P005,East,56.73,0,441,46
2023-01-08,P005,East,55.78,0,231,40
2023-01-20,P005,East,52.66,0,70,58
2023-01-25,P005,East,54.52,0,800,77
2023-01-28,P005,East,54.69,0,245,59
2023-01-31,P005,East,57.07,0,626,39
2023-02-08,P005,East,57.54,0,747,69
2023-02-10,P005,East,56.21,0,665,52
2023-02-25,P005,East,56.62,0,213,67
2023-03-01,P005,East,57.38,0,928,73
2023-03-03,P005,East,56.45,0,676,70
2023-03-04,P005,East,57.49,0,248,63
2023-03-06,P005,East,52.53,0,829,49
2023-03-08,P005,East,54.59,0,327,58
2023-03-13,P005,East,53.47,0,858,55
2023-03-14,P005,East,52.63,0,401,87
2023-03-21,P005,East,54.86,0,234,69
2023-03-22,P005,East,54.8,0,110,82
2023-03-27,P005,East,52.74,0,80,61
2023-04-01,P005,East,52.56,0,282,38
2023-04-07,P005,East,55.48,0,933,80
2023-04-12,P005,East,52.66,0,520,68
2023-04-14,P005,East,53.34,0,263,74
2023-04-21,P005,East,55.78,0,844,64
2023-04-22,P005,East,48.96,1,241,100
2023-05-08,P005,East,54.48,0,184,69
2023-05-11,P005,East,54.02,0,136,62
2023-05-15,P005,East,50.39,1,577,80
2023-05-19,P005,East,56.68,0,333,67
2023-05-21,P005,East,54.8,0,117,55
2023-05-25,P005,East,56.51,0,263,63
2023-05-27,P005,East,52.93,0,814,49
2023-05-30,P005,East,52.72,0,261,58
2023-06-06,P005,East,53.38,0,752,61
2023-06-09,P005,East,57.16,0,52,61
2023-06-14,P005,East,53.13,0,677,68
2023-06-20,P005,East,56.38,0,678,52
2023-06-29,P005,East,55.54,0,934,41
2023-07-04,P005,East,55.28,0,242,39
2023-07-06,P005,East,54.24,0,361,56
2023-07-07,P005,East,55.61,0,273,45
2023-07-08,P005,East,55.33,0,409,50
2023-07-16,P005,East,56.91,0,296,41
2023-07-18,P005,East,56.02,0,642,64
2023-07-22,P005,East,53.78,0,796,65
2023-07-27,P005,East,52.72,0,317,40
2023-08-04,P005,East,54.05,0,947,39
2023-08-09,P005,East,57.12,0,191,53
2023-08-10,P005,East,55.77,0,889,38
2023-08-19,P005,East,54.27,0,739,45
2023-08-24,P005,East,56.55,0,399,55
2023-08-26,P005,East,54.65,0,112,46
2023-08-28,P005,East,55.11,0,469,47
2023-09-02,P005,East,48.83,1,789,69
2023-09-09,P005,East,53.98,0,558,52
2023-09-11,P005,East,52.26,0,703,47
2023-09-12,P005,East,54.62,0,409,41
2023-09-14,P005,East,55.66,0,759,47
2023-09-15,P005,East,53.87,0,332,33
2023-09-16,P005,East,47.45,1,320,44
2023-09-18,P005,East,52.64,0,903,40
2023-09-28,P005,East,53.4,0,455,44
2023-09-30,P005,East,57.63,0,475,47
2023-10-07,P005,East,53.13,0,614,27
2023-10-09,P005,East,52.66,0,714,45
2023-10-11,P005,East,57.23,0,576,40
2023-10-16,P005,East,53.34,0,331,39
2023-10-17,P005,East,57.09,0,132,47
2023-10-19,P005,East,54.53,0,714,49
2023-10-22,P005,East,52.37,0,776,43
2023-10-28,P005,East,56.25,0,762,42
2023-10-29,P005,East,56.12,0,416,39
2023-10-30,P005,East,54.96,0,810,41
2023-11-09,P005,East,54.18,0,929,50
2023-11-13,P005,East,53.48,0,354,38
2023-11-14,P005,East,52.54,0,806,51
2023-11-21,P005,East,53.47,0,859,49
2023-11-26,P005,East,53.96,0,468,40
2023-12-08,P005,East,53.33,0,291,49
2023-12-18,P005,East,53.62,0,953,50
2023-12-22,P005,East,51.88,1,869,46
2023-12-24,P005,East,52.48,0,642,57
2024-01-13,P005,East,52.98,0,788,30
2024-01-24,P005,East,53.86,0,701,60
2024-01-26,P005,East,52.4,0,720,54
2024-01-29,P005,East,54.21,0,736,33
2024-01-31,P005,East,53.78,0,295,66
2024-02-05,P005,East,56.98,0,667,57
2024-02-06,P005,East,53.93,0,790,64
2024-02-25,P005,East,55.48,0,949,49
2024-02-26,P005,East,53.95,0,812,81
2024-02-29,P005,East,57.55,0,485,63
2024-03-01,P005,East,57.35,0,842,63
2024-03-03,P005,East,53.24,0,441,84
2024-03-04,P005,East,56.56,0,515,65
2024-03-11,P005,East,56.62,0,180,62
2024-03-25,P005,East,55.9,0,452,68
2024-03-30,P005,East,52.58,0,103,52
2024-04-03,P005,East,57.27,0,198,57
2024-04-05,P005,East,57.07,0,332,41
2024-04-06,P005,East,54.89,0,50,34
2024-04-19,P005,East,55.53,0,454,64
2024-04-28,P005,East,55.03,0,659,56
2024-05-02,P005,East,57.04,0,429,78
2024-05-11,P005,East,53.4,0,241,60
2024-05-14,P005,East,56.19,0,913,61
2024-05-21,P005,East,53.29,0,997,69
2024-06-02,P005,East,55.73,0,750,52
2024-06-04,P005,East,54.74,0,96,61
2024-06-06,P005,East,56.83,0,820,59
2024-06-30,P005,East,55.91,0,943,47
2024-07-01,P005,East,52.61,0,170,56
2024-07-03,P005,East,57.27,0,542,70
2024-07-05,P005,East,55.03,0,272,52
2024-07-13,P005,East,53.08,0,723,59
2024-07-14,P005,East,53.92,0,801,45
2024-07-15,P005,East,54.83,0,620,59
2024-07-30,P005,East,54.8,0,886,50
2024-08-14,P005,East,53.73,0,609,37
2024-08-19,P005,East,53.2,0,316,45
2024-08-21,P005,East,53.59,0,951,57
2024-08-26,P005,East,54.72,0,71,55
2024-08-27,P005,East,53.69,0,405,52
2024-08-29,P005,East,53.27,0,226,44
2024-08-30,P005,East,56.2,0,478,46
2024-09-09,P005,East,57.19,0,105,52
2024-09-15,P005,East,53.34,0,440,46
2024-10-03,P005,East,50.42,1,75,60
2024-10-08,P005,East,57.72,0,832,53
2024-10-13,P005,East,56.06,0,246,60
2024-10-14,P005,East,53.14,0,380,57
2024-10-22,P005,East,55.35,0,578,57
2024-10-27,P005,East,55.46,0,985,42
2024-10-30,P005,East,53.11,0,950,49
2024-11-05,P005,East,55.1,0,605,57
2024-11-16,P005,East,55.59,0,378,50
2024-11-20,P005,East,57.17,0,680,53
2024-11-23,P005,East,57.24,0,892,51
2024-11-24,P005,East,52.29,0,693,38
2024-12-06,P005,East,53.19,0,310,43
2024-12-19,P005,East,56.49,0,736,47
