data/sales_data.csv
Date,Product,Region,Price,Promo,Inventory,Sales
2022-01-08,P008,South,58.93,0,458,67
2022-01-10,P008,South,59.09,0,964,50
2022-01-16,P008,South,55.54,0,52,59
2022-01-20,P008,South,57.62,0,150,57
2022-01-24,P008,South,60.13,0,184,61
2022-01-31,P008,South,58.64,0,820,66
2022-02-01,P008,South,54.45,1,909,107
2022-02-05,P008,South,55.25,0,617,56
2022-02-19,P008,South,60.14,0,958,47
2022-02-25,P008,South,57.94,0,193,51
2022-02-26,P008,South,60.9,0,510,47
2022-03-05,P008,South,55.64,0,993,73
2022-03-08,P008,South,59.83,0,989,73
2022-03-09,P008,South,60.01,0,931,77
2022-03-11,P008,South,57.02,0,244,83
2022-03-23,P008,South,59.41,0,469,78
2022-03-29,P008,South,56.57,0,167,74
2022-03-31,P008,South,57.9,0,417,96
2022-04-18,P008,South,60.88,0,586,70
2022-04-21,P008,South,59.54,0,951,78
2022-04-26,P008,South,50.64,1,338,115
2022-05-10,P008,South,58.65,0,140,70
2022-05-26,P008,South,55.96,0,204,64
2022-05-31,P008,South,57.15,0,670,67
2022-06-01,P008,South,56.16,0,531,66
2022-06-04,P008,South,55.36,0,476,52
2022-06-05,P008,South,58.73,0,858,70
2022-06-13,P008,South,59.19,0,958,59
2022-06-18,P008,South,59.93,0,891,58
2022-07-02,P008,South,57.63,0,311,65
2022-07-05,P008,South,52.92,1,882,80
2022-07-07,P008,South,58.59,0,277,39
2022-07-24,P008,South,55.94,0,923,38
2022-07-25,P008,South,53.94,1,746,75
2022-07-26,P008,South,55.29,0,325,54
2022-07-28,P008,South,58.07,0,689,64
2022-07-29,P008,South,55.28,0,665,49
2022-08-05,P008,South,57.34,0,666,52
2022-08-08,P008,South,57.55,0,752,49
2022-08-09,P008,South,55.69,0,281,48
2022-08-14,P008,South,56.9,0,56,57
2022-08-17,P008,South,58.17,0,858,49
2022-08-20,P008,South,55.85,0,457,46
2022-08-22,P008,South,56.73,0,748,32
2022-08-23,P008,South,60.09,0,643,64
2022-08-27,P008,South,56.71,0,950,46
2022-09-09,P008,South,56.18,0,72,51
2022-09-10,P008,South,56.85,0,132,44
2022-09-16,P008,South,55.12,0,899,42
2022-09-21,P008,South,58.78,0,823,42
2022-09-22,P008,South,56.21,0,455,42
2022-09-25,P008,South,59.55,0,491,39
2022-09-26,P008,South,56.05,0,327,34
2022-09-29,P008,South,59.33,0,358,46
2022-10-01,P008,South,60.08,0,281,45
2022-10-02,P008,South,59.0,0,828,37
2022-10-05,P008,South,59.2,0,409,41
2022-10-09,P008,South,54.73,1,62,67
2022-10-14,P008,South,59.28,0,75,46
2022-10-23,P008,South,58.96,0,411,50
2022-10-27,P008,South,56.97,0,824,53
2022-11-01,P008,South,57.73,0,904,30
2022-11-07,P008,South,59.09,0,244,38
2022-11-09,P008,South,56.38,0,520,49
2022-11-10,P008,South,60.31,0,438,58
2022-11-15,P008,South,56.64,0,544,77
2022-11-18,P008,South,59.8,0,417,50
2022-11-23,P008,South,60.52,0,849,52
2022-11-24,P008,South,60.03,0,126,39
2022-11-25,P008,South,60.6,0,652,59
2022-11-27,P008,South,57.15,0,940,35
2022-11-29,P008,South,60.08,0,415,56
2022-12-12,P008,South,55.73,0,909,53
2022-12-18,P008,South,57.38,0,944,58
2022-12-29,P008,South,54.7,1,291,89
2023-01-01,P008,South,58.33,0,334,57
2023-01-03,P008,South,56.11,0,770,60
2023-01-05,P008,South,56.11,0,380,62
2023-01-12,P008,South,60.73,0,306,52
2023-01-16,P008,South,52.77,1,861,82
2023-01-21,P008,South,59.99,0,633,64
2023-01-30,P008,South,56.38,0,388,58
2023-02-10,P008,South,55.97,0,759,51
2023-02-12,P008,South,58.79,0,789,44
2023-02-19,P008,South,59.4,0,84,77
2023-02-25,P008,South,56.76,0,123,62
2023-02-26,P008,South,59.91,0,850,57
2023-02-28,P008,South,55.46,0,406,74
2023-03-02,P008,South,54.28,1,601,77
2023-03-28,P008,South,56.7,0,128,66
2023-03-31,P008,South,60.55,0,750,55
2023-04-09,P008,South,57.96,0,603,60
2023-04-10,P008,South,56.06,0,840,63
2023-04-11,P008,South,56.04,0,920,81
2023-04-16,P008,South,57.79,0,138,62
2023-04-19,P008,South,55.55,0,738,73
2023-05-06,P008,South,59.4,0,704,62
2023-05-10,P008,South,57.65,0,990,89
2023-05-11,P008,South,55.12,0,902,65
2023-05-14,P008,South,59.25,0,814,77
2023-05-15,P008,South,55.79,0,909,58
2023-05-18,P008,South,56.73,0,911,61
2023-05-20,P008,South,59.04,0,636,60
2023-05-22,P008,South,55.94,0,616,73
2023-05-27,P008,South,59.15,0,275,57
2023-06-02,P008,South,58.06,0,684,58
2023-06-03,P008,South,58.27,0,279,48
2023-06-06,P008,South,54.78,1,980,88
2023-06-12,P008,South,56.12,0,706,66
2023-06-14,P008,South,60.33,0,228,64
2023-06-18,P008,South,56.25,0,547,51
2023-06-27,P008,South,56.78,0,271,55
2023-07-01,P008,South,57.52,0,140,70
2023-07-08,P008,South,55.91,0,525,54
2023-07-10,P008,South,59.93,0,296,52
2023-08-02,P008,South,56.18,0,482,56
2023-08-05,P008,South,57.03,0,706,53
2023-08-11,P008,South,57.87,0,968,51
2023-08-14,P008,South,60.09,0,739,36
2023-08-15,P008,South,58.84,0,728,66
2023-08-19,P008,South,59.86,0,821,27
2023-08-23,P008,South,55.22,0,853,57
2023-08-24,P008,South,60.48,0,287,42
2023-09-07,P008,South,60.52,0,288,40
2023-09-10,P008,South,53.76,1,967,60
2023-09-12,P008,South,49.76,1,407,81
2023-09-14,P008,South,50.76,1,343,75
2023-09-18,P008,South,59.95,0,133,47
2023-09-19,P008,South,60.52,0,504,54
2023-09-22,P008,South,55.83,0,903,41
2023-09-26,P008,South,57.18,0,550,47
2023-09-27,P008,South,59.96,0,225,47
2023-10-07,P008,South,55.97,0,604,39
2023-10-09,P008,South,60.03,0,279,53
2023-10-13,P008,South,58.68,0,83,51
2023-10-15,P008,South,59.54,0,374,39
2023-10-19,P008,South,57.93,0,826,40
2023-10-20,P008,South,50.0,1,275,68
2023-10-27,P008,South,60.22,0,774,46
2023-10-31,P008,South,58.36,0,700,63
2023-11-20,P008,South,60.87,0,656,51
2023-11-26,P008,South,59.55,0,357,33
2023-11-27,P008,South,57.84,0,262,55
2023-11-28,P008,South,59.66,0,511,60
2023-11-29,P008,South,56.07,0,284,62
2023-12-08,P008,South,55.23,0,877,48
2023-12-11,P008,South,60.69,0,411,49
2023-12-17,P008,South,55.38,0,675,46
2023-12-23,P008,South,57.49,0,457,64
2023-12-24,P008,South,57.22,0,864,47
2023-12-31,P008,South,56.38,0,501,74
2024-01-02,P008,South,60.1,0,650,57
2024-01-03,P008,South,56.43,0,444,51
2024-01-04,P008,South,57.19,0,872,67
2024-01-06,P008,South,57.18,0,898,62
2024-01-09,P008,South,57.75,0,566,50
2024-01-12,P008,South,55.47,0,631,54
2024-01-14,P008,South,58.22,0,970,40
2024-01-19,P008,South,57.22,0,254,53
2024-01-22,P008,South,55.44,0,895,47
2024-01-29,P008,South,55.5,0,571,66
2024-02-01,P008,South,58.37,0,74,56
2024-02-03,P008,South,60.09,0,492,64
2024-02-04,P008,South,57.75,0,997,54
2024-02-08,P008,South,59.92,0,277,73
2024-02-15,P008,South,55.8,0,643,73
2024-03-07,P008,South,59.15,0,108,64
2024-03-16,P008,South,55.39,0,412,53
2024-03-18,P008,South,58.25,0,508,72
2024-03-23,P008,South,59.17,0,192,59
2024-03-30,P008,South,57.17,0,590,61
2024-04-07,P008,South,55.48,0,313,55
2024-04-13,P008,South,58.4,0,884,57
2024-04-17,P008,South,56.13,0,398,65
2024-04-23,P008,South,58.56,0,644,75
2024-04-26,P008,South,59.81,0,797,65
2024-05-11,P008,South,58.2,0,243,62
2024-05-16,P008,South,55.65,0,103,83
2024-05-19,P008,South,58.19,0,927,61
2024-05-21,P008,South,60.9,0,718,80
2024-05-24,P008,South,59.16,0,317,59
2024-05-26,P008,South,56.97,0,770,61
2024-05-29,P008,South,50.1,1,601,99
2024-06-02,P008,South,56.01,0,303,47
2024-06-09,P008,South,57.17,0,932,62
2024-06-15,P008,South,56.56,0,682,44
2024-06-19,P008,South,59.48,0,859,63
2024-06-23,P008,South,56.73,0,879,52
2024-06-24,P008,South,60.22,0,94,35
2024-06-25,P008,South,58.26,0,322,59
2024-07-05,P008,South,56.36,0,504,43
2024-07-17,P008,South,56.56,0,198,47
2024-07-22,P008,South,56.82,0,296,53
2024-07-25,P008,South,55.1,0,366,40
2024-08-02,P008,South,56.49,0,306,54
2024-08-04,P008,South,58.09,0,244,52
2024-08-10,P008,South,60.74,0,751,44
2024-08-13,P008,South,58.59,0,540,43
2024-08-16,P008,South,57.48,0,360,64
2024-08-18,P008,South,59.98,0,985,52
2024-08-19,P008,South,60.8,0,397,53
2024-08-21,P008,South,55.92,0,965,49
2024-08-27,P008,South,58.78,0,103,55
2024-09-13,P008,South,56.32,0,850,52
2024-09-15,P008,South,58.9,0,207,40
2024-09-20,P008,South,58.59,0,78,42
2024-09-28,P008,South,58.19,0,776,44
2024-10-26,P008,South,60.38,0,265,38
2024-10-29,P008,South,49.69,1,546,69
2024-11-03,P008,South,57.72,0,241,44
2024-11-12,P008,South,57.57,0,194,62
2024-11-16,P008,South,59.77,0,155,55
2024-11-18,P008,South,59.21,0,93,61
2024-11-24,P008,South,52.8,1,234,70
2022-01-08,P009,West,56.46,0,841,52
2022-01-12,P009,West,60.96,0,308,73
2022-01-17,P009,West,60.55,0,229,49
2022-02-01,P009,West,56.86,0,343,80
2022-02-04,P009,West,60.55,0,637,68
2022-02-07,P009,West,61.15,0,478,66
2022-02-10,P009,West,59.43,0,606,48
2022-02-15,P009,West,60.61,0,888,68
2022-02-21,P009,West,58.91,0,128,52
2022-02-22,P009,West,56.46,0,918,76
2022-02-26,P009,West,60.87,0,499,65
2022-02-28,P009,West,59.88,0,103,61
2022-03-03,P009,West,56.8,0,849,84
2022-03-09,P009,West,58.25,0,728,72
2022-03-10,P009,West,57.61,0,305,69
2022-03-16,P009,West,59.1,0,296,94
2022-03-20,P009,West,56.35,0,882,66
2022-03-25,P009,West,59.24,0,417,69
2022-03-26,P009,West,52.92,1,208,127
2022-04-03,P009,West,60.23,0,858,77
2022-04-06,P009,West,61.55,0,537,74
2022-04-07,P009,West,60.1,0,228,68
2022-04-10,P009,West,57.97,0,537,45
2022-04-15,P009,West,56.39,0,681,67
2022-04-16,P009,West,58.72,0,456,66
2022-04-17,P009,West,60.87,0,476,69
2022-04-26,P009,West,57.87,0,568,56
2022-04-28,P009,West,56.32,0,583,74
2022-04-30,P009,West,58.41,0,473,63
2022-05-10,P009,West,56.08,0,291,85
2022-05-16,P009,West,60.5,0,637,58
2022-05-24,P009,West,58.58,0,415,68
2022-05-25,P009,West,55.73,1,461,116
2022-05-26,P009,West,58.47,0,930,70
2022-06-01,P009,West,58.81,0,168,95
2022-06-04,P009,West,60.32,0,825,52
2022-06-06,P009,West,58.62,0,215,62
2022-06-08,P009,West,56.55,0,431,67
2022-06-18,P009,West,57.45,0,124,57
2022-06-22,P009,West,59.15,0,544,64
2022-06-30,P009,West,57.4,0,800,58
2022-07-02,P009,West,58.93,0,755,51
2022-07-03,P009,West,57.64,0,264,61
2022-07-04,P009,West,56.09,0,646,59
2022-07-05,P009,West,52.36,1,96,116
2022-07-23,P009,West,57.96,0,180,52
2022-07-28,P009,West,60.07,0,568,39
2022-07-30,P009,West,55.21,1,201,62
2022-08-08,P009,West,59.46,0,154,61
2022-08-11,P009,West,58.51,0,332,52
2022-08-19,P009,West,61.22,0,283,50
2022-08-21,P009,West,58.32,0,69,50
2022-08-22,P009,West,57.52,0,605,47
2022-08-23,P009,West,54.25,1,112,116
2022-09-03,P009,West,60.3,0,922,47
2022-09-05,P009,West,59.34,0,495,45
2022-09-07,P009,West,60.98,0,138,44
2022-09-16,P009,West,59.92,0,749,51
2022-09-18,P009,West,57.48,0,544,44
2022-09-25,P009,West,61.3,0,806,46
2022-09-29,P009,West,58.78,0,654,39
2022-10-02,P009,West,51.07,1,368,48
2022-10-03,P009,West,56.54,0,153,45
2022-10-05,P009,West,61.34,0,822,54
2022-10-11,P009,West,60.46,0,634,40
2022-10-15,P009,West,57.74,0,798,50
2022-10-17,P009,West,58.19,0,981,41
2022-10-18,P009,West,56.85,0,357,43
2022-10-30,P009,West,60.29,0,257,45
2022-11-04,P009,West,59.04,0,299,59
2022-11-06,P009,West,59.21,0,384,57
2022-11-07,P009,West,59.31,0,259,52
2022-11-19,P009,West,60.86,0,813,53
2022-11-21,P009,West,59.96,0,558,56
2022-11-22,P009,West,60.57,0,848,45
2022-12-07,P009,West,61.46,0,263,75
2022-12-10,P009,West,57.31,0,229,50
2022-12-18,P009,West,52.22,1,508,94
2022-12-21,P009,West,60.54,0,789,73
2022-12-27,P009,West,60.19,0,300,67
2022-12-28,P009,West,61.66,0,986,59
2023-01-04,P009,West,59.26,0,615,79
2023-01-11,P009,West,57.59,0,371,68
2023-01-26,P009,West,58.03,0,131,60
2023-02-08,P009,West,57.09,0,960,89
2023-02-20,P009,West,58.05,0,509,68
2023-02-24,P009,West,52.91,1,873,113
2023-02-25,P009,West,61.68,0,837,59
2023-03-17,P009,West,58.7,0,899,67
2023-03-27,P009,West,61.32,0,500,64
2023-03-29,P009,West,59.84,0,140,78
2023-04-01,P009,West,60.62,0,598,66
2023-04-18,P009,West,60.66,0,865,82
2023-04-27,P009,West,59.39,0,546,93
2023-04-30,P009,West,56.09,0,303,66
2023-05-02,P009,West,59.7,0,735,64
2023-05-04,P009,West,59.36,0,401,77
2023-05-09,P009,West,56.34,0,240,108
2023-05-12,P009,West,58.58,0,480,73
2023-05-13,P009,West,51.94,1,769,94
2023-05-16,P009,West,54.7,1,903,115
2023-05-19,P009,West,57.29,0,919,70
2023-05-27,P009,West,59.26,0,124,64
2023-06-03,P009,West,61.6,0,343,51
2023-06-16,P009,West,58.94,0,548,62
2023-06-19,P009,West,61.47,0,192,65
2023-06-20,P009,West,52.64,1,182,114
2023-06-26,P009,West,58.57,0,294,71
2023-07-02,P009,West,60.52,0,156,46
2023-07-04,P009,West,56.08,0,667,66
2023-07-05,P009,West,61.39,0,716,62
2023-07-18,P009,West,59.15,0,796,63
2023-07-20,P009,West,58.24,0,845,54
2023-08-02,P009,West,57.91,0,908,51
2023-08-05,P009,West,61.06,0,114,46
2023-08-11,P009,West,60.23,0,664,37
2023-08-13,P009,West,56.14,0,300,34
2023-08-21,P009,West,58.3,0,510,57
2023-08-23,P009,West,59.41,0,628,51
2023-08-27,P009,West,60.43,0,478,43
2023-08-29,P009,West,61.24,0,380,54
2023-09-01,P009,West,59.25,0,874,47
2023-09-05,P009,West,59.65,0,278,53
2023-09-06,P009,West,58.71,0,550,53
2023-09-07,P009,West,59.76,0,908,49
2023-09-13,P009,West,58.36,0,63,56
2023-09-21,P009,West,59.83,0,539,59
2023-10-16,P009,West,60.92,0,892,34
2023-10-18,P009,West,60.79,0,189,48
2023-10-21,P009,West,58.07,0,485,50
2023-10-24,P009,West,59.94,0,426,35
2023-10-26,P009,West,57.92,0,631,52
2023-11-03,P009,West,57.16,0,813,59
2023-11-09,P009,West,61.67,0,430,57
2023-11-15,P009,West,60.6,0,722,49
2023-11-19,P009,West,55.32,1,768,79
2023-11-20,P009,West,58.58,0,552,49
2023-11-25,P009,West,60.77,0,251,42
2023-12-08,P009,West,60.58,0,752,52
2023-12-11,P009,West,61.82,0,80,44
2023-12-14,P009,West,57.11,0,340,61
2023-12-15,P009,West,56.96,0,844,62
2023-12-20,P009,West,58.77,0,444,61
2023-12-21,P009,West,59.75,0,291,62
2023-12-29,P009,West,58.81,0,322,65
2024-01-10,P009,West,57.54,0,553,68
2024-01-11,P009,West,61.68,0,294,68
2024-01-20,P009,West,57.06,0,580,58
2024-01-21,P009,West,60.78,0,558,52
2024-01-26,P009,West,61.4,0,965,50
2024-01-28,P009,West,58.68,0,685,72
2024-02-02,P009,West,59.0,0,805,78
2024-02-09,P009,West,57.17,0,307,70
2024-02-10,P009,West,61.13,0,710,80
2024-02-19,P009,West,51.82,1,377,108
2024-02-26,P009,West,61.25,0,200,74
2024-03-01,P009,West,60.73,0,915,63
2024-03-07,P009,West,58.77,0,971,67
2024-03-08,P009,West,60.05,0,132,73
2024-03-12,P009,West,57.22,0,810,81
2024-03-29,P009,West,56.16,0,280,80
2024-04-02,P009,West,56.24,0,926,74
2024-04-03,P009,West,60.03,0,115,69
2024-04-08,P009,West,56.7,0,172,72
2024-04-12,P009,West,61.37,0,172,68
2024-04-13,P009,West,57.94,0,456,75
2024-04-19,P009,West,58.13,0,761,60
2024-05-09,P009,West,56.83,0,693,67
2024-05-10,P009,West,59.22,0,507,58
2024-05-14,P009,West,56.71,0,656,65
2024-05-22,P009,West,56.5,0,878,79
2024-06-09,P009,West,59.18,0,357,50
2024-06-16,P009,West,57.73,0,426,51
2024-06-22,P009,West,56.86,0,370,40
2024-07-01,P009,West,58.49,0,193,70
2024-07-08,P009,West,57.27,0,553,65
2024-07-09,P009,West,61.41,0,859,67
2024-07-29,P009,West,59.32,0,506,55
2024-08-08,P009,West,59.03,0,473,73
2024-08-09,P009,West,57.56,0,690,54
2024-08-18,P009,West,58.5,0,116,49
2024-08-19,P009,West,58.07,0,782,57
2024-08-20,P009,West,58.73,0,704,47
2024-08-21,P009,West,60.59,0,426,49
2024-09-04,P009,West,56.2,0,939,60
2024-09-10,P009,West,58.44,0,321,48
2024-09-12,P009,West,57.92,0,740,55
2024-09-16,P009,West,58.93,0,263,53
2024-10-02,P009,West,61.29,0,304,51
2024-10-06,P009,West,57.13,0,619,42
2024-10-07,P009,West,61.03,0,96,51
2024-10-08,P009,West,59.16,0,762,44
2024-10-18,P009,West,59.77,0,860,50
2024-10-23,P009,West,61.46,0,985,47
2024-10-27,P009,West,60.42,0,921,45
2024-10-30,P009,West,56.41,0,898,56
2024-11-03,P009,West,57.63,0,383,57
2024-11-11,P009,West,60.35,0,396,54
2024-11-13,P009,West,61.56,0,820,62
2024-11-16,P009,West,57.65,0,779,45
2024-11-22,P009,West,56.63,0,262,51
2024-11-24,P009,West,57.14,0,844,51
2024-11-27,P009,West,60.54,0,885,70
2024-12-02,P009,West,59.41,0,650,59
2024-12-05,P009,West,58.73,0,151,57
2024-12-09,P009,West,60.51,0,351,54
2024-12-10,P009,West,59.82,0,675,62
2024-12-12,P009,West,58.21,0,884,62
2024-12-19,P009,West,58.89,0,58,65
