data/sales_data.csv
Date,Product,Region,Price,Promo,Inventory,Sales
2022-01-09,P003,West,55.57,0,168,42
2022-01-15,P003,West,52.75,0,363,50
2022-01-26,P003,West,53.3,0,650,74
2022-01-28,P003,West,54.92,0,93,46
2022-02-05,P003,West,55.64,0,254,64
2022-02-21,P003,West,50.81,0,491,50
2022-02-27,P003,West,53.51,0,222,51
2022-03-10,P003,West,53.47,0,229,54
2022-03-16,P003,West,52.35,0,407,62
2022-03-21,P003,West,50.84,0,884,60
2022-03-26,P003,West,50.64,0,811,57
2022-04-01,P003,West,53.37,0,435,55
2022-04-02,P003,West,53.09,0,465,48
2022-04-07,P003,West,50.92,0,992,88
2022-04-08,P003,West,52.99,0,265,47
2022-04-09,P003,West,52.53,0,409,72
2022-04-11,P003,West,51.55,0,141,54
2022-04-13,P003,West,51.19,0,795,93
2022-04-21,P003,West,52.1,0,605,75
2022-04-22,P003,West,54.48,0,187,47
2022-05-04,P003,West,50.54,0,995,60
2022-05-07,P003,West,50.72,0,1000,58
2022-05-08,P003,West,55.44,0,132,64
2022-05-12,P003,West,54.02,0,111,62
2022-05-15,P003,West,51.13,0,204,63
2022-05-19,P003,West,50.66,0,377,48
2022-05-21,P003,West,46.01,1,814,108
2022-05-26,P003,West,53.21,0,254,55
2022-05-30,P003,West,51.4,0,474,52
2022-06-06,P003,West,48.32,1,780,74
2022-06-07,P003,West,54.59,0,914,65
2022-06-10,P003,West,54.16,0,950,72
2022-06-13,P003,West,54.94,0,774,68
2022-06-14,P003,West,51.17,0,467,59
2022-06-17,P003,West,54.08,0,670,54
2022-06-19,P003,West,52.64,0,154,46
2022-06-20,P003,West,53.22,0,199,59
2022-06-22,P003,West,55.53,0,300,73
2022-06-28,P003,West,54.28,0,222,70
2022-07-02,P003,West,53.56,0,123,42
2022-07-05,P003,West,55.34,0,731,47
2022-07-13,P003,West,53.57,0,968,62
2022-07-15,P003,West,51.75,0,52,47
2022-07-23,P003,West,53.95,0,203,52
2022-07-27,P003,West,54.28,0,153,39
2022-08-05,P003,West,51.91,0,896,56
2022-08-07,P003,West,53.2,0,55,55
2022-08-10,P003,West,54.0,0,224,49
2022-08-13,P003,West,51.09,0,836,42
2022-08-22,P003,West,53.48,0,825,55
2022-08-24,P003,West,54.74,0,747,39
2022-08-30,P003,West,52.72,0,303,45
2022-09-12,P003,West,50.89,0,933,33
2022-09-14,P003,West,50.47,0,814,46
2022-09-20,P003,West,51.44,0,203,43
2022-09-23,P003,West,52.6,0,452,40
2022-09-24,P003,West,51.06,0,817,52
2022-09-26,P003,West,53.45,0,836,39
2022-10-08,P003,West,55.37,0,795,45
2022-10-16,P003,West,52.5,0,954,31
2022-10-25,P003,West,52.41,0,247,48
2022-11-07,P003,West,53.62,0,114,44
2022-11-08,P003,West,52.78,0,399,54
2022-11-09,P003,West,51.63,0,275,42
2022-11-11,P003,West,55.63,0,540,45
2022-11-16,P003,West,52.08,0,209,42
2022-11-21,P003,West,51.53,0,321,43
2022-12-05,P003,West,52.29,0,891,52
2022-12-09,P003,West,53.51,0,792,60
2022-12-12,P003,West,53.75,0,827,39
2022-12-13,P003,West,55.62,0,283,48
2022-12-16,P003,West,51.26,0,403,54
2022-12-19,P003,West,53.65,0,604,48
2022-12-21,P003,West,51.77,0,236,63
2023-01-24,P003,West,45.63,1,855,81
2023-01-26,P003,West,52.66,0,813,54
2023-01-28,P003,West,53.82,0,752,45
2023-02-06,P003,West,55.51,0,241,69
2023-02-15,P003,West,53.54,0,695,67
2023-02-16,P003,West,47.25,1,411,90
2023-02-20,P003,West,55.11,0,632,66
2023-03-03,P003,West,52.99,0,802,47
2023-03-09,P003,West,51.93,0,944,49
2023-03-10,P003,West,52.65,0,373,56
2023-03-15,P003,West,50.96,0,438,66
2023-03-17,P003,West,50.46,0,485,68
2023-03-19,P003,West,51.33,0,64,56
2023-03-22,P003,West,54.6,0,956,59
2023-03-23,P003,West,55.39,0,566,70
2023-03-29,P003,West,52.91,0,358,75
2023-03-30,P003,West,54.93,0,875,67
2023-04-07,P003,West,50.66,0,535,41
2023-04-11,P003,West,51.17,0,433,83
2023-04-12,P003,West,52.43,0,979,79
2023-04-15,P003,West,51.01,0,648,58
2023-04-20,P003,West,51.71,0,474,68
2023-04-25,P003,West,52.08,0,80,66
2023-05-04,P003,West,50.46,0,979,61
2023-05-11,P003,West,55.45,0,556,56
2023-05-13,P003,West,54.21,0,339,49
2023-05-16,P003,West,52.22,0,226,65
2023-05-24,P003,West,51.4,0,598,70
2023-05-25,P003,West,52.99,0,513,60
2023-05-27,P003,West,54.32,0,638,51
2023-05-28,P003,West,50.99,0,350,59
2023-05-29,P003,West,54.21,0,263,66
2023-06-17,P003,West,53.53,0,52,48
2023-06-21,P003,West,53.6,0,648,61
2023-06-24,P003,West,51.63,0,406,36
2023-06-26,P003,West,51.77,0,485,45
2023-07-04,P003,West,53.17,0,374,59
2023-07-08,P003,West,54.53,0,403,37
2023-07-10,P003,West,55.64,0,193,57
2023-07-12,P003,West,55.03,0,431,58
2023-07-14,P003,West,50.71,0,778,47
2023-07-22,P003,West,53.65,0,716,35
2023-08-04,P003,West,50.77,0,265,60
2023-08-06,P003,West,52.51,0,909,42
2023-08-08,P003,West,54.15,0,95,38
2023-08-22,P003,West,55.33,0,316,45
2023-08-30,P003,West,50.97,0,642,39
2023-09-01,P003,West,51.79,0,457,40
2023-09-07,P003,West,51.54,0,251,43
2023-09-11,P003,West,54.37,0,599,43
2023-09-13,P003,West,52.9,0,207,50
2023-09-20,P003,West,51.59,0,727,36
2023-09-22,P003,West,52.47,0,889,32
2023-09-26,P003,West,55.4,0,529,49
2023-09-29,P003,West,52.77,0,876,41
2023-10-02,P003,West,52.7,0,505,33
2023-10-17,P003,West,51.91,0,647,46
2023-10-26,P003,West,51.35,0,796,36
2023-10-29,P003,West,55.43,0,128,39
2023-11-03,P003,West,54.99,0,644,37
2023-11-04,P003,West,54.32,0,488,35
2023-11-07,P003,West,54.8,0,795,47
2023-11-19,P003,West,47.01,1,173,50
2023-11-20,P003,West,45.56,1,896,74
2023-11-25,P003,West,50.44,0,677,50
2023-12-04,P003,West,51.27,0,422,41
2023-12-14,P003,West,51.89,0,293,53
2023-12-15,P003,West,51.86,0,902,43
2023-12-19,P003,West,51.24,0,447,42
2023-12-23,P003,West,50.56,0,128,58
2024-01-04,P003,West,51.36,0,186,66
2024-01-05,P003,West,51.25,0,883,48
2024-01-07,P003,West,53.2,0,501,54
2024-01-10,P003,West,54.68,0,894,61
2024-01-15,P003,West,52.42,0,193,73
2024-01-18,P003,West,51.85,0,590,73
2024-01-20,P003,West,54.39,0,948,42
2024-01-21,P003,West,52.25,0,337,49
2024-01-22,P003,West,53.55,0,94,64
2024-01-23,P003,West,54.2,0,394,68
2024-01-26,P003,West,54.75,0,763,59
2024-01-28,P003,West,53.96,0,755,52
2024-02-07,P003,West,51.36,0,404,72
2024-02-08,P003,West,53.3,0,159,56
2024-02-20,P003,West,54.75,0,397,72
2024-02-23,P003,West,49.21,1,298,76
2024-02-25,P003,West,53.66,0,175,65
2024-03-02,P003,West,51.46,0,689,51
2024-03-10,P003,West,54.23,0,482,57
2024-03-14,P003,West,53.34,0,884,85
2024-03-17,P003,West,51.97,0,919,64
2024-03-18,P003,West,54.11,0,417,60
2024-03-22,P003,West,55.12,0,435,62
2024-04-06,P003,West,54.55,0,97,55
2024-04-10,P003,West,50.82,0,333,67
2024-04-28,P003,West,54.17,0,448,52
2024-04-30,P003,West,54.7,0,736,54
2024-05-02,P003,West,54.01,0,875,71
2024-05-05,P003,West,51.94,0,706,52
2024-05-20,P003,West,51.04,0,458,57
2024-05-21,P003,West,51.61,0,991,60
2024-05-23,P003,West,54.26,0,417,63
2024-05-28,P003,West,53.04,0,183,76
2024-06-01,P003,West,45.55,1,91,81
2024-06-03,P003,West,53.87,0,283,65
2024-06-23,P003,West,53.51,0,861,46
2024-06-28,P003,West,55.23,0,501,39
2024-07-01,P003,West,55.13,0,633,54
2024-07-08,P003,West,55.05,0,904,69
2024-07-09,P003,West,53.95,0,827,56
2024-07-13,P003,West,52.11,0,413,58
2024-07-21,P003,West,54.56,0,158,45
2024-07-24,P003,West,52.45,0,702,56
2024-08-01,P003,West,54.38,0,406,55
2024-08-02,P003,West,51.59,0,245,52
2024-08-04,P003,West,53.04,0,685,58
2024-08-06,P003,West,50.73,0,396,48
2024-08-09,P003,West,46.99,1,917,55
2024-08-16,P003,West,54.64,0,884,43
2024-08-19,P003,West,54.31,0,180,50
2024-08-20,P003,West,51.65,0,833,48
2024-08-25,P003,West,54.26,0,947,34
2024-08-27,P003,West,53.24,0,76,50
2024-08-29,P003,West,52.86,0,290,40
2024-09-03,P003,West,52.8,0,277,37
2024-09-11,P003,West,48.49,1,444,72
2024-09-23,P003,West,51.11,0,725,36
2024-10-05,P003,West,51.53,0,805,33
2024-10-06,P003,West,54.35,0,273,34
2024-10-11,P003,West,51.05,0,646,34
2024-10-23,P003,West,53.07,0,930,45
2024-10-24,P003,West,50.86,0,253,49
2024-10-25,P003,West,51.33,0,338,41
2024-10-29,P003,West,52.08,0,341,50
2024-11-10,P003,West,54.21,0,384,51
2024-11-15,P003,West,53.83,0,671,43
2024-11-20,P003,West,51.74,0,60,42
2024-11-25,P003,West,51.75,0,923,43
2024-11-26,P003,West,52.77,0,834,53
2024-12-01,P003,West,51.58,0,562,46
2024-12-08,P003,West,54.94,0,282,55
2024-12-11,P003,West,53.71,0,509,46
2024-12-12,P003,West,50.92,0,966,47
2024-12-13,P003,West,50.65,0,487,38
2024-12-15,P003,West,50.94,0,851,40
2024-12-19,P003,West,51.51,0,446,40
2024-12-20,P003,West,54.99,0,991,47
2022-01-10,P009,North,57.34,0,873,71
2022-01-13,P009,North,58.58,0,429,76
2022-01-14,P009,North,58.45,0,618,59
2022-01-20,P009,North,60.14,0,975,74
2022-01-23,P009,North,59.68,0,336,66
2022-01-24,P009,North,60.7,0,652,61
2022-02-11,P009,North,57.42,0,806,60
2022-02-16,P009,North,60.02,0,667,78
2022-02-18,P009,North,57.67,0,343,82
2022-02-27,P009,North,60.47,0,761,71
2022-03-01,P009,North,56.78,0,797,53
2022-03-02,P009,North,61.65,0,457,59
2022-03-04,P009,North,60.8,0,97,70
2022-03-06,P009,North,61.76,0,455,49
2022-03-08,P009,North,61.64,0,639,86
2022-03-14,P009,North,57.3,0,893,60
2022-03-17,P009,North,61.16,0,647,60
2022-03-23,P009,North,57.21,0,173,88
2022-03-27,P009,North,60.9,0,433,53
2022-03-28,P009,North,59.51,0,767,76
2022-03-31,P009,North,58.93,0,114,73
2022-04-04,P009,North,58.83,0,664,67
2022-04-09,P009,North,58.08,0,371,60
2022-04-13,P009,North,59.0,0,752,57
2022-04-23,P009,North,59.53,0,779,78
2022-05-03,P009,North,59.77,0,729,78
2022-05-05,P009,North,59.18,0,412,82
2022-05-11,P009,North,58.48,0,254,69
2022-05-13,P009,North,60.13,0,593,74
2022-05-20,P009,North,53.02,1,491,102
2022-05-28,P009,North,60.7,0,295,59
2022-06-07,P009,North,56.76,0,279,36
2022-06-09,P009,North,61.36,0,675,79
2022-06-10,P009,North,59.43,0,55,35
2022-06-16,P009,North,58.24,0,247,58
2022-06-19,P009,North,61.01,0,976,45
2022-06-21,P009,North,57.29,0,517,67
2022-06-23,P009,North,61.52,0,150,69
2022-06-26,P009,North,57.75,0,952,62
2022-07-07,P009,North,59.23,0,521,53
2022-07-16,P009,North,58.08,0,63,51
2022-07-21,P009,North,58.28,0,71,58
2022-07-26,P009,North,59.38,0,627,68
2022-08-02,P009,North,56.2,0,801,63
2022-08-18,P009,North,57.47,0,580,61
2022-08-28,P009,North,57.36,0,126,41
2022-08-31,P009,North,60.72,0,93,57
2022-09-06,P009,North,50.6,1,965,73
2022-09-20,P009,North,59.14,0,300,50
2022-09-23,P009,North,57.97,0,541,53
2022-10-08,P009,North,56.47,0,115,32
2022-10-09,P009,North,57.86,0,869,50
2022-10-13,P009,North,61.28,0,256,58
2022-10-19,P009,North,56.16,0,439,55
2022-10-23,P009,North,57.96,0,538,41
2022-10-29,P009,North,59.86,0,483,43
2022-11-15,P009,North,61.45,0,219,63
2022-11-20,P009,North,60.29,0,610,41
2022-11-25,P009,North,58.86,0,530,52
2022-11-30,P009,North,58.94,0,271,63
2022-12-01,P009,North,56.26,0,229,48
2022-12-02,P009,North,60.18,0,927,57
2022-12-03,P009,North,60.62,0,757,61
2022-12-04,P009,North,50.7,1,727,73
2022-12-05,P009,North,57.54,0,591,61
2022-12-08,P009,North,51.43,1,890,108
2022-12-19,P009,North,58.72,0,608,34
2022-12-22,P009,North,60.96,0,391,53
2022-12-30,P009,North,60.6,0,739,59
2023-01-01,P009,North,59.7,0,503,50
2023-01-07,P009,North,59.06,0,561,49
2023-01-13,P009,North,55.39,1,485,92
2023-01-14,P009,North,57.66,0,188,64
2023-01-19,P009,North,60.51,0,855,55
2023-01-24,P009,North,59.55,0,746,94
2023-01-27,P009,North,59.98,0,236,54
2023-01-30,P009,North,60.4,0,82,52
2023-02-04,P009,North,60.79,0,420,54
2023-02-07,P009,North,61.84,0,189,72
2023-02-26,P009,North,57.8,0,728,67
2023-03-09,P009,North,57.46,0,709,58
2023-03-12,P009,North,59.02,0,820,53
2023-03-20,P009,North,59.28,0,120,69
2023-03-26,P009,North,60.1,0,121,53
2023-03-30,P009,North,58.42,0,368,53
2023-04-08,P009,North,60.81,0,132,58
2023-04-09,P009,North,59.43,0,891,58
2023-04-10,P009,North,60.63,0,356,76
2023-04-13,P009,North,58.66,0,989,60
2023-04-14,P009,North,58.02,0,565,69
2023-04-17,P009,North,57.68,0,886,64
2023-04-24,P009,North,56.33,0,81,56
2023-04-25,P009,North,61.01,0,295,66
2023-04-28,P009,North,57.51,0,587,72
2023-05-06,P009,North,56.85,0,672,61
2023-05-18,P009,North,61.03,0,207,74
2023-05-20,P009,North,54.76,1,831,102
2023-05-31,P009,North,58.42,0,964,71
2023-06-05,P009,North,61.3,0,279,65
2023-06-07,P009,North,60.69,0,151,83
2023-06-18,P009,North,59.51,0,123,62
2023-06-23,P009,North,61.35,0,348,50
2023-06-27,P009,North,59.94,0,919,70
2023-07-03,P009,North,59.48,0,297,62
2023-07-07,P009,North,59.19,0,460,42
2023-07-10,P009,North,57.44,0,683,40
2023-07-14,P009,North,60.42,0,751,52
2023-07-23,P009,North,57.87,0,471,40
2023-07-31,P009,North,57.69,0,84,55
2023-08-08,P009,North,61.79,0,648,46
2023-08-18,P009,North,58.64,0,86,55
2023-08-20,P009,North,59.04,0,831,38
2023-08-22,P009,North,59.95,0,544,34
2023-08-26,P009,North,57.09,0,644,47
2023-09-03,P009,North,59.9,0,860,54
2023-09-04,P009,North,59.4,0,59,42
2023-09-14,P009,North,60.44,0,512,62
2023-09-18,P009,North,59.61,0,709,43
2023-09-22,P009,North,59.71,0,227,43
2023-09-27,P009,North,52.95,1,783,69
2023-09-29,P009,North,58.35,0,496,38
2023-10-01,P009,North,58.6,0,868,53
2023-10-09,P009,North,56.99,0,991,34
2023-10-11,P009,North,56.06,0,250,54
2023-10-13,P009,North,54.03,1,684,77
2023-10-19,P009,North,58.51,0,376,47
2023-10-22,P009,North,56.66,0,538,52
2023-10-29,P009,North,61.29,0,823,32
2023-11-01,P009,North,61.46,0,930,56
2023-11-18,P009,North,61.1,0,880,41
2023-11-27,P009,North,60.9,0,783,60
2023-12-09,P009,North,59.76,0,821,40
2023-12-10,P009,North,60.44,0,383,50
2023-12-23,P009,North,57.24,0,138,68
2024-01-04,P009,North,58.06,0,661,63
2024-01-14,P009,North,61.8,0,723,50
2024-02-01,P009,North,60.9,0,266,71
2024-02-04,P009,North,57.99,0,456,79
2024-02-13,P009,North,59.38,0,366,75
2024-02-16,P009,North,57.13,0,406,48
2024-02-21,P009,North,61.65,0,330,79
2024-02-24,P009,North,58.81,0,321,67
2024-03-14,P009,North,59.49,0,142,68
2024-03-27,P009,North,60.51,0,681,75
2024-04-04,P009,North,61.9,0,547,80
2024-04-07,P009,North,61.19,0,532,68
2024-04-22,P009,North,56.43,0,669,75
2024-05-04,P009,North,56.75,0,834,60
2024-05-07,P009,North,59.77,0,713,54
2024-05-19,P009,North,59.13,0,898,55
2024-05-21,P009,North,59.84,0,347,60
2024-05-23,P009,North,60.3,0,994,84
2024-05-24,P009,North,60.72,0,558,56
2024-05-28,P009,North,58.56,0,351,88
2024-05-30,P009,North,57.9,0,768,58
2024-05-31,P009,North,56.19,0,279,76
2024-06-02,P009,North,58.42,0,109,63
2024-06-05,P009,North,58.2,0,817,74
2024-06-08,P009,North,60.02,0,704,50
2024-06-12,P009,North,61.62,0,629,71
2024-06-20,P009,North,59.27,0,385,71
2024-07-11,P009,North,56.77,0,668,68
2024-07-13,P009,North,58.7,0,480,51
2024-07-14,P009,North,60.1,0,494,54
2024-07-17,P009,North,59.41,0,866,60
2024-07-18,P009,North,58.22,0,601,66
2024-07-22,P009,North,61.85,0,633,61
2024-07-25,P009,North,57.24,0,630,50
2024-07-30,P009,North,59.47,0,224,53
2024-07-31,P009,North,58.59,0,536,49
2024-08-03,P009,North,55.06,1,585,77
2024-08-05,P009,North,58.92,0,467,57
2024-08-22,P009,North,59.37,0,883,44
2024-08-30,P009,North,59.28,0,832,40
2024-09-01,P009,North,57.1,0,538,39
2024-09-07,P009,North,59.45,0,228,36
2024-09-09,P009,North,60.89,0,960,48
2024-09-17,P009,North,60.93,0,923,37
2024-09-24,P009,North,59.94,0,80,47
2024-09-26,P009,North,60.48,0,681,50
2024-10-05,P009,North,58.57,0,462,41
2024-10-09,P009,North,59.19,0,850,59
2024-10-13,P009,North,58.09,0,372,39
2024-10-14,P009,North,59.52,0,669,41
2024-10-15,P009,North,60.24,0,73,48
2024-11-04,P009,North,58.26,0,546,55
2024-11-05,P009,North,59.36,0,290,60
2024-11-07,P009,North,59.28,0,227,52
2024-11-09,P009,North,60.73,0,911,27
2024-11-12,P009,North,59.32,0,223,51
2024-11-15,P009,North,58.78,0,448,58
2024-12-06,P009,North,61.07,0,632,66
2024-12-07,P009,North,61.13,0,818,41
2024-12-08,P009,North,58.73,0,351,33
2024-12-15,P009,North,56.91,0,114,58
2024-12-18,P009,North,56.97,0,152,66
