data/sales_data.csv
Date,Product,Region,Price,Promo,Inventory,Sales
2022-01-11,P008,North,57.02,0,527,50
2022-01-25,P008,North,58.88,0,837,67
2022-01-27,P008,North,59.04,0,548,65
2022-01-28,P008,North,56.9,0,397,64
2022-01-29,P008,North,58.04,0,523,65
2022-02-03,P008,North,57.63,0,459,60
2022-02-18,P008,North,52.47,1,62,84
2022-03-02,P008,North,55.18,0,270,69
2022-03-04,P008,North,55.79,0,739,57
2022-03-06,P008,North,60.07,0,201,50
2022-03-10,P008,North,58.99,0,796,71
2022-03-12,P008,North,59.79,0,473,48
2022-03-15,P008,North,57.34,0,216,95
2022-03-19,P008,North,50.19,1,504,76
2022-03-20,P008,North,58.84,0,517,60
2022-03-27,P008,North,58.23,0,339,56
2022-03-28,P008,North,58.82,0,683,70
2022-04-03,P008,North,60.19,0,468,43
2022-04-04,P008,North,60.69,0,55,80
2022-04-05,P008,North,58.29,0,793,72
2022-04-12,P008,North,57.38,0,606,51
2022-04-28,P008,North,58.55,0,139,77
2022-04-30,P008,North,58.87,0,861,61
2022-05-01,P008,North,58.93,0,513,55
2022-05-04,P008,North,60.38,0,806,72
2022-05-14,P008,North,57.72,0,563,53
2022-05-20,P008,North,59.53,0,164,68
2022-05-25,P008,North,58.21,0,344,85
2022-05-27,P008,North,59.97,0,912,53
2022-05-29,P008,North,58.82,0,238,56
2022-06-02,P008,North,59.2,0,541,61
2022-06-08,P008,North,59.79,0,399,94
2022-06-14,P008,North,58.31,0,117,69
2022-06-21,P008,North,55.9,0,720,46
2022-06-23,P008,North,58.01,0,609,55
2022-06-25,P008,North,56.13,0,896,51
2022-06-30,P008,North,60.77,0,713,67
2022-07-03,P008,North,58.42,0,866,44
2022-07-08,P008,North,57.06,0,744,40
2022-07-11,P008,North,55.36,0,87,54
2022-07-12,P008,North,57.03,0,329,64
2022-07-15,P008,North,57.95,0,136,44
2022-07-18,P008,North,60.39,0,720,46
2022-07-20,P008,North,55.16,0,414,54
2022-07-23,P008,North,57.58,0,794,29
2022-08-18,P008,North,56.02,0,344,63
2022-08-29,P008,North,56.63,0,439,40
2022-08-31,P008,North,49.69,1,589,76
2022-09-07,P008,North,58.35,0,170,51
2022-09-18,P008,North,57.23,0,722,33
2022-09-19,P008,North,59.28,0,813,44
2022-09-28,P008,North,60.26,0,85,57
2022-10-11,P008,North,55.34,0,141,37
2022-10-19,P008,North,60.77,0,689,45
2022-10-21,P008,North,60.02,0,824,35
2022-10-26,P008,North,56.98,0,824,61
2022-10-28,P008,North,55.72,0,945,48
2022-11-04,P008,North,60.19,0,730,43
2022-11-06,P008,North,57.38,0,525,33
2022-11-08,P008,North,57.34,0,172,46
2022-11-21,P008,North,60.63,0,863,39
2022-12-01,P008,North,56.02,0,437,47
2022-12-05,P008,North,59.75,0,1000,50
2022-12-10,P008,North,59.07,0,124,54
2022-12-11,P008,North,55.38,0,427,42
2022-12-14,P008,North,59.53,0,565,80
2022-12-22,P008,North,58.57,0,218,55
2022-12-28,P008,North,59.21,0,887,61
2023-01-02,P008,North,59.8,0,522,56
2023-01-18,P008,North,55.75,0,711,66
2023-01-20,P008,North,59.18,0,963,64
2023-01-22,P008,North,58.53,0,191,53
2023-01-25,P008,North,55.36,0,410,51
2023-01-28,P008,North,54.72,1,344,107
2023-01-31,P008,North,59.99,0,479,71
2023-02-04,P008,North,59.16,0,206,53
2023-02-09,P008,North,54.4,1,545,84
2023-02-11,P008,North,57.96,0,862,55
2023-02-16,P008,North,57.13,0,215,77
2023-02-20,P008,North,59.83,0,674,57
2023-02-21,P008,North,56.1,0,286,66
2023-03-01,P008,North,58.78,0,954,87
2023-03-05,P008,North,57.51,0,936,65
2023-03-10,P008,North,57.67,0,437,75
2023-03-12,P008,North,59.31,0,703,62
2023-03-19,P008,North,51.34,1,861,107
2023-03-22,P008,North,58.69,0,630,75
2023-03-23,P008,North,52.45,1,435,119
2023-03-30,P008,North,56.18,0,933,89
2023-04-03,P008,North,59.27,0,831,70
2023-04-04,P008,North,59.81,0,522,85
2023-04-06,P008,North,59.62,0,846,68
2023-04-07,P008,North,56.12,0,708,68
2023-04-13,P008,North,55.71,0,293,90
2023-04-17,P008,North,56.84,0,254,63
2023-04-26,P008,North,57.28,0,829,52
2023-05-02,P008,North,59.94,0,316,55
2023-05-03,P008,North,58.2,0,62,62
2023-05-08,P008,North,59.79,0,373,72
2023-05-12,P008,North,60.14,0,534,72
2023-05-16,P008,North,58.51,0,533,80
2023-05-30,P008,North,55.66,0,679,70
2023-06-10,P008,North,55.12,0,703,47
2023-06-11,P008,North,60.59,0,371,61
2023-06-16,P008,North,58.83,0,266,64
2023-06-20,P008,North,51.71,1,191,111
2023-06-21,P008,North,57.1,0,554,50
2023-06-23,P008,North,60.72,0,945,54
2023-06-26,P008,North,55.83,0,580,62
2023-06-28,P008,North,59.51,0,299,62
2023-06-30,P008,North,57.06,0,263,56
2023-07-16,P008,North,60.01,0,587,54
2023-07-20,P008,North,59.0,0,665,60
2023-07-22,P008,North,58.05,0,118,64
2023-07-25,P008,North,59.38,0,440,67
2023-07-30,P008,North,60.33,0,617,50
2023-08-06,P008,North,54.66,1,989,61
2023-08-26,P008,North,57.84,0,292,39
2023-08-31,P008,North,59.51,0,604,53
2023-09-03,P008,North,58.26,0,759,47
2023-09-05,P008,North,58.78,0,584,60
2023-09-11,P008,North,56.39,0,837,45
2023-09-25,P008,North,58.11,0,378,53
2023-09-29,P008,North,56.71,0,308,49
2023-10-03,P008,North,60.07,0,275,45
2023-10-06,P008,North,57.71,0,318,34
2023-10-11,P008,North,59.48,0,313,49
2023-10-12,P008,North,55.79,0,51,45
2023-10-26,P008,North,59.92,0,218,36
2023-10-28,P008,North,55.59,0,928,33
2023-11-01,P008,North,58.23,0,171,60
2023-11-02,P008,North,57.5,0,190,49
2023-11-03,P008,North,59.83,0,693,38
2023-11-09,P008,North,60.0,0,448,37
2023-11-13,P008,North,57.04,0,367,46
2023-12-01,P008,North,59.2,0,364,59
2023-12-13,P008,North,59.32,0,922,80
2023-12-26,P008,North,55.65,0,807,68
2023-12-30,P008,North,59.8,0,164,63
2024-01-13,P008,North,59.71,0,128,54
2024-01-16,P008,North,57.23,0,553,57
2024-01-18,P008,North,56.5,0,827,57
2024-01-20,P008,North,60.6,0,804,63
2024-01-26,P008,North,56.32,0,882,49
2024-01-31,P008,North,58.79,0,917,82
2024-02-06,P008,North,56.77,0,799,85
2024-02-10,P008,North,56.33,0,193,59
2024-02-19,P008,North,55.26,0,380,64
2024-02-20,P008,North,56.58,0,487,83
2024-02-22,P008,North,57.15,0,652,57
2024-02-25,P008,North,60.05,0,112,50
2024-02-29,P008,North,56.79,0,448,74
2024-03-12,P008,North,57.95,0,273,54
2024-03-13,P008,North,56.7,0,528,61
2024-03-15,P008,North,59.5,0,641,64
2024-03-25,P008,North,56.3,0,961,68
2024-03-26,P008,North,53.41,1,842,111
2024-03-27,P008,North,59.74,0,707,85
2024-04-01,P008,North,56.57,0,879,63
2024-04-04,P008,North,56.91,0,844,37
2024-04-10,P008,North,58.2,0,94,92
2024-04-15,P008,North,57.6,0,728,76
2024-04-19,P008,North,55.15,0,780,55
2024-04-21,P008,North,57.12,0,251,48
2024-04-24,P008,North,59.4,0,119,81
2024-05-01,P008,North,57.66,0,258,62
2024-05-02,P008,North,58.28,0,616,73
2024-05-15,P008,North,53.46,1,815,128
2024-05-17,P008,North,57.5,0,810,54
2024-05-18,P008,North,59.3,0,168,56
2024-05-23,P008,North,57.11,0,325,79
2024-06-11,P008,North,56.14,0,423,59
2024-06-12,P008,North,60.24,0,55,57
2024-06-13,P008,North,58.42,0,385,54
2024-06-16,P008,North,60.39,0,616,38
2024-06-20,P008,North,58.76,0,101,63
2024-06-21,P008,North,58.78,0,139,56
2024-06-22,P008,North,56.29,0,915,55
2024-06-27,P008,North,58.98,0,447,69
2024-07-02,P008,North,60.56,0,796,59
2024-07-03,P008,North,52.7,1,502,82
2024-07-04,P008,North,55.22,0,923,66
2024-07-07,P008,North,58.16,0,365,52
2024-07-08,P008,North,60.21,0,217,51
2024-07-16,P008,North,58.45,0,920,60
2024-07-20,P008,North,57.61,0,656,33
2024-07-21,P008,North,60.57,0,960,47
2024-07-24,P008,North,57.97,0,965,43
2024-07-31,P008,North,60.33,0,346,51
2024-08-15,P008,North,58.85,0,597,49
2024-08-25,P008,North,60.66,0,292,52
2024-08-28,P008,North,60.04,0,943,59
2024-08-29,P008,North,60.32,0,84,41
2024-09-05,P008,North,60.85,0,110,66
2024-09-10,P008,North,55.4,0,229,44
2024-09-11,P008,North,56.53,0,713,60
2024-09-17,P008,North,59.1,0,637,51
2024-09-18,P008,North,50.09,1,182,82
2024-09-19,P008,North,57.37,0,967,58
2024-10-06,P008,North,59.22,0,862,50
2024-10-09,P008,North,57.72,0,724,44
2024-10-10,P008,North,58.36,0,720,35
2024-10-17,P008,North,59.99,0,956,50
2024-10-19,P008,North,56.46,0,709,46
2024-10-24,P008,North,57.05,0,552,55
2024-10-31,P008,North,59.71,0,743,48
2024-11-09,P008,North,59.04,0,184,48
2024-11-10,P008,North,57.31,0,875,43
2024-11-15,P008,North,56.9,0,944,50
2024-11-19,P008,North,58.61,0,747,59
2024-11-29,P008,North,58.02,0,840,50
2024-11-30,P008,North,59.63,0,899,38
2024-12-01,P008,North,56.65,0,518,49
2024-12-12,P008,North,58.35,0,547,52
2024-12-13,P008,North,57.49,0,519,53
2024-12-14,P008,North,60.43,0,818,49
2024-12-17,P008,North,59.25,0,175,49
2022-01-12,P003,Central,52.94,0,329,58
2022-01-14,P003,Central,53.2,0,545,38
2022-01-16,P003,Central,50.8,0,304,61
2022-01-25,P003,Central,53.76,0,81,71
2022-02-04,P003,Central,51.23,0,504,54
2022-02-06,P003,Central,55.0,0,848,44
2022-02-07,P003,Central,55.42,0,544,59
2022-02-09,P003,Central,55.29,0,376,81
2022-02-11,P003,Central,51.08,0,680,57
2022-02-12,P003,Central,55.56,0,341,43
2022-02-15,P003,Central,51.57,0,521,60
2022-02-18,P003,Central,55.21,0,605,80
2022-02-22,P003,Central,52.05,0,761,68
2022-02-25,P003,Central,50.96,0,410,65
2022-03-03,P003,Central,53.46,0,831,72
2022-03-04,P003,Central,51.18,0,841,68
2022-03-05,P003,Central,55.64,0,844,62
2022-03-08,P003,Central,55.62,0,606,76
2022-03-09,P003,Central,55.38,0,906,90
2022-03-11,P003,Central,53.99,0,216,44
2022-03-13,P003,Central,55.38,0,509,69
2022-03-14,P003,Central,51.26,0,462,71
2022-03-25,P003,Central,53.73,0,777,67
2022-03-27,P003,Central,53.23,0,463,63
2022-03-30,P003,Central,51.38,0,547,55
2022-03-31,P003,Central,55.09,0,602,49
2022-04-06,P003,Central,53.4,0,760,60
2022-04-12,P003,Central,52.05,0,205,80
2022-04-16,P003,Central,50.91,0,703,45
2022-04-17,P003,Central,50.55,0,414,62
2022-04-19,P003,Central,50.59,0,887,69
2022-04-24,P003,Central,51.2,0,613,47
2022-04-26,P003,Central,53.65,0,999,76
2022-05-17,P003,Central,53.44,0,277,68
2022-06-12,P003,Central,53.12,0,170,35
2022-06-23,P003,Central,54.81,0,310,52
2022-06-24,P003,Central,50.4,0,356,50
2022-06-25,P003,Central,53.46,0,631,52
2022-07-18,P003,Central,51.33,0,553,45
2022-07-19,P003,Central,55.09,0,509,50
2022-07-20,P003,Central,50.56,0,201,60
2022-07-26,P003,Central,54.68,0,529,41
2022-07-31,P003,Central,52.19,0,245,52
2022-08-01,P003,Central,52.7,0,645,51
2022-08-11,P003,Central,51.78,0,581,47
2022-08-14,P003,Central,50.64,0,106,39
2022-08-15,P003,Central,53.6,0,499,51
2022-08-16,P003,Central,50.68,0,721,55
2022-08-20,P003,Central,52.3,0,248,33
2022-08-21,P003,Central,50.64,0,972,28
2022-08-25,P003,Central,53.57,0,725,38
2022-09-04,P003,Central,51.18,0,408,31
2022-09-15,P003,Central,53.5,0,604,32
2022-09-17,P003,Central,53.37,0,533,32
2022-09-18,P003,Central,54.47,0,712,48
2022-09-25,P003,Central,55.6,0,432,45
2022-09-29,P003,Central,50.35,0,537,30
2022-10-02,P003,Central,50.7,0,823,36
2022-10-06,P003,Central,53.86,0,922,43
2022-10-11,P003,Central,54.07,0,584,39
2022-10-12,P003,Central,54.06,0,982,48
2022-10-17,P003,Central,53.75,0,638,43
2022-10-18,P003,Central,52.84,0,337,40
2022-10-19,P003,Central,52.56,0,223,43
2022-10-20,P003,Central,51.84,0,135,57
2022-10-24,P003,Central,54.19,0,876,41
2022-10-26,P003,Central,52.01,0,330,43
2022-11-03,P003,Central,50.53,0,367,35
2022-11-04,P003,Central,51.56,0,505,47
2022-11-10,P003,Central,50.47,0,833,44
2022-11-13,P003,Central,53.56,0,785,45
2022-11-18,P003,Central,49.72,1,858,70
2022-11-20,P003,Central,55.42,0,979,43
2022-12-01,P003,Central,46.63,1,226,78
2022-12-02,P003,Central,55.21,0,387,48
2022-12-04,P003,Central,46.03,1,411,60
2022-12-11,P003,Central,51.89,0,91,49
2022-12-14,P003,Central,55.25,0,173,54
2022-12-15,P003,Central,53.44,0,503,45
2022-12-24,P003,Central,54.55,0,510,41
2022-12-29,P003,Central,54.65,0,752,62
2022-12-30,P003,Central,53.87,0,144,47
2022-12-31,P003,Central,51.48,0,350,40
2023-01-01,P003,Central,50.44,0,149,50
2023-01-08,P003,Central,54.13,0,314,52
2023-01-18,P003,Central,54.79,0,157,60
2023-01-21,P003,Central,53.18,0,631,44
2023-01-22,P003,Central,54.38,0,968,35
2023-01-25,P003,Central,52.54,0,618,46
2023-01-27,P003,Central,51.59,0,135,64
2023-01-29,P003,Central,55.41,0,719,47
2023-02-01,P003,Central,46.22,1,767,102
2023-02-02,P003,Central,52.89,0,226,63
2023-02-07,P003,Central,54.63,0,491,66
2023-02-18,P003,Central,50.67,0,227,62
2023-02-27,P003,Central,51.99,0,362,61
2023-02-28,P003,Central,54.06,0,164,83
2023-03-01,P003,Central,54.48,0,835,65
2023-03-04,P003,Central,52.77,0,752,53
2023-03-05,P003,Central,50.45,0,607,62
2023-03-13,P003,Central,51.23,0,157,51
2023-03-14,P003,Central,54.88,0,784,73
2023-03-24,P003,Central,53.68,0,890,62
2023-03-25,P003,Central,52.31,0,315,55
2023-04-02,P003,Central,46.12,1,313,82
2023-04-03,P003,Central,55.08,0,210,62
2023-04-10,P003,Central,52.24,0,260,57
2023-04-14,P003,Central,53.48,0,803,61
2023-04-18,P003,Central,53.66,0,96,76
2023-05-07,P003,Central,51.06,0,524,47
2023-05-14,P003,Central,50.75,0,937,62
2023-05-17,P003,Central,55.31,0,207,76
2023-05-19,P003,Central,51.42,0,562,43
2023-05-22,P003,Central,55.27,0,712,62
2023-05-26,P003,Central,50.79,0,692,42
2023-06-03,P003,Central,54.06,0,467,60
2023-06-04,P003,Central,50.76,0,148,49
2023-06-16,P003,Central,52.5,0,668,57
2023-07-01,P003,Central,54.7,0,652,48
2023-07-03,P003,Central,53.88,0,75,62
2023-07-16,P003,Central,52.62,0,130,47
2023-07-19,P003,Central,54.54,0,477,46
2023-07-24,P003,Central,54.1,0,968,49
2023-07-27,P003,Central,53.42,0,517,62
2023-07-28,P003,Central,55.56,0,639,44
2023-07-29,P003,Central,53.39,0,826,43
2023-08-10,P003,Central,55.42,0,288,47
2023-08-11,P003,Central,52.61,0,794,39
2023-08-24,P003,Central,52.42,0,61,42
2023-08-25,P003,Central,54.01,0,403,51
2023-08-26,P003,Central,51.46,0,508,36
2023-08-29,P003,Central,53.81,0,221,46
2023-08-31,P003,Central,53.86,0,602,49
2023-09-04,P003,Central,53.1,0,218,33
2023-09-23,P003,Central,51.69,0,839,38
2023-09-25,P003,Central,54.91,0,240,37
2023-10-05,P003,Central,55.41,0,702,42
2023-10-10,P003,Central,54.53,0,962,42
2023-10-12,P003,Central,53.72,0,197,36
2023-10-20,P003,Central,51.09,0,225,47
2023-10-23,P003,Central,55.11,0,814,39
2023-10-31,P003,Central,51.1,0,432,41
2023-11-02,P003,Central,52.36,0,821,45
2023-11-06,P003,Central,54.21,0,116,51
2023-11-14,P003,Central,52.05,0,811,47
2023-11-18,P003,Central,54.07,0,703,33
2023-11-26,P003,Central,55.13,0,579,46
2023-12-02,P003,Central,53.39,0,252,47
2023-12-03,P003,Central,51.98,0,50,42
2023-12-05,P003,Central,55.34,0,562,37
2023-12-09,P003,Central,55.03,0,458,55
2023-12-18,P003,Central,51.47,0,354,46
2023-12-30,P003,Central,54.93,0,678,57
2024-01-06,P003,Central,51.34,0,868,44
2024-01-12,P003,Central,54.6,0,299,50
2024-01-16,P003,Central,53.2,0,871,44
2024-01-24,P003,Central,51.0,0,66,49
2024-01-27,P003,Central,50.71,0,394,71
2024-01-29,P003,Central,51.5,0,534,79
2024-02-01,P003,Central,51.98,0,330,66
2024-02-03,P003,Central,55.63,0,529,44
2024-02-22,P003,Central,50.85,0,482,62
2024-02-29,P003,Central,51.6,0,877,62
2024-03-07,P003,Central,53.2,0,388,64
2024-03-21,P003,Central,54.89,0,192,63
2024-03-24,P003,Central,55.21,0,137,58
2024-03-30,P003,Central,53.85,0,392,43
2024-04-05,P003,Central,54.93,0,167,64
2024-04-14,P003,Central,53.34,0,1000,46
2024-04-18,P003,Central,52.65,0,784,46
2024-04-21,P003,Central,49.33,1,453,70
2024-04-22,P003,Central,53.81,0,354,69
2024-04-24,P003,Central,54.71,0,539,83
2024-04-25,P003,Central,52.95,0,76,79
2024-04-29,P003,Central,54.76,0,530,56
2024-05-04,P003,Central,54.26,0,611,66
2024-05-12,P003,Central,52.29,0,248,63
2024-05-18,P003,Central,52.96,0,861,51
2024-05-31,P003,Central,54.72,0,507,53
2024-06-02,P003,Central,50.47,0,296,68
2024-06-04,P003,Central,49.88,1,819,93
2024-06-05,P003,Central,52.58,0,927,51
2024-06-13,P003,Central,52.49,0,225,65
2024-06-14,P003,Central,52.11,0,203,50
2024-06-19,P003,Central,53.6,0,622,63
2024-06-24,P003,Central,55.27,0,489,45
2024-06-27,P003,Central,55.52,0,844,46
2024-07-02,P003,Central,51.37,0,908,77
2024-07-12,P003,Central,51.86,0,503,65
2024-07-14,P003,Central,50.91,0,794,51
2024-07-17,P003,Central,50.88,0,429,57
2024-07-18,P003,Central,49.58,1,850,62
2024-07-22,P003,Central,51.87,0,850,49
2024-07-31,P003,Central,52.14,0,627,62
2024-08-08,P003,Central,53.44,0,486,43
2024-08-12,P003,Central,45.83,1,704,79
2024-08-15,P003,Central,52.79,0,714,51
2024-08-24,P003,Central,50.35,0,119,44
2024-08-30,P003,Central,52.36,0,733,38
2024-08-31,P003,Central,51.67,0,495,30
2024-09-06,P003,Central,55.02,0,255,31
2024-09-07,P003,Central,52.62,0,629,34
2024-09-12,P003,Central,54.94,0,582,42
2024-09-20,P003,Central,54.1,0,935,33
2024-10-10,P003,Central,55.49,0,302,39
2024-10-14,P003,Central,54.96,0,264,52
2024-10-18,P003,Central,55.07,0,126,34
2024-10-27,P003,Central,54.63,0,643,39
2024-10-28,P003,Central,51.98,0,100,53
2024-10-31,P003,Central,54.17,0,687,47
2024-11-06,P003,Central,54.98,0,385,48
2024-11-08,P003,Central,54.29,0,978,45
2024-11-09,P003,Central,54.55,0,405,35
2024-11-13,P003,Central,53.73,0,402,49
2024-11-19,P003,Central,50.8,0,874,53
2024-11-22,P003,Central,53.51,0,887,47
2024-11-23,P003,Central,51.92,0,818,40
2024-11-29,P003,Central,55.07,0,591,45
2024-12-02,P003,Central,53.48,0,889,35
2024-12-03,P003,Central,53.18,0,866,46
2024-12-05,P003,Central,53.42,0,777,46
2024-12-14,P003,Central,54.67,0,531,45
