data/sales_data.csv
Date,Product,Region,Price,Promo,Inventory,Sales
2022-01-12,P006,Central,53.35,0,708,59
2022-01-15,P006,Central,58.69,0,902,31
2022-01-17,P006,Central,53.65,0,90,63
2022-01-18,P006,Central,56.7,0,828,67
2022-01-19,P006,Central,56.9,0,936,65
2022-01-25,P006,Central,56.27,0,382,69
2022-01-26,P006,Central,54.07,0,543,61
2022-02-03,P006,Central,53.41,0,712,62
2022-02-13,P006,Central,57.13,0,984,60
2022-02-14,P006,Central,58.43,0,120,70
2022-02-24,P006,Central,55.79,0,866,73
2022-02-25,P006,Central,56.54,0,638,75
2022-02-26,P006,Central,53.43,0,786,51
2022-03-09,P006,Central,53.93,0,784,72
2022-03-10,P006,Central,56.37,0,558,72
2022-03-16,P006,Central,56.61,0,355,68
2022-03-17,P006,Central,54.23,0,746,52
2022-03-24,P006,Central,55.0,0,952,77
2022-04-01,P006,Central,52.33,1,500,117
2022-04-03,P006,Central,58.28,0,907,53
2022-04-07,P006,Central,55.95,0,832,71
2022-04-14,P006,Central,56.31,0,120,61
2022-04-28,P006,Central,53.94,0,791,85
2022-05-05,P006,Central,57.03,0,449,84
2022-05-06,P006,Central,57.88,0,663,63
2022-05-09,P006,Central,56.51,0,887,60
2022-05-14,P006,Central,57.14,0,821,64
2022-05-21,P006,Central,54.27,0,338,43
2022-06-04,P006,Central,55.19,0,649,56
2022-06-08,P006,Central,58.07,0,207,50
2022-06-09,P006,Central,56.74,0,780,60
2022-06-10,P006,Central,57.86,0,361,60
2022-06-13,P006,Central,55.86,0,968,37
2022-06-16,P006,Central,52.07,1,737,78
2022-06-17,P006,Central,56.49,0,813,51
2022-06-22,P006,Central,58.16,0,264,68
2022-06-28,P006,Central,57.21,0,968,44
2022-07-05,P006,Central,56.17,0,766,56
2022-07-06,P006,Central,54.39,0,821,61
2022-07-18,P006,Central,56.84,0,265,42
2022-07-20,P006,Central,55.02,0,772,57
2022-07-22,P006,Central,56.06,0,906,50
2022-07-29,P006,Central,57.13,0,537,51
2022-08-06,P006,Central,51.13,1,121,69
2022-08-08,P006,Central,53.93,0,988,38
2022-08-09,P006,Central,57.01,0,711,63
2022-08-14,P006,Central,53.5,0,259,50
2022-08-22,P006,Central,56.41,0,631,44
2022-08-27,P006,Central,56.45,0,914,42
2022-08-30,P006,Central,54.52,0,347,37
2022-09-03,P006,Central,56.36,0,219,34
2022-09-05,P006,Central,53.64,0,669,39
2022-09-07,P006,Central,54.69,0,226,55
2022-09-11,P006,Central,52.34,1,232,63
2022-09-13,P006,Central,57.3,0,594,58
2022-09-18,P006,Central,55.66,0,856,49
2022-09-20,P006,Central,57.35,0,422,35
2022-09-21,P006,Central,55.93,0,632,49
2022-09-26,P006,Central,57.93,0,848,47
2022-09-27,P006,Central,54.63,0,164,67
2022-09-29,P006,Central,58.48,0,280,45
2022-10-01,P006,Central,57.68,0,421,38
2022-10-06,P006,Central,55.01,0,280,42
2022-10-08,P006,Central,56.04,0,466,35
2022-10-10,P006,Central,58.24,0,559,51
2022-10-27,P006,Central,51.12,1,764,79
2022-10-29,P006,Central,53.2,0,81,37
2022-11-03,P006,Central,54.74,0,628,45
2022-11-04,P006,Central,55.26,0,606,37
2022-11-06,P006,Central,57.53,0,493,39
2022-11-08,P006,Central,54.75,0,631,47
2022-11-20,P006,Central,54.03,0,746,51
2022-11-22,P006,Central,53.63,0,209,62
2022-11-23,P006,Central,55.45,0,221,50
2022-11-29,P006,Central,55.45,0,912,68
2022-12-05,P006,Central,58.79,0,840,43
2022-12-07,P006,Central,56.1,0,900,48
2022-12-09,P006,Central,56.42,0,161,41
2022-12-11,P006,Central,53.46,0,289,40
2022-12-19,P006,Central,57.23,0,783,48
2022-12-21,P006,Central,57.62,0,900,55
2022-12-24,P006,Central,55.24,0,937,47
2022-12-25,P006,Central,55.95,0,561,45
2023-01-07,P006,Central,50.27,1,534,78
2023-01-08,P006,Central,55.07,0,436,53
2023-01-09,P006,Central,53.43,0,496,55
2023-01-11,P006,Central,58.32,0,765,60
2023-01-12,P006,Central,55.29,0,107,57
2023-01-15,P006,Central,54.5,0,382,58
2023-01-25,P006,Central,58.67,0,257,73
2023-01-28,P006,Central,49.66,1,810,71
2023-02-14,P006,Central,56.18,0,712,57
2023-02-15,P006,Central,57.92,0,843,75
2023-02-16,P006,Central,53.97,0,762,68
2023-02-17,P006,Central,56.6,0,903,74
2023-02-21,P006,Central,57.41,0,372,77
2023-02-23,P006,Central,58.34,0,678,77
2023-03-14,P006,Central,55.32,0,461,63
2023-03-17,P006,Central,56.13,0,116,86
2023-03-27,P006,Central,53.26,0,803,60
2023-04-02,P006,Central,55.34,0,410,68
2023-04-07,P006,Central,57.93,0,538,67
2023-04-08,P006,Central,53.28,0,961,72
2023-04-14,P006,Central,56.33,0,412,53
2023-04-16,P006,Central,57.33,0,136,65
2023-04-18,P006,Central,54.17,0,764,61
2023-04-20,P006,Central,56.4,0,111,74
2023-04-21,P006,Central,56.82,0,491,64
2023-04-25,P006,Central,52.6,1,751,113
2023-04-28,P006,Central,55.0,0,616,46
2023-05-07,P006,Central,54.78,0,342,62
2023-05-13,P006,Central,57.17,0,912,45
2023-05-17,P006,Central,54.76,0,120,69
2023-06-03,P006,Central,53.78,0,536,47
2023-06-05,P006,Central,57.94,0,131,66
2023-06-11,P006,Central,56.59,0,168,62
2023-06-12,P006,Central,53.74,0,721,56
2023-06-16,P006,Central,50.56,1,891,70
2023-06-20,P006,Central,54.84,0,486,64
2023-06-22,P006,Central,53.22,0,118,44
2023-07-09,P006,Central,55.16,0,349,50
2023-07-10,P006,Central,53.86,0,852,61
2023-07-22,P006,Central,54.18,0,160,51
2023-07-26,P006,Central,58.26,0,944,55
2023-08-02,P006,Central,56.15,0,683,68
2023-08-04,P006,Central,57.15,0,743,40
2023-08-06,P006,Central,56.55,0,399,49
2023-08-13,P006,Central,52.11,1,391,88
2023-08-17,P006,Central,57.89,0,547,45
2023-08-19,P006,Central,55.94,0,515,33
2023-08-25,P006,Central,56.46,0,543,48
2023-08-28,P006,Central,55.68,0,501,38
2023-08-31,P006,Central,55.49,0,640,35
2023-09-02,P006,Central,58.66,0,735,45
2023-09-04,P006,Central,53.46,0,875,35
2023-09-14,P006,Central,54.08,0,394,50
2023-09-15,P006,Central,57.68,0,476,44
2023-09-23,P006,Central,56.93,0,434,48
2023-09-25,P006,Central,53.83,0,955,40
2023-10-03,P006,Central,56.78,0,641,36
2023-10-07,P006,Central,56.76,0,539,35
2023-10-13,P006,Central,53.36,0,230,44
2023-10-18,P006,Central,48.65,1,335,80
2023-10-20,P006,Central,54.18,0,563,37
2023-10-21,P006,Central,54.7,0,131,40
2023-11-07,P006,Central,56.28,0,217,61
2023-11-11,P006,Central,55.43,0,834,37
2023-11-12,P006,Central,56.16,0,681,46
2023-11-15,P006,Central,58.46,0,143,44
2023-11-21,P006,Central,56.89,0,567,64
2023-11-26,P006,Central,55.64,0,272,52
2023-12-03,P006,Central,53.74,0,443,45
2023-12-14,P006,Central,53.55,0,824,60
2023-12-20,P006,Central,55.98,0,300,76
2023-12-26,P006,Central,53.72,0,707,42
2023-12-27,P006,Central,57.91,0,528,72
2024-01-01,P006,Central,58.62,0,211,63
2024-01-02,P006,Central,56.03,0,948,59
2024-01-07,P006,Central,57.15,0,971,48
2024-01-12,P006,Central,53.46,0,580,58
2024-01-24,P006,Central,58.51,0,502,74
2024-02-01,P006,Central,56.74,0,189,71
2024-02-03,P006,Central,57.0,0,710,49
2024-02-07,P006,Central,55.81,0,193,56
2024-02-13,P006,Central,52.67,1,498,103
2024-02-14,P006,Central,55.85,0,106,54
2024-02-27,P006,Central,56.78,0,165,87
2024-03-06,P006,Central,53.67,0,735,104
2024-03-08,P006,Central,53.71,0,413,71
2024-03-10,P006,Central,54.56,0,748,57
2024-03-23,P006,Central,58.75,0,243,56
2024-03-24,P006,Central,52.84,1,643,103
2024-04-01,P006,Central,58.7,0,242,60
2024-04-05,P006,Central,55.78,0,623,71
2024-04-08,P006,Central,49.56,1,279,98
2024-04-17,P006,Central,56.91,0,860,59
2024-04-22,P006,Central,55.47,0,292,57
2024-04-26,P006,Central,57.81,0,548,63
2024-04-29,P006,Central,49.32,1,807,99
2024-05-01,P006,Central,54.82,0,293,75
2024-05-05,P006,Central,55.65,0,406,74
2024-05-06,P006,Central,55.54,0,697,58
2024-05-07,P006,Central,55.41,0,838,77
2024-05-08,P006,Central,54.0,0,974,68
2024-05-13,P006,Central,55.18,0,938,63
2024-05-28,P006,Central,53.52,0,189,60
2024-05-30,P006,Central,53.92,0,883,42
2024-06-01,P006,Central,55.17,0,419,68
2024-06-08,P006,Central,48.93,1,839,73
2024-06-13,P006,Central,53.37,0,855,62
2024-06-14,P006,Central,53.81,0,796,70
2024-06-15,P006,Central,55.14,0,94,51
2024-06-20,P006,Central,54.09,0,516,61
2024-06-26,P006,Central,54.63,0,971,55
2024-06-29,P006,Central,54.25,0,472,46
2024-07-03,P006,Central,57.53,0,155,75
2024-07-12,P006,Central,56.07,0,818,63
2024-07-15,P006,Central,55.13,0,207,51
2024-07-20,P006,Central,57.31,0,174,67
2024-07-24,P006,Central,53.62,0,987,50
2024-07-29,P006,Central,50.78,1,356,93
2024-08-06,P006,Central,56.75,0,278,45
2024-08-14,P006,Central,55.39,0,942,50
2024-08-17,P006,Central,53.31,0,302,40
2024-08-19,P006,Central,57.42,0,682,49
2024-08-21,P006,Central,48.07,1,827,63
2024-08-22,P006,Central,53.28,0,916,43
2024-08-27,P006,Central,54.83,0,778,61
2024-08-30,P006,Central,55.13,0,751,45
2024-09-07,P006,Central,53.6,0,680,53
2024-09-11,P006,Central,57.99,0,422,52
2024-09-16,P006,Central,56.14,0,207,49
2024-09-24,P006,Central,55.65,0,524,42
2024-10-02,P006,Central,58.28,0,647,43
2024-10-03,P006,Central,57.66,0,166,43
2024-10-04,P006,Central,55.44,0,306,41
2024-10-05,P006,Central,55.93,0,865,40
2024-10-09,P006,Central,55.88,0,386,51
2024-10-11,P006,Central,54.89,0,484,36
2024-10-12,P006,Central,53.86,0,485,39
2024-10-13,P006,Central,58.69,0,76,35
2024-10-16,P006,Central,56.49,0,890,48
2024-10-17,P006,Central,56.74,0,721,43
2024-10-20,P006,Central,50.29,1,269,50
2024-10-21,P006,Central,55.02,0,375,45
2024-11-07,P006,Central,54.25,0,944,50
2024-11-16,P006,Central,51.43,1,412,71
2024-11-17,P006,Central,50.97,1,987,67
2024-11-20,P006,Central,57.58,0,948,60
2024-12-04,P006,Central,56.31,0,551,45
2024-12-06,P006,Central,58.37,0,171,49
2024-12-10,P006,Central,54.24,0,144,51
2024-12-14,P006,Central,48.35,1,589,86
2024-12-18,P006,Central,53.92,0,931,57
2022-01-30,P001,Central,48.77,0,155,57
2022-01-31,P001,Central,51.87,0,570,51
2022-02-09,P001,Central,51.0,0,96,77
2022-02-15,P001,Central,53.44,0,904,64
2022-02-26,P001,Central,50.54,0,553,40
2022-03-12,P001,Central,49.23,0,419,58
2022-03-19,P001,Central,48.78,0,96,52
2022-03-20,P001,Central,51.54,0,190,40
2022-03-22,P001,Central,51.39,0,628,69
2022-03-29,P001,Central,52.35,0,498,52
2022-04-11,P001,Central,51.5,0,696,60
2022-04-12,P001,Central,50.56,0,923,70
2022-04-14,P001,Central,49.09,0,288,58
2022-04-16,P001,Central,52.15,0,594,50
2022-04-20,P001,Central,50.82,0,58,80
2022-04-23,P001,Central,51.72,0,771,56
2022-04-26,P001,Central,50.92,0,755,51
2022-04-27,P001,Central,48.6,0,229,72
2022-05-11,P001,Central,52.38,0,725,65
2022-05-18,P001,Central,49.18,0,360,44
2022-06-01,P001,Central,44.43,1,223,60
2022-06-03,P001,Central,52.85,0,870,49
2022-06-10,P001,Central,52.01,0,958,56
2022-06-11,P001,Central,49.64,0,356,46
2022-06-13,P001,Central,50.54,0,288,60
2022-06-23,P001,Central,49.51,0,966,59
2022-07-05,P001,Central,52.33,0,547,47
2022-07-06,P001,Central,50.23,0,537,71
2022-07-09,P001,Central,49.12,0,820,48
2022-07-12,P001,Central,51.25,0,316,40
2022-07-20,P001,Central,51.13,0,360,56
2022-07-24,P001,Central,50.15,0,871,57
2022-07-26,P001,Central,53.3,0,810,52
2022-08-02,P001,Central,49.32,0,635,54
2022-08-05,P001,Central,50.4,0,254,37
2022-08-18,P001,Central,48.82,0,239,38
2022-09-10,P001,Central,51.91,0,357,49
2022-10-01,P001,Central,49.61,0,518,38
2022-10-06,P001,Central,51.31,0,824,38
2022-10-27,P001,Central,52.09,0,144,44
2022-11-07,P001,Central,53.16,0,669,33
2022-11-11,P001,Central,50.39,0,552,35
2022-11-16,P001,Central,50.35,0,530,53
2022-11-21,P001,Central,52.49,0,535,47
2022-12-01,P001,Central,50.63,0,407,58
2022-12-03,P001,Central,52.92,0,868,51
2022-12-04,P001,Central,51.96,0,542,45
2022-12-05,P001,Central,49.21,0,436,41
2022-12-09,P001,Central,51.5,0,996,55
2022-12-11,P001,Central,51.37,0,547,38
2022-12-12,P001,Central,50.5,0,662,45
2022-12-16,P001,Central,49.79,0,249,48
2022-12-17,P001,Central,49.17,0,455,43
2022-12-21,P001,Central,50.78,0,89,58
2022-12-25,P001,Central,49.63,0,292,55
2022-12-26,P001,Central,48.99,0,186,51
2023-01-07,P001,Central,47.37,1,122,94
2023-01-08,P001,Central,52.15,0,451,24
2023-01-11,P001,Central,52.29,0,695,68
2023-01-18,P001,Central,52.41,0,956,69
2023-01-21,P001,Central,51.12,0,65,42
2023-01-24,P001,Central,51.96,0,784,55
2023-01-27,P001,Central,47.91,1,973,80
2023-02-14,P001,Central,51.24,0,416,63
2023-02-15,P001,Central,50.87,0,607,57
2023-02-16,P001,Central,50.03,0,141,55
2023-02-17,P001,Central,51.3,0,633,56
2023-02-18,P001,Central,51.17,0,839,60
2023-02-20,P001,Central,52.23,0,740,61
2023-02-21,P001,Central,48.5,0,66,69
2023-02-23,P001,Central,50.2,0,453,62
2023-02-26,P001,Central,50.67,0,524,47
2023-03-10,P001,Central,49.34,0,985,50
2023-03-13,P001,Central,53.27,0,394,43
2023-03-19,P001,Central,52.25,0,311,63
2023-03-22,P001,Central,50.08,0,599,50
2023-03-24,P001,Central,49.07,0,171,57
2023-03-28,P001,Central,49.66,0,424,49
2023-04-01,P001,Central,50.31,0,59,52
2023-04-20,P001,Central,49.53,0,102,55
2023-05-07,P001,Central,51.5,0,286,61
2023-05-10,P001,Central,52.81,0,875,56
2023-06-05,P001,Central,52.44,0,502,49
2023-06-16,P001,Central,49.12,0,359,58
2023-06-22,P001,Central,48.93,0,513,40
2023-06-25,P001,Central,51.3,0,770,51
2023-06-26,P001,Central,49.26,0,459,50
2023-06-27,P001,Central,49.09,0,789,62
2023-07-08,P001,Central,51.34,0,763,40
2023-07-13,P001,Central,50.48,0,971,57
2023-07-19,P001,Central,51.63,0,108,45
2023-07-21,P001,Central,51.25,0,900,51
2023-07-26,P001,Central,53.26,0,186,44
2023-08-05,P001,Central,53.0,0,833,42
2023-08-08,P001,Central,49.11,0,874,51
2023-08-19,P001,Central,51.15,0,371,36
2023-08-22,P001,Central,51.47,0,505,52
2023-08-23,P001,Central,50.91,0,719,33
2023-08-28,P001,Central,51.04,0,324,51
2023-09-09,P001,Central,48.91,0,305,41
2023-09-15,P001,Central,48.67,0,318,45
2023-09-20,P001,Central,47.84,1,324,66
2023-09-21,P001,Central,52.34,0,761,47
2023-10-04,P001,Central,51.06,0,157,33
2023-10-17,P001,Central,48.78,0,826,46
2023-10-28,P001,Central,51.23,0,590,36
2023-10-30,P001,Central,52.38,0,111,30
2023-11-05,P001,Central,48.91,0,749,40
2023-11-07,P001,Central,52.83,0,833,40
2023-11-11,P001,Central,48.63,0,879,39
2023-11-17,P001,Central,52.68,0,449,39
2023-11-30,P001,Central,50.47,0,524,44
2023-12-01,P001,Central,52.33,0,971,36
2023-12-03,P001,Central,47.33,1,919,56
2023-12-05,P001,Central,52.87,0,753,38
2023-12-08,P001,Central,52.61,0,104,46
2023-12-14,P001,Central,51.43,0,167,61
2023-12-15,P001,Central,49.72,0,660,44
2023-12-20,P001,Central,49.16,0,850,55
2023-12-27,P001,Central,50.38,0,837,49
2024-01-02,P001,Central,50.11,0,459,49
2024-01-17,P001,Central,53.3,0,202,63
2024-01-20,P001,Central,51.57,0,326,48
2024-01-21,P001,Central,51.95,0,963,44
2024-01-27,P001,Central,44.37,1,64,81
2024-02-04,P001,Central,49.67,0,890,55
2024-02-05,P001,Central,51.38,0,777,64
2024-02-06,P001,Central,52.12,0,742,73
2024-02-10,P001,Central,50.58,0,145,51
2024-02-15,P001,Central,51.01,0,612,49
2024-02-20,P001,Central,50.76,0,553,64
2024-02-23,P001,Central,53.29,0,270,51
2024-02-26,P001,Central,51.96,0,290,80
2024-03-03,P001,Central,48.81,0,183,53
2024-03-06,P001,Central,48.73,0,647,64
2024-03-22,P001,Central,50.66,0,769,72
2024-04-03,P001,Central,50.77,0,119,62
2024-04-04,P001,Central,52.92,0,247,57
2024-04-19,P001,Central,52.93,0,745,54
2024-04-26,P001,Central,52.32,0,995,88
2024-05-01,P001,Central,51.02,0,383,89
2024-05-02,P001,Central,52.77,0,521,49
2024-05-03,P001,Central,49.02,0,792,50
2024-05-07,P001,Central,53.01,0,285,71
2024-05-10,P001,Central,48.76,0,976,53
2024-05-12,P001,Central,49.25,0,483,55
2024-05-13,P001,Central,49.2,0,965,47
2024-05-20,P001,Central,53.32,0,482,57
2024-05-23,P001,Central,48.54,0,983,59
2024-05-24,P001,Central,48.09,1,803,81
2024-06-01,P001,Central,51.66,0,69,37
2024-06-20,P001,Central,52.8,0,693,52
2024-06-27,P001,Central,51.94,0,277,47
2024-07-01,P001,Central,50.78,0,894,53
2024-07-13,P001,Central,52.0,0,62,55
2024-07-17,P001,Central,48.92,0,585,50
2024-07-24,P001,Central,51.38,0,280,53
2024-08-02,P001,Central,51.85,0,91,40
2024-08-06,P001,Central,48.52,0,573,38
2024-08-12,P001,Central,52.15,0,609,40
2024-08-14,P001,Central,49.8,0,74,56
2024-08-16,P001,Central,53.47,0,453,48
2024-08-22,P001,Central,50.41,0,403,44
2024-08-30,P001,Central,51.75,0,113,35
2024-09-02,P001,Central,49.78,0,515,50
2024-09-04,P001,Central,44.49,1,862,75
2024-09-06,P001,Central,52.64,0,208,36
2024-09-10,P001,Central,50.21,0,305,47
2024-09-11,P001,Central,51.65,0,570,43
2024-09-14,P001,Central,49.48,0,880,32
2024-10-01,P001,Central,49.56,0,476,41
2024-10-08,P001,Central,50.73,0,390,43
2024-10-13,P001,Central,51.66,0,178,37
2024-10-14,P001,Central,50.72,0,850,40
2024-10-18,P001,Central,53.08,0,896,34
2024-10-21,P001,Central,51.78,0,996,40
2024-10-27,P001,Central,50.86,0,744,34
2024-10-30,P001,Central,50.27,0,508,44
2024-11-03,P001,Central,48.73,0,173,42
2024-11-09,P001,Central,52.66,0,649,36
2024-11-10,P001,Central,44.67,1,504,62
2024-11-11,P001,Central,49.3,0,359,52
2024-11-14,P001,Central,50.09,0,569,45
2024-11-17,P001,Central,50.07,0,825,38
2024-11-21,P001,Central,49.65,0,620,42
2024-11-28,P001,Central,52.41,0,418,41
2024-12-05,P001,Central,52.53,0,839,50
2024-12-06,P001,Central,49.55,0,348,51
2024-12-11,P001,Central,51.14,0,816,47
2024-12-12,P001,Central,51.15,0,606,62
2024-12-16,P001,Central,50.12,0,210,44
2024-12-20,P001,Central,50.39,0,207,48
